******************************************************************************
            TI ARM Clang Linker PC v4.0.4                      
******************************************************************************
>> Linked Wed Jul 29 20:58:22 2026

OUTPUT FILE NAME:   <mpu6050-oled-hardware-i2c.out>
ENTRY POINT SYMBOL: "_c_int00_noargs"  address: 00007719


MEMORY CONFIGURATION

         name            origin    length      used     unused   attr    fill
----------------------  --------  ---------  --------  --------  ----  --------
  FLASH                 00000000   00020000  000091f0  00016e10  R  X
  SRAM                  20200000   00008000  00000598  00007a68  RW X
  BCR_CONFIG            41c00000   000000ff  00000000  000000ff  R   
  BSL_CONFIG            41c00100   00000080  00000000  00000080  R   


SEGMENT ALLOCATION MAP

run origin  load origin   length   init length attrs members
----------  ----------- ---------- ----------- ----- -------
00000000    00000000    000091f0   000091f0    r-x
  00000000    00000000    000000c0   000000c0    r-- .intvecs
  000000c0    000000c0    000083d0   000083d0    r-x .text
  00008490    00008490    00000d10   00000d10    r-- .rodata
  000091a0    000091a0    00000050   00000050    r-- .cinit
20200000    20200000    00000398   00000000    rw-
  20200000    20200000    00000290   00000000    rw- .bss
  20200290    20200290    00000108   00000000    rw- .data
20207e00    20207e00    00000200   00000000    rw-
  20207e00    20207e00    00000200   00000000    rw- .stack


SECTION ALLOCATION MAP

 output                                  attributes/
section   page    origin      length       input sections
--------  ----  ----------  ----------   ----------------
.intvecs   0    00000000    000000c0     
                  00000000    000000c0     startup_mspm0g350x_ticlang.o (.intvecs)

.text      0    000000c0    000083d0     
                  000000c0    00000bdc     libc.a : _scanfi.c.obj (.text.__TI_scanfi)
                  00000c9c    000009d0            : _printfi.c.obj (.text:__TI_printfi)
                  0000166c    00000740     main.o (.text.main)
                  00001dac    000005a0     imu_ahrs.o (.text.IMU_AHRS_Update_Attitude)
                  0000234c    000003b8     libc.a : strtod.c.obj (.text.strtod)
                  00002704    00000244     follow.o (.text.IRDM_UpdatePositionPID)
                  00002948    00000220     libc.a : _printfi.c.obj (.text._pconv_a)
                  00002b68    00000200     ti_msp_dl_config.o (.text.SYSCFG_DL_GPIO_init)
                  00002d68    000001e0     imu_ahrs.o (.text.IMU_AHRS_Yaw_Calib_Poll)
                  00002f48    000001e0     libc.a : strtoll.c.obj (.text.strtoll)
                  00003128    000001dc            : _printfi.c.obj (.text._pconv_g)
                  00003304    000001c8            : s_atanf.c.obj (.text.atanf)
                  000034cc    00000192     libclang_rt.builtins.a : adddf3.S.obj (.text.adddf3_subdf3)
                  0000365e    00000002     vofa_debug.o (.text.VOFA_ReceivePoll)
                  00003660    0000016c     libc.a : strtoull.c.obj (.text.strtoull)
                  000037cc    00000168     imu_ahrs.o (.text.IMU_AHRS_Update_Data)
                  00003934    00000164     imu_ahrs.o (.text.IMU_AHRS_Init_Poll)
                  00003a98    00000164     follow.o (.text.IRDM_read_sensors)
                  00003bfc    00000144     libc.a : strtol.c.obj (.text.strtol)
                  00003d40    0000013c            : _printfi.c.obj (.text.fcvt)
                  00003e7c    00000134     mspm0_i2c.o (.text.mspm0_i2c_read)
                  00003fb0    0000012c     vofa_debug.o (.text.VOFA_ParseCommand)
                  000040dc    0000012c     libc.a : strtoul.c.obj (.text.strtoul)
                  00004208    00000120            : _printfi.c.obj (.text._pconv_e)
                  00004328    00000118     oled_hardware_i2c.o (.text.OLED_ShowChar)
                  00004440    00000118     libc.a : e_atan2f.c.obj (.text.atan2f)
                  00004558    00000110     oled_hardware_i2c.o (.text.OLED_Init)
                  00004668    0000010c     libclang_rt.builtins.a : divdf3.S.obj (.text.__divdf3)
                  00004774    00000104     driverlib.a : dl_timer.o (.text.DL_Timer_initFourCCPWMMode)
                  00004878    000000fc                 : dl_timer.o (.text.DL_Timer_initTimerMode)
                  00004974    000000fc     bsp_motor_hallencoder.o (.text.GROUP1_IRQHandler)
                  00004a70    000000fc     control_mixer.o (.text.Mixer_Apply)
                  00004b6c    000000ec     ti_msp_dl_config.o (.text.SYSCFG_DL_SYSCTL_SYSPLL_init)
                  00004c58    000000e4     libclang_rt.builtins.a : muldf3.S.obj (.text.__muldf3)
                  00004d3c    000000dc     driverlib.a : dl_sysctl_mspm0g1x0x_g3x0x.o (.text.DL_SYSCTL_configSYSPLL)
                  00004e18    000000d8     libc.a : s_scalbn.c.obj (.text.scalbn)
                  00004ef0    000000d8     libclang_rt.builtins.a : addsf3.S.obj (.text)
                  00004fc8    000000cc     turn.o (.text.GoStraight_Poll)
                  00005094    000000c4     imu_ahrs.o (.text.imu_ahrs_calibrate_gyro_offset_step)
                  00005158    000000c4     mspm0_i2c.o (.text.mspm0_i2c_write)
                  0000521c    000000bc     angle_pid.o (.text.AnglePD_Update)
                  000052d8    000000a2     libclang_rt.builtins.a : udivmoddi4.S.obj (.text)
                  0000537a    00000002                            : aeabi_div0.c.obj (.text.__aeabi_idiv0)
                  0000537c    000000a0     turn.o (.text.GoStraight_Start)
                  0000541c    000000a0     imu_ahrs.o (.text.IMU_AHRS_Init_Start)
                  000054bc    000000a0     ti_msp_dl_config.o (.text.SYSCFG_DL_initPower)
                  0000555c    000000a0     vofa_debug.o (.text.VOFA_Output)
                  000055fc    00000098     oled_hardware_i2c.o (.text.OLED_WR_Byte)
                  00005694    00000094     follow.o (.text.IRDM_calculate_bias)
                  00005728    00000090     ti_msp_dl_config.o (.text.SYSCFG_DL_PWM_0_init)
                  000057b8    0000008c     libclang_rt.builtins.a : mulsf3.S.obj (.text.__mulsf3)
                  00005844    00000088     turn.o (.text.GoStraight_StartAt)
                  000058cc    00000004     startup_mspm0g350x_ticlang.o (.text.Default_Handler)
                  000058d0    00000088     libc.a : strcmp-armv6m.S.obj (.text:strcmp)
                  00005958    00000084     vofa_debug.o (.text.UART0_IRQHandler)
                  000059dc    00000084     clock.o (.text.__NVIC_SetPriority)
                  00005a60    00000084     ti_msp_dl_config.o (.text.__NVIC_SetPriority)
                  00005ae4    00000082     libclang_rt.builtins.a : divsf3.S.obj (.text.__divsf3)
                  00005b66    00000002                            : aeabi_div0.c.obj (.text.__aeabi_ldiv0)
                  00005b68    00000080     bsp_tb6612.o (.text.AO_Control)
                  00005be8    00000080     bsp_tb6612.o (.text.BO_Control)
                  00005c68    00000080     ti_msp_dl_config.o (.text.SYSCFG_DL_SYSCTL_init)
                  00005ce8    0000007c     libc.a : copy_decompress_lzss.c.obj (.text:decompress:lzss)
                  00005d64    00000074     libclang_rt.builtins.a : comparedf2.c.obj (.text.__gedf2)
                  00005dd8    00000008     libc.a : _scanfi.c.obj (.text.OUTLINED_FUNCTION_0)
                  00005de0    00000074     libclang_rt.builtins.a : truncdfsf2.S.obj (.text.__truncdfsf2)
                  00005e54    00000074     libc.a : sscanf.c.obj (.text._chkmbc)
                  00005ec8    00000070     angle_pid.o (.text.AnglePD_Init)
                  00005f38    00000070     oled_hardware_i2c.o (.text.OLED_ShowString)
                  00005fa8    0000006a     oled_hardware_i2c.o (.text.OLED_Clear)
                  00006012    00000002     --HOLE-- [fill = 0]
                  00006014    00000068     libclang_rt.builtins.a : comparedf2.c.obj (.text.__ledf2)
                  0000607c    00000066     libc.a : _printfi.c.obj (.text._mcpy)
                  000060e2    00000002     --HOLE-- [fill = 0]
                  000060e4    00000064     driverlib.a : dl_sysctl_mspm0g1x0x_g3x0x.o (.text.DL_SYSCTL_setHFCLKSourceHFXTParams)
                  00006148    00000064     imu_ahrs.o (.text.IMU_AHRS_Get_Yaw_Compensated)
                  000061ac    00000062     libclang_rt.builtins.a : aeabi_dcmp.S.obj (.text.__aeabi_dcmp)
                  0000620e    00000002     --HOLE-- [fill = 0]
                  00006210    00000062                            : aeabi_fcmp.S.obj (.text.__aeabi_fcmp)
                  00006272    00000002     --HOLE-- [fill = 0]
                  00006274    00000060     mspm0_i2c.o (.text.mpu6050_i2c_sda_unlock)
                  000062d4    00000060     oled_hardware_i2c.o (.text.oled_i2c_sda_unlock)
                  00006334    0000005e     driverlib.a : dl_i2c.o (.text.DL_I2C_fillControllerTXFIFO)
                  00006392    00000002     --HOLE-- [fill = 0]
                  00006394    0000005c     libc.a : s_frexp.c.obj (.text.frexp)
                  000063f0    0000005c     mspm0_i2c.o (.text.mspm0_i2c_enable)
                  0000644c    0000005c     oled_hardware_i2c.o (.text.mspm0_i2c_enable)
                  000064a8    00000058     ti_msp_dl_config.o (.text.SYSCFG_DL_I2C_MPU6050_init)
                  00006500    00000058     ti_msp_dl_config.o (.text.SYSCFG_DL_I2C_OLED_init)
                  00006558    00000058     libc.a : _ltoa.c.obj (.text.__TI_ltoa)
                  000065b0    00000058            : _printfi.c.obj (.text._pconv_f)
                  00006608    00000056     libclang_rt.builtins.a : aeabi_idivmod.S.obj (.text.__aeabi_idivmod)
                  0000665e    00000002     --HOLE-- [fill = 0]
                  00006660    00000054     follow.o (.text.FollowLoop_SwitchToCurve)
                  000066b4    00000054     follow.o (.text.FollowLoop_SwitchToStraight)
                  00006708    00000054     ti_msp_dl_config.o (.text.SYSCFG_DL_UART_0_init)
                  0000675c    00000052     libc.a : _printfi.c.obj (.text._ecpy)
                  000067ae    00000002     --HOLE-- [fill = 0]
                  000067b0    00000050     mspm0_i2c.o (.text.DL_GPIO_initPeripheralInputFunctionFeatures)
                  00006800    00000050     oled_hardware_i2c.o (.text.DL_GPIO_initPeripheralInputFunctionFeatures)
                  00006850    00000050     ti_msp_dl_config.o (.text.DL_GPIO_initPeripheralInputFunctionFeatures)
                  000068a0    00000050     mspm0_i2c.o (.text.DL_I2C_startControllerTransfer)
                  000068f0    00000050     oled_hardware_i2c.o (.text.DL_I2C_startControllerTransfer)
                  00006940    00000050     turn.o (.text.GoStraight_GetCorrection)
                  00006990    00000050     imu_ahrs.o (.text.IMU_AHRS_Yaw_Calib_Start)
                  000069e0    00000050     clock.o (.text.SysTick_Config)
                  00006a30    00000050     ti_msp_dl_config.o (.text.SysTick_Config)
                  00006a80    00000050     imu_ahrs.o (.text.imu_ahrs_inv_sqrt)
                  00006ad0    0000004c     mspm0_i2c.o (.text.DL_GPIO_initDigitalInputFeatures)
                  00006b1c    0000004c     oled_hardware_i2c.o (.text.DL_GPIO_initDigitalInputFeatures)
                  00006b68    0000004c     ti_msp_dl_config.o (.text.DL_GPIO_initDigitalInputFeatures)
                  00006bb4    0000004c     ti_msp_dl_config.o (.text.DL_UART_setBaudRateDivisor)
                  00006c00    0000004a     libclang_rt.builtins.a : fixdfsi.S.obj (.text.__fixdfsi)
                  00006c4a    00000002     --HOLE-- [fill = 0]
                  00006c4c    00000048     driverlib.a : dl_uart.o (.text.DL_UART_init)
                  00006c94    00000048     angle_pid.o (.text.clamp)
                  00006cdc    00000048     board.o (.text.lc_printf)
                  00006d24    00000048     mspm0_i2c.o (.text.mspm0_i2c_disable)
                  00006d6c    00000044     driverlib.a : dl_sysctl_mspm0g1x0x_g3x0x.o (.text.DL_SYSCTL_switchMCLKfromSYSOSCtoHSCLK)
                  00006db0    00000044     follow.o (.text.IRDM_IsBlackLine)
                  00006df4    00000044     ti_msp_dl_config.o (.text.SYSCFG_DL_init)
                  00006e38    00000044     oled_hardware_i2c.o (.text.mspm0_i2c_disable)
                  00006e7c    00000040     follow.o (.text.IRDM_CountBlackSensors)
                  00006ebc    00000040     libclang_rt.builtins.a : aeabi_uidivmod.S.obj (.text.__aeabi_uidivmod)
                  00006efc    00000040                            : extendsfdf2.S.obj (.text.__extendsfdf2)
                  00006f3c    00000040     libc.a : atoi.c.obj (.text.atoi)
                  00006f7c    00000040            : vsnprintf.c.obj (.text.vsnprintf)
                  00006fbc    0000003c     driverlib.a : dl_i2c.o (.text.DL_I2C_flushControllerTXFIFO)
                  00006ff8    0000003c     ti_msp_dl_config.o (.text.DL_Timer_setCounterControl)
                  00007034    0000003c     oled_hardware_i2c.o (.text.OLED_Set_Pos)
                  00007070    0000003c     ti_msp_dl_config.o (.text.SYSCFG_DL_TIMER_0_init)
                  000070ac    0000003c     bsp_motor_hallencoder.o (.text.TIMG0_IRQHandler)
                  000070e8    0000003c     libclang_rt.builtins.a : floatsisf.S.obj (.text.__floatsisf)
                  00007124    0000003c                            : comparesf2.S.obj (.text.__gtsf2)
                  00007160    0000003c     board.o (.text.uart0_sendString)
                  0000719c    0000003c     libc.a : autoinit.c.obj (.text:__TI_auto_init_nobinit_nopinit)
                  000071d8    0000003a     libclang_rt.builtins.a : comparesf2.S.obj (.text.__eqsf2)
                  00007212    00000002     --HOLE-- [fill = 0]
                  00007214    0000003a                            : muldsi3.S.obj (.text.__muldsi3)
                  0000724e    00000002     --HOLE-- [fill = 0]
                  00007250    00000038     ti_msp_dl_config.o (.text.DL_GPIO_initPeripheralOutputFunctionFeatures)
                  00007288    00000038     bsp_tb6612.o (.text.TB6612_Motor_Stop)
                  000072c0    00000038     libclang_rt.builtins.a : fixsfsi.S.obj (.text.__fixsfsi)
                  000072f8    00000038     libc.a : sprintf.c.obj (.text.sprintf)
                  00007330    00000034     follow.o (.text.IRDM_get_sensor_state)
                  00007364    00000032     libclang_rt.builtins.a : fixunssfsi.S.obj (.text.__fixunssfsi)
                  00007396    00000030     libc.a : _printfi.c.obj (.text._fcpy)
                  000073c6    00000030            : vsnprintf.c.obj (.text._outs)
                  000073f6    00000002     --HOLE-- [fill = 0]
                  000073f8    00000030     clock.o (.text.mspm0_delay_ms)
                  00007428    00000030     libc.a : sscanf.c.obj (.text.sscanf)
                  00007458    0000002c     ti_msp_dl_config.o (.text.SYSCFG_DL_TIMER_ULTRASONIC_init)
                  00007484    0000002c     interrupt.o (.text.__NVIC_EnableIRQ)
                  000074b0    0000002c     vofa_debug.o (.text.__NVIC_EnableIRQ)
                  000074dc    0000002c     libclang_rt.builtins.a : floatsidf.S.obj (.text.__floatsidf)
                  00007508    0000002c     clock.o (.text.mspm0_get_clock_ms)
                  00007534    0000002c     board.o (.text.uart0_sendChar)
                  00007560    00000028     mspm0_i2c.o (.text.DL_Common_updateReg)
                  00007588    00000028     oled_hardware_i2c.o (.text.DL_Common_updateReg)
                  000075b0    00000028     ti_msp_dl_config.o (.text.DL_Common_updateReg)
                  000075d8    00000028     ti_msp_dl_config.o (.text.DL_I2C_setControllerRXFIFOThreshold)
                  00007600    00000028     ti_msp_dl_config.o (.text.DL_I2C_setControllerTXFIFOThreshold)
                  00007628    00000028     ti_msp_dl_config.o (.text.DL_UART_setRXFIFOThreshold)
                  00007650    00000028     ti_msp_dl_config.o (.text.DL_UART_setTXFIFOThreshold)
                  00007678    00000028     follow.o (.text.FollowLoop_SetKD)
                  000076a0    00000028     follow.o (.text.FollowLoop_SetKI)
                  000076c8    00000028     follow.o (.text.FollowLoop_SetKP)
                  000076f0    00000028     libclang_rt.builtins.a : floatunsisf.S.obj (.text.__floatunsisf)
                  00007718    00000028     libc.a : boot_cortex_m.c.obj (.text:_c_int00_noargs)
                  00007740    00000026     ti_msp_dl_config.o (.text.DL_I2C_setAnalogGlitchFilterPulseWidth)
                  00007766    00000026     driverlib.a : dl_i2c.o (.text.DL_I2C_setClockConfig)
                  0000778c    00000024     follow.o (.text.FollowLoop_ResetIntegral)
                  000077b0    00000024     vofa_debug.o (.text.VOFA_Init)
                  000077d4    00000024     libclang_rt.builtins.a : floatunsidf.S.obj (.text.__floatunsidf)
                  000077f8    00000024                            : muldi3.S.obj (.text.__muldi3)
                  0000781c    00000024     imu_ahrs.o (.text.imu_ahrs_read_multi)
                  00007840    00000022     libc.a : memccpy.c.obj (.text.memccpy)
                  00007862    00000002     --HOLE-- [fill = 0]
                  00007864    00000020     ti_msp_dl_config.o (.text.DL_SYSCTL_setFlashWaitState)
                  00007884    00000020     follow.o (.text.FollowLoop_DecayIntegral)
                  000078a4    0000001e     angle_pid.o (.text.AnglePD_Reset)
                  000078c2    0000001e     ti_msp_dl_config.o (.text.DL_UART_setOversampling)
                  000078e0    0000001e     libclang_rt.builtins.a : ashldi3.S.obj (.text.__ashldi3)
                  000078fe    0000001e     imu_ahrs.o (.text.imu_ahrs_make_s16)
                  0000791c    0000001c     bsp_motor_hallencoder.o (.text.DL_GPIO_clearInterruptStatus)
                  00007938    0000001c     ti_msp_dl_config.o (.text.DL_GPIO_clearInterruptStatus)
                  00007954    0000001c     mspm0_i2c.o (.text.DL_GPIO_enableHiZ)
                  00007970    0000001c     oled_hardware_i2c.o (.text.DL_GPIO_enableHiZ)
                  0000798c    0000001c     ti_msp_dl_config.o (.text.DL_GPIO_enableHiZ)
                  000079a8    0000001c     ti_msp_dl_config.o (.text.DL_GPIO_enableInterrupt)
                  000079c4    0000001c     ti_msp_dl_config.o (.text.DL_GPIO_initPeripheralOutputFunction)
                  000079e0    0000001c     ti_msp_dl_config.o (.text.DL_GPIO_setLowerPinsPolarity)
                  000079fc    0000001c     oled_hardware_i2c.o (.text.DL_I2C_getSDAStatus)
                  00007a18    0000001c     mspm0_i2c.o (.text.DL_I2C_isControllerRXFIFOEmpty)
                  00007a34    0000001c     driverlib.a : dl_sysctl_mspm0g1x0x_g3x0x.o (.text.DL_SYSCTL_configFCC)
                  00007a50    0000001c     ti_msp_dl_config.o (.text.DL_SYSCTL_setFCCPeriods)
                  00007a6c    0000001c     ti_msp_dl_config.o (.text.DL_SYSCTL_setSYSOSCFreq)
                  00007a88    0000001c     ti_msp_dl_config.o (.text.DL_SYSCTL_setULPCLKDivider)
                  00007aa4    0000001c     ti_msp_dl_config.o (.text.DL_Timer_enableInterrupt)
                  00007ac0    0000001c     driverlib.a : dl_timer.o (.text.DL_Timer_setCaptCompUpdateMethod)
                  00007adc    0000001c                 : dl_timer.o (.text.DL_Timer_setClockConfig)
                  00007af8    0000001c     vofa_debug.o (.text.DL_UART_enableInterrupt)
                  00007b14    0000001c     turn.o (.text.GoStraight_Stop)
                  00007b30    0000001c     imu_ahrs.o (.text.IMU_AHRS_Attitude_Enable)
                  00007b4c    0000001c     interrupt.o (.text.Interrupt_Init)
                  00007b68    0000001c     control_mixer.o (.text.Mixer_Init)
                  00007b84    0000001c     ti_msp_dl_config.o (.text.SYSCFG_DL_SYSCTL_CLK_init)
                  00007ba0    0000001c     turn.o (.text.Turn_Stop)
                  00007bbc    0000001c     imu_ahrs.o (.text.imu_ahrs_write_reg)
                  00007bd8    00000018     mspm0_i2c.o (.text.DL_GPIO_enableOutput)
                  00007bf0    00000018     oled_hardware_i2c.o (.text.DL_GPIO_enableOutput)
                  00007c08    00000018     ti_msp_dl_config.o (.text.DL_GPIO_enableOutput)
                  00007c20    00000018     ti_msp_dl_config.o (.text.DL_GPIO_enablePower)
                  00007c38    00000018     bsp_motor_hallencoder.o (.text.DL_GPIO_getEnabledInterruptStatus)
                  00007c50    00000018     mspm0_i2c.o (.text.DL_GPIO_initDigitalOutput)
                  00007c68    00000018     oled_hardware_i2c.o (.text.DL_GPIO_initDigitalOutput)
                  00007c80    00000018     ti_msp_dl_config.o (.text.DL_GPIO_initDigitalOutput)
                  00007c98    00000018     ti_msp_dl_config.o (.text.DL_GPIO_initPeripheralAnalogFunction)
                  00007cb0    00000018     ti_msp_dl_config.o (.text.DL_GPIO_reset)
                  00007cc8    00000018     bsp_tb6612.o (.text.DL_GPIO_setPins)
                  00007ce0    00000018     mspm0_i2c.o (.text.DL_GPIO_setPins)
                  00007cf8    00000018     oled_hardware_i2c.o (.text.DL_GPIO_setPins)
                  00007d10    00000018     ti_msp_dl_config.o (.text.DL_GPIO_setPins)
                  00007d28    00000018     ti_msp_dl_config.o (.text.DL_GPIO_setUpperPinsPolarity)
                  00007d40    00000018     mspm0_i2c.o (.text.DL_I2C_clearInterruptStatus)
                  00007d58    00000018     oled_hardware_i2c.o (.text.DL_I2C_clearInterruptStatus)
                  00007d70    00000018     ti_msp_dl_config.o (.text.DL_I2C_enableAnalogGlitchFilter)
                  00007d88    00000018     ti_msp_dl_config.o (.text.DL_I2C_enableController)
                  00007da0    00000018     ti_msp_dl_config.o (.text.DL_I2C_enableControllerClockStretching)
                  00007db8    00000018     mspm0_i2c.o (.text.DL_I2C_enablePower)
                  00007dd0    00000018     oled_hardware_i2c.o (.text.DL_I2C_enablePower)
                  00007de8    00000018     ti_msp_dl_config.o (.text.DL_I2C_enablePower)
                  00007e00    00000018     mspm0_i2c.o (.text.DL_I2C_getRawInterruptStatus)
                  00007e18    00000018     oled_hardware_i2c.o (.text.DL_I2C_getRawInterruptStatus)
                  00007e30    00000018     mspm0_i2c.o (.text.DL_I2C_reset)
                  00007e48    00000018     oled_hardware_i2c.o (.text.DL_I2C_reset)
                  00007e60    00000018     ti_msp_dl_config.o (.text.DL_I2C_reset)
                  00007e78    00000018     ti_msp_dl_config.o (.text.DL_I2C_setTimerPeriod)
                  00007e90    00000018     ti_msp_dl_config.o (.text.DL_SYSCTL_setBORThreshold)
                  00007ea8    00000018     ti_msp_dl_config.o (.text.DL_Timer_enablePower)
                  00007ec0    00000018     ti_msp_dl_config.o (.text.DL_Timer_reset)
                  00007ed8    00000018     driverlib.a : dl_timer.o (.text.DL_Timer_setCaptureCompareOutCtl)
                  00007ef0    00000018     ti_msp_dl_config.o (.text.DL_UART_enableFIFOs)
                  00007f08    00000018     ti_msp_dl_config.o (.text.DL_UART_enablePower)
                  00007f20    00000018     board.o (.text.DL_UART_isBusy)
                  00007f38    00000018     vofa_debug.o (.text.DL_UART_isRXFIFOEmpty)
                  00007f50    00000018     ti_msp_dl_config.o (.text.DL_UART_reset)
                  00007f68    00000018     clock.o (.text.SysTick_Init)
                  00007f80    00000018     libc.a : vsnprintf.c.obj (.text._outc)
                  00007f98    00000018            : sprintf.c.obj (.text._outs)
                  00007fb0    00000016     bsp_motor_hallencoder.o (.text.DL_GPIO_readPins)
                  00007fc6    00000016     follow.o (.text.DL_GPIO_readPins)
                  00007fdc    00000016     mspm0_i2c.o (.text.DL_GPIO_readPins)
                  00007ff2    00000016     oled_hardware_i2c.o (.text.DL_GPIO_readPins)
                  00008008    00000016     mspm0_i2c.o (.text.DL_I2C_transmitControllerData)
                  0000801e    00000016     ti_msp_dl_config.o (.text.DL_UART_enable)
                  00008034    00000016     board.o (.text.DL_UART_transmitData)
                  0000804a    00000016     libc.a : copy_zero_init.c.obj (.text:decompress:ZI:__TI_zero_init_nomemset)
                  00008060    00000014     bsp_tb6612.o (.text.DL_GPIO_clearPins)
                  00008074    00000014     mspm0_i2c.o (.text.DL_GPIO_clearPins)
                  00008088    00000014     oled_hardware_i2c.o (.text.DL_GPIO_clearPins)
                  0000809c    00000014     ti_msp_dl_config.o (.text.DL_GPIO_clearPins)
                  000080b0    00000014     mspm0_i2c.o (.text.DL_I2C_getControllerStatus)
                  000080c4    00000014     oled_hardware_i2c.o (.text.DL_I2C_getControllerStatus)
                  000080d8    00000014     mspm0_i2c.o (.text.DL_I2C_receiveControllerData)
                  000080ec    00000014     ti_msp_dl_config.o (.text.DL_I2C_resetControllerTransfer)
                  00008100    00000014     ti_msp_dl_config.o (.text.DL_SYSCTL_disableSYSPLL)
                  00008114    00000014     ti_msp_dl_config.o (.text.DL_SYSCTL_enableSYSPLL)
                  00008128    00000014     ti_msp_dl_config.o (.text.DL_Timer_enableClock)
                  0000813c    00000014     ti_msp_dl_config.o (.text.DL_Timer_setCCPDirection)
                  00008150    00000014     vofa_debug.o (.text.DL_UART_receiveData)
                  00008164    00000014     control_mixer.o (.text.Mixer_SetAngleDiff)
                  00008178    00000014     control_mixer.o (.text.Mixer_SetBaseSpeed)
                  0000818c    00000014     control_mixer.o (.text.Mixer_SetFollowDiff)
                  000081a0    00000014     control_mixer.o (.text.Mixer_SetOuterBoost)
                  000081b4    00000014     control_mixer.o (.text.Mixer_SetSpeedDiff)
                  000081c8    00000014     libclang_rt.builtins.a : aeabi_uldivmod.S.obj (.text.__aeabi_uldivmod)
                  000081dc    00000014     libc.a : sscanf.c.obj (.text._inpchar)
                  000081f0    00000014            : _printfi.c.obj (.text.strchr)
                  00008204    00000012     bsp_motor_hallencoder.o (.text.DL_Timer_getPendingInterrupt)
                  00008216    00000012     driverlib.a : dl_uart.o (.text.DL_UART_setClockConfig)
                  00008228    00000012     libc.a : memcpy16.S.obj (.text:TI_memcpy_small)
                  0000823a    00000012            : copy_decompress_none.c.obj (.text:decompress:none)
                  0000824c    00000010     ti_msp_dl_config.o (.text.DL_SYSCTL_disableHFXT)
                  0000825c    00000010     ti_msp_dl_config.o (.text.DL_SYSCTL_isFCCDone)
                  0000826c    00000010     ti_msp_dl_config.o (.text.DL_SYSCTL_startFCC)
                  0000827c    00000010     driverlib.a : dl_timer.o (.text.DL_Timer_setCaptureCompareValue)
                  0000828c    00000010     turn.o (.text.GoStraight_ResetPD)
                  0000829c    00000010     follow.o (.text.IRDM_GetCorrection)
                  000082ac    00000010     speed_control.o (.text.SpeedLoop_GetCorrection)
                  000082bc    00000010     interrupt.o (.text.SysTick_Handler)
                  000082cc    00000010     oled_hardware_i2c.o (.text.delay_ms)
                  000082dc    00000010     libc.a : wcslen.c.obj (.text.wcslen)
                  000082ec    0000000e            : _scanfi.c.obj (.text.OUTLINED_FUNCTION_1)
                  000082fa    0000000e            : _scanfi.c.obj (.text.OUTLINED_FUNCTION_2)
                  00008308    0000000e            : _scanfi.c.obj (.text.OUTLINED_FUNCTION_4)
                  00008316    00000002     --HOLE-- [fill = 0]
                  00008318    0000000e     libclang_rt.builtins.a : aeabi_memset.S.obj (.text.__aeabi_memset)
                  00008326    0000000e     libc.a : _printfi.c.obj (.text.strlen)
                  00008334    0000000e            : memset16.S.obj (.text:TI_memset_small)
                  00008342    00000002     --HOLE-- [fill = 0]
                  00008344    0000000c     ti_msp_dl_config.o (.text.DL_SYSCTL_getClockStatus)
                  00008350    0000000c     ti_msp_dl_config.o (.text.DL_SYSCTL_readFCC)
                  0000835c    0000000c     follow.o (.text.FollowLoop_GetBias)
                  00008368    0000000c     follow.o (.text.FollowLoop_GetBiasDeriv)
                  00008374    0000000c     follow.o (.text.FollowLoop_GetDTerm)
                  00008380    0000000c     follow.o (.text.FollowLoop_GetITerm)
                  0000838c    0000000c     follow.o (.text.FollowLoop_GetPTerm)
                  00008398    0000000c     imu_ahrs.o (.text.IMU_AHRS_GetStatus)
                  000083a4    0000000c     imu_ahrs.o (.text.IMU_AHRS_TurnAngle_Reset)
                  000083b0    0000000c     ti_msp_dl_config.o (.text.SYSCFG_DL_SYSTICK_init)
                  000083bc    0000000c     libclang_rt.builtins.a : aeabi_memset.S.obj (.text.__aeabi_memclr)
                  000083c8    0000000a     driverlib.a : dl_common.o (.text.DL_Common_delayCycles)
                  000083d2    0000000a     libc.a : _printfi.c.obj (.text.OUTLINED_FUNCTION_0)
                  000083dc    00000010     libclang_rt.builtins.a : adddf3.S.obj (.tramp.__aeabi_dsub.1)
                  000083ec    0000000a     libc.a : _printfi.c.obj (.text.OUTLINED_FUNCTION_1)
                  000083f6    0000000a            : sprintf.c.obj (.text._outc)
                  00008400    00000008            : strtod.c.obj (.text.OUTLINED_FUNCTION_0)
                  00008408    00000008            : strtod.c.obj (.text.OUTLINED_FUNCTION_1)
                  00008410    00000010     libclang_rt.builtins.a : aeabi_dcmp.S.obj (.tramp.__aeabi_dcmpeq.1)
                  00008420    00000008     libc.a : aeabi_portable.c.obj (.text.__aeabi_errno_addr)
                  00008428    00000008     libclang_rt.builtins.a : aeabi_memcpy.S.obj (.text.__aeabi_memcpy)
                  00008430    00000008     libc.a : sscanf.c.obj (.text._uninpchar)
                  00008438    00000006            : s_atanf.c.obj (.text.OUTLINED_FUNCTION_0)
                  0000843e    00000002     --HOLE-- [fill = 0]
                  00008440    00000010     libclang_rt.builtins.a : divsf3.S.obj (.tramp.__aeabi_fdiv.1)
                  00008450    00000006     libc.a : _scanfi.c.obj (.text.OUTLINED_FUNCTION_3)
                  00008456    00000006            : exit.c.obj (.text:abort)
                  0000845c    00000004     libsysbm.a : hostexit.c.obj (.text.HOSTexit)
                  00008460    00000004     libc.a : s_atanf.c.obj (.text.OUTLINED_FUNCTION_1)
                  00008464    00000010     libclang_rt.builtins.a : addsf3.S.obj (.tramp.__aeabi_fadd.1)
                  00008474    00000004     startup_mspm0g350x_ticlang.o (.text.Reset_Handler)
                  00008478    00000010     libc.a : boot_cortex_m.c.obj (.tramp._c_int00_noargs.1)
                  00008488    00000004            : pre_init.c.obj (.text._system_pre_init)
                  0000848c    00000004     --HOLE-- [fill = 0]

.cinit     0    000091a0    00000050     
                  000091a0    00000028     (.cinit..data.load) [load image, compression = lzss]
                  000091c8    0000000c     (__TI_handler_table)
                  000091d4    00000008     (.cinit..bss.load) [load image, compression = zero_init]
                  000091dc    00000010     (__TI_cinit_table)
                  000091ec    00000004     --HOLE-- [fill = 0]

.rodata    0    00008490    00000d10     
                  00008490    000005f0     oled_hardware_i2c.o (.rodata.asc2_1608)
                  00008a80    00000228     oled_hardware_i2c.o (.rodata.asc2_0806)
                  00008ca8    00000008     libc.a : _scanfi.c.obj (.rodata..L__const._sproc_float.special)
                  00008cb0    00000101            : aeabi_ctype.S.obj (.rodata:__aeabi_ctype_table_)
                  00008db1    00000007            : _scanfi.c.obj (.rodata._sproc_int.flit)
                  00008db8    00000080            : strtod.c.obj (.rodata.digits)
                  00008e38    00000048            : strtod.c.obj (.rodata.powerof10)
                  00008e80    00000032     vofa_debug.o (.rodata.str1.5237880212041877651.1)
                  00008eb2    00000031     angle_pid.o (.rodata.str1.17946244033951315791.1)
                  00008ee3    00000030     turn.o (.rodata.str1.7630309525740087319.1)
                  00008f13    0000002e     turn.o (.rodata.str1.15825708390215290014.1)
                  00008f41    00000003     ti_msp_dl_config.o (.rodata.gPWM_0ClockConfig)
                  00008f44    00000028     ti_msp_dl_config.o (.rodata.gSYSPLLConfig)
                  00008f6c    00000021     bsp_tb6612.o (.rodata.str1.15091695396400935675.1)
                  00008f8d    00000003     ti_msp_dl_config.o (.rodata.gTIMER_0ClockConfig)
                  00008f90    00000020     libc.a : s_atanf.c.obj (.rodata.cst16)
                  00008fb0    00000020     follow.o (.rodata.cst32)
                  00008fd0    0000001d     vofa_debug.o (.rodata.str1.832622803524188375.1)
                  00008fed    0000001c     turn.o (.rodata.str1.6605854860095091095.1)
                  00009009    0000001c     vofa_debug.o (.rodata.str1.7189630249957793735.1)
                  00009025    0000001a     turn.o (.rodata.str1.1448976492060665233.1)
                  0000903f    00000018     follow.o (.rodata.str1.18178574391210448268.1)
                  00009057    00000018     follow.o (.rodata.str1.2652027411992500410.1)
                  0000906f    00000018     follow.o (.rodata.str1.5931985603168994878.1)
                  00009087    00000017     main.o (.rodata.str1.2846389346932560359.1)
                  0000909e    00000002     ti_msp_dl_config.o (.rodata.gI2C_MPU6050ClockConfig)
                  000090a0    00000014     ti_msp_dl_config.o (.rodata.gTIMER_0TimerConfig)
                  000090b4    00000014     ti_msp_dl_config.o (.rodata.gTIMER_ULTRASONICTimerConfig)
                  000090c8    00000014     vofa_debug.o (.rodata.str1.10891076048903020628.1)
                  000090dc    00000014     main.o (.rodata.str1.12180500075719773345.1)
                  000090f0    00000011     libc.a : _printfi.c.obj (.rodata.str1.10348868589481759720.1)
                  00009101    00000011            : _printfi.c.obj (.rodata.str1.15363888844622738466.1)
                  00009112    0000000b     main.o (.rodata.str1.15159059442110792349.1)
                  0000911d    0000000b     main.o (.rodata.str1.7702501944640899365.1)
                  00009128    0000000a     ti_msp_dl_config.o (.rodata.gUART_0Config)
                  00009132    0000000a     vofa_debug.o (.rodata.str1.11806517368064402221.1)
                  0000913c    00000009     libc.a : _scanfi.c.obj (.rodata.str1.12964984209033246150.1)
                  00009145    00000003     ti_msp_dl_config.o (.rodata.gTIMER_ULTRASONICClockConfig)
                  00009148    00000008     ti_msp_dl_config.o (.rodata.gPWM_0Config)
                  00009150    00000008     main.o (.rodata.str1.288608917962107522.1)
                  00009158    00000006     libc.a : _scanfi.c.obj (.rodata._sproc_int.barr)
                  0000915e    00000005     main.o (.rodata.str1.14112174005742061988.1)
                  00009163    00000005     vofa_debug.o (.rodata.str1.3353928566755970298.1)
                  00009168    00000005     vofa_debug.o (.rodata.str1.9050699289953225713.1)
                  0000916d    00000004     libc.a : _scanfi.c.obj (.rodata.str1.3403580589742030990.1)
                  00009171    00000003     vofa_debug.o (.rodata.str1.10484139096401623572.1)
                  00009174    00000003     vofa_debug.o (.rodata.str1.11161334823677404466.1)
                  00009177    00000003     vofa_debug.o (.rodata.str1.12602603801916275315.1)
                  0000917a    00000003     vofa_debug.o (.rodata.str1.15624235433517460284.1)
                  0000917d    00000003     vofa_debug.o (.rodata.str1.16783799432960545502.1)
                  00009180    00000003     main.o (.rodata.str1.17100691992556644108.1)
                  00009183    00000003     vofa_debug.o (.rodata.str1.17981966462519096544.1)
                  00009186    00000003     main.o (.rodata.str1.18227636981041470289.1)
                  00009189    00000003     vofa_debug.o (.rodata.str1.5771549245972982501.1)
                  0000918c    00000003     vofa_debug.o (.rodata.str1.5790594398339545982.1)
                  0000918f    00000003     main.o (.rodata.str1.8154729771448623357.1)
                  00009192    00000002     ti_msp_dl_config.o (.rodata.gI2C_OLEDClockConfig)
                  00009194    00000002     ti_msp_dl_config.o (.rodata.gUART_0ClockConfig)
                  00009196    0000000a     --HOLE-- [fill = 0]

.init_array 
*          0    00000000    00000000     UNINITIALIZED

.binit     0    00000000    00000000     

.bss       0    20200000    00000290     UNINITIALIZED
                  20200000    000000bc     (.common:gPWM_0Backup)
                  202000bc    000000bc     (.common:gTIMER_ULTRASONICBackup)
                  20200178    00000058     imu_ahrs.o (.bss.g_imu)
                  202001d0    00000030     speed_control.o (.bss.g_speed_pid)
                  20200200    00000020     turn.o (.bss.g_straight_pd)
                  20200220    00000020     vofa_debug.o (.bss.rx_buf)
                  20200240    00000020     (.common:oled_buffer)
                  20200260    0000000e     imu_ahrs.o (.bss.g_calib_burst)
                  2020026e    00000002     --HOLE--
                  20200270    00000008     bsp_motor_hallencoder.o (.bss.Encoder_A)
                  20200278    00000008     bsp_motor_hallencoder.o (.bss.Encoder_B)
                  20200280    00000004     turn.o (.bss.g_straight_speed)
                  20200284    00000004     turn.o (.bss.g_straight_target_yaw)
                  20200288    00000004     (.common:start_time)
                  2020028c    00000004     (.common:tick_ms)

.data      0    20200290    00000108     UNINITIALIZED
                  20200290    00000020     follow.o (.data.sensor_history)
                  202002b0    00000008     imu_ahrs.o (.data.g_yaw_sum_t2)
                  202002b8    00000008     imu_ahrs.o (.data.g_yaw_sum_t)
                  202002c0    00000008     imu_ahrs.o (.data.g_yaw_sum_ty)
                  202002c8    00000008     imu_ahrs.o (.data.g_yaw_sum_y)
                  202002d0    00000008     follow.o (.data.sensor_filtered)
                  202002d8    00000008     follow.o (.data.sensor_states)
                  202002e0    00000004     libc.a : aeabi_portable.c.obj (.data.__aeabi_errno)
                  202002e4    00000004     follow.o (.data.follow_bias)
                  202002e8    00000004     follow.o (.data.follow_bias_deriv)
                  202002ec    00000004     follow.o (.data.follow_bias_filt)
                  202002f0    00000004     follow.o (.data.follow_d_filt)
                  202002f4    00000004     follow.o (.data.follow_d_term)
                  202002f8    00000004     follow.o (.data.follow_i_term)
                  202002fc    00000004     follow.o (.data.follow_p_term)
                  20200300    00000004     imu_ahrs.o (.data.g_calib_sum_x)
                  20200304    00000004     imu_ahrs.o (.data.g_calib_sum_y)
                  20200308    00000004     imu_ahrs.o (.data.g_calib_sum_z)
                  2020030c    00000004     follow.o (.data.g_follow_kd)
                  20200310    00000004     follow.o (.data.g_follow_ki)
                  20200314    00000004     follow.o (.data.g_follow_kp)
                  20200318    00000004     imu_ahrs.o (.data.g_init_deadline)
                  2020031c    00000004     imu_ahrs.o (.data.g_init_start_time)
                  20200320    00000004     imu_ahrs.o (.data.g_integral_fb_x)
                  20200324    00000004     imu_ahrs.o (.data.g_integral_fb_y)
                  20200328    00000004     imu_ahrs.o (.data.g_integral_fb_z)
                  2020032c    00000004     follow.o (.data.g_kd_curve)
                  20200330    00000004     follow.o (.data.g_kd_straight)
                  20200334    00000004     follow.o (.data.g_ki_curve)
                  20200338    00000004     follow.o (.data.g_ki_straight)
                  2020033c    00000004     follow.o (.data.g_kp_curve)
                  20200340    00000004     follow.o (.data.g_kp_straight)
                  20200344    00000004     control_mixer.o (.data.g_mix_base)
                  20200348    00000004     control_mixer.o (.data.g_outer_boost)
                  2020034c    00000004     imu_ahrs.o (.data.g_turn_angle)
                  20200350    00000004     imu_ahrs.o (.data.g_yaw_calib_count)
                  20200354    00000004     imu_ahrs.o (.data.g_yaw_calib_start_time)
                  20200358    00000004     imu_ahrs.o (.data.g_yaw_drift_k)
                  2020035c    00000004     imu_ahrs.o (.data.g_yaw_start_time)
                  20200360    00000004     follow.o (.data.integral)
                  20200364    00000004     follow.o (.data.last_bias)
                  20200368    00000004     main.o (.data.main.last_update)
                  2020036c    00000004     main.o (.data.main.lost_since)
                  20200370    00000004     main.o (.data.main.sc_base_speed_f)
                  20200374    00000004     main.o (.data.main.sc_oled_last)
                  20200378    00000004     main.o (.data.main.stop_cooldown_start)
                  2020037c    00000004     main.o (.data.main.vofa_last)
                  20200380    00000002     control_mixer.o (.data.g_angle_diff)
                  20200382    00000002     imu_ahrs.o (.data.g_calib_sample_idx)
                  20200384    00000002     control_mixer.o (.data.g_follow_diff)
                  20200386    00000002     control_mixer.o (.data.g_speed_diff)
                  20200388    00000002     follow.o (.data.last_correction)
                  2020038a    00000001     interrupt.o (.data.enable_group1_irq)
                  2020038b    00000001     bsp_motor_hallencoder.o (.data.g_encoder_new_data)
                  2020038c    00000001     imu_ahrs.o (.data.g_init_state)
                  2020038d    00000001     imu_ahrs.o (.data.g_status)
                  2020038e    00000001     turn.o (.data.g_straight_state)
                  2020038f    00000001     turn.o (.data.g_turn_state)
                  20200390    00000001     vofa_debug.o (.data.g_vofa_stop)
                  20200391    00000001     imu_ahrs.o (.data.g_yaw_calib_state)
                  20200392    00000001     imu_ahrs.o (.data.g_yaw_enable)
                  20200393    00000001     main.o (.data.main.stop_cooldown_set)
                  20200394    00000001     main.o (.data.main.was_lost)
                  20200395    00000001     main.o (.data.main.was_on_curve)
                  20200396    00000001     main.o (.data.main.yaw_calib_done)
                  20200397    00000001     vofa_debug.o (.data.rx_idx)

.stack     0    20207e00    00000200     UNINITIALIZED
                  20207e00    00000004     libc.a : boot_cortex_m.c.obj (.stack)
                  20207e04    000001fc     --HOLE--

__llvm_prf_cnts 
*          0    20200000    00000000     UNINITIALIZED

__llvm_prf_bits 
*          0    20200000    00000000     UNINITIALIZED

MODULE SUMMARY

       Module                         code    ro data   rw data
       ------                         ----    -------   -------
    .\
       ti_msp_dl_config.o             3434    113       376    
       main.o                         1856    87        60     
       startup_mspm0g350x_ticlang.o   8       192       0      
    +--+------------------------------+-------+---------+---------+
       Total:                         5298    392       436    
                                                               
    .\Drivers\AnglePID\
       angle_pid.o                    402     49        0      
    +--+------------------------------+-------+---------+---------+
       Total:                         402     49        0      
                                                               
    .\Drivers\Encoder\
       bsp_motor_hallencoder.o        404     0         17     
       speed_control.o                16      0         48     
    +--+------------------------------+-------+---------+---------+
       Total:                         420     0         65     
                                                               
    .\Drivers\IMU_AHRS\
       imu_ahrs.o                     3398    0         192    
       mspm0_i2c.o                    1368    0         0      
    +--+------------------------------+-------+---------+---------+
       Total:                         4766    0         192    
                                                               
    .\Drivers\MSPM0\
       clock.o                        328     0         8      
       board.o                        222     0         0      
       interrupt.o                    88      0         1      
    +--+------------------------------+-------+---------+---------+
       Total:                         638     0         9      
                                                               
    .\Drivers\Mix_Control\
       control_mixer.o                380     0         14     
    +--+------------------------------+-------+---------+---------+
       Total:                         380     0         14     
                                                               
    .\Drivers\OLED_Hardware_I2C\
       oled_hardware_i2c.o            1816    2072      0      
    +--+------------------------------+-------+---------+---------+
       Total:                         1816    2072      0      
                                                               
    .\Drivers\TB6612_Motor\
       follow.o                       1722    104       122    
       turn.o                         652     148       42     
       bsp_tb6612.o                   356     33        0      
    +--+------------------------------+-------+---------+---------+
       Total:                         2730    285       164    
                                                               
    .\Drivers\VOFA\
       vofa_debug.o                   746     171       34     
    +--+------------------------------+-------+---------+---------+
       Total:                         746     171       34     
                                                               
    D:/develop/TI/CCS/mspm0_sdk_2_10_00_04/source/ti/driverlib/lib/ticlang/m0p/mspm0g1x0x_g3x0x/driverlib.a
       dl_timer.o                     608     0         0      
       dl_sysctl_mspm0g1x0x_g3x0x.o   416     0         0      
       dl_i2c.o                       192     0         0      
       dl_uart.o                      90      0         0      
       dl_common.o                    10      0         0      
    +--+------------------------------+-------+---------+---------+
       Total:                         1316    0         0      
                                                               
    D:\develop\TI\CCS\ti_cgt_arm_llvm_4.0.4.LTS\lib\armv6m-ti-none-eabi/c/libc.a
       _printfi.c.obj                 4510    34        0      
       _scanfi.c.obj                  3092    34        0      
       strtod.c.obj                   968     200       0      
       s_atanf.c.obj                  466     32        0      
       strtoll.c.obj                  480     0         0      
       strtoull.c.obj                 364     0         0      
       strtol.c.obj                   324     0         0      
       strtoul.c.obj                  300     0         0      
       e_atan2f.c.obj                 280     0         0      
       aeabi_ctype.S.obj              0       257       0      
       s_scalbn.c.obj                 216     0         0      
       sscanf.c.obj                   192     0         0      
       strcmp-armv6m.S.obj            136     0         0      
       vsnprintf.c.obj                136     0         0      
       copy_decompress_lzss.c.obj     124     0         0      
       s_frexp.c.obj                  92      0         0      
       sprintf.c.obj                  90      0         0      
       _ltoa.c.obj                    88      0         0      
       atoi.c.obj                     64      0         0      
       autoinit.c.obj                 60      0         0      
       boot_cortex_m.c.obj            56      0         0      
       memccpy.c.obj                  34      0         0      
       copy_zero_init.c.obj           22      0         0      
       copy_decompress_none.c.obj     18      0         0      
       memcpy16.S.obj                 18      0         0      
       wcslen.c.obj                   16      0         0      
       memset16.S.obj                 14      0         0      
       aeabi_portable.c.obj           8       0         4      
       exit.c.obj                     6       0         0      
       pre_init.c.obj                 4       0         0      
    +--+------------------------------+-------+---------+---------+
       Total:                         12178   557       4      
                                                               
    D:\develop\TI\CCS\ti_cgt_arm_llvm_4.0.4.LTS\lib\armv6m-ti-none-eabi/c/libsysbm.a
       hostexit.c.obj                 4       0         0      
    +--+------------------------------+-------+---------+---------+
       Total:                         4       0         0      
                                                               
    D:\develop\TI\CCS\ti_cgt_arm_llvm_4.0.4.LTS\lib\armv6m-ti-none-eabi/libclang_rt.builtins.a
       adddf3.S.obj                   418     0         0      
       divdf3.S.obj                   268     0         0      
       addsf3.S.obj                   232     0         0      
       muldf3.S.obj                   228     0         0      
       comparedf2.c.obj               220     0         0      
       udivmoddi4.S.obj               162     0         0      
       divsf3.S.obj                   146     0         0      
       mulsf3.S.obj                   140     0         0      
       comparesf2.S.obj               118     0         0      
       truncdfsf2.S.obj               116     0         0      
       aeabi_dcmp.S.obj               114     0         0      
       aeabi_fcmp.S.obj               98      0         0      
       aeabi_idivmod.S.obj            86      0         0      
       fixdfsi.S.obj                  74      0         0      
       aeabi_uidivmod.S.obj           64      0         0      
       extendsfdf2.S.obj              64      0         0      
       floatsisf.S.obj                60      0         0      
       muldsi3.S.obj                  58      0         0      
       fixsfsi.S.obj                  56      0         0      
       fixunssfsi.S.obj               50      0         0      
       floatsidf.S.obj                44      0         0      
       floatunsisf.S.obj              40      0         0      
       floatunsidf.S.obj              36      0         0      
       muldi3.S.obj                   36      0         0      
       ashldi3.S.obj                  30      0         0      
       aeabi_memset.S.obj             26      0         0      
       aeabi_uldivmod.S.obj           20      0         0      
       aeabi_memcpy.S.obj             8       0         0      
       aeabi_div0.c.obj               4       0         0      
    +--+------------------------------+-------+---------+---------+
       Total:                         3016    0         0      
                                                               
       Stack:                         0       0         512    
       Linker Generated:              0       76        0      
    +--+------------------------------+-------+---------+---------+
       Grand Total:                   33710   3602      1430   


LINKER GENERATED COPY TABLES

__TI_cinit_table @ 000091dc records: 2, size/record: 8, table size: 16
	.data: load addr=000091a0, load size=00000028 bytes, run addr=20200290, run size=00000108 bytes, compression=lzss
	.bss: load addr=000091d4, load size=00000008 bytes, run addr=20200000, run size=00000290 bytes, compression=zero_init


LINKER GENERATED HANDLER TABLE

__TI_handler_table @ 000091c8 records: 3, size/record: 4, table size: 12
	index: 0, handler: __TI_decompress_lzss
	index: 1, handler: __TI_decompress_none
	index: 2, handler: __TI_zero_init


FAR CALL TRAMPOLINES

callee name               trampoline name
   callee addr  tramp addr   call addr  call info
--------------  -----------  ---------  ----------------
__aeabi_dsub              $Tramp$TT$L$PI$$__aeabi_dsub
   000034cd     000083dc     000083da   libc.a : _printfi.c.obj (.text.OUTLINED_FUNCTION_0)
__aeabi_dcmpeq            $Tramp$TT$L$PI$$__aeabi_dcmpeq
   000061ad     00008410     0000840e   libc.a : strtod.c.obj (.text.OUTLINED_FUNCTION_1)
__aeabi_fdiv              $Tramp$TT$L$PI$$__aeabi_fdiv
   00005ae5     00008440     0000843c   libc.a : s_atanf.c.obj (.text.OUTLINED_FUNCTION_0)
__aeabi_fadd              $Tramp$TT$L$PI$$__aeabi_fadd
   00004efb     00008464     00008462   libc.a : s_atanf.c.obj (.text.OUTLINED_FUNCTION_1)
_c_int00_noargs           $Tramp$TT$L$PI$$_c_int00_noargs
   00007719     00008478     00008474   startup_mspm0g350x_ticlang.o (.text.Reset_Handler)

[5 trampolines]
[5 trampoline calls]


GLOBAL SYMBOLS: SORTED ALPHABETICALLY BY Name 

address   name                                 
-------   ----                                 
000058cd  ADC0_IRQHandler                      
000058cd  ADC1_IRQHandler                      
000058cd  AES_IRQHandler                       
00005b69  AO_Control                           
00005ec9  AnglePD_Init                         
000078a5  AnglePD_Reset                        
0000521d  AnglePD_Update                       
00005be9  BO_Control                           
0000845c  C$$EXIT                              
000058cd  CANFD0_IRQHandler                    
000058cd  DAC0_IRQHandler                      
000083c9  DL_Common_delayCycles                
00006335  DL_I2C_fillControllerTXFIFO          
00006fbd  DL_I2C_flushControllerTXFIFO         
00007767  DL_I2C_setClockConfig                
00007a35  DL_SYSCTL_configFCC                  
00004d3d  DL_SYSCTL_configSYSPLL               
000060e5  DL_SYSCTL_setHFCLKSourceHFXTParams   
00006d6d  DL_SYSCTL_switchMCLKfromSYSOSCtoHSCLK
00004775  DL_Timer_initFourCCPWMMode           
00004879  DL_Timer_initTimerMode               
00007ac1  DL_Timer_setCaptCompUpdateMethod     
00007ed9  DL_Timer_setCaptureCompareOutCtl     
0000827d  DL_Timer_setCaptureCompareValue      
00007add  DL_Timer_setClockConfig              
00006c4d  DL_UART_init                         
00008217  DL_UART_setClockConfig               
000058cd  DMA_IRQHandler                       
000058cd  Default_Handler                      
00007885  FollowLoop_DecayIntegral             
0000835d  FollowLoop_GetBias                   
00008369  FollowLoop_GetBiasDeriv              
00008375  FollowLoop_GetDTerm                  
00008381  FollowLoop_GetITerm                  
0000838d  FollowLoop_GetPTerm                  
0000778d  FollowLoop_ResetIntegral             
00007679  FollowLoop_SetKD                     
000076a1  FollowLoop_SetKI                     
000076c9  FollowLoop_SetKP                     
00006661  FollowLoop_SwitchToCurve             
000066b5  FollowLoop_SwitchToStraight          
000058cd  GROUP0_IRQHandler                    
00004975  GROUP1_IRQHandler                    
00006941  GoStraight_GetCorrection             
00004fc9  GoStraight_Poll                      
0000828d  GoStraight_ResetPD                   
0000537d  GoStraight_Start                     
00005845  GoStraight_StartAt                   
00007b15  GoStraight_Stop                      
0000845d  HOSTexit                             
000058cd  HardFault_Handler                    
000058cd  I2C0_IRQHandler                      
000058cd  I2C1_IRQHandler                      
00007b31  IMU_AHRS_Attitude_Enable             
00008399  IMU_AHRS_GetStatus                   
00006149  IMU_AHRS_Get_Yaw_Compensated         
00003935  IMU_AHRS_Init_Poll                   
0000541d  IMU_AHRS_Init_Start                  
000083a5  IMU_AHRS_TurnAngle_Reset             
00001dad  IMU_AHRS_Update_Attitude             
000037cd  IMU_AHRS_Update_Data                 
00002d69  IMU_AHRS_Yaw_Calib_Poll              
00006991  IMU_AHRS_Yaw_Calib_Start             
00006e7d  IRDM_CountBlackSensors               
0000829d  IRDM_GetCorrection                   
00006db1  IRDM_IsBlackLine                     
00002705  IRDM_UpdatePositionPID               
00005695  IRDM_calculate_bias                  
00007331  IRDM_get_sensor_state                
00003a99  IRDM_read_sensors                    
00007b4d  Interrupt_Init                       
00004a71  Mixer_Apply                          
00007b69  Mixer_Init                           
00008165  Mixer_SetAngleDiff                   
00008179  Mixer_SetBaseSpeed                   
0000818d  Mixer_SetFollowDiff                  
000081a1  Mixer_SetOuterBoost                  
000081b5  Mixer_SetSpeedDiff                   
000058cd  NMI_Handler                          
00005fa9  OLED_Clear                           
00004559  OLED_Init                            
00007035  OLED_Set_Pos                         
00004329  OLED_ShowChar                        
00005f39  OLED_ShowString                      
000055fd  OLED_WR_Byte                         
000058cd  PendSV_Handler                       
000058cd  RTC_IRQHandler                       
00008475  Reset_Handler                        
000058cd  SPI0_IRQHandler                      
000058cd  SPI1_IRQHandler                      
000058cd  SVC_Handler                          
00002b69  SYSCFG_DL_GPIO_init                  
000064a9  SYSCFG_DL_I2C_MPU6050_init           
00006501  SYSCFG_DL_I2C_OLED_init              
00005729  SYSCFG_DL_PWM_0_init                 
00007b85  SYSCFG_DL_SYSCTL_CLK_init            
00004b6d  SYSCFG_DL_SYSCTL_SYSPLL_init         
00005c69  SYSCFG_DL_SYSCTL_init                
000083b1  SYSCFG_DL_SYSTICK_init               
00007071  SYSCFG_DL_TIMER_0_init               
00007459  SYSCFG_DL_TIMER_ULTRASONIC_init      
00006709  SYSCFG_DL_UART_0_init                
00006df5  SYSCFG_DL_init                       
000054bd  SYSCFG_DL_initPower                  
000082ad  SpeedLoop_GetCorrection              
000082bd  SysTick_Handler                      
00007f69  SysTick_Init                         
00007289  TB6612_Motor_Stop                    
000058cd  TIMA0_IRQHandler                     
000058cd  TIMA1_IRQHandler                     
000070ad  TIMG0_IRQHandler                     
000058cd  TIMG12_IRQHandler                    
000058cd  TIMG6_IRQHandler                     
000058cd  TIMG7_IRQHandler                     
000058cd  TIMG8_IRQHandler                     
00008229  TI_memcpy_small                      
00008335  TI_memset_small                      
00007ba1  Turn_Stop                            
00005959  UART0_IRQHandler                     
000058cd  UART1_IRQHandler                     
000058cd  UART2_IRQHandler                     
000058cd  UART3_IRQHandler                     
000077b1  VOFA_Init                            
0000555d  VOFA_Output                          
0000365f  VOFA_ReceivePoll                     
20208000  __STACK_END                          
00000200  __STACK_SIZE                         
00000000  __TI_ATRegion0_region_sz             
00000000  __TI_ATRegion0_src_addr              
00000000  __TI_ATRegion0_trg_addr              
00000000  __TI_ATRegion1_region_sz             
00000000  __TI_ATRegion1_src_addr              
00000000  __TI_ATRegion1_trg_addr              
00000000  __TI_ATRegion2_region_sz             
00000000  __TI_ATRegion2_src_addr              
00000000  __TI_ATRegion2_trg_addr              
000091dc  __TI_CINIT_Base                      
000091ec  __TI_CINIT_Limit                     
000091ec  __TI_CINIT_Warm                      
000091c8  __TI_Handler_Table_Base              
000091d4  __TI_Handler_Table_Limit             
0000719d  __TI_auto_init_nobinit_nopinit       
00005ce9  __TI_decompress_lzss                 
0000823b  __TI_decompress_none                 
00006559  __TI_ltoa                            
ffffffff  __TI_pprof_out_hndl                  
00000c9d  __TI_printfi                         
ffffffff  __TI_prof_data_size                  
ffffffff  __TI_prof_data_start                 
000000c1  __TI_scanfi                          
00000000  __TI_static_base__                   
0000804b  __TI_zero_init_nomemset              
000034d7  __adddf3                             
00004efb  __addsf3                             
00008cb0  __aeabi_ctype_table_                 
00008cb0  __aeabi_ctype_table_C                
00005de1  __aeabi_d2f                          
00006c01  __aeabi_d2iz                         
000034d7  __aeabi_dadd                         
000061ad  __aeabi_dcmpeq                       
000061e9  __aeabi_dcmpge                       
000061fd  __aeabi_dcmpgt                       
000061d5  __aeabi_dcmple                       
000061c1  __aeabi_dcmplt                       
00004669  __aeabi_ddiv                         
00004c59  __aeabi_dmul                         
000034cd  __aeabi_dsub                         
202002e0  __aeabi_errno                        
00008421  __aeabi_errno_addr                   
00006efd  __aeabi_f2d                          
000072c1  __aeabi_f2iz                         
00007365  __aeabi_f2uiz                        
00004efb  __aeabi_fadd                         
00006211  __aeabi_fcmpeq                       
0000624d  __aeabi_fcmpge                       
00006261  __aeabi_fcmpgt                       
00006239  __aeabi_fcmple                       
00006225  __aeabi_fcmplt                       
00005ae5  __aeabi_fdiv                         
000057b9  __aeabi_fmul                         
00004ef1  __aeabi_fsub                         
000074dd  __aeabi_i2d                          
000070e9  __aeabi_i2f                          
00006609  __aeabi_idiv                         
0000537b  __aeabi_idiv0                        
00006609  __aeabi_idivmod                      
00005b67  __aeabi_ldiv0                        
000078e1  __aeabi_llsl                         
000077f9  __aeabi_lmul                         
000083bd  __aeabi_memclr                       
000083bd  __aeabi_memclr4                      
000083bd  __aeabi_memclr8                      
00008429  __aeabi_memcpy                       
00008429  __aeabi_memcpy4                      
00008429  __aeabi_memcpy8                      
00008319  __aeabi_memset                       
00008319  __aeabi_memset4                      
00008319  __aeabi_memset8                      
000077d5  __aeabi_ui2d                         
000076f1  __aeabi_ui2f                         
00006ebd  __aeabi_uidiv                        
00006ebd  __aeabi_uidivmod                     
000081c9  __aeabi_uldivmod                     
000078e1  __ashldi3                            
ffffffff  __binit__                            
00006015  __cmpdf2                             
000071d9  __cmpsf2                             
00004669  __divdf3                             
00005ae5  __divsf3                             
00006015  __eqdf2                              
000071d9  __eqsf2                              
00006efd  __extendsfdf2                        
00006c01  __fixdfsi                            
000072c1  __fixsfsi                            
00007365  __fixunssfsi                         
000074dd  __floatsidf                          
000070e9  __floatsisf                          
000077d5  __floatunsidf                        
000076f1  __floatunsisf                        
00005d65  __gedf2                              
00007125  __gesf2                              
00005d65  __gtdf2                              
00007125  __gtsf2                              
00006015  __ledf2                              
000071d9  __lesf2                              
00006015  __ltdf2                              
000071d9  __ltsf2                              
UNDEFED   __mpu_init                           
00004c59  __muldf3                             
000077f9  __muldi3                             
00007215  __muldsi3                            
000057b9  __mulsf3                             
00006015  __nedf2                              
000071d9  __nesf2                              
20207e00  __stack                              
20200000  __start___llvm_prf_bits              
20200000  __start___llvm_prf_cnts              
20200000  __stop___llvm_prf_bits               
20200000  __stop___llvm_prf_cnts               
000034cd  __subdf3                             
00004ef1  __subsf3                             
00005de1  __truncdfsf2                         
000052d9  __udivmoddi4                         
00007719  _c_int00_noargs                      
UNDEFED   _system_post_cinit                   
00008489  _system_pre_init                     
00008457  abort                                
00008a80  asc2_0806                            
00008490  asc2_1608                            
00004441  atan2f                               
00003305  atanf                                
00006f3d  atoi                                 
ffffffff  binit                                
000082cd  delay_ms                             
2020038a  enable_group1_irq                    
00006395  frexp                                
00006395  frexpl                               
20200000  gPWM_0Backup                         
202000bc  gTIMER_ULTRASONICBackup              
2020038b  g_encoder_new_data                   
20200390  g_vofa_stop                          
00000000  interruptVectors                     
00006cdd  lc_printf                            
00004e19  ldexp                                
00004e19  ldexpl                               
0000166d  main                                 
00007841  memccpy                              
00006275  mpu6050_i2c_sda_unlock               
000073f9  mspm0_delay_ms                       
00007509  mspm0_get_clock_ms                   
00003e7d  mspm0_i2c_read                       
00005159  mspm0_i2c_write                      
20200240  oled_buffer                          
000062d5  oled_i2c_sda_unlock                  
00004e19  scalbn                               
00004e19  scalbnl                              
000072f9  sprintf                              
00007429  sscanf                               
20200288  start_time                           
000058d1  strcmp                               
0000234d  strtod                               
00003bfd  strtol                               
0000234d  strtold                              
00002f49  strtoll                              
000040dd  strtoul                              
00003661  strtoull                             
2020028c  tick_ms                              
00006f7d  vsnprintf                            
000082dd  wcslen                               


GLOBAL SYMBOLS: SORTED BY Symbol Address 

address   name                                 
-------   ----                                 
00000000  __TI_ATRegion0_region_sz             
00000000  __TI_ATRegion0_src_addr              
00000000  __TI_ATRegion0_trg_addr              
00000000  __TI_ATRegion1_region_sz             
00000000  __TI_ATRegion1_src_addr              
00000000  __TI_ATRegion1_trg_addr              
00000000  __TI_ATRegion2_region_sz             
00000000  __TI_ATRegion2_src_addr              
00000000  __TI_ATRegion2_trg_addr              
00000000  __TI_static_base__                   
00000000  interruptVectors                     
000000c1  __TI_scanfi                          
00000200  __STACK_SIZE                         
00000c9d  __TI_printfi                         
0000166d  main                                 
00001dad  IMU_AHRS_Update_Attitude             
0000234d  strtod                               
0000234d  strtold                              
00002705  IRDM_UpdatePositionPID               
00002b69  SYSCFG_DL_GPIO_init                  
00002d69  IMU_AHRS_Yaw_Calib_Poll              
00002f49  strtoll                              
00003305  atanf                                
000034cd  __aeabi_dsub                         
000034cd  __subdf3                             
000034d7  __adddf3                             
000034d7  __aeabi_dadd                         
0000365f  VOFA_ReceivePoll                     
00003661  strtoull                             
000037cd  IMU_AHRS_Update_Data                 
00003935  IMU_AHRS_Init_Poll                   
00003a99  IRDM_read_sensors                    
00003bfd  strtol                               
00003e7d  mspm0_i2c_read                       
000040dd  strtoul                              
00004329  OLED_ShowChar                        
00004441  atan2f                               
00004559  OLED_Init                            
00004669  __aeabi_ddiv                         
00004669  __divdf3                             
00004775  DL_Timer_initFourCCPWMMode           
00004879  DL_Timer_initTimerMode               
00004975  GROUP1_IRQHandler                    
00004a71  Mixer_Apply                          
00004b6d  SYSCFG_DL_SYSCTL_SYSPLL_init         
00004c59  __aeabi_dmul                         
00004c59  __muldf3                             
00004d3d  DL_SYSCTL_configSYSPLL               
00004e19  ldexp                                
00004e19  ldexpl                               
00004e19  scalbn                               
00004e19  scalbnl                              
00004ef1  __aeabi_fsub                         
00004ef1  __subsf3                             
00004efb  __addsf3                             
00004efb  __aeabi_fadd                         
00004fc9  GoStraight_Poll                      
00005159  mspm0_i2c_write                      
0000521d  AnglePD_Update                       
000052d9  __udivmoddi4                         
0000537b  __aeabi_idiv0                        
0000537d  GoStraight_Start                     
0000541d  IMU_AHRS_Init_Start                  
000054bd  SYSCFG_DL_initPower                  
0000555d  VOFA_Output                          
000055fd  OLED_WR_Byte                         
00005695  IRDM_calculate_bias                  
00005729  SYSCFG_DL_PWM_0_init                 
000057b9  __aeabi_fmul                         
000057b9  __mulsf3                             
00005845  GoStraight_StartAt                   
000058cd  ADC0_IRQHandler                      
000058cd  ADC1_IRQHandler                      
000058cd  AES_IRQHandler                       
000058cd  CANFD0_IRQHandler                    
000058cd  DAC0_IRQHandler                      
000058cd  DMA_IRQHandler                       
000058cd  Default_Handler                      
000058cd  GROUP0_IRQHandler                    
000058cd  HardFault_Handler                    
000058cd  I2C0_IRQHandler                      
000058cd  I2C1_IRQHandler                      
000058cd  NMI_Handler                          
000058cd  PendSV_Handler                       
000058cd  RTC_IRQHandler                       
000058cd  SPI0_IRQHandler                      
000058cd  SPI1_IRQHandler                      
000058cd  SVC_Handler                          
000058cd  TIMA0_IRQHandler                     
000058cd  TIMA1_IRQHandler                     
000058cd  TIMG12_IRQHandler                    
000058cd  TIMG6_IRQHandler                     
000058cd  TIMG7_IRQHandler                     
000058cd  TIMG8_IRQHandler                     
000058cd  UART1_IRQHandler                     
000058cd  UART2_IRQHandler                     
000058cd  UART3_IRQHandler                     
000058d1  strcmp                               
00005959  UART0_IRQHandler                     
00005ae5  __aeabi_fdiv                         
00005ae5  __divsf3                             
00005b67  __aeabi_ldiv0                        
00005b69  AO_Control                           
00005be9  BO_Control                           
00005c69  SYSCFG_DL_SYSCTL_init                
00005ce9  __TI_decompress_lzss                 
00005d65  __gedf2                              
00005d65  __gtdf2                              
00005de1  __aeabi_d2f                          
00005de1  __truncdfsf2                         
00005ec9  AnglePD_Init                         
00005f39  OLED_ShowString                      
00005fa9  OLED_Clear                           
00006015  __cmpdf2                             
00006015  __eqdf2                              
00006015  __ledf2                              
00006015  __ltdf2                              
00006015  __nedf2                              
000060e5  DL_SYSCTL_setHFCLKSourceHFXTParams   
00006149  IMU_AHRS_Get_Yaw_Compensated         
000061ad  __aeabi_dcmpeq                       
000061c1  __aeabi_dcmplt                       
000061d5  __aeabi_dcmple                       
000061e9  __aeabi_dcmpge                       
000061fd  __aeabi_dcmpgt                       
00006211  __aeabi_fcmpeq                       
00006225  __aeabi_fcmplt                       
00006239  __aeabi_fcmple                       
0000624d  __aeabi_fcmpge                       
00006261  __aeabi_fcmpgt                       
00006275  mpu6050_i2c_sda_unlock               
000062d5  oled_i2c_sda_unlock                  
00006335  DL_I2C_fillControllerTXFIFO          
00006395  frexp                                
00006395  frexpl                               
000064a9  SYSCFG_DL_I2C_MPU6050_init           
00006501  SYSCFG_DL_I2C_OLED_init              
00006559  __TI_ltoa                            
00006609  __aeabi_idiv                         
00006609  __aeabi_idivmod                      
00006661  FollowLoop_SwitchToCurve             
000066b5  FollowLoop_SwitchToStraight          
00006709  SYSCFG_DL_UART_0_init                
00006941  GoStraight_GetCorrection             
00006991  IMU_AHRS_Yaw_Calib_Start             
00006c01  __aeabi_d2iz                         
00006c01  __fixdfsi                            
00006c4d  DL_UART_init                         
00006cdd  lc_printf                            
00006d6d  DL_SYSCTL_switchMCLKfromSYSOSCtoHSCLK
00006db1  IRDM_IsBlackLine                     
00006df5  SYSCFG_DL_init                       
00006e7d  IRDM_CountBlackSensors               
00006ebd  __aeabi_uidiv                        
00006ebd  __aeabi_uidivmod                     
00006efd  __aeabi_f2d                          
00006efd  __extendsfdf2                        
00006f3d  atoi                                 
00006f7d  vsnprintf                            
00006fbd  DL_I2C_flushControllerTXFIFO         
00007035  OLED_Set_Pos                         
00007071  SYSCFG_DL_TIMER_0_init               
000070ad  TIMG0_IRQHandler                     
000070e9  __aeabi_i2f                          
000070e9  __floatsisf                          
00007125  __gesf2                              
00007125  __gtsf2                              
0000719d  __TI_auto_init_nobinit_nopinit       
000071d9  __cmpsf2                             
000071d9  __eqsf2                              
000071d9  __lesf2                              
000071d9  __ltsf2                              
000071d9  __nesf2                              
00007215  __muldsi3                            
00007289  TB6612_Motor_Stop                    
000072c1  __aeabi_f2iz                         
000072c1  __fixsfsi                            
000072f9  sprintf                              
00007331  IRDM_get_sensor_state                
00007365  __aeabi_f2uiz                        
00007365  __fixunssfsi                         
000073f9  mspm0_delay_ms                       
00007429  sscanf                               
00007459  SYSCFG_DL_TIMER_ULTRASONIC_init      
000074dd  __aeabi_i2d                          
000074dd  __floatsidf                          
00007509  mspm0_get_clock_ms                   
00007679  FollowLoop_SetKD                     
000076a1  FollowLoop_SetKI                     
000076c9  FollowLoop_SetKP                     
000076f1  __aeabi_ui2f                         
000076f1  __floatunsisf                        
00007719  _c_int00_noargs                      
00007767  DL_I2C_setClockConfig                
0000778d  FollowLoop_ResetIntegral             
000077b1  VOFA_Init                            
000077d5  __aeabi_ui2d                         
000077d5  __floatunsidf                        
000077f9  __aeabi_lmul                         
000077f9  __muldi3                             
00007841  memccpy                              
00007885  FollowLoop_DecayIntegral             
000078a5  AnglePD_Reset                        
000078e1  __aeabi_llsl                         
000078e1  __ashldi3                            
00007a35  DL_SYSCTL_configFCC                  
00007ac1  DL_Timer_setCaptCompUpdateMethod     
00007add  DL_Timer_setClockConfig              
00007b15  GoStraight_Stop                      
00007b31  IMU_AHRS_Attitude_Enable             
00007b4d  Interrupt_Init                       
00007b69  Mixer_Init                           
00007b85  SYSCFG_DL_SYSCTL_CLK_init            
00007ba1  Turn_Stop                            
00007ed9  DL_Timer_setCaptureCompareOutCtl     
00007f69  SysTick_Init                         
0000804b  __TI_zero_init_nomemset              
00008165  Mixer_SetAngleDiff                   
00008179  Mixer_SetBaseSpeed                   
0000818d  Mixer_SetFollowDiff                  
000081a1  Mixer_SetOuterBoost                  
000081b5  Mixer_SetSpeedDiff                   
000081c9  __aeabi_uldivmod                     
00008217  DL_UART_setClockConfig               
00008229  TI_memcpy_small                      
0000823b  __TI_decompress_none                 
0000827d  DL_Timer_setCaptureCompareValue      
0000828d  GoStraight_ResetPD                   
0000829d  IRDM_GetCorrection                   
000082ad  SpeedLoop_GetCorrection              
000082bd  SysTick_Handler                      
000082cd  delay_ms                             
000082dd  wcslen                               
00008319  __aeabi_memset                       
00008319  __aeabi_memset4                      
00008319  __aeabi_memset8                      
00008335  TI_memset_small                      
0000835d  FollowLoop_GetBias                   
00008369  FollowLoop_GetBiasDeriv              
00008375  FollowLoop_GetDTerm                  
00008381  FollowLoop_GetITerm                  
0000838d  FollowLoop_GetPTerm                  
00008399  IMU_AHRS_GetStatus                   
000083a5  IMU_AHRS_TurnAngle_Reset             
000083b1  SYSCFG_DL_SYSTICK_init               
000083bd  __aeabi_memclr                       
000083bd  __aeabi_memclr4                      
000083bd  __aeabi_memclr8                      
000083c9  DL_Common_delayCycles                
00008421  __aeabi_errno_addr                   
00008429  __aeabi_memcpy                       
00008429  __aeabi_memcpy4                      
00008429  __aeabi_memcpy8                      
00008457  abort                                
0000845c  C$$EXIT                              
0000845d  HOSTexit                             
00008475  Reset_Handler                        
00008489  _system_pre_init                     
00008490  asc2_1608                            
00008a80  asc2_0806                            
00008cb0  __aeabi_ctype_table_                 
00008cb0  __aeabi_ctype_table_C                
000091c8  __TI_Handler_Table_Base              
000091d4  __TI_Handler_Table_Limit             
000091dc  __TI_CINIT_Base                      
000091ec  __TI_CINIT_Limit                     
000091ec  __TI_CINIT_Warm                      
20200000  __start___llvm_prf_bits              
20200000  __start___llvm_prf_cnts              
20200000  __stop___llvm_prf_bits               
20200000  __stop___llvm_prf_cnts               
20200000  gPWM_0Backup                         
202000bc  gTIMER_ULTRASONICBackup              
20200240  oled_buffer                          
20200288  start_time                           
2020028c  tick_ms                              
202002e0  __aeabi_errno                        
2020038a  enable_group1_irq                    
2020038b  g_encoder_new_data                   
20200390  g_vofa_stop                          
20207e00  __stack                              
20208000  __STACK_END                          
ffffffff  __TI_pprof_out_hndl                  
ffffffff  __TI_prof_data_size                  
ffffffff  __TI_prof_data_start                 
ffffffff  __binit__                            
ffffffff  binit                                
UNDEFED   __mpu_init                           
UNDEFED   _system_post_cinit                   

[289 symbols]
