******************************************************************************
            TI ARM Clang Linker PC v4.0.4                      
******************************************************************************
>> Linked Sun Jul 19 16:18:29 2026

OUTPUT FILE NAME:   <mpu6050-oled-hardware-i2c.out>
ENTRY POINT SYMBOL: "_c_int00_noargs"  address: 00006011


MEMORY CONFIGURATION

         name            origin    length      used     unused   attr    fill
----------------------  --------  ---------  --------  --------  ----  --------
  FLASH                 00000000   00020000  00007888  00018778  R  X
  SRAM                  20200000   00008000  000004b1  00007b4f  RW X
  BCR_CONFIG            41c00000   000000ff  00000000  000000ff  R   
  BSL_CONFIG            41c00100   00000080  00000000  00000080  R   


SEGMENT ALLOCATION MAP

run origin  load origin   length   init length attrs members
----------  ----------- ---------- ----------- ----- -------
00000000    00000000    00007888   00007888    r-x
  00000000    00000000    000000c0   000000c0    r-- .intvecs
  000000c0    000000c0    00006b80   00006b80    r-x .text
  00006c40    00006c40    00000c10   00000c10    r-- .rodata
  00007850    00007850    00000038   00000038    r-- .cinit
20200000    20200000    000002b5   00000000    rw-
  20200000    20200000    000001bc   00000000    rw- .bss
  202001c0    202001c0    000000f5   00000000    rw- .data
20207e00    20207e00    00000200   00000000    rw-
  20207e00    20207e00    00000200   00000000    rw- .stack


SECTION ALLOCATION MAP

 output                                  attributes/
section   page    origin      length       input sections
--------  ----  ----------  ----------   ----------------
.intvecs   0    00000000    000000c0     
                  00000000    000000c0     startup_mspm0g350x_ticlang.o (.intvecs)

.text      0    000000c0    00006b80     
                  000000c0    000009d0     libc.a : _printfi.c.obj (.text:__TI_printfi)
                  00000a90    000005a0     imu_ahrs.o (.text.IMU_AHRS_Update_Attitude)
                  00001030    000004d4     main.o (.text.main)
                  00001504    00000228     turn.o (.text.Turn_Poll)
                  0000172c    00000220     libc.a : _printfi.c.obj (.text._pconv_a)
                  0000194c    000001e0     imu_ahrs.o (.text.IMU_AHRS_Yaw_Calib_Poll)
                  00001b2c    000001dc     libc.a : _printfi.c.obj (.text._pconv_g)
                  00001d08    000001d8     ti_msp_dl_config.o (.text.SYSCFG_DL_GPIO_init)
                  00001ee0    000001c8     libc.a : s_atanf.c.obj (.text.atanf)
                  000020a8    000001ac     encoder.o (.text.IRDM_update_wheel_speed)
                  00002254    00000192     libclang_rt.builtins.a : adddf3.S.obj (.text.adddf3_subdf3)
                  000023e6    00000002                            : aeabi_div0.c.obj (.text.__aeabi_idiv0)
                  000023e8    00000168     imu_ahrs.o (.text.IMU_AHRS_Update_Data)
                  00002550    00000164     imu_ahrs.o (.text.IMU_AHRS_Init_Poll)
                  000026b4    00000164     follow.o (.text.IRDM_read_sensors)
                  00002818    0000013c     libc.a : _printfi.c.obj (.text.fcvt)
                  00002954    00000134     mspm0_i2c.o (.text.mspm0_i2c_read)
                  00002a88    0000012c     follow.o (.text.IRDM_UpdatePositionPID)
                  00002bb4    00000120     libc.a : _printfi.c.obj (.text._pconv_e)
                  00002cd4    00000118     oled_hardware_i2c.o (.text.OLED_ShowChar)
                  00002dec    00000118     libc.a : e_atan2f.c.obj (.text.atan2f)
                  00002f04    00000110     oled_hardware_i2c.o (.text.OLED_Init)
                  00003014    0000010c     libclang_rt.builtins.a : divdf3.S.obj (.text.__divdf3)
                  00003120    00000104     driverlib.a : dl_timer.o (.text.DL_Timer_initFourCCPWMMode)
                  00003224    000000fc                 : dl_timer.o (.text.DL_Timer_initTimerMode)
                  00003320    000000fc     bsp_motor_hallencoder.o (.text.GROUP1_IRQHandler)
                  0000341c    000000ec     ti_msp_dl_config.o (.text.SYSCFG_DL_SYSCTL_SYSPLL_init)
                  00003508    000000e4     libclang_rt.builtins.a : muldf3.S.obj (.text.__muldf3)
                  000035ec    000000dc     driverlib.a : dl_sysctl_mspm0g1x0x_g3x0x.o (.text.DL_SYSCTL_configSYSPLL)
                  000036c8    000000d8     libc.a : s_scalbn.c.obj (.text.scalbn)
                  000037a0    000000d8     libclang_rt.builtins.a : addsf3.S.obj (.text)
                  00003878    000000d4     turn.o (.text.TurnToAngle_Start)
                  0000394c    000000cc     turn.o (.text.GoStraight_Poll)
                  00003a18    000000c4     speed_pid.o (.text.SpeedPID_Update)
                  00003adc    000000c4     imu_ahrs.o (.text.imu_ahrs_calibrate_gyro_offset_step)
                  00003ba0    000000c4     mspm0_i2c.o (.text.mspm0_i2c_write)
                  00003c64    000000b0     angle_pid.o (.text.AnglePD_Update)
                  00003d14    000000a2     libclang_rt.builtins.a : udivmoddi4.S.obj (.text)
                  00003db6    00000002                            : aeabi_div0.c.obj (.text.__aeabi_ldiv0)
                  00003db8    000000a0     turn.o (.text.GoStraight_Start)
                  00003e58    000000a0     turn.o (.text.GoStraight_StartAt)
                  00003ef8    000000a0     imu_ahrs.o (.text.IMU_AHRS_Init_Start)
                  00003f98    00000098     control_mixer.o (.text.Mixer_Apply)
                  00004030    00000098     oled_hardware_i2c.o (.text.OLED_WR_Byte)
                  000040c8    00000094     follow.o (.text.IRDM_calculate_bias)
                  0000415c    00000090     ti_msp_dl_config.o (.text.SYSCFG_DL_PWM_0_init)
                  000041ec    00000090     speed_pid.o (.text.SpeedPID_Init)
                  0000427c    0000008c     ti_msp_dl_config.o (.text.SYSCFG_DL_initPower)
                  00004308    0000008c     libclang_rt.builtins.a : mulsf3.S.obj (.text.__mulsf3)
                  00004394    00000084     clock.o (.text.__NVIC_SetPriority)
                  00004418    00000084     ti_msp_dl_config.o (.text.__NVIC_SetPriority)
                  0000449c    00000082     libclang_rt.builtins.a : divsf3.S.obj (.text.__divsf3)
                  0000451e    00000002     --HOLE-- [fill = 0]
                  00004520    00000080     bsp_tb6612.o (.text.AO_Control)
                  000045a0    00000080     bsp_tb6612.o (.text.BO_Control)
                  00004620    00000080     ti_msp_dl_config.o (.text.SYSCFG_DL_SYSCTL_init)
                  000046a0    0000007c     libc.a : copy_decompress_lzss.c.obj (.text:decompress:lzss)
                  0000471c    00000074     libclang_rt.builtins.a : comparedf2.c.obj (.text.__gedf2)
                  00004790    00000074                            : truncdfsf2.S.obj (.text.__truncdfsf2)
                  00004804    00000070     oled_hardware_i2c.o (.text.OLED_ShowString)
                  00004874    0000006a     oled_hardware_i2c.o (.text.OLED_Clear)
                  000048de    00000002     --HOLE-- [fill = 0]
                  000048e0    00000068     libclang_rt.builtins.a : comparedf2.c.obj (.text.__ledf2)
                  00004948    00000066     libc.a : _printfi.c.obj (.text._mcpy)
                  000049ae    00000002     --HOLE-- [fill = 0]
                  000049b0    00000064     angle_pid.o (.text.AnglePD_Init)
                  00004a14    00000064     driverlib.a : dl_sysctl_mspm0g1x0x_g3x0x.o (.text.DL_SYSCTL_setHFCLKSourceHFXTParams)
                  00004a78    00000064     imu_ahrs.o (.text.IMU_AHRS_Get_Yaw_Compensated)
                  00004adc    00000064     speed_control.o (.text.SpeedLoop_Update)
                  00004b40    00000062     libclang_rt.builtins.a : aeabi_dcmp.S.obj (.text.__aeabi_dcmp)
                  00004ba2    00000002     --HOLE-- [fill = 0]
                  00004ba4    00000062                            : aeabi_fcmp.S.obj (.text.__aeabi_fcmp)
                  00004c06    00000002     --HOLE-- [fill = 0]
                  00004c08    00000060     mspm0_i2c.o (.text.mpu6050_i2c_sda_unlock)
                  00004c68    00000060     oled_hardware_i2c.o (.text.oled_i2c_sda_unlock)
                  00004cc8    0000005e     driverlib.a : dl_i2c.o (.text.DL_I2C_fillControllerTXFIFO)
                  00004d26    00000002     --HOLE-- [fill = 0]
                  00004d28    0000005c     speed_control.o (.text.SpeedLoop_Init)
                  00004d84    0000005c     libc.a : s_frexp.c.obj (.text.frexp)
                  00004de0    0000005c     mspm0_i2c.o (.text.mspm0_i2c_enable)
                  00004e3c    0000005c     oled_hardware_i2c.o (.text.mspm0_i2c_enable)
                  00004e98    00000058     ti_msp_dl_config.o (.text.SYSCFG_DL_I2C_MPU6050_init)
                  00004ef0    00000058     ti_msp_dl_config.o (.text.SYSCFG_DL_I2C_OLED_init)
                  00004f48    00000058     libc.a : _ltoa.c.obj (.text.__TI_ltoa)
                  00004fa0    00000058            : _printfi.c.obj (.text._pconv_f)
                  00004ff8    00000056     libclang_rt.builtins.a : aeabi_idivmod.S.obj (.text.__aeabi_idivmod)
                  0000504e    00000002     --HOLE-- [fill = 0]
                  00005050    00000054     turn.o (.text.wrap_180)
                  000050a4    00000052     libc.a : _printfi.c.obj (.text._ecpy)
                  000050f6    00000002     --HOLE-- [fill = 0]
                  000050f8    00000050     mspm0_i2c.o (.text.DL_GPIO_initPeripheralInputFunctionFeatures)
                  00005148    00000050     oled_hardware_i2c.o (.text.DL_GPIO_initPeripheralInputFunctionFeatures)
                  00005198    00000050     ti_msp_dl_config.o (.text.DL_GPIO_initPeripheralInputFunctionFeatures)
                  000051e8    00000050     mspm0_i2c.o (.text.DL_I2C_startControllerTransfer)
                  00005238    00000050     oled_hardware_i2c.o (.text.DL_I2C_startControllerTransfer)
                  00005288    00000050     turn.o (.text.GoStraight_GetCorrection)
                  000052d8    00000050     imu_ahrs.o (.text.IMU_AHRS_Yaw_Calib_Start)
                  00005328    00000050     clock.o (.text.SysTick_Config)
                  00005378    00000050     ti_msp_dl_config.o (.text.SysTick_Config)
                  000053c8    00000050     imu_ahrs.o (.text.imu_ahrs_inv_sqrt)
                  00005418    0000004c     mspm0_i2c.o (.text.DL_GPIO_initDigitalInputFeatures)
                  00005464    0000004c     oled_hardware_i2c.o (.text.DL_GPIO_initDigitalInputFeatures)
                  000054b0    0000004c     ti_msp_dl_config.o (.text.DL_GPIO_initDigitalInputFeatures)
                  000054fc    0000004c     ti_msp_dl_config.o (.text.DL_UART_setBaudRateDivisor)
                  00005548    0000004a     libclang_rt.builtins.a : fixdfsi.S.obj (.text.__fixdfsi)
                  00005592    00000002     --HOLE-- [fill = 0]
                  00005594    00000048     driverlib.a : dl_uart.o (.text.DL_UART_init)
                  000055dc    00000048     angle_pid.o (.text.clamp)
                  00005624    00000048     speed_pid.o (.text.clamp)
                  0000566c    00000048     board.o (.text.lc_printf)
                  000056b4    00000048     mspm0_i2c.o (.text.mspm0_i2c_disable)
                  000056fc    00000044     driverlib.a : dl_sysctl_mspm0g1x0x_g3x0x.o (.text.DL_SYSCTL_switchMCLKfromSYSOSCtoHSCLK)
                  00005740    00000044     follow.o (.text.IRDM_IsBlackLine)
                  00005784    00000044     oled_hardware_i2c.o (.text.mspm0_i2c_disable)
                  000057c8    00000042     turn.o (.text.TurnByAngle_Start)
                  0000580a    00000002     --HOLE-- [fill = 0]
                  0000580c    00000040     ti_msp_dl_config.o (.text.SYSCFG_DL_UART_0_init)
                  0000584c    00000040     libclang_rt.builtins.a : aeabi_uidivmod.S.obj (.text.__aeabi_uidivmod)
                  0000588c    00000040                            : extendsfdf2.S.obj (.text.__extendsfdf2)
                  000058cc    00000040     libc.a : atoi.c.obj (.text.atoi)
                  0000590c    00000040            : vsnprintf.c.obj (.text.vsnprintf)
                  0000594c    0000003c     driverlib.a : dl_i2c.o (.text.DL_I2C_flushControllerTXFIFO)
                  00005988    0000003c     ti_msp_dl_config.o (.text.DL_Timer_setCounterControl)
                  000059c4    0000003c     oled_hardware_i2c.o (.text.OLED_Set_Pos)
                  00005a00    0000003c     ti_msp_dl_config.o (.text.SYSCFG_DL_TIMER_0_init)
                  00005a3c    0000003c     bsp_motor_hallencoder.o (.text.TIMG0_IRQHandler)
                  00005a78    0000003c     libclang_rt.builtins.a : floatsisf.S.obj (.text.__floatsisf)
                  00005ab4    0000003c                            : comparesf2.S.obj (.text.__gtsf2)
                  00005af0    0000003c     board.o (.text.uart0_sendString)
                  00005b2c    0000003c     libc.a : autoinit.c.obj (.text:__TI_auto_init_nobinit_nopinit)
                  00005b68    0000003a     libclang_rt.builtins.a : comparesf2.S.obj (.text.__eqsf2)
                  00005ba2    00000002     --HOLE-- [fill = 0]
                  00005ba4    0000003a                            : muldsi3.S.obj (.text.__muldsi3)
                  00005bde    00000002     --HOLE-- [fill = 0]
                  00005be0    00000038     ti_msp_dl_config.o (.text.DL_GPIO_initPeripheralOutputFunctionFeatures)
                  00005c18    00000038     ti_msp_dl_config.o (.text.SYSCFG_DL_init)
                  00005c50    00000038     bsp_tb6612.o (.text.TB6612_Motor_Stop)
                  00005c88    00000038     libclang_rt.builtins.a : fixsfsi.S.obj (.text.__fixsfsi)
                  00005cc0    00000038     libc.a : sprintf.c.obj (.text.sprintf)
                  00005cf8    00000032     libclang_rt.builtins.a : fixunssfsi.S.obj (.text.__fixunssfsi)
                  00005d2a    00000002     --HOLE-- [fill = 0]
                  00005d2c    00000030     bsp_motor_hallencoder.o (.text.Motor_Init)
                  00005d5c    00000030     libc.a : _printfi.c.obj (.text._fcpy)
                  00005d8c    00000030            : vsnprintf.c.obj (.text._outs)
                  00005dbc    00000030     clock.o (.text.mspm0_delay_ms)
                  00005dec    0000002c     bsp_motor_hallencoder.o (.text.Motor_Get_Encoder)
                  00005e18    0000002c     bsp_motor_hallencoder.o (.text.__NVIC_ClearPendingIRQ)
                  00005e44    0000002c     bsp_motor_hallencoder.o (.text.__NVIC_EnableIRQ)
                  00005e70    0000002c     interrupt.o (.text.__NVIC_EnableIRQ)
                  00005e9c    0000002c     libclang_rt.builtins.a : floatsidf.S.obj (.text.__floatsidf)
                  00005ec8    0000002c     clock.o (.text.mspm0_get_clock_ms)
                  00005ef4    0000002c     board.o (.text.uart0_sendChar)
                  00005f20    00000028     mspm0_i2c.o (.text.DL_Common_updateReg)
                  00005f48    00000028     oled_hardware_i2c.o (.text.DL_Common_updateReg)
                  00005f70    00000028     ti_msp_dl_config.o (.text.DL_Common_updateReg)
                  00005f98    00000028     ti_msp_dl_config.o (.text.DL_I2C_setControllerRXFIFOThreshold)
                  00005fc0    00000028     ti_msp_dl_config.o (.text.DL_I2C_setControllerTXFIFOThreshold)
                  00005fe8    00000028     libclang_rt.builtins.a : floatunsisf.S.obj (.text.__floatunsisf)
                  00006010    00000028     libc.a : boot_cortex_m.c.obj (.text:_c_int00_noargs)
                  00006038    00000026     ti_msp_dl_config.o (.text.DL_I2C_setAnalogGlitchFilterPulseWidth)
                  0000605e    00000026     driverlib.a : dl_i2c.o (.text.DL_I2C_setClockConfig)
                  00006084    00000024     libclang_rt.builtins.a : floatunsidf.S.obj (.text.__floatunsidf)
                  000060a8    00000024                            : muldi3.S.obj (.text.__muldi3)
                  000060cc    00000024     imu_ahrs.o (.text.imu_ahrs_read_multi)
                  000060f0    00000022     libc.a : memccpy.c.obj (.text.memccpy)
                  00006112    00000002     --HOLE-- [fill = 0]
                  00006114    00000020     ti_msp_dl_config.o (.text.DL_SYSCTL_setFlashWaitState)
                  00006134    00000020     encoder.o (.text.IRDM_get_average_speed)
                  00006154    0000001e     ti_msp_dl_config.o (.text.DL_UART_setOversampling)
                  00006172    00000002     --HOLE-- [fill = 0]
                  00006174    0000001e     libclang_rt.builtins.a : ashldi3.S.obj (.text.__ashldi3)
                  00006192    0000001e     imu_ahrs.o (.text.imu_ahrs_make_s16)
                  000061b0    0000001c     bsp_motor_hallencoder.o (.text.DL_GPIO_clearInterruptStatus)
                  000061cc    0000001c     ti_msp_dl_config.o (.text.DL_GPIO_clearInterruptStatus)
                  000061e8    0000001c     mspm0_i2c.o (.text.DL_GPIO_enableHiZ)
                  00006204    0000001c     oled_hardware_i2c.o (.text.DL_GPIO_enableHiZ)
                  00006220    0000001c     ti_msp_dl_config.o (.text.DL_GPIO_enableHiZ)
                  0000623c    0000001c     ti_msp_dl_config.o (.text.DL_GPIO_enableInterrupt)
                  00006258    0000001c     ti_msp_dl_config.o (.text.DL_GPIO_initPeripheralOutputFunction)
                  00006274    0000001c     ti_msp_dl_config.o (.text.DL_GPIO_setLowerPinsPolarity)
                  00006290    0000001c     oled_hardware_i2c.o (.text.DL_I2C_getSDAStatus)
                  000062ac    0000001c     mspm0_i2c.o (.text.DL_I2C_isControllerRXFIFOEmpty)
                  000062c8    0000001c     driverlib.a : dl_sysctl_mspm0g1x0x_g3x0x.o (.text.DL_SYSCTL_configFCC)
                  000062e4    0000001c     ti_msp_dl_config.o (.text.DL_SYSCTL_setFCCPeriods)
                  00006300    0000001c     ti_msp_dl_config.o (.text.DL_SYSCTL_setSYSOSCFreq)
                  0000631c    0000001c     ti_msp_dl_config.o (.text.DL_SYSCTL_setULPCLKDivider)
                  00006338    0000001c     ti_msp_dl_config.o (.text.DL_Timer_enableInterrupt)
                  00006354    0000001c     driverlib.a : dl_timer.o (.text.DL_Timer_setCaptCompUpdateMethod)
                  00006370    0000001c                 : dl_timer.o (.text.DL_Timer_setClockConfig)
                  0000638c    0000001c     turn.o (.text.GoStraight_Stop)
                  000063a8    0000001c     imu_ahrs.o (.text.IMU_AHRS_Attitude_Enable)
                  000063c4    0000001c     interrupt.o (.text.Interrupt_Init)
                  000063e0    0000001c     ti_msp_dl_config.o (.text.SYSCFG_DL_SYSCTL_CLK_init)
                  000063fc    0000001c     imu_ahrs.o (.text.imu_ahrs_write_reg)
                  00006418    00000018     mspm0_i2c.o (.text.DL_GPIO_enableOutput)
                  00006430    00000018     oled_hardware_i2c.o (.text.DL_GPIO_enableOutput)
                  00006448    00000018     ti_msp_dl_config.o (.text.DL_GPIO_enableOutput)
                  00006460    00000018     ti_msp_dl_config.o (.text.DL_GPIO_enablePower)
                  00006478    00000018     bsp_motor_hallencoder.o (.text.DL_GPIO_getEnabledInterruptStatus)
                  00006490    00000018     mspm0_i2c.o (.text.DL_GPIO_initDigitalOutput)
                  000064a8    00000018     oled_hardware_i2c.o (.text.DL_GPIO_initDigitalOutput)
                  000064c0    00000018     ti_msp_dl_config.o (.text.DL_GPIO_initDigitalOutput)
                  000064d8    00000018     ti_msp_dl_config.o (.text.DL_GPIO_initPeripheralAnalogFunction)
                  000064f0    00000018     ti_msp_dl_config.o (.text.DL_GPIO_reset)
                  00006508    00000018     bsp_tb6612.o (.text.DL_GPIO_setPins)
                  00006520    00000018     mspm0_i2c.o (.text.DL_GPIO_setPins)
                  00006538    00000018     oled_hardware_i2c.o (.text.DL_GPIO_setPins)
                  00006550    00000018     ti_msp_dl_config.o (.text.DL_GPIO_setPins)
                  00006568    00000018     ti_msp_dl_config.o (.text.DL_GPIO_setUpperPinsPolarity)
                  00006580    00000018     mspm0_i2c.o (.text.DL_I2C_clearInterruptStatus)
                  00006598    00000018     oled_hardware_i2c.o (.text.DL_I2C_clearInterruptStatus)
                  000065b0    00000018     ti_msp_dl_config.o (.text.DL_I2C_enableAnalogGlitchFilter)
                  000065c8    00000018     ti_msp_dl_config.o (.text.DL_I2C_enableController)
                  000065e0    00000018     ti_msp_dl_config.o (.text.DL_I2C_enableControllerClockStretching)
                  000065f8    00000018     mspm0_i2c.o (.text.DL_I2C_enablePower)
                  00006610    00000018     oled_hardware_i2c.o (.text.DL_I2C_enablePower)
                  00006628    00000018     ti_msp_dl_config.o (.text.DL_I2C_enablePower)
                  00006640    00000018     mspm0_i2c.o (.text.DL_I2C_getRawInterruptStatus)
                  00006658    00000018     oled_hardware_i2c.o (.text.DL_I2C_getRawInterruptStatus)
                  00006670    00000018     mspm0_i2c.o (.text.DL_I2C_reset)
                  00006688    00000018     oled_hardware_i2c.o (.text.DL_I2C_reset)
                  000066a0    00000018     ti_msp_dl_config.o (.text.DL_I2C_reset)
                  000066b8    00000018     ti_msp_dl_config.o (.text.DL_I2C_setTimerPeriod)
                  000066d0    00000018     ti_msp_dl_config.o (.text.DL_SYSCTL_setBORThreshold)
                  000066e8    00000018     ti_msp_dl_config.o (.text.DL_Timer_enablePower)
                  00006700    00000018     ti_msp_dl_config.o (.text.DL_Timer_reset)
                  00006718    00000018     driverlib.a : dl_timer.o (.text.DL_Timer_setCaptureCompareOutCtl)
                  00006730    00000018     ti_msp_dl_config.o (.text.DL_UART_enablePower)
                  00006748    00000018     board.o (.text.DL_UART_isBusy)
                  00006760    00000018     ti_msp_dl_config.o (.text.DL_UART_reset)
                  00006778    00000018     follow.o (.text.IRDM_NeedTurnLeftFast)
                  00006790    00000018     follow.o (.text.IRDM_NeedTurnRightFast)
                  000067a8    00000018     clock.o (.text.SysTick_Init)
                  000067c0    00000018     libc.a : vsnprintf.c.obj (.text._outc)
                  000067d8    00000018            : sprintf.c.obj (.text._outs)
                  000067f0    00000016     bsp_motor_hallencoder.o (.text.DL_GPIO_readPins)
                  00006806    00000016     follow.o (.text.DL_GPIO_readPins)
                  0000681c    00000016     mspm0_i2c.o (.text.DL_GPIO_readPins)
                  00006832    00000016     oled_hardware_i2c.o (.text.DL_GPIO_readPins)
                  00006848    00000016     mspm0_i2c.o (.text.DL_I2C_transmitControllerData)
                  0000685e    00000016     ti_msp_dl_config.o (.text.DL_UART_enable)
                  00006874    00000016     board.o (.text.DL_UART_transmitData)
                  0000688a    00000016     speed_pid.o (.text.SpeedPID_Reset)
                  000068a0    00000016     libc.a : copy_zero_init.c.obj (.text:decompress:ZI:__TI_zero_init_nomemset)
                  000068b6    00000014     bsp_tb6612.o (.text.DL_GPIO_clearPins)
                  000068ca    00000014     mspm0_i2c.o (.text.DL_GPIO_clearPins)
                  000068de    00000014     oled_hardware_i2c.o (.text.DL_GPIO_clearPins)
                  000068f2    00000002     --HOLE-- [fill = 0]
                  000068f4    00000014     mspm0_i2c.o (.text.DL_I2C_getControllerStatus)
                  00006908    00000014     oled_hardware_i2c.o (.text.DL_I2C_getControllerStatus)
                  0000691c    00000014     mspm0_i2c.o (.text.DL_I2C_receiveControllerData)
                  00006930    00000014     ti_msp_dl_config.o (.text.DL_I2C_resetControllerTransfer)
                  00006944    00000014     ti_msp_dl_config.o (.text.DL_SYSCTL_disableSYSPLL)
                  00006958    00000014     ti_msp_dl_config.o (.text.DL_SYSCTL_enableSYSPLL)
                  0000696c    00000014     ti_msp_dl_config.o (.text.DL_Timer_enableClock)
                  00006980    00000014     ti_msp_dl_config.o (.text.DL_Timer_setCCPDirection)
                  00006994    00000014     control_mixer.o (.text.Mixer_Init)
                  000069a8    00000014     control_mixer.o (.text.Mixer_SetAngleDiff)
                  000069bc    00000014     control_mixer.o (.text.Mixer_SetFollowDiff)
                  000069d0    00000014     control_mixer.o (.text.Mixer_SetSpeedDiff)
                  000069e4    00000014     libclang_rt.builtins.a : aeabi_uldivmod.S.obj (.text.__aeabi_uldivmod)
                  000069f8    00000014     libc.a : _printfi.c.obj (.text.strchr)
                  00006a0c    00000012     angle_pid.o (.text.AnglePD_Reset)
                  00006a1e    00000012     bsp_motor_hallencoder.o (.text.DL_Timer_getPendingInterrupt)
                  00006a30    00000012     driverlib.a : dl_uart.o (.text.DL_UART_setClockConfig)
                  00006a42    00000012     libc.a : memcpy16.S.obj (.text:TI_memcpy_small)
                  00006a54    00000012            : copy_decompress_none.c.obj (.text:decompress:none)
                  00006a66    00000002     --HOLE-- [fill = 0]
                  00006a68    00000010     ti_msp_dl_config.o (.text.DL_SYSCTL_disableHFXT)
                  00006a78    00000010     ti_msp_dl_config.o (.text.DL_SYSCTL_isFCCDone)
                  00006a88    00000010     ti_msp_dl_config.o (.text.DL_SYSCTL_startFCC)
                  00006a98    00000010     driverlib.a : dl_timer.o (.text.DL_Timer_setCaptureCompareValue)
                  00006aa8    00000010     follow.o (.text.IRDM_GetCorrection)
                  00006ab8    00000010     speed_control.o (.text.SpeedLoop_GetCorrection)
                  00006ac8    00000010     interrupt.o (.text.SysTick_Handler)
                  00006ad8    00000010     oled_hardware_i2c.o (.text.delay_ms)
                  00006ae8    00000010     libc.a : wcslen.c.obj (.text.wcslen)
                  00006af8    0000000e     libclang_rt.builtins.a : aeabi_memset.S.obj (.text.__aeabi_memset)
                  00006b06    0000000e     libc.a : _printfi.c.obj (.text.strlen)
                  00006b14    0000000e            : memset16.S.obj (.text:TI_memset_small)
                  00006b22    00000002     --HOLE-- [fill = 0]
                  00006b24    0000000c     ti_msp_dl_config.o (.text.DL_SYSCTL_getClockStatus)
                  00006b30    0000000c     ti_msp_dl_config.o (.text.DL_SYSCTL_readFCC)
                  00006b3c    0000000c     imu_ahrs.o (.text.IMU_AHRS_GetStatus)
                  00006b48    0000000c     imu_ahrs.o (.text.IMU_AHRS_TurnAngle_Get)
                  00006b54    0000000c     imu_ahrs.o (.text.IMU_AHRS_TurnAngle_Reset)
                  00006b60    0000000c     ti_msp_dl_config.o (.text.SYSCFG_DL_SYSTICK_init)
                  00006b6c    0000000c     turn.o (.text.Turn_GetCurrentError)
                  00006b78    0000000c     turn.o (.text.Turn_GetTarget)
                  00006b84    0000000c     libclang_rt.builtins.a : aeabi_memset.S.obj (.text.__aeabi_memclr)
                  00006b90    0000000a     driverlib.a : dl_common.o (.text.DL_Common_delayCycles)
                  00006b9a    0000000a     libc.a : _printfi.c.obj (.text.OUTLINED_FUNCTION_0)
                  00006ba4    00000010     libclang_rt.builtins.a : adddf3.S.obj (.tramp.__aeabi_dsub.1)
                  00006bb4    0000000a     libc.a : _printfi.c.obj (.text.OUTLINED_FUNCTION_1)
                  00006bbe    0000000a            : sprintf.c.obj (.text._outc)
                  00006bc8    00000008     imu_ahrs.o (.text.IMU_AHRS_GetData)
                  00006bd0    00000008     libc.a : aeabi_portable.c.obj (.text.__aeabi_errno_addr)
                  00006bd8    00000008     libclang_rt.builtins.a : aeabi_memcpy.S.obj (.text.__aeabi_memcpy)
                  00006be0    00000006     libc.a : s_atanf.c.obj (.text.OUTLINED_FUNCTION_0)
                  00006be6    00000002     --HOLE-- [fill = 0]
                  00006be8    00000010     libclang_rt.builtins.a : divsf3.S.obj (.tramp.__aeabi_fdiv.1)
                  00006bf8    00000006     libc.a : exit.c.obj (.text:abort)
                  00006bfe    00000004     startup_mspm0g350x_ticlang.o (.text.Default_Handler)
                  00006c02    00000004     libsysbm.a : hostexit.c.obj (.text.HOSTexit)
                  00006c06    00000004     libc.a : s_atanf.c.obj (.text.OUTLINED_FUNCTION_1)
                  00006c0a    00000002     --HOLE-- [fill = 0]
                  00006c0c    00000010     libclang_rt.builtins.a : addsf3.S.obj (.tramp.__aeabi_fadd.1)
                  00006c1c    00000004     startup_mspm0g350x_ticlang.o (.text.Reset_Handler)
                  00006c20    00000010     libc.a : boot_cortex_m.c.obj (.tramp._c_int00_noargs.1)
                  00006c30    00000004            : pre_init.c.obj (.text._system_pre_init)
                  00006c34    0000000c     --HOLE-- [fill = 0]

.cinit     0    00007850    00000038     
                  00007850    0000000e     (.cinit..data.load) [load image, compression = lzss]
                  0000785e    00000002     --HOLE-- [fill = 0]
                  00007860    0000000c     (__TI_handler_table)
                  0000786c    00000008     (.cinit..bss.load) [load image, compression = zero_init]
                  00007874    00000010     (__TI_cinit_table)
                  00007884    00000004     --HOLE-- [fill = 0]

.rodata    0    00006c40    00000c10     
                  00006c40    000005f0     oled_hardware_i2c.o (.rodata.asc2_1608)
                  00007230    00000228     oled_hardware_i2c.o (.rodata.asc2_0806)
                  00007458    00000008     ti_msp_dl_config.o (.rodata.gPWM_0Config)
                  00007460    00000101     libc.a : aeabi_ctype.S.obj (.rodata:__aeabi_ctype_table_)
                  00007561    00000043     speed_pid.o (.rodata.str1.10691210535337333809.1)
                  000075a4    00000031     angle_pid.o (.rodata.str1.17946244033951315791.1)
                  000075d5    00000030     turn.o (.rodata.str1.7630309525740087319.1)
                  00007605    0000002e     turn.o (.rodata.str1.15825708390215290014.1)
                  00007633    00000029     turn.o (.rodata.str1.5629261088651828382.1)
                  0000765c    00000028     ti_msp_dl_config.o (.rodata.gSYSPLLConfig)
                  00007684    00000027     turn.o (.rodata.str1.12169309537937164861.1)
                  000076ab    00000025     speed_control.o (.rodata.str1.15839901581566842560.1)
                  000076d0    00000023     turn.o (.rodata.str1.5746031573702582919.1)
                  000076f3    00000021     bsp_motor_hallencoder.o (.rodata.str1.13219907530406960793.1)
                  00007714    00000021     bsp_tb6612.o (.rodata.str1.15091695396400935675.1)
                  00007735    00000021     turn.o (.rodata.str1.16597584144434937163.1)
                  00007756    00000002     ti_msp_dl_config.o (.rodata.gI2C_MPU6050ClockConfig)
                  00007758    00000020     libc.a : s_atanf.c.obj (.rodata.cst16)
                  00007778    00000020     follow.o (.rodata.cst32)
                  00007798    0000001c     turn.o (.rodata.str1.6605854860095091095.1)
                  000077b4    00000014     ti_msp_dl_config.o (.rodata.gTIMER_0TimerConfig)
                  000077c8    00000011     libc.a : _printfi.c.obj (.rodata.str1.10348868589481759720.1)
                  000077d9    00000011            : _printfi.c.obj (.rodata.str1.15363888844622738466.1)
                  000077ea    0000000d     main.o (.rodata.str1.15159059442110792349.1)
                  000077f7    0000000c     main.o (.rodata.str1.16265332423659789559.1)
                  00007803    00000001     --HOLE-- [fill = 0]
                  00007804    0000000a     ti_msp_dl_config.o (.rodata.gUART_0Config)
                  0000780e    00000007     main.o (.rodata.str1.288608917962107522.1)
                  00007815    00000006     main.o (.rodata.str1.15996357275703397564.1)
                  0000781b    00000006     main.o (.rodata.str1.17100691992556644108.1)
                  00007821    00000006     main.o (.rodata.str1.18227636981041470289.1)
                  00007827    00000006     main.o (.rodata.str1.2846389346932560359.1)
                  0000782d    00000006     main.o (.rodata.str1.7702501944640899365.1)
                  00007833    00000006     main.o (.rodata.str1.8154729771448623357.1)
                  00007839    00000005     main.o (.rodata.str1.12180500075719773345.1)
                  0000783e    00000004     main.o (.rodata.str1.14112174005742061988.1)
                  00007842    00000003     ti_msp_dl_config.o (.rodata.gPWM_0ClockConfig)
                  00007845    00000003     ti_msp_dl_config.o (.rodata.gTIMER_0ClockConfig)
                  00007848    00000002     ti_msp_dl_config.o (.rodata.gI2C_OLEDClockConfig)
                  0000784a    00000002     ti_msp_dl_config.o (.rodata.gUART_0ClockConfig)
                  0000784c    00000004     --HOLE-- [fill = 0]

.init_array 
*          0    00000000    00000000     UNINITIALIZED

.binit     0    00000000    00000000     

.bss       0    20200000    000001bc     UNINITIALIZED
                  20200000    000000bc     (.common:gPWM_0Backup)
                  202000bc    00000058     imu_ahrs.o (.bss.g_imu)
                  20200114    00000020     speed_control.o (.bss.g_speed_pid)
                  20200134    00000020     (.common:oled_buffer)
                  20200154    00000014     turn.o (.bss.g_straight_pd)
                  20200168    00000014     turn.o (.bss.g_turn_pd)
                  2020017c    0000000e     imu_ahrs.o (.bss.g_calib_burst)
                  2020018a    00000001     turn.o (.bss.g_turn_stable_cnt)
                  2020018b    00000001     --HOLE--
                  2020018c    00000008     bsp_motor_hallencoder.o (.bss.Encoder_A)
                  20200194    00000008     bsp_motor_hallencoder.o (.bss.Encoder_B)
                  2020019c    00000004     turn.o (.bss.g_straight_speed)
                  202001a0    00000004     turn.o (.bss.g_straight_target_yaw)
                  202001a4    00000004     turn.o (.bss.g_turn_error)
                  202001a8    00000004     turn.o (.bss.g_turn_output)
                  202001ac    00000004     turn.o (.bss.g_turn_start_ms)
                  202001b0    00000004     turn.o (.bss.g_turn_target)
                  202001b4    00000004     (.common:start_time)
                  202001b8    00000004     (.common:tick_ms)

.data      0    202001c0    000000f5     UNINITIALIZED
                  202001c0    00000020     follow.o (.data.sensor_history)
                  202001e0    00000018     encoder.o (.data.wheel_speed)
                  202001f8    00000008     imu_ahrs.o (.data.g_yaw_sum_t2)
                  20200200    00000008     imu_ahrs.o (.data.g_yaw_sum_t)
                  20200208    00000008     imu_ahrs.o (.data.g_yaw_sum_ty)
                  20200210    00000008     imu_ahrs.o (.data.g_yaw_sum_y)
                  20200218    00000008     follow.o (.data.sensor_filtered)
                  20200220    00000008     follow.o (.data.sensor_states)
                  20200228    00000004     speed_control.o (.data.SpeedLoop_Update.accum_dt)
                  2020022c    00000004     libc.a : aeabi_portable.c.obj (.data.__aeabi_errno)
                  20200230    00000004     encoder.o (.data.accum_left_pulses)
                  20200234    00000004     encoder.o (.data.accum_right_pulses)
                  20200238    00000004     encoder.o (.data.decim_count)
                  2020023c    00000004     encoder.o (.data.filtered_left_speed_mmps)
                  20200240    00000004     encoder.o (.data.filtered_right_speed_mmps)
                  20200244    00000004     imu_ahrs.o (.data.g_calib_sum_x)
                  20200248    00000004     imu_ahrs.o (.data.g_calib_sum_y)
                  2020024c    00000004     imu_ahrs.o (.data.g_calib_sum_z)
                  20200250    00000004     speed_control.o (.data.g_current_error)
                  20200254    00000004     imu_ahrs.o (.data.g_init_deadline)
                  20200258    00000004     imu_ahrs.o (.data.g_init_start_time)
                  2020025c    00000004     imu_ahrs.o (.data.g_integral_fb_x)
                  20200260    00000004     imu_ahrs.o (.data.g_integral_fb_y)
                  20200264    00000004     imu_ahrs.o (.data.g_integral_fb_z)
                  20200268    00000004     control_mixer.o (.data.g_mix_base)
                  2020026c    00000004     speed_control.o (.data.g_target_speed)
                  20200270    00000004     imu_ahrs.o (.data.g_turn_angle)
                  20200274    00000004     imu_ahrs.o (.data.g_yaw_calib_count)
                  20200278    00000004     imu_ahrs.o (.data.g_yaw_calib_start_time)
                  2020027c    00000004     imu_ahrs.o (.data.g_yaw_drift_k)
                  20200280    00000004     imu_ahrs.o (.data.g_yaw_start_time)
                  20200284    00000004     follow.o (.data.integral)
                  20200288    00000004     follow.o (.data.last_bias)
                  2020028c    00000004     main.o (.data.main.last_update)
                  20200290    00000004     main.o (.data.main.oled_last_update)
                  20200294    00000004     main.o (.data.main.pre_turn_angle)
                  20200298    00000004     main.o (.data.main.pre_turn_deadline)
                  2020029c    00000004     main.o (.data.main.turn_cooldown_deadline)
                  202002a0    00000002     control_mixer.o (.data.g_angle_diff)
                  202002a2    00000002     imu_ahrs.o (.data.g_calib_sample_idx)
                  202002a4    00000002     control_mixer.o (.data.g_follow_diff)
                  202002a6    00000002     control_mixer.o (.data.g_speed_diff)
                  202002a8    00000002     follow.o (.data.last_correction)
                  202002aa    00000001     interrupt.o (.data.enable_group1_irq)
                  202002ab    00000001     bsp_motor_hallencoder.o (.data.g_encoder_new_data)
                  202002ac    00000001     imu_ahrs.o (.data.g_init_state)
                  202002ad    00000001     imu_ahrs.o (.data.g_status)
                  202002ae    00000001     turn.o (.data.g_straight_state)
                  202002af    00000001     turn.o (.data.g_turn_state)
                  202002b0    00000001     imu_ahrs.o (.data.g_yaw_calib_state)
                  202002b1    00000001     imu_ahrs.o (.data.g_yaw_enable)
                  202002b2    00000001     main.o (.data.main.state)
                  202002b3    00000001     main.o (.data.main.was_on_black)
                  202002b4    00000001     main.o (.data.main.yaw_calib_done)

.stack     0    20207e00    00000200     UNINITIALIZED
                  20207e00    00000004     libc.a : boot_cortex_m.c.obj (.stack)
                  20207e04    000001fc     --HOLE--

__llvm_prf_cnts 
*          0    20200000    00000000     UNINITIALIZED

__llvm_prf_bits 
*          0    20200000    00000000     UNINITIALIZED

MODULE SUMMARY

       Module                         code    ro data   rw data
       ------                         ----    -------   -------
    .\
       ti_msp_dl_config.o             3174    90        188    
       main.o                         1236    77        55     
       startup_mspm0g350x_ticlang.o   8       192       0      
    +--+------------------------------+-------+---------+---------+
       Total:                         4418    359       243    
                                                               
    .\Drivers\AnglePID\
       angle_pid.o                    366     49        0      
    +--+------------------------------+-------+---------+---------+
       Total:                         366     49        0      
                                                               
    .\Drivers\Encoder\
       bsp_motor_hallencoder.o        584     33        17     
       encoder.o                      460     0         44     
       speed_pid.o                    434     67        0      
       speed_control.o                208     37        44     
    +--+------------------------------+-------+---------+---------+
       Total:                         1686    137       105    
                                                               
    .\Drivers\IMU_AHRS\
       imu_ahrs.o                     3418    0         192    
       mspm0_i2c.o                    1368    0         0      
    +--+------------------------------+-------+---------+---------+
       Total:                         4786    0         192    
                                                               
    .\Drivers\MSPM0\
       clock.o                        328     0         8      
       board.o                        222     0         0      
       interrupt.o                    88      0         1      
    +--+------------------------------+-------+---------+---------+
       Total:                         638     0         9      
                                                               
    .\Drivers\Mix_Control\
       control_mixer.o                232     0         10     
    +--+------------------------------+-------+---------+---------+
       Total:                         232     0         10     
                                                               
    .\Drivers\OLED_Hardware_I2C\
       oled_hardware_i2c.o            1816    2072      0      
    +--+------------------------------+-------+---------+---------+
       Total:                         1816    2072      0      
                                                               
    .\Drivers\TB6612_Motor\
       turn.o                         1570    270       67     
       follow.o                       958     32        58     
       bsp_tb6612.o                   356     33        0      
    +--+------------------------------+-------+---------+---------+
       Total:                         2884    335       125    
                                                               
    D:/develop/TI/CCS/mspm0_sdk_2_10_00_04/source/ti/driverlib/lib/ticlang/m0p/mspm0g1x0x_g3x0x/driverlib.a
       dl_timer.o                     608     0         0      
       dl_sysctl_mspm0g1x0x_g3x0x.o   416     0         0      
       dl_i2c.o                       192     0         0      
       dl_uart.o                      90      0         0      
       dl_common.o                    10      0         0      
    +--+------------------------------+-------+---------+---------+
       Total:                         1316    0         0      
                                                               
    D:\develop\TI\CCS\ti_cgt_arm_llvm_4.0.4.LTS\lib\armv6m-ti-none-eabi/c/libc.a
       _printfi.c.obj                 4510    34        0      
       s_atanf.c.obj                  466     32        0      
       e_atan2f.c.obj                 280     0         0      
       aeabi_ctype.S.obj              0       257       0      
       s_scalbn.c.obj                 216     0         0      
       vsnprintf.c.obj                136     0         0      
       copy_decompress_lzss.c.obj     124     0         0      
       s_frexp.c.obj                  92      0         0      
       sprintf.c.obj                  90      0         0      
       _ltoa.c.obj                    88      0         0      
       atoi.c.obj                     64      0         0      
       autoinit.c.obj                 60      0         0      
       boot_cortex_m.c.obj            56      0         0      
       memccpy.c.obj                  34      0         0      
       copy_zero_init.c.obj           22      0         0      
       copy_decompress_none.c.obj     18      0         0      
       memcpy16.S.obj                 18      0         0      
       wcslen.c.obj                   16      0         0      
       memset16.S.obj                 14      0         0      
       aeabi_portable.c.obj           8       0         4      
       exit.c.obj                     6       0         0      
       pre_init.c.obj                 4       0         0      
    +--+------------------------------+-------+---------+---------+
       Total:                         6322    323       4      
                                                               
    D:\develop\TI\CCS\ti_cgt_arm_llvm_4.0.4.LTS\lib\armv6m-ti-none-eabi/c/libsysbm.a
       hostexit.c.obj                 4       0         0      
    +--+------------------------------+-------+---------+---------+
       Total:                         4       0         0      
                                                               
    D:\develop\TI\CCS\ti_cgt_arm_llvm_4.0.4.LTS\lib\armv6m-ti-none-eabi/libclang_rt.builtins.a
       adddf3.S.obj                   418     0         0      
       divdf3.S.obj                   268     0         0      
       addsf3.S.obj                   232     0         0      
       muldf3.S.obj                   228     0         0      
       comparedf2.c.obj               220     0         0      
       udivmoddi4.S.obj               162     0         0      
       divsf3.S.obj                   146     0         0      
       mulsf3.S.obj                   140     0         0      
       comparesf2.S.obj               118     0         0      
       truncdfsf2.S.obj               116     0         0      
       aeabi_dcmp.S.obj               98      0         0      
       aeabi_fcmp.S.obj               98      0         0      
       aeabi_idivmod.S.obj            86      0         0      
       fixdfsi.S.obj                  74      0         0      
       aeabi_uidivmod.S.obj           64      0         0      
       extendsfdf2.S.obj              64      0         0      
       floatsisf.S.obj                60      0         0      
       muldsi3.S.obj                  58      0         0      
       fixsfsi.S.obj                  56      0         0      
       fixunssfsi.S.obj               50      0         0      
       floatsidf.S.obj                44      0         0      
       floatunsisf.S.obj              40      0         0      
       floatunsidf.S.obj              36      0         0      
       muldi3.S.obj                   36      0         0      
       ashldi3.S.obj                  30      0         0      
       aeabi_memset.S.obj             26      0         0      
       aeabi_uldivmod.S.obj           20      0         0      
       aeabi_memcpy.S.obj             8       0         0      
       aeabi_div0.c.obj               4       0         0      
    +--+------------------------------+-------+---------+---------+
       Total:                         3000    0         0      
                                                               
       Stack:                         0       0         512    
       Linker Generated:              0       50        0      
    +--+------------------------------+-------+---------+---------+
       Grand Total:                   27468   3325      1200   


LINKER GENERATED COPY TABLES

__TI_cinit_table @ 00007874 records: 2, size/record: 8, table size: 16
	.data: load addr=00007850, load size=0000000e bytes, run addr=202001c0, run size=000000f5 bytes, compression=lzss
	.bss: load addr=0000786c, load size=00000008 bytes, run addr=20200000, run size=000001bc bytes, compression=zero_init


LINKER GENERATED HANDLER TABLE

__TI_handler_table @ 00007860 records: 3, size/record: 4, table size: 12
	index: 0, handler: __TI_decompress_lzss
	index: 1, handler: __TI_decompress_none
	index: 2, handler: __TI_zero_init


FAR CALL TRAMPOLINES

callee name               trampoline name
   callee addr  tramp addr   call addr  call info
--------------  -----------  ---------  ----------------
__aeabi_dsub              $Tramp$TT$L$PI$$__aeabi_dsub
   00002255     00006ba4     00006ba2   libc.a : _printfi.c.obj (.text.OUTLINED_FUNCTION_0)
__aeabi_fdiv              $Tramp$TT$L$PI$$__aeabi_fdiv
   0000449d     00006be8     00006be4   libc.a : s_atanf.c.obj (.text.OUTLINED_FUNCTION_0)
__aeabi_fadd              $Tramp$TT$L$PI$$__aeabi_fadd
   000037ab     00006c0c     00006c08   libc.a : s_atanf.c.obj (.text.OUTLINED_FUNCTION_1)
_c_int00_noargs           $Tramp$TT$L$PI$$_c_int00_noargs
   00006011     00006c20     00006c1c   startup_mspm0g350x_ticlang.o (.text.Reset_Handler)

[4 trampolines]
[4 trampoline calls]


GLOBAL SYMBOLS: SORTED ALPHABETICALLY BY Name 

address   name                                 
-------   ----                                 
00006bff  ADC0_IRQHandler                      
00006bff  ADC1_IRQHandler                      
00006bff  AES_IRQHandler                       
00004521  AO_Control                           
000049b1  AnglePD_Init                         
00006a0d  AnglePD_Reset                        
00003c65  AnglePD_Update                       
000045a1  BO_Control                           
00006c02  C$$EXIT                              
00006bff  CANFD0_IRQHandler                    
00006bff  DAC0_IRQHandler                      
00006b91  DL_Common_delayCycles                
00004cc9  DL_I2C_fillControllerTXFIFO          
0000594d  DL_I2C_flushControllerTXFIFO         
0000605f  DL_I2C_setClockConfig                
000062c9  DL_SYSCTL_configFCC                  
000035ed  DL_SYSCTL_configSYSPLL               
00004a15  DL_SYSCTL_setHFCLKSourceHFXTParams   
000056fd  DL_SYSCTL_switchMCLKfromSYSOSCtoHSCLK
00003121  DL_Timer_initFourCCPWMMode           
00003225  DL_Timer_initTimerMode               
00006355  DL_Timer_setCaptCompUpdateMethod     
00006719  DL_Timer_setCaptureCompareOutCtl     
00006a99  DL_Timer_setCaptureCompareValue      
00006371  DL_Timer_setClockConfig              
00005595  DL_UART_init                         
00006a31  DL_UART_setClockConfig               
00006bff  DMA_IRQHandler                       
00006bff  Default_Handler                      
00006bff  GROUP0_IRQHandler                    
00003321  GROUP1_IRQHandler                    
00005289  GoStraight_GetCorrection             
0000394d  GoStraight_Poll                      
00003db9  GoStraight_Start                     
00003e59  GoStraight_StartAt                   
0000638d  GoStraight_Stop                      
00006c03  HOSTexit                             
00006bff  HardFault_Handler                    
00006bff  I2C0_IRQHandler                      
00006bff  I2C1_IRQHandler                      
000063a9  IMU_AHRS_Attitude_Enable             
00006bc9  IMU_AHRS_GetData                     
00006b3d  IMU_AHRS_GetStatus                   
00004a79  IMU_AHRS_Get_Yaw_Compensated         
00002551  IMU_AHRS_Init_Poll                   
00003ef9  IMU_AHRS_Init_Start                  
00006b49  IMU_AHRS_TurnAngle_Get               
00006b55  IMU_AHRS_TurnAngle_Reset             
00000a91  IMU_AHRS_Update_Attitude             
000023e9  IMU_AHRS_Update_Data                 
0000194d  IMU_AHRS_Yaw_Calib_Poll              
000052d9  IMU_AHRS_Yaw_Calib_Start             
00006aa9  IRDM_GetCorrection                   
00005741  IRDM_IsBlackLine                     
00006779  IRDM_NeedTurnLeftFast                
00006791  IRDM_NeedTurnRightFast               
00002a89  IRDM_UpdatePositionPID               
000040c9  IRDM_calculate_bias                  
00006135  IRDM_get_average_speed               
000026b5  IRDM_read_sensors                    
000020a9  IRDM_update_wheel_speed              
000063c5  Interrupt_Init                       
00003f99  Mixer_Apply                          
00006995  Mixer_Init                           
000069a9  Mixer_SetAngleDiff                   
000069bd  Mixer_SetFollowDiff                  
000069d1  Mixer_SetSpeedDiff                   
00005ded  Motor_Get_Encoder                    
00005d2d  Motor_Init                           
00006bff  NMI_Handler                          
00004875  OLED_Clear                           
00002f05  OLED_Init                            
000059c5  OLED_Set_Pos                         
00002cd5  OLED_ShowChar                        
00004805  OLED_ShowString                      
00004031  OLED_WR_Byte                         
00006bff  PendSV_Handler                       
00006bff  RTC_IRQHandler                       
00006c1d  Reset_Handler                        
00006bff  SPI0_IRQHandler                      
00006bff  SPI1_IRQHandler                      
00006bff  SVC_Handler                          
00001d09  SYSCFG_DL_GPIO_init                  
00004e99  SYSCFG_DL_I2C_MPU6050_init           
00004ef1  SYSCFG_DL_I2C_OLED_init              
0000415d  SYSCFG_DL_PWM_0_init                 
000063e1  SYSCFG_DL_SYSCTL_CLK_init            
0000341d  SYSCFG_DL_SYSCTL_SYSPLL_init         
00004621  SYSCFG_DL_SYSCTL_init                
00006b61  SYSCFG_DL_SYSTICK_init               
00005a01  SYSCFG_DL_TIMER_0_init               
0000580d  SYSCFG_DL_UART_0_init                
00005c19  SYSCFG_DL_init                       
0000427d  SYSCFG_DL_initPower                  
00006ab9  SpeedLoop_GetCorrection              
00004d29  SpeedLoop_Init                       
00004add  SpeedLoop_Update                     
000041ed  SpeedPID_Init                        
0000688b  SpeedPID_Reset                       
00003a19  SpeedPID_Update                      
00006ac9  SysTick_Handler                      
000067a9  SysTick_Init                         
00005c51  TB6612_Motor_Stop                    
00006bff  TIMA0_IRQHandler                     
00006bff  TIMA1_IRQHandler                     
00005a3d  TIMG0_IRQHandler                     
00006bff  TIMG12_IRQHandler                    
00006bff  TIMG6_IRQHandler                     
00006bff  TIMG7_IRQHandler                     
00006bff  TIMG8_IRQHandler                     
00006a43  TI_memcpy_small                      
00006b15  TI_memset_small                      
000057c9  TurnByAngle_Start                    
00003879  TurnToAngle_Start                    
00006b6d  Turn_GetCurrentError                 
00006b79  Turn_GetTarget                       
00001505  Turn_Poll                            
00006bff  UART0_IRQHandler                     
00006bff  UART1_IRQHandler                     
00006bff  UART2_IRQHandler                     
00006bff  UART3_IRQHandler                     
20208000  __STACK_END                          
00000200  __STACK_SIZE                         
00000000  __TI_ATRegion0_region_sz             
00000000  __TI_ATRegion0_src_addr              
00000000  __TI_ATRegion0_trg_addr              
00000000  __TI_ATRegion1_region_sz             
00000000  __TI_ATRegion1_src_addr              
00000000  __TI_ATRegion1_trg_addr              
00000000  __TI_ATRegion2_region_sz             
00000000  __TI_ATRegion2_src_addr              
00000000  __TI_ATRegion2_trg_addr              
00007874  __TI_CINIT_Base                      
00007884  __TI_CINIT_Limit                     
00007884  __TI_CINIT_Warm                      
00007860  __TI_Handler_Table_Base              
0000786c  __TI_Handler_Table_Limit             
00005b2d  __TI_auto_init_nobinit_nopinit       
000046a1  __TI_decompress_lzss                 
00006a55  __TI_decompress_none                 
00004f49  __TI_ltoa                            
ffffffff  __TI_pprof_out_hndl                  
000000c1  __TI_printfi                         
ffffffff  __TI_prof_data_size                  
ffffffff  __TI_prof_data_start                 
00000000  __TI_static_base__                   
000068a1  __TI_zero_init_nomemset              
0000225f  __adddf3                             
000037ab  __addsf3                             
00007460  __aeabi_ctype_table_                 
00007460  __aeabi_ctype_table_C                
00004791  __aeabi_d2f                          
00005549  __aeabi_d2iz                         
0000225f  __aeabi_dadd                         
00004b41  __aeabi_dcmpeq                       
00004b7d  __aeabi_dcmpge                       
00004b91  __aeabi_dcmpgt                       
00004b69  __aeabi_dcmple                       
00004b55  __aeabi_dcmplt                       
00003015  __aeabi_ddiv                         
00003509  __aeabi_dmul                         
00002255  __aeabi_dsub                         
2020022c  __aeabi_errno                        
00006bd1  __aeabi_errno_addr                   
0000588d  __aeabi_f2d                          
00005c89  __aeabi_f2iz                         
00005cf9  __aeabi_f2uiz                        
000037ab  __aeabi_fadd                         
00004ba5  __aeabi_fcmpeq                       
00004be1  __aeabi_fcmpge                       
00004bf5  __aeabi_fcmpgt                       
00004bcd  __aeabi_fcmple                       
00004bb9  __aeabi_fcmplt                       
0000449d  __aeabi_fdiv                         
00004309  __aeabi_fmul                         
000037a1  __aeabi_fsub                         
00005e9d  __aeabi_i2d                          
00005a79  __aeabi_i2f                          
00004ff9  __aeabi_idiv                         
000023e7  __aeabi_idiv0                        
00004ff9  __aeabi_idivmod                      
00003db7  __aeabi_ldiv0                        
00006175  __aeabi_llsl                         
000060a9  __aeabi_lmul                         
00006b85  __aeabi_memclr                       
00006b85  __aeabi_memclr4                      
00006b85  __aeabi_memclr8                      
00006bd9  __aeabi_memcpy                       
00006bd9  __aeabi_memcpy4                      
00006bd9  __aeabi_memcpy8                      
00006af9  __aeabi_memset                       
00006af9  __aeabi_memset4                      
00006af9  __aeabi_memset8                      
00006085  __aeabi_ui2d                         
00005fe9  __aeabi_ui2f                         
0000584d  __aeabi_uidiv                        
0000584d  __aeabi_uidivmod                     
000069e5  __aeabi_uldivmod                     
00006175  __ashldi3                            
ffffffff  __binit__                            
000048e1  __cmpdf2                             
00005b69  __cmpsf2                             
00003015  __divdf3                             
0000449d  __divsf3                             
000048e1  __eqdf2                              
00005b69  __eqsf2                              
0000588d  __extendsfdf2                        
00005549  __fixdfsi                            
00005c89  __fixsfsi                            
00005cf9  __fixunssfsi                         
00005e9d  __floatsidf                          
00005a79  __floatsisf                          
00006085  __floatunsidf                        
00005fe9  __floatunsisf                        
0000471d  __gedf2                              
00005ab5  __gesf2                              
0000471d  __gtdf2                              
00005ab5  __gtsf2                              
000048e1  __ledf2                              
00005b69  __lesf2                              
000048e1  __ltdf2                              
00005b69  __ltsf2                              
UNDEFED   __mpu_init                           
00003509  __muldf3                             
000060a9  __muldi3                             
00005ba5  __muldsi3                            
00004309  __mulsf3                             
000048e1  __nedf2                              
00005b69  __nesf2                              
20207e00  __stack                              
20200000  __start___llvm_prf_bits              
20200000  __start___llvm_prf_cnts              
20200000  __stop___llvm_prf_bits               
20200000  __stop___llvm_prf_cnts               
00002255  __subdf3                             
000037a1  __subsf3                             
00004791  __truncdfsf2                         
00003d15  __udivmoddi4                         
00006011  _c_int00_noargs                      
UNDEFED   _system_post_cinit                   
00006c31  _system_pre_init                     
00006bf9  abort                                
00007230  asc2_0806                            
00006c40  asc2_1608                            
00002ded  atan2f                               
00001ee1  atanf                                
000058cd  atoi                                 
ffffffff  binit                                
00006ad9  delay_ms                             
202002aa  enable_group1_irq                    
00004d85  frexp                                
00004d85  frexpl                               
20200000  gPWM_0Backup                         
202002ab  g_encoder_new_data                   
00000000  interruptVectors                     
0000566d  lc_printf                            
000036c9  ldexp                                
000036c9  ldexpl                               
00001031  main                                 
000060f1  memccpy                              
00004c09  mpu6050_i2c_sda_unlock               
00005dbd  mspm0_delay_ms                       
00005ec9  mspm0_get_clock_ms                   
00002955  mspm0_i2c_read                       
00003ba1  mspm0_i2c_write                      
20200134  oled_buffer                          
00004c69  oled_i2c_sda_unlock                  
000036c9  scalbn                               
000036c9  scalbnl                              
00005cc1  sprintf                              
202001b4  start_time                           
202001b8  tick_ms                              
0000590d  vsnprintf                            
00006ae9  wcslen                               


GLOBAL SYMBOLS: SORTED BY Symbol Address 

address   name                                 
-------   ----                                 
00000000  __TI_ATRegion0_region_sz             
00000000  __TI_ATRegion0_src_addr              
00000000  __TI_ATRegion0_trg_addr              
00000000  __TI_ATRegion1_region_sz             
00000000  __TI_ATRegion1_src_addr              
00000000  __TI_ATRegion1_trg_addr              
00000000  __TI_ATRegion2_region_sz             
00000000  __TI_ATRegion2_src_addr              
00000000  __TI_ATRegion2_trg_addr              
00000000  __TI_static_base__                   
00000000  interruptVectors                     
000000c1  __TI_printfi                         
00000200  __STACK_SIZE                         
00000a91  IMU_AHRS_Update_Attitude             
00001031  main                                 
00001505  Turn_Poll                            
0000194d  IMU_AHRS_Yaw_Calib_Poll              
00001d09  SYSCFG_DL_GPIO_init                  
00001ee1  atanf                                
000020a9  IRDM_update_wheel_speed              
00002255  __aeabi_dsub                         
00002255  __subdf3                             
0000225f  __adddf3                             
0000225f  __aeabi_dadd                         
000023e7  __aeabi_idiv0                        
000023e9  IMU_AHRS_Update_Data                 
00002551  IMU_AHRS_Init_Poll                   
000026b5  IRDM_read_sensors                    
00002955  mspm0_i2c_read                       
00002a89  IRDM_UpdatePositionPID               
00002cd5  OLED_ShowChar                        
00002ded  atan2f                               
00002f05  OLED_Init                            
00003015  __aeabi_ddiv                         
00003015  __divdf3                             
00003121  DL_Timer_initFourCCPWMMode           
00003225  DL_Timer_initTimerMode               
00003321  GROUP1_IRQHandler                    
0000341d  SYSCFG_DL_SYSCTL_SYSPLL_init         
00003509  __aeabi_dmul                         
00003509  __muldf3                             
000035ed  DL_SYSCTL_configSYSPLL               
000036c9  ldexp                                
000036c9  ldexpl                               
000036c9  scalbn                               
000036c9  scalbnl                              
000037a1  __aeabi_fsub                         
000037a1  __subsf3                             
000037ab  __addsf3                             
000037ab  __aeabi_fadd                         
00003879  TurnToAngle_Start                    
0000394d  GoStraight_Poll                      
00003a19  SpeedPID_Update                      
00003ba1  mspm0_i2c_write                      
00003c65  AnglePD_Update                       
00003d15  __udivmoddi4                         
00003db7  __aeabi_ldiv0                        
00003db9  GoStraight_Start                     
00003e59  GoStraight_StartAt                   
00003ef9  IMU_AHRS_Init_Start                  
00003f99  Mixer_Apply                          
00004031  OLED_WR_Byte                         
000040c9  IRDM_calculate_bias                  
0000415d  SYSCFG_DL_PWM_0_init                 
000041ed  SpeedPID_Init                        
0000427d  SYSCFG_DL_initPower                  
00004309  __aeabi_fmul                         
00004309  __mulsf3                             
0000449d  __aeabi_fdiv                         
0000449d  __divsf3                             
00004521  AO_Control                           
000045a1  BO_Control                           
00004621  SYSCFG_DL_SYSCTL_init                
000046a1  __TI_decompress_lzss                 
0000471d  __gedf2                              
0000471d  __gtdf2                              
00004791  __aeabi_d2f                          
00004791  __truncdfsf2                         
00004805  OLED_ShowString                      
00004875  OLED_Clear                           
000048e1  __cmpdf2                             
000048e1  __eqdf2                              
000048e1  __ledf2                              
000048e1  __ltdf2                              
000048e1  __nedf2                              
000049b1  AnglePD_Init                         
00004a15  DL_SYSCTL_setHFCLKSourceHFXTParams   
00004a79  IMU_AHRS_Get_Yaw_Compensated         
00004add  SpeedLoop_Update                     
00004b41  __aeabi_dcmpeq                       
00004b55  __aeabi_dcmplt                       
00004b69  __aeabi_dcmple                       
00004b7d  __aeabi_dcmpge                       
00004b91  __aeabi_dcmpgt                       
00004ba5  __aeabi_fcmpeq                       
00004bb9  __aeabi_fcmplt                       
00004bcd  __aeabi_fcmple                       
00004be1  __aeabi_fcmpge                       
00004bf5  __aeabi_fcmpgt                       
00004c09  mpu6050_i2c_sda_unlock               
00004c69  oled_i2c_sda_unlock                  
00004cc9  DL_I2C_fillControllerTXFIFO          
00004d29  SpeedLoop_Init                       
00004d85  frexp                                
00004d85  frexpl                               
00004e99  SYSCFG_DL_I2C_MPU6050_init           
00004ef1  SYSCFG_DL_I2C_OLED_init              
00004f49  __TI_ltoa                            
00004ff9  __aeabi_idiv                         
00004ff9  __aeabi_idivmod                      
00005289  GoStraight_GetCorrection             
000052d9  IMU_AHRS_Yaw_Calib_Start             
00005549  __aeabi_d2iz                         
00005549  __fixdfsi                            
00005595  DL_UART_init                         
0000566d  lc_printf                            
000056fd  DL_SYSCTL_switchMCLKfromSYSOSCtoHSCLK
00005741  IRDM_IsBlackLine                     
000057c9  TurnByAngle_Start                    
0000580d  SYSCFG_DL_UART_0_init                
0000584d  __aeabi_uidiv                        
0000584d  __aeabi_uidivmod                     
0000588d  __aeabi_f2d                          
0000588d  __extendsfdf2                        
000058cd  atoi                                 
0000590d  vsnprintf                            
0000594d  DL_I2C_flushControllerTXFIFO         
000059c5  OLED_Set_Pos                         
00005a01  SYSCFG_DL_TIMER_0_init               
00005a3d  TIMG0_IRQHandler                     
00005a79  __aeabi_i2f                          
00005a79  __floatsisf                          
00005ab5  __gesf2                              
00005ab5  __gtsf2                              
00005b2d  __TI_auto_init_nobinit_nopinit       
00005b69  __cmpsf2                             
00005b69  __eqsf2                              
00005b69  __lesf2                              
00005b69  __ltsf2                              
00005b69  __nesf2                              
00005ba5  __muldsi3                            
00005c19  SYSCFG_DL_init                       
00005c51  TB6612_Motor_Stop                    
00005c89  __aeabi_f2iz                         
00005c89  __fixsfsi                            
00005cc1  sprintf                              
00005cf9  __aeabi_f2uiz                        
00005cf9  __fixunssfsi                         
00005d2d  Motor_Init                           
00005dbd  mspm0_delay_ms                       
00005ded  Motor_Get_Encoder                    
00005e9d  __aeabi_i2d                          
00005e9d  __floatsidf                          
00005ec9  mspm0_get_clock_ms                   
00005fe9  __aeabi_ui2f                         
00005fe9  __floatunsisf                        
00006011  _c_int00_noargs                      
0000605f  DL_I2C_setClockConfig                
00006085  __aeabi_ui2d                         
00006085  __floatunsidf                        
000060a9  __aeabi_lmul                         
000060a9  __muldi3                             
000060f1  memccpy                              
00006135  IRDM_get_average_speed               
00006175  __aeabi_llsl                         
00006175  __ashldi3                            
000062c9  DL_SYSCTL_configFCC                  
00006355  DL_Timer_setCaptCompUpdateMethod     
00006371  DL_Timer_setClockConfig              
0000638d  GoStraight_Stop                      
000063a9  IMU_AHRS_Attitude_Enable             
000063c5  Interrupt_Init                       
000063e1  SYSCFG_DL_SYSCTL_CLK_init            
00006719  DL_Timer_setCaptureCompareOutCtl     
00006779  IRDM_NeedTurnLeftFast                
00006791  IRDM_NeedTurnRightFast               
000067a9  SysTick_Init                         
0000688b  SpeedPID_Reset                       
000068a1  __TI_zero_init_nomemset              
00006995  Mixer_Init                           
000069a9  Mixer_SetAngleDiff                   
000069bd  Mixer_SetFollowDiff                  
000069d1  Mixer_SetSpeedDiff                   
000069e5  __aeabi_uldivmod                     
00006a0d  AnglePD_Reset                        
00006a31  DL_UART_setClockConfig               
00006a43  TI_memcpy_small                      
00006a55  __TI_decompress_none                 
00006a99  DL_Timer_setCaptureCompareValue      
00006aa9  IRDM_GetCorrection                   
00006ab9  SpeedLoop_GetCorrection              
00006ac9  SysTick_Handler                      
00006ad9  delay_ms                             
00006ae9  wcslen                               
00006af9  __aeabi_memset                       
00006af9  __aeabi_memset4                      
00006af9  __aeabi_memset8                      
00006b15  TI_memset_small                      
00006b3d  IMU_AHRS_GetStatus                   
00006b49  IMU_AHRS_TurnAngle_Get               
00006b55  IMU_AHRS_TurnAngle_Reset             
00006b61  SYSCFG_DL_SYSTICK_init               
00006b6d  Turn_GetCurrentError                 
00006b79  Turn_GetTarget                       
00006b85  __aeabi_memclr                       
00006b85  __aeabi_memclr4                      
00006b85  __aeabi_memclr8                      
00006b91  DL_Common_delayCycles                
00006bc9  IMU_AHRS_GetData                     
00006bd1  __aeabi_errno_addr                   
00006bd9  __aeabi_memcpy                       
00006bd9  __aeabi_memcpy4                      
00006bd9  __aeabi_memcpy8                      
00006bf9  abort                                
00006bff  ADC0_IRQHandler                      
00006bff  ADC1_IRQHandler                      
00006bff  AES_IRQHandler                       
00006bff  CANFD0_IRQHandler                    
00006bff  DAC0_IRQHandler                      
00006bff  DMA_IRQHandler                       
00006bff  Default_Handler                      
00006bff  GROUP0_IRQHandler                    
00006bff  HardFault_Handler                    
00006bff  I2C0_IRQHandler                      
00006bff  I2C1_IRQHandler                      
00006bff  NMI_Handler                          
00006bff  PendSV_Handler                       
00006bff  RTC_IRQHandler                       
00006bff  SPI0_IRQHandler                      
00006bff  SPI1_IRQHandler                      
00006bff  SVC_Handler                          
00006bff  TIMA0_IRQHandler                     
00006bff  TIMA1_IRQHandler                     
00006bff  TIMG12_IRQHandler                    
00006bff  TIMG6_IRQHandler                     
00006bff  TIMG7_IRQHandler                     
00006bff  TIMG8_IRQHandler                     
00006bff  UART0_IRQHandler                     
00006bff  UART1_IRQHandler                     
00006bff  UART2_IRQHandler                     
00006bff  UART3_IRQHandler                     
00006c02  C$$EXIT                              
00006c03  HOSTexit                             
00006c1d  Reset_Handler                        
00006c31  _system_pre_init                     
00006c40  asc2_1608                            
00007230  asc2_0806                            
00007460  __aeabi_ctype_table_                 
00007460  __aeabi_ctype_table_C                
00007860  __TI_Handler_Table_Base              
0000786c  __TI_Handler_Table_Limit             
00007874  __TI_CINIT_Base                      
00007884  __TI_CINIT_Limit                     
00007884  __TI_CINIT_Warm                      
20200000  __start___llvm_prf_bits              
20200000  __start___llvm_prf_cnts              
20200000  __stop___llvm_prf_bits               
20200000  __stop___llvm_prf_cnts               
20200000  gPWM_0Backup                         
20200134  oled_buffer                          
202001b4  start_time                           
202001b8  tick_ms                              
2020022c  __aeabi_errno                        
202002aa  enable_group1_irq                    
202002ab  g_encoder_new_data                   
20207e00  __stack                              
20208000  __STACK_END                          
ffffffff  __TI_pprof_out_hndl                  
ffffffff  __TI_prof_data_size                  
ffffffff  __TI_prof_data_start                 
ffffffff  __binit__                            
ffffffff  binit                                
UNDEFED   __mpu_init                           
UNDEFED   _system_post_cinit                   

[274 symbols]
