******************************************************************************
            TI ARM Clang Linker PC v4.0.4                      
******************************************************************************
>> Linked Fri Jul 17 16:52:50 2026

OUTPUT FILE NAME:   <mpu6050-oled-hardware-i2c.out>
ENTRY POINT SYMBOL: "_c_int00_noargs"  address: 000052a5


MEMORY CONFIGURATION

         name            origin    length      used     unused   attr    fill
----------------------  --------  ---------  --------  --------  ----  --------
  FLASH                 00000000   00020000  000068a0  00019760  R  X
  SRAM                  20200000   00008000  000003fa  00007c06  RW X
  BCR_CONFIG            41c00000   000000ff  00000000  000000ff  R   
  BSL_CONFIG            41c00100   00000080  00000000  00000080  R   


SEGMENT ALLOCATION MAP

run origin  load origin   length   init length attrs members
----------  ----------- ---------- ----------- ----- -------
00000000    00000000    000068a0   000068a0    r-x
  00000000    00000000    000000c0   000000c0    r-- .intvecs
  000000c0    000000c0    00005c60   00005c60    r-x .text
  00005d20    00005d20    00000b50   00000b50    r-- .rodata
  00006870    00006870    00000030   00000030    r-- .cinit
20200000    20200000    000001fe   00000000    rw-
  20200000    20200000    0000018c   00000000    rw- .bss
  20200190    20200190    0000006e   00000000    rw- .data
20207e00    20207e00    00000200   00000000    rw-
  20207e00    20207e00    00000200   00000000    rw- .stack


SECTION ALLOCATION MAP

 output                                  attributes/
section   page    origin      length       input sections
--------  ----  ----------  ----------   ----------------
.intvecs   0    00000000    000000c0     
                  00000000    000000c0     startup_mspm0g350x_ticlang.o (.intvecs)

.text      0    000000c0    00005c60     
                  000000c0    000009d0     libc.a : _printfi.c.obj (.text:__TI_printfi)
                  00000a90    000005a0     imu_ahrs.o (.text.IMU_AHRS_Update_Attitude)
                  00001030    0000037c     main.o (.text.main)
                  000013ac    0000022c     turn.o (.text.Turn_Poll)
                  000015d8    00000220     libc.a : _printfi.c.obj (.text._pconv_a)
                  000017f8    000001e0     imu_ahrs.o (.text.IMU_AHRS_Yaw_Calib_Poll)
                  000019d8    000001dc     libc.a : _printfi.c.obj (.text._pconv_g)
                  00001bb4    000001c8            : s_atanf.c.obj (.text.atanf)
                  00001d7c    00000192     libclang_rt.builtins.a : adddf3.S.obj (.text.adddf3_subdf3)
                  00001f0e    00000002                            : aeabi_div0.c.obj (.text.__aeabi_idiv0)
                  00001f10    00000168     imu_ahrs.o (.text.IMU_AHRS_Update_Data)
                  00002078    00000164     imu_ahrs.o (.text.IMU_AHRS_Init_Poll)
                  000021dc    0000013c     libc.a : _printfi.c.obj (.text.fcvt)
                  00002318    00000134     mspm0_i2c.o (.text.mspm0_i2c_read)
                  0000244c    00000120     libc.a : _printfi.c.obj (.text._pconv_e)
                  0000256c    00000118     oled_hardware_i2c.o (.text.OLED_ShowChar)
                  00002684    00000118     libc.a : e_atan2f.c.obj (.text.atan2f)
                  0000279c    00000110     oled_hardware_i2c.o (.text.OLED_Init)
                  000028ac    0000010c     libclang_rt.builtins.a : divdf3.S.obj (.text.__divdf3)
                  000029b8    00000104     driverlib.a : dl_timer.o (.text.DL_Timer_initFourCCPWMMode)
                  00002abc    00000104     ti_msp_dl_config.o (.text.SYSCFG_DL_GPIO_init)
                  00002bc0    000000fc     driverlib.a : dl_timer.o (.text.DL_Timer_initTimerMode)
                  00002cbc    000000ec     ti_msp_dl_config.o (.text.SYSCFG_DL_SYSCTL_SYSPLL_init)
                  00002da8    000000e4     libclang_rt.builtins.a : muldf3.S.obj (.text.__muldf3)
                  00002e8c    000000dc     driverlib.a : dl_sysctl_mspm0g1x0x_g3x0x.o (.text.DL_SYSCTL_configSYSPLL)
                  00002f68    000000d8     libc.a : s_scalbn.c.obj (.text.scalbn)
                  00003040    000000d8     libclang_rt.builtins.a : addsf3.S.obj (.text)
                  00003118    000000d4     turn.o (.text.TurnToAngle_Start)
                  000031ec    000000cc     turn.o (.text.GoStraight_Poll)
                  000032b8    000000c4     imu_ahrs.o (.text.imu_ahrs_calibrate_gyro_offset_step)
                  0000337c    000000c4     mspm0_i2c.o (.text.mspm0_i2c_write)
                  00003440    000000ac     angle_pid.o (.text.AnglePD_Update)
                  000034ec    000000a2     libclang_rt.builtins.a : udivmoddi4.S.obj (.text)
                  0000358e    00000002                            : aeabi_div0.c.obj (.text.__aeabi_ldiv0)
                  00003590    000000a0     turn.o (.text.GoStraight_Start)
                  00003630    000000a0     imu_ahrs.o (.text.IMU_AHRS_Init_Start)
                  000036d0    00000098     oled_hardware_i2c.o (.text.OLED_WR_Byte)
                  00003768    00000090     ti_msp_dl_config.o (.text.SYSCFG_DL_PWM_0_init)
                  000037f8    0000008c     ti_msp_dl_config.o (.text.SYSCFG_DL_initPower)
                  00003884    0000008c     libclang_rt.builtins.a : mulsf3.S.obj (.text.__mulsf3)
                  00003910    00000084     clock.o (.text.__NVIC_SetPriority)
                  00003994    00000084     ti_msp_dl_config.o (.text.__NVIC_SetPriority)
                  00003a18    00000082     libclang_rt.builtins.a : divsf3.S.obj (.text.__divsf3)
                  00003a9a    00000002     --HOLE-- [fill = 0]
                  00003a9c    00000080     bsp_tb6612.o (.text.AO_Control)
                  00003b1c    00000080     bsp_tb6612.o (.text.BO_Control)
                  00003b9c    0000007c     libc.a : copy_decompress_lzss.c.obj (.text:decompress:lzss)
                  00003c18    00000074     ti_msp_dl_config.o (.text.SYSCFG_DL_SYSCTL_init)
                  00003c8c    00000074     libclang_rt.builtins.a : comparedf2.c.obj (.text.__gedf2)
                  00003d00    00000074                            : truncdfsf2.S.obj (.text.__truncdfsf2)
                  00003d74    00000070     oled_hardware_i2c.o (.text.OLED_ShowString)
                  00003de4    0000006a     oled_hardware_i2c.o (.text.OLED_Clear)
                  00003e4e    00000002     --HOLE-- [fill = 0]
                  00003e50    00000068     libclang_rt.builtins.a : comparedf2.c.obj (.text.__ledf2)
                  00003eb8    00000066     libc.a : _printfi.c.obj (.text._mcpy)
                  00003f1e    00000002     --HOLE-- [fill = 0]
                  00003f20    00000064     angle_pid.o (.text.AnglePD_Init)
                  00003f84    00000064     driverlib.a : dl_sysctl_mspm0g1x0x_g3x0x.o (.text.DL_SYSCTL_setHFCLKSourceHFXTParams)
                  00003fe8    00000064     imu_ahrs.o (.text.IMU_AHRS_Get_Yaw_Compensated)
                  0000404c    00000062     libclang_rt.builtins.a : aeabi_dcmp.S.obj (.text.__aeabi_dcmp)
                  000040ae    00000002     --HOLE-- [fill = 0]
                  000040b0    00000062                            : aeabi_fcmp.S.obj (.text.__aeabi_fcmp)
                  00004112    00000002     --HOLE-- [fill = 0]
                  00004114    00000060     mspm0_i2c.o (.text.mpu6050_i2c_sda_unlock)
                  00004174    00000060     oled_hardware_i2c.o (.text.oled_i2c_sda_unlock)
                  000041d4    0000005e     driverlib.a : dl_i2c.o (.text.DL_I2C_fillControllerTXFIFO)
                  00004232    00000002     --HOLE-- [fill = 0]
                  00004234    0000005c     libc.a : s_frexp.c.obj (.text.frexp)
                  00004290    0000005c     mspm0_i2c.o (.text.mspm0_i2c_enable)
                  000042ec    0000005c     oled_hardware_i2c.o (.text.mspm0_i2c_enable)
                  00004348    00000058     ti_msp_dl_config.o (.text.SYSCFG_DL_I2C_MPU6050_init)
                  000043a0    00000058     ti_msp_dl_config.o (.text.SYSCFG_DL_I2C_OLED_init)
                  000043f8    00000058     libc.a : _ltoa.c.obj (.text.__TI_ltoa)
                  00004450    00000058            : _printfi.c.obj (.text._pconv_f)
                  000044a8    00000056     libclang_rt.builtins.a : aeabi_idivmod.S.obj (.text.__aeabi_idivmod)
                  000044fe    00000002     --HOLE-- [fill = 0]
                  00004500    00000054     turn.o (.text.wrap_180)
                  00004554    00000052     libc.a : _printfi.c.obj (.text._ecpy)
                  000045a6    00000002     --HOLE-- [fill = 0]
                  000045a8    00000050     mspm0_i2c.o (.text.DL_GPIO_initPeripheralInputFunctionFeatures)
                  000045f8    00000050     oled_hardware_i2c.o (.text.DL_GPIO_initPeripheralInputFunctionFeatures)
                  00004648    00000050     ti_msp_dl_config.o (.text.DL_GPIO_initPeripheralInputFunctionFeatures)
                  00004698    00000050     mspm0_i2c.o (.text.DL_I2C_startControllerTransfer)
                  000046e8    00000050     oled_hardware_i2c.o (.text.DL_I2C_startControllerTransfer)
                  00004738    00000050     imu_ahrs.o (.text.IMU_AHRS_Yaw_Calib_Start)
                  00004788    00000050     clock.o (.text.SysTick_Config)
                  000047d8    00000050     ti_msp_dl_config.o (.text.SysTick_Config)
                  00004828    00000050     imu_ahrs.o (.text.imu_ahrs_inv_sqrt)
                  00004878    0000004c     mspm0_i2c.o (.text.DL_GPIO_initDigitalInputFeatures)
                  000048c4    0000004c     oled_hardware_i2c.o (.text.DL_GPIO_initDigitalInputFeatures)
                  00004910    0000004c     ti_msp_dl_config.o (.text.DL_UART_setBaudRateDivisor)
                  0000495c    0000004a     libclang_rt.builtins.a : fixdfsi.S.obj (.text.__fixdfsi)
                  000049a6    00000002     --HOLE-- [fill = 0]
                  000049a8    00000048     driverlib.a : dl_uart.o (.text.DL_UART_init)
                  000049f0    00000048     angle_pid.o (.text.clamp)
                  00004a38    00000048     board.o (.text.lc_printf)
                  00004a80    00000048     mspm0_i2c.o (.text.mspm0_i2c_disable)
                  00004ac8    00000044     driverlib.a : dl_sysctl_mspm0g1x0x_g3x0x.o (.text.DL_SYSCTL_switchMCLKfromSYSOSCtoHSCLK)
                  00004b0c    00000044     oled_hardware_i2c.o (.text.mspm0_i2c_disable)
                  00004b50    00000042     turn.o (.text.TurnByAngle_Start)
                  00004b92    00000002     --HOLE-- [fill = 0]
                  00004b94    00000040     ti_msp_dl_config.o (.text.SYSCFG_DL_UART_0_init)
                  00004bd4    00000040     libclang_rt.builtins.a : aeabi_uidivmod.S.obj (.text.__aeabi_uidivmod)
                  00004c14    00000040                            : extendsfdf2.S.obj (.text.__extendsfdf2)
                  00004c54    00000040     libc.a : atoi.c.obj (.text.atoi)
                  00004c94    00000040            : vsnprintf.c.obj (.text.vsnprintf)
                  00004cd4    0000003c     driverlib.a : dl_i2c.o (.text.DL_I2C_flushControllerTXFIFO)
                  00004d10    0000003c     ti_msp_dl_config.o (.text.DL_Timer_setCounterControl)
                  00004d4c    0000003c     oled_hardware_i2c.o (.text.OLED_Set_Pos)
                  00004d88    0000003c     ti_msp_dl_config.o (.text.SYSCFG_DL_TIMER_0_init)
                  00004dc4    0000003c     libclang_rt.builtins.a : floatsisf.S.obj (.text.__floatsisf)
                  00004e00    0000003c                            : comparesf2.S.obj (.text.__gtsf2)
                  00004e3c    0000003c     board.o (.text.uart0_sendString)
                  00004e78    0000003c     libc.a : autoinit.c.obj (.text:__TI_auto_init_nobinit_nopinit)
                  00004eb4    0000003a     libclang_rt.builtins.a : comparesf2.S.obj (.text.__eqsf2)
                  00004eee    00000002     --HOLE-- [fill = 0]
                  00004ef0    0000003a                            : muldsi3.S.obj (.text.__muldsi3)
                  00004f2a    00000002     --HOLE-- [fill = 0]
                  00004f2c    00000038     ti_msp_dl_config.o (.text.DL_GPIO_initPeripheralOutputFunctionFeatures)
                  00004f64    00000038     bsp_tb6612.o (.text.TB6612_Motor_Stop)
                  00004f9c    00000038     libclang_rt.builtins.a : fixsfsi.S.obj (.text.__fixsfsi)
                  00004fd4    00000038     libc.a : sprintf.c.obj (.text.sprintf)
                  0000500c    00000034     ti_msp_dl_config.o (.text.SYSCFG_DL_init)
                  00005040    00000032     libclang_rt.builtins.a : fixunssfsi.S.obj (.text.__fixunssfsi)
                  00005072    00000030     libc.a : _printfi.c.obj (.text._fcpy)
                  000050a2    00000030            : vsnprintf.c.obj (.text._outs)
                  000050d2    00000002     --HOLE-- [fill = 0]
                  000050d4    00000030     clock.o (.text.mspm0_delay_ms)
                  00005104    0000002c     interrupt.o (.text.__NVIC_EnableIRQ)
                  00005130    0000002c     libclang_rt.builtins.a : floatsidf.S.obj (.text.__floatsidf)
                  0000515c    0000002c     clock.o (.text.mspm0_get_clock_ms)
                  00005188    0000002c     board.o (.text.uart0_sendChar)
                  000051b4    00000028     mspm0_i2c.o (.text.DL_Common_updateReg)
                  000051dc    00000028     oled_hardware_i2c.o (.text.DL_Common_updateReg)
                  00005204    00000028     ti_msp_dl_config.o (.text.DL_Common_updateReg)
                  0000522c    00000028     ti_msp_dl_config.o (.text.DL_I2C_setControllerRXFIFOThreshold)
                  00005254    00000028     ti_msp_dl_config.o (.text.DL_I2C_setControllerTXFIFOThreshold)
                  0000527c    00000028     libclang_rt.builtins.a : floatunsisf.S.obj (.text.__floatunsisf)
                  000052a4    00000028     libc.a : boot_cortex_m.c.obj (.text:_c_int00_noargs)
                  000052cc    00000026     ti_msp_dl_config.o (.text.DL_I2C_setAnalogGlitchFilterPulseWidth)
                  000052f2    00000026     driverlib.a : dl_i2c.o (.text.DL_I2C_setClockConfig)
                  00005318    00000024     libclang_rt.builtins.a : floatunsidf.S.obj (.text.__floatunsidf)
                  0000533c    00000024                            : muldi3.S.obj (.text.__muldi3)
                  00005360    00000024     imu_ahrs.o (.text.imu_ahrs_read_multi)
                  00005384    00000022     libc.a : memccpy.c.obj (.text.memccpy)
                  000053a6    00000002     --HOLE-- [fill = 0]
                  000053a8    00000020     ti_msp_dl_config.o (.text.DL_SYSCTL_setFlashWaitState)
                  000053c8    0000001e     ti_msp_dl_config.o (.text.DL_UART_setOversampling)
                  000053e6    00000002     --HOLE-- [fill = 0]
                  000053e8    0000001e     libclang_rt.builtins.a : ashldi3.S.obj (.text.__ashldi3)
                  00005406    0000001e     imu_ahrs.o (.text.imu_ahrs_make_s16)
                  00005424    0000001c     mspm0_i2c.o (.text.DL_GPIO_enableHiZ)
                  00005440    0000001c     oled_hardware_i2c.o (.text.DL_GPIO_enableHiZ)
                  0000545c    0000001c     ti_msp_dl_config.o (.text.DL_GPIO_enableHiZ)
                  00005478    0000001c     ti_msp_dl_config.o (.text.DL_GPIO_initPeripheralOutputFunction)
                  00005494    0000001c     oled_hardware_i2c.o (.text.DL_I2C_getSDAStatus)
                  000054b0    0000001c     mspm0_i2c.o (.text.DL_I2C_isControllerRXFIFOEmpty)
                  000054cc    0000001c     interrupt.o (.text.DL_Interrupt_getPendingGroup)
                  000054e8    0000001c     driverlib.a : dl_sysctl_mspm0g1x0x_g3x0x.o (.text.DL_SYSCTL_configFCC)
                  00005504    0000001c     ti_msp_dl_config.o (.text.DL_SYSCTL_setFCCPeriods)
                  00005520    0000001c     ti_msp_dl_config.o (.text.DL_SYSCTL_setSYSOSCFreq)
                  0000553c    0000001c     ti_msp_dl_config.o (.text.DL_SYSCTL_setULPCLKDivider)
                  00005558    0000001c     ti_msp_dl_config.o (.text.DL_Timer_enableInterrupt)
                  00005574    0000001c     driverlib.a : dl_timer.o (.text.DL_Timer_setCaptCompUpdateMethod)
                  00005590    0000001c                 : dl_timer.o (.text.DL_Timer_setClockConfig)
                  000055ac    0000001c     turn.o (.text.GoStraight_Stop)
                  000055c8    0000001c     imu_ahrs.o (.text.IMU_AHRS_Attitude_Enable)
                  000055e4    0000001c     interrupt.o (.text.Interrupt_Init)
                  00005600    0000001c     imu_ahrs.o (.text.imu_ahrs_write_reg)
                  0000561c    00000018     mspm0_i2c.o (.text.DL_GPIO_enableOutput)
                  00005634    00000018     oled_hardware_i2c.o (.text.DL_GPIO_enableOutput)
                  0000564c    00000018     ti_msp_dl_config.o (.text.DL_GPIO_enableOutput)
                  00005664    00000018     ti_msp_dl_config.o (.text.DL_GPIO_enablePower)
                  0000567c    00000018     mspm0_i2c.o (.text.DL_GPIO_initDigitalOutput)
                  00005694    00000018     oled_hardware_i2c.o (.text.DL_GPIO_initDigitalOutput)
                  000056ac    00000018     ti_msp_dl_config.o (.text.DL_GPIO_initDigitalOutput)
                  000056c4    00000018     ti_msp_dl_config.o (.text.DL_GPIO_initPeripheralAnalogFunction)
                  000056dc    00000018     ti_msp_dl_config.o (.text.DL_GPIO_reset)
                  000056f4    00000018     bsp_tb6612.o (.text.DL_GPIO_setPins)
                  0000570c    00000018     mspm0_i2c.o (.text.DL_GPIO_setPins)
                  00005724    00000018     oled_hardware_i2c.o (.text.DL_GPIO_setPins)
                  0000573c    00000018     ti_msp_dl_config.o (.text.DL_GPIO_setPins)
                  00005754    00000018     mspm0_i2c.o (.text.DL_I2C_clearInterruptStatus)
                  0000576c    00000018     oled_hardware_i2c.o (.text.DL_I2C_clearInterruptStatus)
                  00005784    00000018     ti_msp_dl_config.o (.text.DL_I2C_enableAnalogGlitchFilter)
                  0000579c    00000018     ti_msp_dl_config.o (.text.DL_I2C_enableController)
                  000057b4    00000018     ti_msp_dl_config.o (.text.DL_I2C_enableControllerClockStretching)
                  000057cc    00000018     mspm0_i2c.o (.text.DL_I2C_enablePower)
                  000057e4    00000018     oled_hardware_i2c.o (.text.DL_I2C_enablePower)
                  000057fc    00000018     ti_msp_dl_config.o (.text.DL_I2C_enablePower)
                  00005814    00000018     mspm0_i2c.o (.text.DL_I2C_getRawInterruptStatus)
                  0000582c    00000018     oled_hardware_i2c.o (.text.DL_I2C_getRawInterruptStatus)
                  00005844    00000018     mspm0_i2c.o (.text.DL_I2C_reset)
                  0000585c    00000018     oled_hardware_i2c.o (.text.DL_I2C_reset)
                  00005874    00000018     ti_msp_dl_config.o (.text.DL_I2C_reset)
                  0000588c    00000018     ti_msp_dl_config.o (.text.DL_I2C_setTimerPeriod)
                  000058a4    00000018     ti_msp_dl_config.o (.text.DL_SYSCTL_setBORThreshold)
                  000058bc    00000018     ti_msp_dl_config.o (.text.DL_Timer_enablePower)
                  000058d4    00000018     ti_msp_dl_config.o (.text.DL_Timer_reset)
                  000058ec    00000018     driverlib.a : dl_timer.o (.text.DL_Timer_setCaptureCompareOutCtl)
                  00005904    00000018     ti_msp_dl_config.o (.text.DL_UART_enablePower)
                  0000591c    00000018     board.o (.text.DL_UART_isBusy)
                  00005934    00000018     ti_msp_dl_config.o (.text.DL_UART_reset)
                  0000594c    00000018     clock.o (.text.SysTick_Init)
                  00005964    00000018     libc.a : vsnprintf.c.obj (.text._outc)
                  0000597c    00000018            : sprintf.c.obj (.text._outs)
                  00005994    00000016     mspm0_i2c.o (.text.DL_GPIO_readPins)
                  000059aa    00000016     oled_hardware_i2c.o (.text.DL_GPIO_readPins)
                  000059c0    00000016     mspm0_i2c.o (.text.DL_I2C_transmitControllerData)
                  000059d6    00000016     ti_msp_dl_config.o (.text.DL_UART_enable)
                  000059ec    00000016     board.o (.text.DL_UART_transmitData)
                  00005a02    00000016     libc.a : copy_zero_init.c.obj (.text:decompress:ZI:__TI_zero_init_nomemset)
                  00005a18    00000014     bsp_tb6612.o (.text.DL_GPIO_clearPins)
                  00005a2c    00000014     mspm0_i2c.o (.text.DL_GPIO_clearPins)
                  00005a40    00000014     oled_hardware_i2c.o (.text.DL_GPIO_clearPins)
                  00005a54    00000014     mspm0_i2c.o (.text.DL_I2C_getControllerStatus)
                  00005a68    00000014     oled_hardware_i2c.o (.text.DL_I2C_getControllerStatus)
                  00005a7c    00000014     mspm0_i2c.o (.text.DL_I2C_receiveControllerData)
                  00005a90    00000014     ti_msp_dl_config.o (.text.DL_I2C_resetControllerTransfer)
                  00005aa4    00000014     ti_msp_dl_config.o (.text.DL_SYSCTL_disableSYSPLL)
                  00005ab8    00000014     ti_msp_dl_config.o (.text.DL_SYSCTL_enableSYSPLL)
                  00005acc    00000014     ti_msp_dl_config.o (.text.DL_Timer_enableClock)
                  00005ae0    00000014     ti_msp_dl_config.o (.text.DL_Timer_setCCPDirection)
                  00005af4    00000014     libclang_rt.builtins.a : aeabi_uldivmod.S.obj (.text.__aeabi_uldivmod)
                  00005b08    00000014     libc.a : _printfi.c.obj (.text.strchr)
                  00005b1c    00000012     angle_pid.o (.text.AnglePD_Reset)
                  00005b2e    00000012     driverlib.a : dl_uart.o (.text.DL_UART_setClockConfig)
                  00005b40    00000012     libc.a : memcpy16.S.obj (.text:TI_memcpy_small)
                  00005b52    00000012            : copy_decompress_none.c.obj (.text:decompress:none)
                  00005b64    00000010     ti_msp_dl_config.o (.text.DL_SYSCTL_disableHFXT)
                  00005b74    00000010     ti_msp_dl_config.o (.text.DL_SYSCTL_isFCCDone)
                  00005b84    00000010     ti_msp_dl_config.o (.text.DL_SYSCTL_startFCC)
                  00005b94    00000010     driverlib.a : dl_timer.o (.text.DL_Timer_setCaptureCompareValue)
                  00005ba4    00000010     interrupt.o (.text.SysTick_Handler)
                  00005bb4    00000010     oled_hardware_i2c.o (.text.delay_ms)
                  00005bc4    00000010     libc.a : wcslen.c.obj (.text.wcslen)
                  00005bd4    0000000e     libclang_rt.builtins.a : aeabi_memset.S.obj (.text.__aeabi_memset)
                  00005be2    0000000e     libc.a : _printfi.c.obj (.text.strlen)
                  00005bf0    0000000e            : memset16.S.obj (.text:TI_memset_small)
                  00005bfe    00000002     --HOLE-- [fill = 0]
                  00005c00    0000000c     ti_msp_dl_config.o (.text.DL_SYSCTL_getClockStatus)
                  00005c0c    0000000c     ti_msp_dl_config.o (.text.DL_SYSCTL_readFCC)
                  00005c18    0000000c     imu_ahrs.o (.text.IMU_AHRS_GetStatus)
                  00005c24    0000000c     imu_ahrs.o (.text.IMU_AHRS_TurnAngle_Get)
                  00005c30    0000000c     imu_ahrs.o (.text.IMU_AHRS_TurnAngle_Reset)
                  00005c3c    0000000c     ti_msp_dl_config.o (.text.SYSCFG_DL_SYSTICK_init)
                  00005c48    0000000c     turn.o (.text.Turn_GetCurrentError)
                  00005c54    0000000c     turn.o (.text.Turn_GetStableCount)
                  00005c60    0000000c     libclang_rt.builtins.a : aeabi_memset.S.obj (.text.__aeabi_memclr)
                  00005c6c    0000000a     driverlib.a : dl_common.o (.text.DL_Common_delayCycles)
                  00005c76    0000000a     interrupt.o (.text.GROUP1_IRQHandler)
                  00005c80    0000000a     libc.a : _printfi.c.obj (.text.OUTLINED_FUNCTION_0)
                  00005c8a    00000002     --HOLE-- [fill = 0]
                  00005c8c    00000010     libclang_rt.builtins.a : adddf3.S.obj (.tramp.__aeabi_dsub.1)
                  00005c9c    0000000a     libc.a : _printfi.c.obj (.text.OUTLINED_FUNCTION_1)
                  00005ca6    0000000a            : sprintf.c.obj (.text._outc)
                  00005cb0    00000008     imu_ahrs.o (.text.IMU_AHRS_GetData)
                  00005cb8    00000008     libc.a : aeabi_portable.c.obj (.text.__aeabi_errno_addr)
                  00005cc0    00000008     libclang_rt.builtins.a : aeabi_memcpy.S.obj (.text.__aeabi_memcpy)
                  00005cc8    00000006     libc.a : s_atanf.c.obj (.text.OUTLINED_FUNCTION_0)
                  00005cce    00000002     --HOLE-- [fill = 0]
                  00005cd0    00000010     libclang_rt.builtins.a : divsf3.S.obj (.tramp.__aeabi_fdiv.1)
                  00005ce0    00000006     libc.a : exit.c.obj (.text:abort)
                  00005ce6    00000004     startup_mspm0g350x_ticlang.o (.text.Default_Handler)
                  00005cea    00000004     libsysbm.a : hostexit.c.obj (.text.HOSTexit)
                  00005cee    00000004     libc.a : s_atanf.c.obj (.text.OUTLINED_FUNCTION_1)
                  00005cf2    00000002     --HOLE-- [fill = 0]
                  00005cf4    00000010     libclang_rt.builtins.a : addsf3.S.obj (.tramp.__aeabi_fadd.1)
                  00005d04    00000004     startup_mspm0g350x_ticlang.o (.text.Reset_Handler)
                  00005d08    00000010     libc.a : boot_cortex_m.c.obj (.tramp._c_int00_noargs.1)
                  00005d18    00000004            : pre_init.c.obj (.text._system_pre_init)
                  00005d1c    00000004     --HOLE-- [fill = 0]

.cinit     0    00006870    00000030     
                  00006870    0000000c     (__TI_handler_table)
                  0000687c    0000000a     (.cinit..data.load) [load image, compression = lzss]
                  00006886    00000002     --HOLE-- [fill = 0]
                  00006888    00000008     (.cinit..bss.load) [load image, compression = zero_init]
                  00006890    00000010     (__TI_cinit_table)

.rodata    0    00005d20    00000b50     
                  00005d20    000005f0     oled_hardware_i2c.o (.rodata.asc2_1608)
                  00006310    00000228     oled_hardware_i2c.o (.rodata.asc2_0806)
                  00006538    00000008     ti_msp_dl_config.o (.rodata.gPWM_0Config)
                  00006540    00000101     libc.a : aeabi_ctype.S.obj (.rodata:__aeabi_ctype_table_)
                  00006641    00000031     angle_pid.o (.rodata.str1.17946244033951315791.1)
                  00006672    0000002e     turn.o (.rodata.str1.15825708390215290014.1)
                  000066a0    00000029     turn.o (.rodata.str1.5629261088651828382.1)
                  000066c9    00000003     ti_msp_dl_config.o (.rodata.gPWM_0ClockConfig)
                  000066cc    00000028     ti_msp_dl_config.o (.rodata.gSYSPLLConfig)
                  000066f4    00000027     turn.o (.rodata.str1.12169309537937164861.1)
                  0000671b    00000023     turn.o (.rodata.str1.5746031573702582919.1)
                  0000673e    00000021     bsp_tb6612.o (.rodata.str1.15091695396400935675.1)
                  0000675f    00000021     turn.o (.rodata.str1.16597584144434937163.1)
                  00006780    00000020     libc.a : s_atanf.c.obj (.rodata.cst16)
                  000067a0    0000001c     turn.o (.rodata.str1.7630309525740087319.1)
                  000067bc    00000014     ti_msp_dl_config.o (.rodata.gTIMER_0TimerConfig)
                  000067d0    00000011     libc.a : _printfi.c.obj (.rodata.str1.10348868589481759720.1)
                  000067e1    00000011            : _printfi.c.obj (.rodata.str1.15363888844622738466.1)
                  000067f2    0000000d     main.o (.rodata.str1.15159059442110792349.1)
                  000067ff    0000000b     main.o (.rodata.str1.15996357275703397564.1)
                  0000680a    0000000a     ti_msp_dl_config.o (.rodata.gUART_0Config)
                  00006814    00000007     main.o (.rodata.str1.288608917962107522.1)
                  0000681b    00000006     main.o (.rodata.str1.14402440632258215044.1)
                  00006821    00000006     main.o (.rodata.str1.17100691992556644108.1)
                  00006827    00000006     main.o (.rodata.str1.18227636981041470289.1)
                  0000682d    00000006     main.o (.rodata.str1.2846389346932560359.1)
                  00006833    00000006     main.o (.rodata.str1.7702501944640899365.1)
                  00006839    00000006     main.o (.rodata.str1.8154729771448623357.1)
                  0000683f    00000005     main.o (.rodata.str1.12180500075719773345.1)
                  00006844    00000005     main.o (.rodata.str1.16265332423659789559.1)
                  00006849    00000005     main.o (.rodata.str1.2123964117280943167.1)
                  0000684e    00000005     main.o (.rodata.str1.8108965883388295311.1)
                  00006853    00000005     main.o (.rodata.str1.9059077390166914652.1)
                  00006858    00000004     main.o (.rodata.str1.14112174005742061988.1)
                  0000685c    00000003     ti_msp_dl_config.o (.rodata.gTIMER_0ClockConfig)
                  0000685f    00000002     ti_msp_dl_config.o (.rodata.gI2C_MPU6050ClockConfig)
                  00006861    00000002     ti_msp_dl_config.o (.rodata.gI2C_OLEDClockConfig)
                  00006863    00000002     ti_msp_dl_config.o (.rodata.gUART_0ClockConfig)
                  00006865    0000000b     --HOLE-- [fill = 0]

.init_array 
*          0    00000000    00000000     UNINITIALIZED

.binit     0    00000000    00000000     

.bss       0    20200000    0000018c     UNINITIALIZED
                  20200000    000000bc     (.common:gPWM_0Backup)
                  202000bc    00000058     imu_ahrs.o (.bss.g_imu)
                  20200114    00000020     (.common:oled_buffer)
                  20200134    00000014     turn.o (.bss.g_straight_pd)
                  20200148    00000014     turn.o (.bss.g_turn_pd)
                  2020015c    0000000e     imu_ahrs.o (.bss.g_calib_burst)
                  2020016a    00000001     turn.o (.bss.g_turn_stable_cnt)
                  2020016b    00000001     --HOLE--
                  2020016c    00000004     turn.o (.bss.g_straight_speed)
                  20200170    00000004     turn.o (.bss.g_straight_target_yaw)
                  20200174    00000004     turn.o (.bss.g_turn_error)
                  20200178    00000004     turn.o (.bss.g_turn_output)
                  2020017c    00000004     turn.o (.bss.g_turn_start_ms)
                  20200180    00000004     turn.o (.bss.g_turn_target)
                  20200184    00000004     (.common:start_time)
                  20200188    00000004     (.common:tick_ms)

.data      0    20200190    0000006e     UNINITIALIZED
                  20200190    00000008     imu_ahrs.o (.data.g_yaw_sum_t2)
                  20200198    00000008     imu_ahrs.o (.data.g_yaw_sum_t)
                  202001a0    00000008     imu_ahrs.o (.data.g_yaw_sum_ty)
                  202001a8    00000008     imu_ahrs.o (.data.g_yaw_sum_y)
                  202001b0    00000004     libc.a : aeabi_portable.c.obj (.data.__aeabi_errno)
                  202001b4    00000004     imu_ahrs.o (.data.g_calib_sum_x)
                  202001b8    00000004     imu_ahrs.o (.data.g_calib_sum_y)
                  202001bc    00000004     imu_ahrs.o (.data.g_calib_sum_z)
                  202001c0    00000004     imu_ahrs.o (.data.g_init_deadline)
                  202001c4    00000004     imu_ahrs.o (.data.g_init_start_time)
                  202001c8    00000004     imu_ahrs.o (.data.g_integral_fb_x)
                  202001cc    00000004     imu_ahrs.o (.data.g_integral_fb_y)
                  202001d0    00000004     imu_ahrs.o (.data.g_integral_fb_z)
                  202001d4    00000004     imu_ahrs.o (.data.g_turn_angle)
                  202001d8    00000004     imu_ahrs.o (.data.g_yaw_calib_count)
                  202001dc    00000004     imu_ahrs.o (.data.g_yaw_calib_start_time)
                  202001e0    00000004     imu_ahrs.o (.data.g_yaw_drift_k)
                  202001e4    00000004     imu_ahrs.o (.data.g_yaw_start_time)
                  202001e8    00000004     main.o (.data.main.last_update)
                  202001ec    00000004     main.o (.data.main.straight_start_ms)
                  202001f0    00000002     imu_ahrs.o (.data.g_calib_sample_idx)
                  202001f2    00000001     interrupt.o (.data.enable_group1_irq)
                  202001f3    00000001     imu_ahrs.o (.data.g_init_state)
                  202001f4    00000001     imu_ahrs.o (.data.g_status)
                  202001f5    00000001     turn.o (.data.g_straight_state)
                  202001f6    00000001     turn.o (.data.g_turn_state)
                  202001f7    00000001     imu_ahrs.o (.data.g_yaw_calib_state)
                  202001f8    00000001     imu_ahrs.o (.data.g_yaw_enable)
                  202001f9    00000001     main.o (.data.main.straight_active)
                  202001fa    00000001     main.o (.data.main.straight_started)
                  202001fb    00000001     main.o (.data.main.straight_stopped)
                  202001fc    00000001     main.o (.data.main.turn_ret)
                  202001fd    00000001     main.o (.data.main.yaw_calib_done)

.stack     0    20207e00    00000200     UNINITIALIZED
                  20207e00    00000004     libc.a : boot_cortex_m.c.obj (.stack)
                  20207e04    000001fc     --HOLE--

__llvm_prf_cnts 
*          0    20200000    00000000     UNINITIALIZED

__llvm_prf_bits 
*          0    20200000    00000000     UNINITIALIZED

MODULE SUMMARY

       Module                         code    ro data   rw data
       ------                         ----    -------   -------
    .\
       ti_msp_dl_config.o             2734    90        188    
       main.o                         892     96        45     
       startup_mspm0g350x_ticlang.o   8       192       0      
    +--+------------------------------+-------+---------+---------+
       Total:                         3634    378       233    
                                                               
    .\Drivers\AnglePID\
       angle_pid.o                    362     49        0      
    +--+------------------------------+-------+---------+---------+
       Total:                         362     49        0      
                                                               
    .\Drivers\IMU_AHRS\
       imu_ahrs.o                     3418    0         192    
       mspm0_i2c.o                    1368    0         0      
    +--+------------------------------+-------+---------+---------+
       Total:                         4786    0         192    
                                                               
    .\Drivers\MSPM0\
       clock.o                        328     0         8      
       board.o                        222     0         0      
       interrupt.o                    126     0         1      
    +--+------------------------------+-------+---------+---------+
       Total:                         676     0         9      
                                                               
    .\Drivers\OLED_Hardware_I2C\
       oled_hardware_i2c.o            1816    2072      0      
    +--+------------------------------+-------+---------+---------+
       Total:                         1816    2072      0      
                                                               
    .\Drivers\TB6612_Motor\
       turn.o                         1334    222       67     
       bsp_tb6612.o                   356     33        0      
    +--+------------------------------+-------+---------+---------+
       Total:                         1690    255       67     
                                                               
    D:/develop/TI/CCS/mspm0_sdk_2_10_00_04/source/ti/driverlib/lib/ticlang/m0p/mspm0g1x0x_g3x0x/driverlib.a
       dl_timer.o                     608     0         0      
       dl_sysctl_mspm0g1x0x_g3x0x.o   416     0         0      
       dl_i2c.o                       192     0         0      
       dl_uart.o                      90      0         0      
       dl_common.o                    10      0         0      
    +--+------------------------------+-------+---------+---------+
       Total:                         1316    0         0      
                                                               
    D:\develop\TI\CCS\ti_cgt_arm_llvm_4.0.4.LTS\lib\armv6m-ti-none-eabi/c/libc.a
       _printfi.c.obj                 4510    34        0      
       s_atanf.c.obj                  466     32        0      
       e_atan2f.c.obj                 280     0         0      
       aeabi_ctype.S.obj              0       257       0      
       s_scalbn.c.obj                 216     0         0      
       vsnprintf.c.obj                136     0         0      
       copy_decompress_lzss.c.obj     124     0         0      
       s_frexp.c.obj                  92      0         0      
       sprintf.c.obj                  90      0         0      
       _ltoa.c.obj                    88      0         0      
       atoi.c.obj                     64      0         0      
       autoinit.c.obj                 60      0         0      
       boot_cortex_m.c.obj            56      0         0      
       memccpy.c.obj                  34      0         0      
       copy_zero_init.c.obj           22      0         0      
       copy_decompress_none.c.obj     18      0         0      
       memcpy16.S.obj                 18      0         0      
       wcslen.c.obj                   16      0         0      
       memset16.S.obj                 14      0         0      
       aeabi_portable.c.obj           8       0         4      
       exit.c.obj                     6       0         0      
       pre_init.c.obj                 4       0         0      
    +--+------------------------------+-------+---------+---------+
       Total:                         6322    323       4      
                                                               
    D:\develop\TI\CCS\ti_cgt_arm_llvm_4.0.4.LTS\lib\armv6m-ti-none-eabi/c/libsysbm.a
       hostexit.c.obj                 4       0         0      
    +--+------------------------------+-------+---------+---------+
       Total:                         4       0         0      
                                                               
    D:\develop\TI\CCS\ti_cgt_arm_llvm_4.0.4.LTS\lib\armv6m-ti-none-eabi/libclang_rt.builtins.a
       adddf3.S.obj                   418     0         0      
       divdf3.S.obj                   268     0         0      
       addsf3.S.obj                   232     0         0      
       muldf3.S.obj                   228     0         0      
       comparedf2.c.obj               220     0         0      
       udivmoddi4.S.obj               162     0         0      
       divsf3.S.obj                   146     0         0      
       mulsf3.S.obj                   140     0         0      
       comparesf2.S.obj               118     0         0      
       truncdfsf2.S.obj               116     0         0      
       aeabi_dcmp.S.obj               98      0         0      
       aeabi_fcmp.S.obj               98      0         0      
       aeabi_idivmod.S.obj            86      0         0      
       fixdfsi.S.obj                  74      0         0      
       aeabi_uidivmod.S.obj           64      0         0      
       extendsfdf2.S.obj              64      0         0      
       floatsisf.S.obj                60      0         0      
       muldsi3.S.obj                  58      0         0      
       fixsfsi.S.obj                  56      0         0      
       fixunssfsi.S.obj               50      0         0      
       floatsidf.S.obj                44      0         0      
       floatunsisf.S.obj              40      0         0      
       floatunsidf.S.obj              36      0         0      
       muldi3.S.obj                   36      0         0      
       ashldi3.S.obj                  30      0         0      
       aeabi_memset.S.obj             26      0         0      
       aeabi_uldivmod.S.obj           20      0         0      
       aeabi_memcpy.S.obj             8       0         0      
       aeabi_div0.c.obj               4       0         0      
    +--+------------------------------+-------+---------+---------+
       Total:                         3000    0         0      
                                                               
       Stack:                         0       0         512    
       Linker Generated:              0       46        0      
    +--+------------------------------+-------+---------+---------+
       Grand Total:                   23606   3123      1017   


LINKER GENERATED COPY TABLES

__TI_cinit_table @ 00006890 records: 2, size/record: 8, table size: 16
	.data: load addr=0000687c, load size=0000000a bytes, run addr=20200190, run size=0000006e bytes, compression=lzss
	.bss: load addr=00006888, load size=00000008 bytes, run addr=20200000, run size=0000018c bytes, compression=zero_init


LINKER GENERATED HANDLER TABLE

__TI_handler_table @ 00006870 records: 3, size/record: 4, table size: 12
	index: 0, handler: __TI_decompress_lzss
	index: 1, handler: __TI_decompress_none
	index: 2, handler: __TI_zero_init


FAR CALL TRAMPOLINES

callee name               trampoline name
   callee addr  tramp addr   call addr  call info
--------------  -----------  ---------  ----------------
__aeabi_dsub              $Tramp$TT$L$PI$$__aeabi_dsub
   00001d7d     00005c8c     00005c88   libc.a : _printfi.c.obj (.text.OUTLINED_FUNCTION_0)
__aeabi_fdiv              $Tramp$TT$L$PI$$__aeabi_fdiv
   00003a19     00005cd0     00005ccc   libc.a : s_atanf.c.obj (.text.OUTLINED_FUNCTION_0)
__aeabi_fadd              $Tramp$TT$L$PI$$__aeabi_fadd
   0000304b     00005cf4     00005cf0   libc.a : s_atanf.c.obj (.text.OUTLINED_FUNCTION_1)
_c_int00_noargs           $Tramp$TT$L$PI$$_c_int00_noargs
   000052a5     00005d08     00005d04   startup_mspm0g350x_ticlang.o (.text.Reset_Handler)

[4 trampolines]
[4 trampoline calls]


GLOBAL SYMBOLS: SORTED ALPHABETICALLY BY Name 

address   name                                 
-------   ----                                 
00005ce7  ADC0_IRQHandler                      
00005ce7  ADC1_IRQHandler                      
00005ce7  AES_IRQHandler                       
00003a9d  AO_Control                           
00003f21  AnglePD_Init                         
00005b1d  AnglePD_Reset                        
00003441  AnglePD_Update                       
00003b1d  BO_Control                           
00005cea  C$$EXIT                              
00005ce7  CANFD0_IRQHandler                    
00005ce7  DAC0_IRQHandler                      
00005c6d  DL_Common_delayCycles                
000041d5  DL_I2C_fillControllerTXFIFO          
00004cd5  DL_I2C_flushControllerTXFIFO         
000052f3  DL_I2C_setClockConfig                
000054e9  DL_SYSCTL_configFCC                  
00002e8d  DL_SYSCTL_configSYSPLL               
00003f85  DL_SYSCTL_setHFCLKSourceHFXTParams   
00004ac9  DL_SYSCTL_switchMCLKfromSYSOSCtoHSCLK
000029b9  DL_Timer_initFourCCPWMMode           
00002bc1  DL_Timer_initTimerMode               
00005575  DL_Timer_setCaptCompUpdateMethod     
000058ed  DL_Timer_setCaptureCompareOutCtl     
00005b95  DL_Timer_setCaptureCompareValue      
00005591  DL_Timer_setClockConfig              
000049a9  DL_UART_init                         
00005b2f  DL_UART_setClockConfig               
00005ce7  DMA_IRQHandler                       
00005ce7  Default_Handler                      
00005ce7  GROUP0_IRQHandler                    
00005c77  GROUP1_IRQHandler                    
000031ed  GoStraight_Poll                      
00003591  GoStraight_Start                     
000055ad  GoStraight_Stop                      
00005ceb  HOSTexit                             
00005ce7  HardFault_Handler                    
00005ce7  I2C0_IRQHandler                      
00005ce7  I2C1_IRQHandler                      
000055c9  IMU_AHRS_Attitude_Enable             
00005cb1  IMU_AHRS_GetData                     
00005c19  IMU_AHRS_GetStatus                   
00003fe9  IMU_AHRS_Get_Yaw_Compensated         
00002079  IMU_AHRS_Init_Poll                   
00003631  IMU_AHRS_Init_Start                  
00005c25  IMU_AHRS_TurnAngle_Get               
00005c31  IMU_AHRS_TurnAngle_Reset             
00000a91  IMU_AHRS_Update_Attitude             
00001f11  IMU_AHRS_Update_Data                 
000017f9  IMU_AHRS_Yaw_Calib_Poll              
00004739  IMU_AHRS_Yaw_Calib_Start             
000055e5  Interrupt_Init                       
00005ce7  NMI_Handler                          
00003de5  OLED_Clear                           
0000279d  OLED_Init                            
00004d4d  OLED_Set_Pos                         
0000256d  OLED_ShowChar                        
00003d75  OLED_ShowString                      
000036d1  OLED_WR_Byte                         
00005ce7  PendSV_Handler                       
00005ce7  RTC_IRQHandler                       
00005d05  Reset_Handler                        
00005ce7  SPI0_IRQHandler                      
00005ce7  SPI1_IRQHandler                      
00005ce7  SVC_Handler                          
00002abd  SYSCFG_DL_GPIO_init                  
00004349  SYSCFG_DL_I2C_MPU6050_init           
000043a1  SYSCFG_DL_I2C_OLED_init              
00003769  SYSCFG_DL_PWM_0_init                 
00002cbd  SYSCFG_DL_SYSCTL_SYSPLL_init         
00003c19  SYSCFG_DL_SYSCTL_init                
00005c3d  SYSCFG_DL_SYSTICK_init               
00004d89  SYSCFG_DL_TIMER_0_init               
00004b95  SYSCFG_DL_UART_0_init                
0000500d  SYSCFG_DL_init                       
000037f9  SYSCFG_DL_initPower                  
00005ba5  SysTick_Handler                      
0000594d  SysTick_Init                         
00004f65  TB6612_Motor_Stop                    
00005ce7  TIMA0_IRQHandler                     
00005ce7  TIMA1_IRQHandler                     
00005ce7  TIMG0_IRQHandler                     
00005ce7  TIMG12_IRQHandler                    
00005ce7  TIMG6_IRQHandler                     
00005ce7  TIMG7_IRQHandler                     
00005ce7  TIMG8_IRQHandler                     
00005b41  TI_memcpy_small                      
00005bf1  TI_memset_small                      
00004b51  TurnByAngle_Start                    
00003119  TurnToAngle_Start                    
00005c49  Turn_GetCurrentError                 
00005c55  Turn_GetStableCount                  
000013ad  Turn_Poll                            
00005ce7  UART0_IRQHandler                     
00005ce7  UART1_IRQHandler                     
00005ce7  UART2_IRQHandler                     
00005ce7  UART3_IRQHandler                     
20208000  __STACK_END                          
00000200  __STACK_SIZE                         
00000000  __TI_ATRegion0_region_sz             
00000000  __TI_ATRegion0_src_addr              
00000000  __TI_ATRegion0_trg_addr              
00000000  __TI_ATRegion1_region_sz             
00000000  __TI_ATRegion1_src_addr              
00000000  __TI_ATRegion1_trg_addr              
00000000  __TI_ATRegion2_region_sz             
00000000  __TI_ATRegion2_src_addr              
00000000  __TI_ATRegion2_trg_addr              
00006890  __TI_CINIT_Base                      
000068a0  __TI_CINIT_Limit                     
000068a0  __TI_CINIT_Warm                      
00006870  __TI_Handler_Table_Base              
0000687c  __TI_Handler_Table_Limit             
00004e79  __TI_auto_init_nobinit_nopinit       
00003b9d  __TI_decompress_lzss                 
00005b53  __TI_decompress_none                 
000043f9  __TI_ltoa                            
ffffffff  __TI_pprof_out_hndl                  
000000c1  __TI_printfi                         
ffffffff  __TI_prof_data_size                  
ffffffff  __TI_prof_data_start                 
00000000  __TI_static_base__                   
00005a03  __TI_zero_init_nomemset              
00001d87  __adddf3                             
0000304b  __addsf3                             
00006540  __aeabi_ctype_table_                 
00006540  __aeabi_ctype_table_C                
00003d01  __aeabi_d2f                          
0000495d  __aeabi_d2iz                         
00001d87  __aeabi_dadd                         
0000404d  __aeabi_dcmpeq                       
00004089  __aeabi_dcmpge                       
0000409d  __aeabi_dcmpgt                       
00004075  __aeabi_dcmple                       
00004061  __aeabi_dcmplt                       
000028ad  __aeabi_ddiv                         
00002da9  __aeabi_dmul                         
00001d7d  __aeabi_dsub                         
202001b0  __aeabi_errno                        
00005cb9  __aeabi_errno_addr                   
00004c15  __aeabi_f2d                          
00004f9d  __aeabi_f2iz                         
00005041  __aeabi_f2uiz                        
0000304b  __aeabi_fadd                         
000040b1  __aeabi_fcmpeq                       
000040ed  __aeabi_fcmpge                       
00004101  __aeabi_fcmpgt                       
000040d9  __aeabi_fcmple                       
000040c5  __aeabi_fcmplt                       
00003a19  __aeabi_fdiv                         
00003885  __aeabi_fmul                         
00003041  __aeabi_fsub                         
00005131  __aeabi_i2d                          
00004dc5  __aeabi_i2f                          
000044a9  __aeabi_idiv                         
00001f0f  __aeabi_idiv0                        
000044a9  __aeabi_idivmod                      
0000358f  __aeabi_ldiv0                        
000053e9  __aeabi_llsl                         
0000533d  __aeabi_lmul                         
00005c61  __aeabi_memclr                       
00005c61  __aeabi_memclr4                      
00005c61  __aeabi_memclr8                      
00005cc1  __aeabi_memcpy                       
00005cc1  __aeabi_memcpy4                      
00005cc1  __aeabi_memcpy8                      
00005bd5  __aeabi_memset                       
00005bd5  __aeabi_memset4                      
00005bd5  __aeabi_memset8                      
00005319  __aeabi_ui2d                         
0000527d  __aeabi_ui2f                         
00004bd5  __aeabi_uidiv                        
00004bd5  __aeabi_uidivmod                     
00005af5  __aeabi_uldivmod                     
000053e9  __ashldi3                            
ffffffff  __binit__                            
00003e51  __cmpdf2                             
00004eb5  __cmpsf2                             
000028ad  __divdf3                             
00003a19  __divsf3                             
00003e51  __eqdf2                              
00004eb5  __eqsf2                              
00004c15  __extendsfdf2                        
0000495d  __fixdfsi                            
00004f9d  __fixsfsi                            
00005041  __fixunssfsi                         
00005131  __floatsidf                          
00004dc5  __floatsisf                          
00005319  __floatunsidf                        
0000527d  __floatunsisf                        
00003c8d  __gedf2                              
00004e01  __gesf2                              
00003c8d  __gtdf2                              
00004e01  __gtsf2                              
00003e51  __ledf2                              
00004eb5  __lesf2                              
00003e51  __ltdf2                              
00004eb5  __ltsf2                              
UNDEFED   __mpu_init                           
00002da9  __muldf3                             
0000533d  __muldi3                             
00004ef1  __muldsi3                            
00003885  __mulsf3                             
00003e51  __nedf2                              
00004eb5  __nesf2                              
20207e00  __stack                              
20200000  __start___llvm_prf_bits              
20200000  __start___llvm_prf_cnts              
20200000  __stop___llvm_prf_bits               
20200000  __stop___llvm_prf_cnts               
00001d7d  __subdf3                             
00003041  __subsf3                             
00003d01  __truncdfsf2                         
000034ed  __udivmoddi4                         
000052a5  _c_int00_noargs                      
UNDEFED   _system_post_cinit                   
00005d19  _system_pre_init                     
00005ce1  abort                                
00006310  asc2_0806                            
00005d20  asc2_1608                            
00002685  atan2f                               
00001bb5  atanf                                
00004c55  atoi                                 
ffffffff  binit                                
00005bb5  delay_ms                             
202001f2  enable_group1_irq                    
00004235  frexp                                
00004235  frexpl                               
20200000  gPWM_0Backup                         
00000000  interruptVectors                     
00004a39  lc_printf                            
00002f69  ldexp                                
00002f69  ldexpl                               
00001031  main                                 
00005385  memccpy                              
00004115  mpu6050_i2c_sda_unlock               
000050d5  mspm0_delay_ms                       
0000515d  mspm0_get_clock_ms                   
00002319  mspm0_i2c_read                       
0000337d  mspm0_i2c_write                      
20200114  oled_buffer                          
00004175  oled_i2c_sda_unlock                  
00002f69  scalbn                               
00002f69  scalbnl                              
00004fd5  sprintf                              
20200184  start_time                           
20200188  tick_ms                              
00004c95  vsnprintf                            
00005bc5  wcslen                               


GLOBAL SYMBOLS: SORTED BY Symbol Address 

address   name                                 
-------   ----                                 
00000000  __TI_ATRegion0_region_sz             
00000000  __TI_ATRegion0_src_addr              
00000000  __TI_ATRegion0_trg_addr              
00000000  __TI_ATRegion1_region_sz             
00000000  __TI_ATRegion1_src_addr              
00000000  __TI_ATRegion1_trg_addr              
00000000  __TI_ATRegion2_region_sz             
00000000  __TI_ATRegion2_src_addr              
00000000  __TI_ATRegion2_trg_addr              
00000000  __TI_static_base__                   
00000000  interruptVectors                     
000000c1  __TI_printfi                         
00000200  __STACK_SIZE                         
00000a91  IMU_AHRS_Update_Attitude             
00001031  main                                 
000013ad  Turn_Poll                            
000017f9  IMU_AHRS_Yaw_Calib_Poll              
00001bb5  atanf                                
00001d7d  __aeabi_dsub                         
00001d7d  __subdf3                             
00001d87  __adddf3                             
00001d87  __aeabi_dadd                         
00001f0f  __aeabi_idiv0                        
00001f11  IMU_AHRS_Update_Data                 
00002079  IMU_AHRS_Init_Poll                   
00002319  mspm0_i2c_read                       
0000256d  OLED_ShowChar                        
00002685  atan2f                               
0000279d  OLED_Init                            
000028ad  __aeabi_ddiv                         
000028ad  __divdf3                             
000029b9  DL_Timer_initFourCCPWMMode           
00002abd  SYSCFG_DL_GPIO_init                  
00002bc1  DL_Timer_initTimerMode               
00002cbd  SYSCFG_DL_SYSCTL_SYSPLL_init         
00002da9  __aeabi_dmul                         
00002da9  __muldf3                             
00002e8d  DL_SYSCTL_configSYSPLL               
00002f69  ldexp                                
00002f69  ldexpl                               
00002f69  scalbn                               
00002f69  scalbnl                              
00003041  __aeabi_fsub                         
00003041  __subsf3                             
0000304b  __addsf3                             
0000304b  __aeabi_fadd                         
00003119  TurnToAngle_Start                    
000031ed  GoStraight_Poll                      
0000337d  mspm0_i2c_write                      
00003441  AnglePD_Update                       
000034ed  __udivmoddi4                         
0000358f  __aeabi_ldiv0                        
00003591  GoStraight_Start                     
00003631  IMU_AHRS_Init_Start                  
000036d1  OLED_WR_Byte                         
00003769  SYSCFG_DL_PWM_0_init                 
000037f9  SYSCFG_DL_initPower                  
00003885  __aeabi_fmul                         
00003885  __mulsf3                             
00003a19  __aeabi_fdiv                         
00003a19  __divsf3                             
00003a9d  AO_Control                           
00003b1d  BO_Control                           
00003b9d  __TI_decompress_lzss                 
00003c19  SYSCFG_DL_SYSCTL_init                
00003c8d  __gedf2                              
00003c8d  __gtdf2                              
00003d01  __aeabi_d2f                          
00003d01  __truncdfsf2                         
00003d75  OLED_ShowString                      
00003de5  OLED_Clear                           
00003e51  __cmpdf2                             
00003e51  __eqdf2                              
00003e51  __ledf2                              
00003e51  __ltdf2                              
00003e51  __nedf2                              
00003f21  AnglePD_Init                         
00003f85  DL_SYSCTL_setHFCLKSourceHFXTParams   
00003fe9  IMU_AHRS_Get_Yaw_Compensated         
0000404d  __aeabi_dcmpeq                       
00004061  __aeabi_dcmplt                       
00004075  __aeabi_dcmple                       
00004089  __aeabi_dcmpge                       
0000409d  __aeabi_dcmpgt                       
000040b1  __aeabi_fcmpeq                       
000040c5  __aeabi_fcmplt                       
000040d9  __aeabi_fcmple                       
000040ed  __aeabi_fcmpge                       
00004101  __aeabi_fcmpgt                       
00004115  mpu6050_i2c_sda_unlock               
00004175  oled_i2c_sda_unlock                  
000041d5  DL_I2C_fillControllerTXFIFO          
00004235  frexp                                
00004235  frexpl                               
00004349  SYSCFG_DL_I2C_MPU6050_init           
000043a1  SYSCFG_DL_I2C_OLED_init              
000043f9  __TI_ltoa                            
000044a9  __aeabi_idiv                         
000044a9  __aeabi_idivmod                      
00004739  IMU_AHRS_Yaw_Calib_Start             
0000495d  __aeabi_d2iz                         
0000495d  __fixdfsi                            
000049a9  DL_UART_init                         
00004a39  lc_printf                            
00004ac9  DL_SYSCTL_switchMCLKfromSYSOSCtoHSCLK
00004b51  TurnByAngle_Start                    
00004b95  SYSCFG_DL_UART_0_init                
00004bd5  __aeabi_uidiv                        
00004bd5  __aeabi_uidivmod                     
00004c15  __aeabi_f2d                          
00004c15  __extendsfdf2                        
00004c55  atoi                                 
00004c95  vsnprintf                            
00004cd5  DL_I2C_flushControllerTXFIFO         
00004d4d  OLED_Set_Pos                         
00004d89  SYSCFG_DL_TIMER_0_init               
00004dc5  __aeabi_i2f                          
00004dc5  __floatsisf                          
00004e01  __gesf2                              
00004e01  __gtsf2                              
00004e79  __TI_auto_init_nobinit_nopinit       
00004eb5  __cmpsf2                             
00004eb5  __eqsf2                              
00004eb5  __lesf2                              
00004eb5  __ltsf2                              
00004eb5  __nesf2                              
00004ef1  __muldsi3                            
00004f65  TB6612_Motor_Stop                    
00004f9d  __aeabi_f2iz                         
00004f9d  __fixsfsi                            
00004fd5  sprintf                              
0000500d  SYSCFG_DL_init                       
00005041  __aeabi_f2uiz                        
00005041  __fixunssfsi                         
000050d5  mspm0_delay_ms                       
00005131  __aeabi_i2d                          
00005131  __floatsidf                          
0000515d  mspm0_get_clock_ms                   
0000527d  __aeabi_ui2f                         
0000527d  __floatunsisf                        
000052a5  _c_int00_noargs                      
000052f3  DL_I2C_setClockConfig                
00005319  __aeabi_ui2d                         
00005319  __floatunsidf                        
0000533d  __aeabi_lmul                         
0000533d  __muldi3                             
00005385  memccpy                              
000053e9  __aeabi_llsl                         
000053e9  __ashldi3                            
000054e9  DL_SYSCTL_configFCC                  
00005575  DL_Timer_setCaptCompUpdateMethod     
00005591  DL_Timer_setClockConfig              
000055ad  GoStraight_Stop                      
000055c9  IMU_AHRS_Attitude_Enable             
000055e5  Interrupt_Init                       
000058ed  DL_Timer_setCaptureCompareOutCtl     
0000594d  SysTick_Init                         
00005a03  __TI_zero_init_nomemset              
00005af5  __aeabi_uldivmod                     
00005b1d  AnglePD_Reset                        
00005b2f  DL_UART_setClockConfig               
00005b41  TI_memcpy_small                      
00005b53  __TI_decompress_none                 
00005b95  DL_Timer_setCaptureCompareValue      
00005ba5  SysTick_Handler                      
00005bb5  delay_ms                             
00005bc5  wcslen                               
00005bd5  __aeabi_memset                       
00005bd5  __aeabi_memset4                      
00005bd5  __aeabi_memset8                      
00005bf1  TI_memset_small                      
00005c19  IMU_AHRS_GetStatus                   
00005c25  IMU_AHRS_TurnAngle_Get               
00005c31  IMU_AHRS_TurnAngle_Reset             
00005c3d  SYSCFG_DL_SYSTICK_init               
00005c49  Turn_GetCurrentError                 
00005c55  Turn_GetStableCount                  
00005c61  __aeabi_memclr                       
00005c61  __aeabi_memclr4                      
00005c61  __aeabi_memclr8                      
00005c6d  DL_Common_delayCycles                
00005c77  GROUP1_IRQHandler                    
00005cb1  IMU_AHRS_GetData                     
00005cb9  __aeabi_errno_addr                   
00005cc1  __aeabi_memcpy                       
00005cc1  __aeabi_memcpy4                      
00005cc1  __aeabi_memcpy8                      
00005ce1  abort                                
00005ce7  ADC0_IRQHandler                      
00005ce7  ADC1_IRQHandler                      
00005ce7  AES_IRQHandler                       
00005ce7  CANFD0_IRQHandler                    
00005ce7  DAC0_IRQHandler                      
00005ce7  DMA_IRQHandler                       
00005ce7  Default_Handler                      
00005ce7  GROUP0_IRQHandler                    
00005ce7  HardFault_Handler                    
00005ce7  I2C0_IRQHandler                      
00005ce7  I2C1_IRQHandler                      
00005ce7  NMI_Handler                          
00005ce7  PendSV_Handler                       
00005ce7  RTC_IRQHandler                       
00005ce7  SPI0_IRQHandler                      
00005ce7  SPI1_IRQHandler                      
00005ce7  SVC_Handler                          
00005ce7  TIMA0_IRQHandler                     
00005ce7  TIMA1_IRQHandler                     
00005ce7  TIMG0_IRQHandler                     
00005ce7  TIMG12_IRQHandler                    
00005ce7  TIMG6_IRQHandler                     
00005ce7  TIMG7_IRQHandler                     
00005ce7  TIMG8_IRQHandler                     
00005ce7  UART0_IRQHandler                     
00005ce7  UART1_IRQHandler                     
00005ce7  UART2_IRQHandler                     
00005ce7  UART3_IRQHandler                     
00005cea  C$$EXIT                              
00005ceb  HOSTexit                             
00005d05  Reset_Handler                        
00005d19  _system_pre_init                     
00005d20  asc2_1608                            
00006310  asc2_0806                            
00006540  __aeabi_ctype_table_                 
00006540  __aeabi_ctype_table_C                
00006870  __TI_Handler_Table_Base              
0000687c  __TI_Handler_Table_Limit             
00006890  __TI_CINIT_Base                      
000068a0  __TI_CINIT_Limit                     
000068a0  __TI_CINIT_Warm                      
20200000  __start___llvm_prf_bits              
20200000  __start___llvm_prf_cnts              
20200000  __stop___llvm_prf_bits               
20200000  __stop___llvm_prf_cnts               
20200000  gPWM_0Backup                         
20200114  oled_buffer                          
20200184  start_time                           
20200188  tick_ms                              
202001b0  __aeabi_errno                        
202001f2  enable_group1_irq                    
20207e00  __stack                              
20208000  __STACK_END                          
ffffffff  __TI_pprof_out_hndl                  
ffffffff  __TI_prof_data_size                  
ffffffff  __TI_prof_data_start                 
ffffffff  __binit__                            
ffffffff  binit                                
UNDEFED   __mpu_init                           
UNDEFED   _system_post_cinit                   

[248 symbols]
