<?xml version="1.0" encoding="ISO-8859-1" ?>
<link_info>
   <banner>TI ARM Clang Linker PC v4.0.4.LTS</banner>
   <copyright>Copyright (c) 1996-2018 Texas Instruments Incorporated</copyright>
   <command_line>D:\develop\TI\CCS\ti_cgt_arm_llvm_4.0.4.LTS\bin\tiarmlnk -ID:\develop\TI\CCS\ti_cgt_arm_llvm_4.0.4.LTS\lib -o mpu6050-oled-hardware-i2c.out -mmpu6050-oled-hardware-i2c.map -iD:/develop/TI/CCS/mspm0_sdk_2_10_00_04/source -iD:/develop/TI/mpu6050-oled-hardware-i2c -iD:/develop/TI/mpu6050-oled-hardware-i2c/Debug/syscfg -iD:/develop/TI/CCS/ti_cgt_arm_llvm_4.0.4.LTS/lib --diag_wrap=off --display_error_number --warn_sections --xml_link_info=mpu6050-oled-hardware-i2c_linkInfo.xml --rom_model ./main.o ./ti_msp_dl_config.o ./startup_mspm0g350x_ticlang.o ./Drivers/IMU_AHRS/imu_ahrs.o ./Drivers/IMU_AHRS/mspm0_i2c.o ./Drivers/MSPM0/clock.o ./Drivers/MSPM0/interrupt.o ./Drivers/OLED_Hardware_I2C/oled_hardware_i2c.o -l./device_linker.cmd -ldevice.cmd.genlibs -llibc.a -lD:/develop/TI/CCS/mspm0_sdk_2_10_00_04/source/ti/driverlib/lib/ticlang/m0p/mspm0g1x0x_g3x0x/driverlib.a --start-group -llibc++.a -llibc++abi.a -llibc.a -llibsys.a -llibsysbm.a -llibclang_rt.builtins.a -llibclang_rt.profile.a --end-group --cg_opt_level=0</command_line>
   <link_time>0x6a5892cb</link_time>
   <link_errors>0x0</link_errors>
   <output_file>D:\develop\TI\mpu6050-oled-hardware-i2c\Debug\mpu6050-oled-hardware-i2c.out</output_file>
   <entry_point>
      <name>_c_int00_noargs</name>
      <address>0x41dd</address>
   </entry_point>
   <input_file_list>
      <input_file id="fl-1">
         <path>D:\develop\TI\mpu6050-oled-hardware-i2c\Debug\.\</path>
         <kind>object</kind>
         <file>main.o</file>
         <name>main.o</name>
      </input_file>
      <input_file id="fl-2">
         <path>D:\develop\TI\mpu6050-oled-hardware-i2c\Debug\.\</path>
         <kind>object</kind>
         <file>ti_msp_dl_config.o</file>
         <name>ti_msp_dl_config.o</name>
      </input_file>
      <input_file id="fl-3">
         <path>D:\develop\TI\mpu6050-oled-hardware-i2c\Debug\.\</path>
         <kind>object</kind>
         <file>startup_mspm0g350x_ticlang.o</file>
         <name>startup_mspm0g350x_ticlang.o</name>
      </input_file>
      <input_file id="fl-4">
         <path>D:\develop\TI\mpu6050-oled-hardware-i2c\Debug\.\Drivers\IMU_AHRS\</path>
         <kind>object</kind>
         <file>imu_ahrs.o</file>
         <name>imu_ahrs.o</name>
      </input_file>
      <input_file id="fl-5">
         <path>D:\develop\TI\mpu6050-oled-hardware-i2c\Debug\.\Drivers\IMU_AHRS\</path>
         <kind>object</kind>
         <file>mspm0_i2c.o</file>
         <name>mspm0_i2c.o</name>
      </input_file>
      <input_file id="fl-6">
         <path>D:\develop\TI\mpu6050-oled-hardware-i2c\Debug\.\Drivers\MSPM0\</path>
         <kind>object</kind>
         <file>clock.o</file>
         <name>clock.o</name>
      </input_file>
      <input_file id="fl-7">
         <path>D:\develop\TI\mpu6050-oled-hardware-i2c\Debug\.\Drivers\MSPM0\</path>
         <kind>object</kind>
         <file>interrupt.o</file>
         <name>interrupt.o</name>
      </input_file>
      <input_file id="fl-8">
         <path>D:\develop\TI\mpu6050-oled-hardware-i2c\Debug\.\Drivers\OLED_Hardware_I2C\</path>
         <kind>object</kind>
         <file>oled_hardware_i2c.o</file>
         <name>oled_hardware_i2c.o</name>
      </input_file>
      <input_file id="fl-16">
         <path>D:\develop\TI\mpu6050-oled-hardware-i2c\Debug\</path>
         <kind>object</kind>
         <file>&lt;internal&gt;</file>
         <name>&lt;internal&gt;</name>
      </input_file>
      <input_file id="fl-17">
         <path>D:\develop\TI\CCS\mspm0_sdk_2_10_00_04\source\ti\driverlib\lib\ticlang\m0p\mspm0g1x0x_g3x0x\</path>
         <kind>archive</kind>
         <file>driverlib.a</file>
         <name>dl_common.o</name>
      </input_file>
      <input_file id="fl-18">
         <path>D:\develop\TI\CCS\mspm0_sdk_2_10_00_04\source\ti\driverlib\lib\ticlang\m0p\mspm0g1x0x_g3x0x\</path>
         <kind>archive</kind>
         <file>driverlib.a</file>
         <name>dl_i2c.o</name>
      </input_file>
      <input_file id="fl-19">
         <path>D:\develop\TI\CCS\mspm0_sdk_2_10_00_04\source\ti\driverlib\lib\ticlang\m0p\mspm0g1x0x_g3x0x\</path>
         <kind>archive</kind>
         <file>driverlib.a</file>
         <name>dl_sysctl_mspm0g1x0x_g3x0x.o</name>
      </input_file>
      <input_file id="fl-30">
         <path>D:\develop\TI\CCS\ti_cgt_arm_llvm_4.0.4.LTS\lib\armv6m-ti-none-eabi\c\</path>
         <kind>archive</kind>
         <file>libc.a</file>
         <name>e_atan2f.c.obj</name>
      </input_file>
      <input_file id="fl-31">
         <path>D:\develop\TI\CCS\ti_cgt_arm_llvm_4.0.4.LTS\lib\armv6m-ti-none-eabi\c\</path>
         <kind>archive</kind>
         <file>libc.a</file>
         <name>s_atanf.c.obj</name>
      </input_file>
      <input_file id="fl-32">
         <path>D:\develop\TI\CCS\ti_cgt_arm_llvm_4.0.4.LTS\lib\armv6m-ti-none-eabi\c\</path>
         <kind>archive</kind>
         <file>libc.a</file>
         <name>sprintf.c.obj</name>
      </input_file>
      <input_file id="fl-33">
         <path>D:\develop\TI\CCS\ti_cgt_arm_llvm_4.0.4.LTS\lib\armv6m-ti-none-eabi\c\</path>
         <kind>archive</kind>
         <file>libc.a</file>
         <name>boot_cortex_m.c.obj</name>
      </input_file>
      <input_file id="fl-34">
         <path>D:\develop\TI\CCS\ti_cgt_arm_llvm_4.0.4.LTS\lib\armv6m-ti-none-eabi\c\</path>
         <kind>archive</kind>
         <file>libc.a</file>
         <name>mathacl_init.c.obj</name>
      </input_file>
      <input_file id="fl-35">
         <path>D:\develop\TI\CCS\ti_cgt_arm_llvm_4.0.4.LTS\lib\armv6m-ti-none-eabi\c\</path>
         <kind>archive</kind>
         <file>libc.a</file>
         <name>autoinit.c.obj</name>
      </input_file>
      <input_file id="fl-36">
         <path>D:\develop\TI\CCS\ti_cgt_arm_llvm_4.0.4.LTS\lib\armv6m-ti-none-eabi\c\</path>
         <kind>archive</kind>
         <file>libc.a</file>
         <name>pre_init.c.obj</name>
      </input_file>
      <input_file id="fl-37">
         <path>D:\develop\TI\CCS\ti_cgt_arm_llvm_4.0.4.LTS\lib\armv6m-ti-none-eabi\c\</path>
         <kind>archive</kind>
         <file>libc.a</file>
         <name>cpy_tbl.c.obj</name>
      </input_file>
      <input_file id="fl-38">
         <path>D:\develop\TI\CCS\ti_cgt_arm_llvm_4.0.4.LTS\lib\armv6m-ti-none-eabi\c\</path>
         <kind>archive</kind>
         <file>libc.a</file>
         <name>copy_zero_init.c.obj</name>
      </input_file>
      <input_file id="fl-39">
         <path>D:\develop\TI\CCS\ti_cgt_arm_llvm_4.0.4.LTS\lib\armv6m-ti-none-eabi\c\</path>
         <kind>archive</kind>
         <file>libc.a</file>
         <name>copy_decompress_none.c.obj</name>
      </input_file>
      <input_file id="fl-3a">
         <path>D:\develop\TI\CCS\ti_cgt_arm_llvm_4.0.4.LTS\lib\armv6m-ti-none-eabi\c\</path>
         <kind>archive</kind>
         <file>libc.a</file>
         <name>copy_decompress_lzss.c.obj</name>
      </input_file>
      <input_file id="fl-3b">
         <path>D:\develop\TI\CCS\ti_cgt_arm_llvm_4.0.4.LTS\lib\armv6m-ti-none-eabi\c\</path>
         <kind>archive</kind>
         <file>libc.a</file>
         <name>_printfi.c.obj</name>
      </input_file>
      <input_file id="fl-3c">
         <path>D:\develop\TI\CCS\ti_cgt_arm_llvm_4.0.4.LTS\lib\armv6m-ti-none-eabi\c\</path>
         <kind>archive</kind>
         <file>libc.a</file>
         <name>aeabi_portable.c.obj</name>
      </input_file>
      <input_file id="fl-3d">
         <path>D:\develop\TI\CCS\ti_cgt_arm_llvm_4.0.4.LTS\lib\armv6m-ti-none-eabi\c\</path>
         <kind>archive</kind>
         <file>libc.a</file>
         <name>exit.c.obj</name>
      </input_file>
      <input_file id="fl-3e">
         <path>D:\develop\TI\CCS\ti_cgt_arm_llvm_4.0.4.LTS\lib\armv6m-ti-none-eabi\c\</path>
         <kind>archive</kind>
         <file>libc.a</file>
         <name>_lock.c.obj</name>
      </input_file>
      <input_file id="fl-3f">
         <path>D:\develop\TI\CCS\ti_cgt_arm_llvm_4.0.4.LTS\lib\armv6m-ti-none-eabi\c\</path>
         <kind>archive</kind>
         <file>libc.a</file>
         <name>_ltoa.c.obj</name>
      </input_file>
      <input_file id="fl-40">
         <path>D:\develop\TI\CCS\ti_cgt_arm_llvm_4.0.4.LTS\lib\armv6m-ti-none-eabi\c\</path>
         <kind>archive</kind>
         <file>libc.a</file>
         <name>args_main.c.obj</name>
      </input_file>
      <input_file id="fl-41">
         <path>D:\develop\TI\CCS\ti_cgt_arm_llvm_4.0.4.LTS\lib\armv6m-ti-none-eabi\c\</path>
         <kind>archive</kind>
         <file>libc.a</file>
         <name>assert.c.obj</name>
      </input_file>
      <input_file id="fl-42">
         <path>D:\develop\TI\CCS\ti_cgt_arm_llvm_4.0.4.LTS\lib\armv6m-ti-none-eabi\c\</path>
         <kind>archive</kind>
         <file>libc.a</file>
         <name>atoi.c.obj</name>
      </input_file>
      <input_file id="fl-43">
         <path>D:\develop\TI\CCS\ti_cgt_arm_llvm_4.0.4.LTS\lib\armv6m-ti-none-eabi\c\</path>
         <kind>archive</kind>
         <file>libc.a</file>
         <name>defs.c.obj</name>
      </input_file>
      <input_file id="fl-44">
         <path>D:\develop\TI\CCS\ti_cgt_arm_llvm_4.0.4.LTS\lib\armv6m-ti-none-eabi\c\</path>
         <kind>archive</kind>
         <file>libc.a</file>
         <name>memccpy.c.obj</name>
      </input_file>
      <input_file id="fl-45">
         <path>D:\develop\TI\CCS\ti_cgt_arm_llvm_4.0.4.LTS\lib\armv6m-ti-none-eabi\c\</path>
         <kind>archive</kind>
         <file>libc.a</file>
         <name>memory.c.obj</name>
      </input_file>
      <input_file id="fl-46">
         <path>D:\develop\TI\CCS\ti_cgt_arm_llvm_4.0.4.LTS\lib\armv6m-ti-none-eabi\c\</path>
         <kind>archive</kind>
         <file>libc.a</file>
         <name>s_frexp.c.obj</name>
      </input_file>
      <input_file id="fl-47">
         <path>D:\develop\TI\CCS\ti_cgt_arm_llvm_4.0.4.LTS\lib\armv6m-ti-none-eabi\c\</path>
         <kind>archive</kind>
         <file>libc.a</file>
         <name>s_scalbn.c.obj</name>
      </input_file>
      <input_file id="fl-48">
         <path>D:\develop\TI\CCS\ti_cgt_arm_llvm_4.0.4.LTS\lib\armv6m-ti-none-eabi\c\</path>
         <kind>archive</kind>
         <file>libc.a</file>
         <name>wcslen.c.obj</name>
      </input_file>
      <input_file id="fl-49">
         <path>D:\develop\TI\CCS\ti_cgt_arm_llvm_4.0.4.LTS\lib\armv6m-ti-none-eabi\c\</path>
         <kind>archive</kind>
         <file>libc.a</file>
         <name>fflush.c.obj</name>
      </input_file>
      <input_file id="fl-4a">
         <path>D:\develop\TI\CCS\ti_cgt_arm_llvm_4.0.4.LTS\lib\armv6m-ti-none-eabi\c\</path>
         <kind>archive</kind>
         <file>libc.a</file>
         <name>fputs.c.obj</name>
      </input_file>
      <input_file id="fl-4b">
         <path>D:\develop\TI\CCS\ti_cgt_arm_llvm_4.0.4.LTS\lib\armv6m-ti-none-eabi\c\</path>
         <kind>archive</kind>
         <file>libc.a</file>
         <name>_io_perm.c.obj</name>
      </input_file>
      <input_file id="fl-4c">
         <path>D:\develop\TI\CCS\ti_cgt_arm_llvm_4.0.4.LTS\lib\armv6m-ti-none-eabi\c\</path>
         <kind>archive</kind>
         <file>libc.a</file>
         <name>setvbuf.c.obj</name>
      </input_file>
      <input_file id="fl-4d">
         <path>D:\develop\TI\CCS\ti_cgt_arm_llvm_4.0.4.LTS\lib\armv6m-ti-none-eabi\c\</path>
         <kind>archive</kind>
         <file>libc.a</file>
         <name>aeabi_ctype.S.obj</name>
      </input_file>
      <input_file id="fl-4e">
         <path>D:\develop\TI\CCS\ti_cgt_arm_llvm_4.0.4.LTS\lib\armv6m-ti-none-eabi\c\</path>
         <kind>archive</kind>
         <file>libc.a</file>
         <name>fopen.c.obj</name>
      </input_file>
      <input_file id="fl-4f">
         <path>D:\develop\TI\CCS\ti_cgt_arm_llvm_4.0.4.LTS\lib\armv6m-ti-none-eabi\c\</path>
         <kind>archive</kind>
         <file>libc.a</file>
         <name>fseek.c.obj</name>
      </input_file>
      <input_file id="fl-50">
         <path>D:\develop\TI\CCS\ti_cgt_arm_llvm_4.0.4.LTS\lib\armv6m-ti-none-eabi\c\</path>
         <kind>archive</kind>
         <file>libc.a</file>
         <name>fclose.c.obj</name>
      </input_file>
      <input_file id="fl-f0">
         <path>D:\develop\TI\CCS\ti_cgt_arm_llvm_4.0.4.LTS\lib\armv6m-ti-none-eabi\c\</path>
         <kind>archive</kind>
         <file>libsysbm.a</file>
         <name>hostexit.c.obj</name>
      </input_file>
      <input_file id="fl-f1">
         <path>D:\develop\TI\CCS\ti_cgt_arm_llvm_4.0.4.LTS\lib\armv6m-ti-none-eabi\c\</path>
         <kind>archive</kind>
         <file>libsysbm.a</file>
         <name>write.c.obj</name>
      </input_file>
      <input_file id="fl-f2">
         <path>D:\develop\TI\CCS\ti_cgt_arm_llvm_4.0.4.LTS\lib\armv6m-ti-none-eabi\c\</path>
         <kind>archive</kind>
         <file>libsysbm.a</file>
         <name>host_device.c.obj</name>
      </input_file>
      <input_file id="fl-f3">
         <path>D:\develop\TI\CCS\ti_cgt_arm_llvm_4.0.4.LTS\lib\armv6m-ti-none-eabi\c\</path>
         <kind>archive</kind>
         <file>libsysbm.a</file>
         <name>remove.c.obj</name>
      </input_file>
      <input_file id="fl-f4">
         <path>D:\develop\TI\CCS\ti_cgt_arm_llvm_4.0.4.LTS\lib\armv6m-ti-none-eabi\c\</path>
         <kind>archive</kind>
         <file>libsysbm.a</file>
         <name>open.c.obj</name>
      </input_file>
      <input_file id="fl-f5">
         <path>D:\develop\TI\CCS\ti_cgt_arm_llvm_4.0.4.LTS\lib\armv6m-ti-none-eabi\c\</path>
         <kind>archive</kind>
         <file>libsysbm.a</file>
         <name>lseek.c.obj</name>
      </input_file>
      <input_file id="fl-f6">
         <path>D:\develop\TI\CCS\ti_cgt_arm_llvm_4.0.4.LTS\lib\armv6m-ti-none-eabi\c\</path>
         <kind>archive</kind>
         <file>libsysbm.a</file>
         <name>close.c.obj</name>
      </input_file>
      <input_file id="fl-f7">
         <path>D:\develop\TI\CCS\ti_cgt_arm_llvm_4.0.4.LTS\lib\armv6m-ti-none-eabi\c\</path>
         <kind>archive</kind>
         <file>libsysbm.a</file>
         <name>unlink.c.obj</name>
      </input_file>
      <input_file id="fl-f8">
         <path>D:\develop\TI\CCS\ti_cgt_arm_llvm_4.0.4.LTS\lib\armv6m-ti-none-eabi\c\</path>
         <kind>archive</kind>
         <file>libsysbm.a</file>
         <name>hostclose.c.obj</name>
      </input_file>
      <input_file id="fl-f9">
         <path>D:\develop\TI\CCS\ti_cgt_arm_llvm_4.0.4.LTS\lib\armv6m-ti-none-eabi\c\</path>
         <kind>archive</kind>
         <file>libsysbm.a</file>
         <name>hostlseek.c.obj</name>
      </input_file>
      <input_file id="fl-fa">
         <path>D:\develop\TI\CCS\ti_cgt_arm_llvm_4.0.4.LTS\lib\armv6m-ti-none-eabi\c\</path>
         <kind>archive</kind>
         <file>libsysbm.a</file>
         <name>hostopen.c.obj</name>
      </input_file>
      <input_file id="fl-fb">
         <path>D:\develop\TI\CCS\ti_cgt_arm_llvm_4.0.4.LTS\lib\armv6m-ti-none-eabi\c\</path>
         <kind>archive</kind>
         <file>libsysbm.a</file>
         <name>hostread.c.obj</name>
      </input_file>
      <input_file id="fl-fc">
         <path>D:\develop\TI\CCS\ti_cgt_arm_llvm_4.0.4.LTS\lib\armv6m-ti-none-eabi\c\</path>
         <kind>archive</kind>
         <file>libsysbm.a</file>
         <name>hostrename.c.obj</name>
      </input_file>
      <input_file id="fl-fd">
         <path>D:\develop\TI\CCS\ti_cgt_arm_llvm_4.0.4.LTS\lib\armv6m-ti-none-eabi\c\</path>
         <kind>archive</kind>
         <file>libsysbm.a</file>
         <name>hostunlink.c.obj</name>
      </input_file>
      <input_file id="fl-fe">
         <path>D:\develop\TI\CCS\ti_cgt_arm_llvm_4.0.4.LTS\lib\armv6m-ti-none-eabi\c\</path>
         <kind>archive</kind>
         <file>libsysbm.a</file>
         <name>hostwrite.c.obj</name>
      </input_file>
      <input_file id="fl-ff">
         <path>D:\develop\TI\CCS\ti_cgt_arm_llvm_4.0.4.LTS\lib\armv6m-ti-none-eabi\c\</path>
         <kind>archive</kind>
         <file>libsysbm.a</file>
         <name>trgmsg.c.obj</name>
      </input_file>
      <input_file id="fl-100">
         <path>D:\develop\TI\CCS\ti_cgt_arm_llvm_4.0.4.LTS\lib\armv6m-ti-none-eabi\</path>
         <kind>archive</kind>
         <file>libclang_rt.builtins.a</file>
         <name>addsf3.S.obj</name>
      </input_file>
      <input_file id="fl-101">
         <path>D:\develop\TI\CCS\ti_cgt_arm_llvm_4.0.4.LTS\lib\armv6m-ti-none-eabi\</path>
         <kind>archive</kind>
         <file>libclang_rt.builtins.a</file>
         <name>adddf3.S.obj</name>
      </input_file>
      <input_file id="fl-102">
         <path>D:\develop\TI\CCS\ti_cgt_arm_llvm_4.0.4.LTS\lib\armv6m-ti-none-eabi\</path>
         <kind>archive</kind>
         <file>libclang_rt.builtins.a</file>
         <name>muldf3.S.obj</name>
      </input_file>
      <input_file id="fl-103">
         <path>D:\develop\TI\CCS\ti_cgt_arm_llvm_4.0.4.LTS\lib\armv6m-ti-none-eabi\</path>
         <kind>archive</kind>
         <file>libclang_rt.builtins.a</file>
         <name>muldsi3.S.obj</name>
      </input_file>
      <input_file id="fl-104">
         <path>D:\develop\TI\CCS\ti_cgt_arm_llvm_4.0.4.LTS\lib\armv6m-ti-none-eabi\</path>
         <kind>archive</kind>
         <file>libclang_rt.builtins.a</file>
         <name>mulsf3.S.obj</name>
      </input_file>
      <input_file id="fl-105">
         <path>D:\develop\TI\CCS\ti_cgt_arm_llvm_4.0.4.LTS\lib\armv6m-ti-none-eabi\</path>
         <kind>archive</kind>
         <file>libclang_rt.builtins.a</file>
         <name>divsf3.S.obj</name>
      </input_file>
      <input_file id="fl-106">
         <path>D:\develop\TI\CCS\ti_cgt_arm_llvm_4.0.4.LTS\lib\armv6m-ti-none-eabi\</path>
         <kind>archive</kind>
         <file>libclang_rt.builtins.a</file>
         <name>divdf3.S.obj</name>
      </input_file>
      <input_file id="fl-107">
         <path>D:\develop\TI\CCS\ti_cgt_arm_llvm_4.0.4.LTS\lib\armv6m-ti-none-eabi\</path>
         <kind>archive</kind>
         <file>libclang_rt.builtins.a</file>
         <name>extendsfdf2.S.obj</name>
      </input_file>
      <input_file id="fl-108">
         <path>D:\develop\TI\CCS\ti_cgt_arm_llvm_4.0.4.LTS\lib\armv6m-ti-none-eabi\</path>
         <kind>archive</kind>
         <file>libclang_rt.builtins.a</file>
         <name>fixdfsi.S.obj</name>
      </input_file>
      <input_file id="fl-109">
         <path>D:\develop\TI\CCS\ti_cgt_arm_llvm_4.0.4.LTS\lib\armv6m-ti-none-eabi\</path>
         <kind>archive</kind>
         <file>libclang_rt.builtins.a</file>
         <name>floatsidf.S.obj</name>
      </input_file>
      <input_file id="fl-10a">
         <path>D:\develop\TI\CCS\ti_cgt_arm_llvm_4.0.4.LTS\lib\armv6m-ti-none-eabi\</path>
         <kind>archive</kind>
         <file>libclang_rt.builtins.a</file>
         <name>floatsisf.S.obj</name>
      </input_file>
      <input_file id="fl-10b">
         <path>D:\develop\TI\CCS\ti_cgt_arm_llvm_4.0.4.LTS\lib\armv6m-ti-none-eabi\</path>
         <kind>archive</kind>
         <file>libclang_rt.builtins.a</file>
         <name>floatunsidf.S.obj</name>
      </input_file>
      <input_file id="fl-10c">
         <path>D:\develop\TI\CCS\ti_cgt_arm_llvm_4.0.4.LTS\lib\armv6m-ti-none-eabi\</path>
         <kind>archive</kind>
         <file>libclang_rt.builtins.a</file>
         <name>floatunsisf.S.obj</name>
      </input_file>
      <input_file id="fl-10d">
         <path>D:\develop\TI\CCS\ti_cgt_arm_llvm_4.0.4.LTS\lib\armv6m-ti-none-eabi\</path>
         <kind>archive</kind>
         <file>libclang_rt.builtins.a</file>
         <name>muldi3.S.obj</name>
      </input_file>
      <input_file id="fl-10e">
         <path>D:\develop\TI\CCS\ti_cgt_arm_llvm_4.0.4.LTS\lib\armv6m-ti-none-eabi\</path>
         <kind>archive</kind>
         <file>libclang_rt.builtins.a</file>
         <name>truncdfsf2.S.obj</name>
      </input_file>
      <input_file id="fl-10f">
         <path>D:\develop\TI\CCS\ti_cgt_arm_llvm_4.0.4.LTS\lib\armv6m-ti-none-eabi\</path>
         <kind>archive</kind>
         <file>libclang_rt.builtins.a</file>
         <name>aeabi_dcmp.S.obj</name>
      </input_file>
      <input_file id="fl-110">
         <path>D:\develop\TI\CCS\ti_cgt_arm_llvm_4.0.4.LTS\lib\armv6m-ti-none-eabi\</path>
         <kind>archive</kind>
         <file>libclang_rt.builtins.a</file>
         <name>aeabi_fcmp.S.obj</name>
      </input_file>
      <input_file id="fl-111">
         <path>D:\develop\TI\CCS\ti_cgt_arm_llvm_4.0.4.LTS\lib\armv6m-ti-none-eabi\</path>
         <kind>archive</kind>
         <file>libclang_rt.builtins.a</file>
         <name>aeabi_idivmod.S.obj</name>
      </input_file>
      <input_file id="fl-112">
         <path>D:\develop\TI\CCS\ti_cgt_arm_llvm_4.0.4.LTS\lib\armv6m-ti-none-eabi\</path>
         <kind>archive</kind>
         <file>libclang_rt.builtins.a</file>
         <name>aeabi_memcpy.S.obj</name>
      </input_file>
      <input_file id="fl-113">
         <path>D:\develop\TI\CCS\ti_cgt_arm_llvm_4.0.4.LTS\lib\armv6m-ti-none-eabi\</path>
         <kind>archive</kind>
         <file>libclang_rt.builtins.a</file>
         <name>aeabi_memset.S.obj</name>
      </input_file>
      <input_file id="fl-114">
         <path>D:\develop\TI\CCS\ti_cgt_arm_llvm_4.0.4.LTS\lib\armv6m-ti-none-eabi\</path>
         <kind>archive</kind>
         <file>libclang_rt.builtins.a</file>
         <name>aeabi_uidivmod.S.obj</name>
      </input_file>
      <input_file id="fl-115">
         <path>D:\develop\TI\CCS\ti_cgt_arm_llvm_4.0.4.LTS\lib\armv6m-ti-none-eabi\</path>
         <kind>archive</kind>
         <file>libclang_rt.builtins.a</file>
         <name>aeabi_uldivmod.S.obj</name>
      </input_file>
      <input_file id="fl-116">
         <path>D:\develop\TI\CCS\ti_cgt_arm_llvm_4.0.4.LTS\lib\armv6m-ti-none-eabi\</path>
         <kind>archive</kind>
         <file>libclang_rt.builtins.a</file>
         <name>comparesf2.S.obj</name>
      </input_file>
      <input_file id="fl-117">
         <path>D:\develop\TI\CCS\ti_cgt_arm_llvm_4.0.4.LTS\lib\armv6m-ti-none-eabi\</path>
         <kind>archive</kind>
         <file>libclang_rt.builtins.a</file>
         <name>udivmoddi4.S.obj</name>
      </input_file>
      <input_file id="fl-118">
         <path>D:\develop\TI\CCS\ti_cgt_arm_llvm_4.0.4.LTS\lib\armv6m-ti-none-eabi\</path>
         <kind>archive</kind>
         <file>libclang_rt.builtins.a</file>
         <name>ashldi3.S.obj</name>
      </input_file>
      <input_file id="fl-119">
         <path>D:\develop\TI\CCS\ti_cgt_arm_llvm_4.0.4.LTS\lib\armv6m-ti-none-eabi\</path>
         <kind>archive</kind>
         <file>libclang_rt.builtins.a</file>
         <name>comparedf2.c.obj</name>
      </input_file>
      <input_file id="fl-11a">
         <path>D:\develop\TI\CCS\ti_cgt_arm_llvm_4.0.4.LTS\lib\armv6m-ti-none-eabi\</path>
         <kind>archive</kind>
         <file>libclang_rt.builtins.a</file>
         <name>aeabi_div0.c.obj</name>
      </input_file>
      <input_file id="fl-11b">
         <path>D:\develop\TI\CCS\ti_cgt_arm_llvm_4.0.4.LTS\lib\armv6m-ti-none-eabi\c\</path>
         <kind>archive</kind>
         <file>libc.a</file>
         <name>getdevice.c.obj</name>
      </input_file>
      <input_file id="fl-11c">
         <path>D:\develop\TI\CCS\ti_cgt_arm_llvm_4.0.4.LTS\lib\armv6m-ti-none-eabi\c\</path>
         <kind>archive</kind>
         <file>libc.a</file>
         <name>memcpy16.S.obj</name>
      </input_file>
      <input_file id="fl-11d">
         <path>D:\develop\TI\CCS\ti_cgt_arm_llvm_4.0.4.LTS\lib\armv6m-ti-none-eabi\c\</path>
         <kind>archive</kind>
         <file>libc.a</file>
         <name>memset16.S.obj</name>
      </input_file>
      <input_file id="fl-11e">
         <path>D:\develop\TI\CCS\ti_cgt_arm_llvm_4.0.4.LTS\lib\armv6m-ti-none-eabi\c\</path>
         <kind>archive</kind>
         <file>libc.a</file>
         <name>strcmp-armv6m.S.obj</name>
      </input_file>
   </input_file_list>
   <object_component_list>
      <object_component id="oc-18">
         <name>.intvecs</name>
         <load_address>0x0</load_address>
         <readonly>true</readonly>
         <run_address>0x0</run_address>
         <size>0xc0</size>
         <alignment>0x4</alignment>
         <input_file_ref idref="fl-3"/>
      </object_component>
      <object_component id="oc-1d2">
         <name>.text:__TI_printfi</name>
         <load_address>0xc0</load_address>
         <readonly>true</readonly>
         <executable>true</executable>
         <run_address>0xc0</run_address>
         <size>0x9d0</size>
         <alignment>0x4</alignment>
         <input_file_ref idref="fl-3b"/>
      </object_component>
      <object_component id="oc-aa">
         <name>.text.IMU_AHRS_Update_Attitude</name>
         <load_address>0xa90</load_address>
         <readonly>true</readonly>
         <executable>true</executable>
         <run_address>0xa90</run_address>
         <size>0x5a0</size>
         <alignment>0x4</alignment>
         <input_file_ref idref="fl-4"/>
      </object_component>
      <object_component id="oc-6e">
         <name>.text.main</name>
         <load_address>0x1030</load_address>
         <readonly>true</readonly>
         <executable>true</executable>
         <run_address>0x1030</run_address>
         <size>0x224</size>
         <alignment>0x4</alignment>
         <input_file_ref idref="fl-1"/>
      </object_component>
      <object_component id="oc-22d">
         <name>.text._pconv_a</name>
         <load_address>0x1254</load_address>
         <readonly>true</readonly>
         <executable>true</executable>
         <run_address>0x1254</run_address>
         <size>0x220</size>
         <alignment>0x4</alignment>
         <input_file_ref idref="fl-3b"/>
      </object_component>
      <object_component id="oc-ab">
         <name>.text.IMU_AHRS_Yaw_Calib_Poll</name>
         <load_address>0x1474</load_address>
         <readonly>true</readonly>
         <executable>true</executable>
         <run_address>0x1474</run_address>
         <size>0x1e0</size>
         <alignment>0x4</alignment>
         <input_file_ref idref="fl-4"/>
      </object_component>
      <object_component id="oc-22e">
         <name>.text._pconv_g</name>
         <load_address>0x1654</load_address>
         <readonly>true</readonly>
         <executable>true</executable>
         <run_address>0x1654</run_address>
         <size>0x1dc</size>
         <alignment>0x4</alignment>
         <input_file_ref idref="fl-3b"/>
      </object_component>
      <object_component id="oc-1b5">
         <name>.text.atanf</name>
         <load_address>0x1830</load_address>
         <readonly>true</readonly>
         <executable>true</executable>
         <run_address>0x1830</run_address>
         <size>0x1c8</size>
         <alignment>0x4</alignment>
         <input_file_ref idref="fl-31"/>
      </object_component>
      <object_component id="oc-133">
         <name>.text.adddf3_subdf3</name>
         <load_address>0x19f8</load_address>
         <readonly>true</readonly>
         <executable>true</executable>
         <run_address>0x19f8</run_address>
         <size>0x192</size>
         <alignment>0x4</alignment>
         <input_file_ref idref="fl-101"/>
      </object_component>
      <object_component id="oc-1f3">
         <name>.text.__aeabi_idiv0</name>
         <load_address>0x1b8a</load_address>
         <readonly>true</readonly>
         <executable>true</executable>
         <run_address>0x1b8a</run_address>
         <size>0x2</size>
         <alignment>0x2</alignment>
         <input_file_ref idref="fl-11a"/>
      </object_component>
      <object_component id="oc-a9">
         <name>.text.IMU_AHRS_Update_Data</name>
         <load_address>0x1b8c</load_address>
         <readonly>true</readonly>
         <executable>true</executable>
         <run_address>0x1b8c</run_address>
         <size>0x168</size>
         <alignment>0x4</alignment>
         <input_file_ref idref="fl-4"/>
      </object_component>
      <object_component id="oc-97">
         <name>.text.IMU_AHRS_Init_Poll</name>
         <load_address>0x1cf4</load_address>
         <readonly>true</readonly>
         <executable>true</executable>
         <run_address>0x1cf4</run_address>
         <size>0x164</size>
         <alignment>0x4</alignment>
         <input_file_ref idref="fl-4"/>
      </object_component>
      <object_component id="oc-267">
         <name>.text.fcvt</name>
         <load_address>0x1e58</load_address>
         <readonly>true</readonly>
         <executable>true</executable>
         <run_address>0x1e58</run_address>
         <size>0x13c</size>
         <alignment>0x4</alignment>
         <input_file_ref idref="fl-3b"/>
      </object_component>
      <object_component id="oc-1a6">
         <name>.text.mspm0_i2c_read</name>
         <load_address>0x1f94</load_address>
         <readonly>true</readonly>
         <executable>true</executable>
         <run_address>0x1f94</run_address>
         <size>0x134</size>
         <alignment>0x4</alignment>
         <input_file_ref idref="fl-5"/>
      </object_component>
      <object_component id="oc-230">
         <name>.text._pconv_e</name>
         <load_address>0x20c8</load_address>
         <readonly>true</readonly>
         <executable>true</executable>
         <run_address>0x20c8</run_address>
         <size>0x120</size>
         <alignment>0x4</alignment>
         <input_file_ref idref="fl-3b"/>
      </object_component>
      <object_component id="oc-114">
         <name>.text.OLED_ShowChar</name>
         <load_address>0x21e8</load_address>
         <readonly>true</readonly>
         <executable>true</executable>
         <run_address>0x21e8</run_address>
         <size>0x118</size>
         <alignment>0x4</alignment>
         <input_file_ref idref="fl-8"/>
      </object_component>
      <object_component id="oc-12a">
         <name>.text.atan2f</name>
         <load_address>0x2300</load_address>
         <readonly>true</readonly>
         <executable>true</executable>
         <run_address>0x2300</run_address>
         <size>0x118</size>
         <alignment>0x4</alignment>
         <input_file_ref idref="fl-30"/>
      </object_component>
      <object_component id="oc-9a">
         <name>.text.OLED_Init</name>
         <load_address>0x2418</load_address>
         <readonly>true</readonly>
         <executable>true</executable>
         <run_address>0x2418</run_address>
         <size>0x110</size>
         <alignment>0x4</alignment>
         <input_file_ref idref="fl-8"/>
      </object_component>
      <object_component id="oc-13f">
         <name>.text.__divdf3</name>
         <load_address>0x2528</load_address>
         <readonly>true</readonly>
         <executable>true</executable>
         <run_address>0x2528</run_address>
         <size>0x10c</size>
         <alignment>0x4</alignment>
         <input_file_ref idref="fl-106"/>
      </object_component>
      <object_component id="oc-174">
         <name>.text.SYSCFG_DL_SYSCTL_SYSPLL_init</name>
         <load_address>0x2634</load_address>
         <readonly>true</readonly>
         <executable>true</executable>
         <run_address>0x2634</run_address>
         <size>0xec</size>
         <alignment>0x4</alignment>
         <input_file_ref idref="fl-2"/>
      </object_component>
      <object_component id="oc-137">
         <name>.text.__muldf3</name>
         <load_address>0x2720</load_address>
         <readonly>true</readonly>
         <executable>true</executable>
         <run_address>0x2720</run_address>
         <size>0xe4</size>
         <alignment>0x4</alignment>
         <input_file_ref idref="fl-102"/>
      </object_component>
      <object_component id="oc-16e">
         <name>.text.DL_SYSCTL_configSYSPLL</name>
         <load_address>0x2804</load_address>
         <readonly>true</readonly>
         <executable>true</executable>
         <run_address>0x2804</run_address>
         <size>0xdc</size>
         <alignment>0x4</alignment>
         <input_file_ref idref="fl-19"/>
      </object_component>
      <object_component id="oc-252">
         <name>.text.scalbn</name>
         <load_address>0x28e0</load_address>
         <readonly>true</readonly>
         <executable>true</executable>
         <run_address>0x28e0</run_address>
         <size>0xd8</size>
         <alignment>0x4</alignment>
         <input_file_ref idref="fl-47"/>
      </object_component>
      <object_component id="oc-121">
         <name>.text</name>
         <load_address>0x29b8</load_address>
         <readonly>true</readonly>
         <executable>true</executable>
         <run_address>0x29b8</run_address>
         <size>0xd8</size>
         <alignment>0x4</alignment>
         <input_file_ref idref="fl-100"/>
      </object_component>
      <object_component id="oc-101">
         <name>.text.imu_ahrs_calibrate_gyro_offset_step</name>
         <load_address>0x2a90</load_address>
         <readonly>true</readonly>
         <executable>true</executable>
         <run_address>0x2a90</run_address>
         <size>0xc4</size>
         <alignment>0x4</alignment>
         <input_file_ref idref="fl-4"/>
      </object_component>
      <object_component id="oc-18a">
         <name>.text.mspm0_i2c_write</name>
         <load_address>0x2b54</load_address>
         <readonly>true</readonly>
         <executable>true</executable>
         <run_address>0x2b54</run_address>
         <size>0xc4</size>
         <alignment>0x4</alignment>
         <input_file_ref idref="fl-5"/>
      </object_component>
      <object_component id="oc-249">
         <name>.text</name>
         <load_address>0x2c18</load_address>
         <readonly>true</readonly>
         <executable>true</executable>
         <run_address>0x2c18</run_address>
         <size>0xa2</size>
         <alignment>0x4</alignment>
         <input_file_ref idref="fl-117"/>
      </object_component>
      <object_component id="oc-270">
         <name>.text.__aeabi_ldiv0</name>
         <load_address>0x2cba</load_address>
         <readonly>true</readonly>
         <executable>true</executable>
         <run_address>0x2cba</run_address>
         <size>0x2</size>
         <alignment>0x2</alignment>
         <input_file_ref idref="fl-11a"/>
      </object_component>
      <object_component id="oc-92">
         <name>.text.IMU_AHRS_Init_Start</name>
         <load_address>0x2cbc</load_address>
         <readonly>true</readonly>
         <executable>true</executable>
         <run_address>0x2cbc</run_address>
         <size>0xa0</size>
         <alignment>0x4</alignment>
         <input_file_ref idref="fl-4"/>
      </object_component>
      <object_component id="oc-10e">
         <name>.text.OLED_WR_Byte</name>
         <load_address>0x2d5c</load_address>
         <readonly>true</readonly>
         <executable>true</executable>
         <run_address>0x2d5c</run_address>
         <size>0x98</size>
         <alignment>0x4</alignment>
         <input_file_ref idref="fl-8"/>
      </object_component>
      <object_component id="oc-11d">
         <name>.text.__mulsf3</name>
         <load_address>0x2df4</load_address>
         <readonly>true</readonly>
         <executable>true</executable>
         <run_address>0x2df4</run_address>
         <size>0x8c</size>
         <alignment>0x4</alignment>
         <input_file_ref idref="fl-104"/>
      </object_component>
      <object_component id="oc-f0">
         <name>.text.__NVIC_SetPriority</name>
         <load_address>0x2e80</load_address>
         <readonly>true</readonly>
         <executable>true</executable>
         <run_address>0x2e80</run_address>
         <size>0x84</size>
         <alignment>0x4</alignment>
         <input_file_ref idref="fl-6"/>
      </object_component>
      <object_component id="oc-a5">
         <name>.text.__divsf3</name>
         <load_address>0x2f04</load_address>
         <readonly>true</readonly>
         <executable>true</executable>
         <run_address>0x2f04</run_address>
         <size>0x82</size>
         <alignment>0x4</alignment>
         <input_file_ref idref="fl-105"/>
      </object_component>
      <object_component id="oc-1c">
         <name>.text:decompress:lzss</name>
         <load_address>0x2f88</load_address>
         <readonly>true</readonly>
         <executable>true</executable>
         <run_address>0x2f88</run_address>
         <size>0x7c</size>
         <alignment>0x4</alignment>
         <input_file_ref idref="fl-3a"/>
      </object_component>
      <object_component id="oc-e9">
         <name>.text.SYSCFG_DL_GPIO_init</name>
         <load_address>0x3004</load_address>
         <readonly>true</readonly>
         <executable>true</executable>
         <run_address>0x3004</run_address>
         <size>0x78</size>
         <alignment>0x2</alignment>
         <input_file_ref idref="fl-2"/>
      </object_component>
      <object_component id="oc-1c7">
         <name>.text.__gedf2</name>
         <load_address>0x307c</load_address>
         <readonly>true</readonly>
         <executable>true</executable>
         <run_address>0x307c</run_address>
         <size>0x74</size>
         <alignment>0x4</alignment>
         <input_file_ref idref="fl-119"/>
      </object_component>
      <object_component id="oc-143">
         <name>.text.__truncdfsf2</name>
         <load_address>0x30f0</load_address>
         <readonly>true</readonly>
         <executable>true</executable>
         <run_address>0x30f0</run_address>
         <size>0x74</size>
         <alignment>0x10</alignment>
         <input_file_ref idref="fl-10e"/>
      </object_component>
      <object_component id="oc-a0">
         <name>.text.OLED_ShowString</name>
         <load_address>0x3164</load_address>
         <readonly>true</readonly>
         <executable>true</executable>
         <run_address>0x3164</run_address>
         <size>0x70</size>
         <alignment>0x2</alignment>
         <input_file_ref idref="fl-8"/>
      </object_component>
      <object_component id="oc-10f">
         <name>.text.OLED_Clear</name>
         <load_address>0x31d4</load_address>
         <readonly>true</readonly>
         <executable>true</executable>
         <run_address>0x31d4</run_address>
         <size>0x6a</size>
         <alignment>0x2</alignment>
         <input_file_ref idref="fl-8"/>
      </object_component>
      <object_component id="oc-ea">
         <name>.text.SYSCFG_DL_SYSCTL_init</name>
         <load_address>0x3240</load_address>
         <readonly>true</readonly>
         <executable>true</executable>
         <run_address>0x3240</run_address>
         <size>0x68</size>
         <alignment>0x4</alignment>
         <input_file_ref idref="fl-2"/>
      </object_component>
      <object_component id="oc-1c1">
         <name>.text.__ledf2</name>
         <load_address>0x32a8</load_address>
         <readonly>true</readonly>
         <executable>true</executable>
         <run_address>0x32a8</run_address>
         <size>0x68</size>
         <alignment>0x4</alignment>
         <input_file_ref idref="fl-119"/>
      </object_component>
      <object_component id="oc-266">
         <name>.text._mcpy</name>
         <load_address>0x3310</load_address>
         <readonly>true</readonly>
         <executable>true</executable>
         <run_address>0x3310</run_address>
         <size>0x66</size>
         <alignment>0x2</alignment>
         <input_file_ref idref="fl-3b"/>
      </object_component>
      <object_component id="oc-b8">
         <name>.text.IMU_AHRS_Get_Yaw_Compensated</name>
         <load_address>0x3378</load_address>
         <readonly>true</readonly>
         <executable>true</executable>
         <run_address>0x3378</run_address>
         <size>0x64</size>
         <alignment>0x4</alignment>
         <input_file_ref idref="fl-4"/>
      </object_component>
      <object_component id="oc-13b">
         <name>.text.__aeabi_dcmp</name>
         <load_address>0x33dc</load_address>
         <readonly>true</readonly>
         <executable>true</executable>
         <run_address>0x33dc</run_address>
         <size>0x62</size>
         <alignment>0x4</alignment>
         <input_file_ref idref="fl-10f"/>
      </object_component>
      <object_component id="oc-125">
         <name>.text.__aeabi_fcmp</name>
         <load_address>0x3440</load_address>
         <readonly>true</readonly>
         <executable>true</executable>
         <run_address>0x3440</run_address>
         <size>0x62</size>
         <alignment>0x4</alignment>
         <input_file_ref idref="fl-110"/>
      </object_component>
      <object_component id="oc-1ef">
         <name>.text.mpu6050_i2c_sda_unlock</name>
         <load_address>0x34a4</load_address>
         <readonly>true</readonly>
         <executable>true</executable>
         <run_address>0x34a4</run_address>
         <size>0x60</size>
         <alignment>0x4</alignment>
         <input_file_ref idref="fl-5"/>
      </object_component>
      <object_component id="oc-10c">
         <name>.text.oled_i2c_sda_unlock</name>
         <load_address>0x3504</load_address>
         <readonly>true</readonly>
         <executable>true</executable>
         <run_address>0x3504</run_address>
         <size>0x60</size>
         <alignment>0x4</alignment>
         <input_file_ref idref="fl-8"/>
      </object_component>
      <object_component id="oc-19a">
         <name>.text.DL_I2C_fillControllerTXFIFO</name>
         <load_address>0x3564</load_address>
         <readonly>true</readonly>
         <executable>true</executable>
         <run_address>0x3564</run_address>
         <size>0x5e</size>
         <alignment>0x2</alignment>
         <input_file_ref idref="fl-18"/>
      </object_component>
      <object_component id="oc-24e">
         <name>.text.frexp</name>
         <load_address>0x35c4</load_address>
         <readonly>true</readonly>
         <executable>true</executable>
         <run_address>0x35c4</run_address>
         <size>0x5c</size>
         <alignment>0x4</alignment>
         <input_file_ref idref="fl-46"/>
      </object_component>
      <object_component id="oc-236">
         <name>.text.mspm0_i2c_enable</name>
         <load_address>0x3620</load_address>
         <readonly>true</readonly>
         <executable>true</executable>
         <run_address>0x3620</run_address>
         <size>0x5c</size>
         <alignment>0x4</alignment>
         <input_file_ref idref="fl-5"/>
      </object_component>
      <object_component id="oc-198">
         <name>.text.mspm0_i2c_enable</name>
         <load_address>0x367c</load_address>
         <readonly>true</readonly>
         <executable>true</executable>
         <run_address>0x367c</run_address>
         <size>0x5c</size>
         <alignment>0x4</alignment>
         <input_file_ref idref="fl-8"/>
      </object_component>
      <object_component id="oc-eb">
         <name>.text.SYSCFG_DL_I2C_MPU6050_init</name>
         <load_address>0x36d8</load_address>
         <readonly>true</readonly>
         <executable>true</executable>
         <run_address>0x36d8</run_address>
         <size>0x58</size>
         <alignment>0x4</alignment>
         <input_file_ref idref="fl-2"/>
      </object_component>
      <object_component id="oc-ec">
         <name>.text.SYSCFG_DL_I2C_OLED_init</name>
         <load_address>0x3730</load_address>
         <readonly>true</readonly>
         <executable>true</executable>
         <run_address>0x3730</run_address>
         <size>0x58</size>
         <alignment>0x4</alignment>
         <input_file_ref idref="fl-2"/>
      </object_component>
      <object_component id="oc-e8">
         <name>.text.SYSCFG_DL_initPower</name>
         <load_address>0x3788</load_address>
         <readonly>true</readonly>
         <executable>true</executable>
         <run_address>0x3788</run_address>
         <size>0x58</size>
         <alignment>0x4</alignment>
         <input_file_ref idref="fl-2"/>
      </object_component>
      <object_component id="oc-25a">
         <name>.text.__TI_ltoa</name>
         <load_address>0x37e0</load_address>
         <readonly>true</readonly>
         <executable>true</executable>
         <run_address>0x37e0</run_address>
         <size>0x58</size>
         <alignment>0x2</alignment>
         <input_file_ref idref="fl-3f"/>
      </object_component>
      <object_component id="oc-22f">
         <name>.text._pconv_f</name>
         <load_address>0x3838</load_address>
         <readonly>true</readonly>
         <executable>true</executable>
         <run_address>0x3838</run_address>
         <size>0x58</size>
         <alignment>0x2</alignment>
         <input_file_ref idref="fl-3b"/>
      </object_component>
      <object_component id="oc-18f">
         <name>.text.__aeabi_idivmod</name>
         <load_address>0x3890</load_address>
         <readonly>true</readonly>
         <executable>true</executable>
         <run_address>0x3890</run_address>
         <size>0x56</size>
         <alignment>0x4</alignment>
         <input_file_ref idref="fl-111"/>
      </object_component>
      <object_component id="oc-264">
         <name>.text._ecpy</name>
         <load_address>0x38e6</load_address>
         <readonly>true</readonly>
         <executable>true</executable>
         <run_address>0x38e6</run_address>
         <size>0x52</size>
         <alignment>0x2</alignment>
         <input_file_ref idref="fl-3b"/>
      </object_component>
      <object_component id="oc-26d">
         <name>.text.DL_GPIO_initPeripheralInputFunctionFeatures</name>
         <load_address>0x3938</load_address>
         <readonly>true</readonly>
         <executable>true</executable>
         <run_address>0x3938</run_address>
         <size>0x50</size>
         <alignment>0x4</alignment>
         <input_file_ref idref="fl-5"/>
      </object_component>
      <object_component id="oc-1fd">
         <name>.text.DL_GPIO_initPeripheralInputFunctionFeatures</name>
         <load_address>0x3988</load_address>
         <readonly>true</readonly>
         <executable>true</executable>
         <run_address>0x3988</run_address>
         <size>0x50</size>
         <alignment>0x4</alignment>
         <input_file_ref idref="fl-8"/>
      </object_component>
      <object_component id="oc-167">
         <name>.text.DL_GPIO_initPeripheralInputFunctionFeatures</name>
         <load_address>0x39d8</load_address>
         <readonly>true</readonly>
         <executable>true</executable>
         <run_address>0x39d8</run_address>
         <size>0x50</size>
         <alignment>0x4</alignment>
         <input_file_ref idref="fl-2"/>
      </object_component>
      <object_component id="oc-1ee">
         <name>.text.DL_I2C_startControllerTransfer</name>
         <load_address>0x3a28</load_address>
         <readonly>true</readonly>
         <executable>true</executable>
         <run_address>0x3a28</run_address>
         <size>0x50</size>
         <alignment>0x4</alignment>
         <input_file_ref idref="fl-5"/>
      </object_component>
      <object_component id="oc-19d">
         <name>.text.DL_I2C_startControllerTransfer</name>
         <load_address>0x3a78</load_address>
         <readonly>true</readonly>
         <executable>true</executable>
         <run_address>0x3a78</run_address>
         <size>0x50</size>
         <alignment>0x4</alignment>
         <input_file_ref idref="fl-8"/>
      </object_component>
      <object_component id="oc-99">
         <name>.text.IMU_AHRS_Yaw_Calib_Start</name>
         <load_address>0x3ac8</load_address>
         <readonly>true</readonly>
         <executable>true</executable>
         <run_address>0x3ac8</run_address>
         <size>0x50</size>
         <alignment>0x4</alignment>
         <input_file_ref idref="fl-4"/>
      </object_component>
      <object_component id="oc-ef">
         <name>.text.SysTick_Config</name>
         <load_address>0x3b18</load_address>
         <readonly>true</readonly>
         <executable>true</executable>
         <run_address>0x3b18</run_address>
         <size>0x50</size>
         <alignment>0x4</alignment>
         <input_file_ref idref="fl-6"/>
      </object_component>
      <object_component id="oc-129">
         <name>.text.imu_ahrs_inv_sqrt</name>
         <load_address>0x3b68</load_address>
         <readonly>true</readonly>
         <executable>true</executable>
         <run_address>0x3b68</run_address>
         <size>0x50</size>
         <alignment>0x4</alignment>
         <input_file_ref idref="fl-4"/>
      </object_component>
      <object_component id="oc-26b">
         <name>.text.DL_GPIO_initDigitalInputFeatures</name>
         <load_address>0x3bb8</load_address>
         <readonly>true</readonly>
         <executable>true</executable>
         <run_address>0x3bb8</run_address>
         <size>0x4c</size>
         <alignment>0x4</alignment>
         <input_file_ref idref="fl-5"/>
      </object_component>
      <object_component id="oc-1fb">
         <name>.text.DL_GPIO_initDigitalInputFeatures</name>
         <load_address>0x3c04</load_address>
         <readonly>true</readonly>
         <executable>true</executable>
         <run_address>0x3c04</run_address>
         <size>0x4c</size>
         <alignment>0x4</alignment>
         <input_file_ref idref="fl-8"/>
      </object_component>
      <object_component id="oc-256">
         <name>.text.__fixdfsi</name>
         <load_address>0x3c50</load_address>
         <readonly>true</readonly>
         <executable>true</executable>
         <run_address>0x3c50</run_address>
         <size>0x4a</size>
         <alignment>0x4</alignment>
         <input_file_ref idref="fl-108"/>
      </object_component>
      <object_component id="oc-232">
         <name>.text.mspm0_i2c_disable</name>
         <load_address>0x3c9c</load_address>
         <readonly>true</readonly>
         <executable>true</executable>
         <run_address>0x3c9c</run_address>
         <size>0x48</size>
         <alignment>0x4</alignment>
         <input_file_ref idref="fl-5"/>
      </object_component>
      <object_component id="oc-178">
         <name>.text.DL_SYSCTL_switchMCLKfromSYSOSCtoHSCLK</name>
         <load_address>0x3ce4</load_address>
         <readonly>true</readonly>
         <executable>true</executable>
         <run_address>0x3ce4</run_address>
         <size>0x44</size>
         <alignment>0x4</alignment>
         <input_file_ref idref="fl-19"/>
      </object_component>
      <object_component id="oc-194">
         <name>.text.mspm0_i2c_disable</name>
         <load_address>0x3d28</load_address>
         <readonly>true</readonly>
         <executable>true</executable>
         <run_address>0x3d28</run_address>
         <size>0x44</size>
         <alignment>0x4</alignment>
         <input_file_ref idref="fl-8"/>
      </object_component>
      <object_component id="oc-1a0">
         <name>.text.__aeabi_uidivmod</name>
         <load_address>0x3d6c</load_address>
         <readonly>true</readonly>
         <executable>true</executable>
         <run_address>0x3d6c</run_address>
         <size>0x40</size>
         <alignment>0x4</alignment>
         <input_file_ref idref="fl-114"/>
      </object_component>
      <object_component id="oc-ae">
         <name>.text.__extendsfdf2</name>
         <load_address>0x3dac</load_address>
         <readonly>true</readonly>
         <executable>true</executable>
         <run_address>0x3dac</run_address>
         <size>0x40</size>
         <alignment>0x4</alignment>
         <input_file_ref idref="fl-107"/>
      </object_component>
      <object_component id="oc-217">
         <name>.text.atoi</name>
         <load_address>0x3dec</load_address>
         <readonly>true</readonly>
         <executable>true</executable>
         <run_address>0x3dec</run_address>
         <size>0x40</size>
         <alignment>0x4</alignment>
         <input_file_ref idref="fl-42"/>
      </object_component>
      <object_component id="oc-204">
         <name>.text.DL_I2C_flushControllerTXFIFO</name>
         <load_address>0x3e2c</load_address>
         <readonly>true</readonly>
         <executable>true</executable>
         <run_address>0x3e2c</run_address>
         <size>0x3c</size>
         <alignment>0x4</alignment>
         <input_file_ref idref="fl-18"/>
      </object_component>
      <object_component id="oc-19f">
         <name>.text.OLED_Set_Pos</name>
         <load_address>0x3e68</load_address>
         <readonly>true</readonly>
         <executable>true</executable>
         <run_address>0x3e68</run_address>
         <size>0x3c</size>
         <alignment>0x2</alignment>
         <input_file_ref idref="fl-8"/>
      </object_component>
      <object_component id="oc-119">
         <name>.text.__floatsisf</name>
         <load_address>0x3ea4</load_address>
         <readonly>true</readonly>
         <executable>true</executable>
         <run_address>0x3ea4</run_address>
         <size>0x3c</size>
         <alignment>0x4</alignment>
         <input_file_ref idref="fl-10a"/>
      </object_component>
      <object_component id="oc-1b3">
         <name>.text.__gtsf2</name>
         <load_address>0x3ee0</load_address>
         <readonly>true</readonly>
         <executable>true</executable>
         <run_address>0x3ee0</run_address>
         <size>0x3c</size>
         <alignment>0x4</alignment>
         <input_file_ref idref="fl-116"/>
      </object_component>
      <object_component id="oc-cf">
         <name>.text:__TI_auto_init_nobinit_nopinit</name>
         <load_address>0x3f1c</load_address>
         <readonly>true</readonly>
         <executable>true</executable>
         <run_address>0x3f1c</run_address>
         <size>0x3c</size>
         <alignment>0x4</alignment>
         <input_file_ref idref="fl-35"/>
      </object_component>
      <object_component id="oc-1ae">
         <name>.text.__eqsf2</name>
         <load_address>0x3f58</load_address>
         <readonly>true</readonly>
         <executable>true</executable>
         <run_address>0x3f58</run_address>
         <size>0x3a</size>
         <alignment>0x4</alignment>
         <input_file_ref idref="fl-116"/>
      </object_component>
      <object_component id="oc-1a8">
         <name>.text.__muldsi3</name>
         <load_address>0x3f94</load_address>
         <readonly>true</readonly>
         <executable>true</executable>
         <run_address>0x3f94</run_address>
         <size>0x3a</size>
         <alignment>0x4</alignment>
         <input_file_ref idref="fl-103"/>
      </object_component>
      <object_component id="oc-b2">
         <name>.text.sprintf</name>
         <load_address>0x3fd0</load_address>
         <readonly>true</readonly>
         <executable>true</executable>
         <run_address>0x3fd0</run_address>
         <size>0x38</size>
         <alignment>0x4</alignment>
         <input_file_ref idref="fl-32"/>
      </object_component>
      <object_component id="oc-265">
         <name>.text._fcpy</name>
         <load_address>0x4008</load_address>
         <readonly>true</readonly>
         <executable>true</executable>
         <run_address>0x4008</run_address>
         <size>0x30</size>
         <alignment>0x2</alignment>
         <input_file_ref idref="fl-3b"/>
      </object_component>
      <object_component id="oc-91">
         <name>.text.mspm0_delay_ms</name>
         <load_address>0x4038</load_address>
         <readonly>true</readonly>
         <executable>true</executable>
         <run_address>0x4038</run_address>
         <size>0x30</size>
         <alignment>0x4</alignment>
         <input_file_ref idref="fl-6"/>
      </object_component>
      <object_component id="oc-112">
         <name>.text.__NVIC_EnableIRQ</name>
         <load_address>0x4068</load_address>
         <readonly>true</readonly>
         <executable>true</executable>
         <run_address>0x4068</run_address>
         <size>0x2c</size>
         <alignment>0x4</alignment>
         <input_file_ref idref="fl-7"/>
      </object_component>
      <object_component id="oc-25e">
         <name>.text.__floatsidf</name>
         <load_address>0x4094</load_address>
         <readonly>true</readonly>
         <executable>true</executable>
         <run_address>0x4094</run_address>
         <size>0x2c</size>
         <alignment>0x4</alignment>
         <input_file_ref idref="fl-109"/>
      </object_component>
      <object_component id="oc-199">
         <name>.text.mspm0_get_clock_ms</name>
         <load_address>0x40c0</load_address>
         <readonly>true</readonly>
         <executable>true</executable>
         <run_address>0x40c0</run_address>
         <size>0x2c</size>
         <alignment>0x4</alignment>
         <input_file_ref idref="fl-6"/>
      </object_component>
      <object_component id="oc-231">
         <name>.text.DL_Common_updateReg</name>
         <load_address>0x40ec</load_address>
         <readonly>true</readonly>
         <executable>true</executable>
         <run_address>0x40ec</run_address>
         <size>0x28</size>
         <alignment>0x2</alignment>
         <input_file_ref idref="fl-5"/>
      </object_component>
      <object_component id="oc-200">
         <name>.text.DL_Common_updateReg</name>
         <load_address>0x4114</load_address>
         <readonly>true</readonly>
         <executable>true</executable>
         <run_address>0x4114</run_address>
         <size>0x28</size>
         <alignment>0x2</alignment>
         <input_file_ref idref="fl-8"/>
      </object_component>
      <object_component id="oc-1e1">
         <name>.text.DL_Common_updateReg</name>
         <load_address>0x413c</load_address>
         <readonly>true</readonly>
         <executable>true</executable>
         <run_address>0x413c</run_address>
         <size>0x28</size>
         <alignment>0x2</alignment>
         <input_file_ref idref="fl-2"/>
      </object_component>
      <object_component id="oc-185">
         <name>.text.DL_I2C_setControllerRXFIFOThreshold</name>
         <load_address>0x4164</load_address>
         <readonly>true</readonly>
         <executable>true</executable>
         <run_address>0x4164</run_address>
         <size>0x28</size>
         <alignment>0x4</alignment>
         <input_file_ref idref="fl-2"/>
      </object_component>
      <object_component id="oc-184">
         <name>.text.DL_I2C_setControllerTXFIFOThreshold</name>
         <load_address>0x418c</load_address>
         <readonly>true</readonly>
         <executable>true</executable>
         <run_address>0x418c</run_address>
         <size>0x28</size>
         <alignment>0x4</alignment>
         <input_file_ref idref="fl-2"/>
      </object_component>
      <object_component id="oc-a1">
         <name>.text.__floatunsisf</name>
         <load_address>0x41b4</load_address>
         <readonly>true</readonly>
         <executable>true</executable>
         <run_address>0x41b4</run_address>
         <size>0x28</size>
         <alignment>0x4</alignment>
         <input_file_ref idref="fl-10c"/>
      </object_component>
      <object_component id="oc-55">
         <name>.text:_c_int00_noargs</name>
         <load_address>0x41dc</load_address>
         <readonly>true</readonly>
         <executable>true</executable>
         <run_address>0x41dc</run_address>
         <size>0x28</size>
         <alignment>0x4</alignment>
         <input_file_ref idref="fl-33"/>
      </object_component>
      <object_component id="oc-180">
         <name>.text.DL_I2C_setAnalogGlitchFilterPulseWidth</name>
         <load_address>0x4204</load_address>
         <readonly>true</readonly>
         <executable>true</executable>
         <run_address>0x4204</run_address>
         <size>0x26</size>
         <alignment>0x2</alignment>
         <input_file_ref idref="fl-2"/>
      </object_component>
      <object_component id="oc-17a">
         <name>.text.DL_I2C_setClockConfig</name>
         <load_address>0x422a</load_address>
         <readonly>true</readonly>
         <executable>true</executable>
         <run_address>0x422a</run_address>
         <size>0x26</size>
         <alignment>0x2</alignment>
         <input_file_ref idref="fl-18"/>
      </object_component>
      <object_component id="oc-12f">
         <name>.text.__floatunsidf</name>
         <load_address>0x4250</load_address>
         <readonly>true</readonly>
         <executable>true</executable>
         <run_address>0x4250</run_address>
         <size>0x24</size>
         <alignment>0x4</alignment>
         <input_file_ref idref="fl-10b"/>
      </object_component>
      <object_component id="oc-224">
         <name>.text.__muldi3</name>
         <load_address>0x4274</load_address>
         <readonly>true</readonly>
         <executable>true</executable>
         <run_address>0x4274</run_address>
         <size>0x24</size>
         <alignment>0x4</alignment>
         <input_file_ref idref="fl-10d"/>
      </object_component>
      <object_component id="oc-117">
         <name>.text.imu_ahrs_read_multi</name>
         <load_address>0x4298</load_address>
         <readonly>true</readonly>
         <executable>true</executable>
         <run_address>0x4298</run_address>
         <size>0x24</size>
         <alignment>0x2</alignment>
         <input_file_ref idref="fl-4"/>
      </object_component>
      <object_component id="oc-210">
         <name>.text.memccpy</name>
         <load_address>0x42bc</load_address>
         <readonly>true</readonly>
         <executable>true</executable>
         <run_address>0x42bc</run_address>
         <size>0x22</size>
         <alignment>0x2</alignment>
         <input_file_ref idref="fl-44"/>
      </object_component>
      <object_component id="oc-16a">
         <name>.text.DL_SYSCTL_setFlashWaitState</name>
         <load_address>0x42e0</load_address>
         <readonly>true</readonly>
         <executable>true</executable>
         <run_address>0x42e0</run_address>
         <size>0x20</size>
         <alignment>0x4</alignment>
         <input_file_ref idref="fl-2"/>
      </object_component>
      <object_component id="oc-271">
         <name>.text.__ashldi3</name>
         <load_address>0x4300</load_address>
         <readonly>true</readonly>
         <executable>true</executable>
         <run_address>0x4300</run_address>
         <size>0x1e</size>
         <alignment>0x4</alignment>
         <input_file_ref idref="fl-118"/>
      </object_component>
      <object_component id="oc-118">
         <name>.text.imu_ahrs_make_s16</name>
         <load_address>0x431e</load_address>
         <readonly>true</readonly>
         <executable>true</executable>
         <run_address>0x431e</run_address>
         <size>0x1e</size>
         <alignment>0x2</alignment>
         <input_file_ref idref="fl-4"/>
      </object_component>
      <object_component id="oc-26e">
         <name>.text.DL_GPIO_enableHiZ</name>
         <load_address>0x433c</load_address>
         <readonly>true</readonly>
         <executable>true</executable>
         <run_address>0x433c</run_address>
         <size>0x1c</size>
         <alignment>0x4</alignment>
         <input_file_ref idref="fl-5"/>
      </object_component>
      <object_component id="oc-1fe">
         <name>.text.DL_GPIO_enableHiZ</name>
         <load_address>0x4358</load_address>
         <readonly>true</readonly>
         <executable>true</executable>
         <run_address>0x4358</run_address>
         <size>0x1c</size>
         <alignment>0x4</alignment>
         <input_file_ref idref="fl-8"/>
      </object_component>
      <object_component id="oc-168">
         <name>.text.DL_GPIO_enableHiZ</name>
         <load_address>0x4374</load_address>
         <readonly>true</readonly>
         <executable>true</executable>
         <run_address>0x4374</run_address>
         <size>0x1c</size>
         <alignment>0x4</alignment>
         <input_file_ref idref="fl-2"/>
      </object_component>
      <object_component id="oc-10b">
         <name>.text.DL_I2C_getSDAStatus</name>
         <load_address>0x4390</load_address>
         <readonly>true</readonly>
         <executable>true</executable>
         <run_address>0x4390</run_address>
         <size>0x1c</size>
         <alignment>0x4</alignment>
         <input_file_ref idref="fl-8"/>
      </object_component>
      <object_component id="oc-202">
         <name>.text.DL_I2C_isControllerRXFIFOEmpty</name>
         <load_address>0x43ac</load_address>
         <readonly>true</readonly>
         <executable>true</executable>
         <run_address>0x43ac</run_address>
         <size>0x1c</size>
         <alignment>0x4</alignment>
         <input_file_ref idref="fl-5"/>
      </object_component>
      <object_component id="oc-60">
         <name>.text.DL_Interrupt_getPendingGroup</name>
         <load_address>0x43c8</load_address>
         <readonly>true</readonly>
         <executable>true</executable>
         <run_address>0x43c8</run_address>
         <size>0x1c</size>
         <alignment>0x4</alignment>
         <input_file_ref idref="fl-7"/>
      </object_component>
      <object_component id="oc-1e5">
         <name>.text.DL_SYSCTL_configFCC</name>
         <load_address>0x43e4</load_address>
         <readonly>true</readonly>
         <executable>true</executable>
         <run_address>0x43e4</run_address>
         <size>0x1c</size>
         <alignment>0x4</alignment>
         <input_file_ref idref="fl-19"/>
      </object_component>
      <object_component id="oc-1e4">
         <name>.text.DL_SYSCTL_setFCCPeriods</name>
         <load_address>0x4400</load_address>
         <readonly>true</readonly>
         <executable>true</executable>
         <run_address>0x4400</run_address>
         <size>0x1c</size>
         <alignment>0x4</alignment>
         <input_file_ref idref="fl-2"/>
      </object_component>
      <object_component id="oc-16b">
         <name>.text.DL_SYSCTL_setSYSOSCFreq</name>
         <load_address>0x441c</load_address>
         <readonly>true</readonly>
         <executable>true</executable>
         <run_address>0x441c</run_address>
         <size>0x1c</size>
         <alignment>0x4</alignment>
         <input_file_ref idref="fl-2"/>
      </object_component>
      <object_component id="oc-177">
         <name>.text.DL_SYSCTL_setULPCLKDivider</name>
         <load_address>0x4438</load_address>
         <readonly>true</readonly>
         <executable>true</executable>
         <run_address>0x4438</run_address>
         <size>0x1c</size>
         <alignment>0x4</alignment>
         <input_file_ref idref="fl-2"/>
      </object_component>
      <object_component id="oc-98">
         <name>.text.IMU_AHRS_Attitude_Enable</name>
         <load_address>0x4454</load_address>
         <readonly>true</readonly>
         <executable>true</executable>
         <run_address>0x4454</run_address>
         <size>0x1c</size>
         <alignment>0x4</alignment>
         <input_file_ref idref="fl-4"/>
      </object_component>
      <object_component id="oc-9f">
         <name>.text.Interrupt_Init</name>
         <load_address>0x4470</load_address>
         <readonly>true</readonly>
         <executable>true</executable>
         <run_address>0x4470</run_address>
         <size>0x1c</size>
         <alignment>0x4</alignment>
         <input_file_ref idref="fl-7"/>
      </object_component>
      <object_component id="oc-f2">
         <name>.text.imu_ahrs_write_reg</name>
         <load_address>0x448c</load_address>
         <readonly>true</readonly>
         <executable>true</executable>
         <run_address>0x448c</run_address>
         <size>0x1c</size>
         <alignment>0x2</alignment>
         <input_file_ref idref="fl-4"/>
      </object_component>
      <object_component id="oc-26c">
         <name>.text.DL_GPIO_enableOutput</name>
         <load_address>0x44a8</load_address>
         <readonly>true</readonly>
         <executable>true</executable>
         <run_address>0x44a8</run_address>
         <size>0x18</size>
         <alignment>0x4</alignment>
         <input_file_ref idref="fl-5"/>
      </object_component>
      <object_component id="oc-1fc">
         <name>.text.DL_GPIO_enableOutput</name>
         <load_address>0x44c0</load_address>
         <readonly>true</readonly>
         <executable>true</executable>
         <run_address>0x44c0</run_address>
         <size>0x18</size>
         <alignment>0x4</alignment>
         <input_file_ref idref="fl-8"/>
      </object_component>
      <object_component id="oc-161">
         <name>.text.DL_GPIO_enablePower</name>
         <load_address>0x44d8</load_address>
         <readonly>true</readonly>
         <executable>true</executable>
         <run_address>0x44d8</run_address>
         <size>0x18</size>
         <alignment>0x4</alignment>
         <input_file_ref idref="fl-2"/>
      </object_component>
      <object_component id="oc-26a">
         <name>.text.DL_GPIO_initDigitalOutput</name>
         <load_address>0x44f0</load_address>
         <readonly>true</readonly>
         <executable>true</executable>
         <run_address>0x44f0</run_address>
         <size>0x18</size>
         <alignment>0x4</alignment>
         <input_file_ref idref="fl-5"/>
      </object_component>
      <object_component id="oc-1fa">
         <name>.text.DL_GPIO_initDigitalOutput</name>
         <load_address>0x4508</load_address>
         <readonly>true</readonly>
         <executable>true</executable>
         <run_address>0x4508</run_address>
         <size>0x18</size>
         <alignment>0x4</alignment>
         <input_file_ref idref="fl-8"/>
      </object_component>
      <object_component id="oc-15f">
         <name>.text.DL_GPIO_reset</name>
         <load_address>0x4520</load_address>
         <readonly>true</readonly>
         <executable>true</executable>
         <run_address>0x4520</run_address>
         <size>0x18</size>
         <alignment>0x4</alignment>
         <input_file_ref idref="fl-2"/>
      </object_component>
      <object_component id="oc-234">
         <name>.text.DL_GPIO_setPins</name>
         <load_address>0x4538</load_address>
         <readonly>true</readonly>
         <executable>true</executable>
         <run_address>0x4538</run_address>
         <size>0x18</size>
         <alignment>0x4</alignment>
         <input_file_ref idref="fl-5"/>
      </object_component>
      <object_component id="oc-196">
         <name>.text.DL_GPIO_setPins</name>
         <load_address>0x4550</load_address>
         <readonly>true</readonly>
         <executable>true</executable>
         <run_address>0x4550</run_address>
         <size>0x18</size>
         <alignment>0x4</alignment>
         <input_file_ref idref="fl-8"/>
      </object_component>
      <object_component id="oc-1ec">
         <name>.text.DL_I2C_clearInterruptStatus</name>
         <load_address>0x4568</load_address>
         <readonly>true</readonly>
         <executable>true</executable>
         <run_address>0x4568</run_address>
         <size>0x18</size>
         <alignment>0x4</alignment>
         <input_file_ref idref="fl-5"/>
      </object_component>
      <object_component id="oc-19b">
         <name>.text.DL_I2C_clearInterruptStatus</name>
         <load_address>0x4580</load_address>
         <readonly>true</readonly>
         <executable>true</executable>
         <run_address>0x4580</run_address>
         <size>0x18</size>
         <alignment>0x4</alignment>
         <input_file_ref idref="fl-8"/>
      </object_component>
      <object_component id="oc-181">
         <name>.text.DL_I2C_enableAnalogGlitchFilter</name>
         <load_address>0x4598</load_address>
         <readonly>true</readonly>
         <executable>true</executable>
         <run_address>0x4598</run_address>
         <size>0x18</size>
         <alignment>0x2</alignment>
         <input_file_ref idref="fl-2"/>
      </object_component>
      <object_component id="oc-187">
         <name>.text.DL_I2C_enableController</name>
         <load_address>0x45b0</load_address>
         <readonly>true</readonly>
         <executable>true</executable>
         <run_address>0x45b0</run_address>
         <size>0x18</size>
         <alignment>0x4</alignment>
         <input_file_ref idref="fl-2"/>
      </object_component>
      <object_component id="oc-186">
         <name>.text.DL_I2C_enableControllerClockStretching</name>
         <load_address>0x45c8</load_address>
         <readonly>true</readonly>
         <executable>true</executable>
         <run_address>0x45c8</run_address>
         <size>0x18</size>
         <alignment>0x4</alignment>
         <input_file_ref idref="fl-2"/>
      </object_component>
      <object_component id="oc-26f">
         <name>.text.DL_I2C_enablePower</name>
         <load_address>0x45e0</load_address>
         <readonly>true</readonly>
         <executable>true</executable>
         <run_address>0x45e0</run_address>
         <size>0x18</size>
         <alignment>0x4</alignment>
         <input_file_ref idref="fl-5"/>
      </object_component>
      <object_component id="oc-1ff">
         <name>.text.DL_I2C_enablePower</name>
         <load_address>0x45f8</load_address>
         <readonly>true</readonly>
         <executable>true</executable>
         <run_address>0x45f8</run_address>
         <size>0x18</size>
         <alignment>0x4</alignment>
         <input_file_ref idref="fl-8"/>
      </object_component>
      <object_component id="oc-162">
         <name>.text.DL_I2C_enablePower</name>
         <load_address>0x4610</load_address>
         <readonly>true</readonly>
         <executable>true</executable>
         <run_address>0x4610</run_address>
         <size>0x18</size>
         <alignment>0x4</alignment>
         <input_file_ref idref="fl-2"/>
      </object_component>
      <object_component id="oc-1f0">
         <name>.text.DL_I2C_getRawInterruptStatus</name>
         <load_address>0x4628</load_address>
         <readonly>true</readonly>
         <executable>true</executable>
         <run_address>0x4628</run_address>
         <size>0x18</size>
         <alignment>0x4</alignment>
         <input_file_ref idref="fl-5"/>
      </object_component>
      <object_component id="oc-19e">
         <name>.text.DL_I2C_getRawInterruptStatus</name>
         <load_address>0x4640</load_address>
         <readonly>true</readonly>
         <executable>true</executable>
         <run_address>0x4640</run_address>
         <size>0x18</size>
         <alignment>0x4</alignment>
         <input_file_ref idref="fl-8"/>
      </object_component>
      <object_component id="oc-269">
         <name>.text.DL_I2C_reset</name>
         <load_address>0x4658</load_address>
         <readonly>true</readonly>
         <executable>true</executable>
         <run_address>0x4658</run_address>
         <size>0x18</size>
         <alignment>0x4</alignment>
         <input_file_ref idref="fl-5"/>
      </object_component>
      <object_component id="oc-1f9">
         <name>.text.DL_I2C_reset</name>
         <load_address>0x4670</load_address>
         <readonly>true</readonly>
         <executable>true</executable>
         <run_address>0x4670</run_address>
         <size>0x18</size>
         <alignment>0x4</alignment>
         <input_file_ref idref="fl-8"/>
      </object_component>
      <object_component id="oc-160">
         <name>.text.DL_I2C_reset</name>
         <load_address>0x4688</load_address>
         <readonly>true</readonly>
         <executable>true</executable>
         <run_address>0x4688</run_address>
         <size>0x18</size>
         <alignment>0x4</alignment>
         <input_file_ref idref="fl-2"/>
      </object_component>
      <object_component id="oc-183">
         <name>.text.DL_I2C_setTimerPeriod</name>
         <load_address>0x46a0</load_address>
         <readonly>true</readonly>
         <executable>true</executable>
         <run_address>0x46a0</run_address>
         <size>0x18</size>
         <alignment>0x4</alignment>
         <input_file_ref idref="fl-2"/>
      </object_component>
      <object_component id="oc-169">
         <name>.text.DL_SYSCTL_setBORThreshold</name>
         <load_address>0x46b8</load_address>
         <readonly>true</readonly>
         <executable>true</executable>
         <run_address>0x46b8</run_address>
         <size>0x18</size>
         <alignment>0x4</alignment>
         <input_file_ref idref="fl-2"/>
      </object_component>
      <object_component id="oc-8a">
         <name>.text.SYSCFG_DL_init</name>
         <load_address>0x46d0</load_address>
         <readonly>true</readonly>
         <executable>true</executable>
         <run_address>0x46d0</run_address>
         <size>0x18</size>
         <alignment>0x2</alignment>
         <input_file_ref idref="fl-2"/>
      </object_component>
      <object_component id="oc-8f">
         <name>.text.SysTick_Init</name>
         <load_address>0x46e8</load_address>
         <readonly>true</readonly>
         <executable>true</executable>
         <run_address>0x46e8</run_address>
         <size>0x18</size>
         <alignment>0x4</alignment>
         <input_file_ref idref="fl-6"/>
      </object_component>
      <object_component id="oc-14a">
         <name>.text._outs</name>
         <load_address>0x4700</load_address>
         <readonly>true</readonly>
         <executable>true</executable>
         <run_address>0x4700</run_address>
         <size>0x18</size>
         <alignment>0x2</alignment>
         <input_file_ref idref="fl-32"/>
      </object_component>
      <object_component id="oc-235">
         <name>.text.DL_GPIO_readPins</name>
         <load_address>0x4718</load_address>
         <readonly>true</readonly>
         <executable>true</executable>
         <run_address>0x4718</run_address>
         <size>0x16</size>
         <alignment>0x2</alignment>
         <input_file_ref idref="fl-5"/>
      </object_component>
      <object_component id="oc-197">
         <name>.text.DL_GPIO_readPins</name>
         <load_address>0x472e</load_address>
         <readonly>true</readonly>
         <executable>true</executable>
         <run_address>0x472e</run_address>
         <size>0x16</size>
         <alignment>0x2</alignment>
         <input_file_ref idref="fl-8"/>
      </object_component>
      <object_component id="oc-1eb">
         <name>.text.DL_I2C_transmitControllerData</name>
         <load_address>0x4744</load_address>
         <readonly>true</readonly>
         <executable>true</executable>
         <run_address>0x4744</run_address>
         <size>0x16</size>
         <alignment>0x2</alignment>
         <input_file_ref idref="fl-5"/>
      </object_component>
      <object_component id="oc-4c">
         <name>.text:decompress:ZI:__TI_zero_init_nomemset</name>
         <load_address>0x475a</load_address>
         <readonly>true</readonly>
         <executable>true</executable>
         <run_address>0x475a</run_address>
         <size>0x16</size>
         <alignment>0x2</alignment>
         <input_file_ref idref="fl-38"/>
      </object_component>
      <object_component id="oc-233">
         <name>.text.DL_GPIO_clearPins</name>
         <load_address>0x4770</load_address>
         <readonly>true</readonly>
         <executable>true</executable>
         <run_address>0x4770</run_address>
         <size>0x14</size>
         <alignment>0x2</alignment>
         <input_file_ref idref="fl-5"/>
      </object_component>
      <object_component id="oc-195">
         <name>.text.DL_GPIO_clearPins</name>
         <load_address>0x4784</load_address>
         <readonly>true</readonly>
         <executable>true</executable>
         <run_address>0x4784</run_address>
         <size>0x14</size>
         <alignment>0x2</alignment>
         <input_file_ref idref="fl-8"/>
      </object_component>
      <object_component id="oc-1ed">
[...]
      </symbol>
      <symbol id="sm-26c">
         <name>OLED_WR_Byte</name>
         <value>0x2d5d</value>
         <object_component_ref idref="oc-10e"/>
      </symbol>
      <symbol id="sm-26d">
         <name>OLED_Set_Pos</name>
         <value>0x3e69</value>
         <object_component_ref idref="oc-19f"/>
      </symbol>
      <symbol id="sm-26e">
         <name>OLED_Clear</name>
         <value>0x31d5</value>
         <object_component_ref idref="oc-10f"/>
      </symbol>
      <symbol id="sm-26f">
         <name>OLED_ShowChar</name>
         <value>0x21e9</value>
         <object_component_ref idref="oc-114"/>
      </symbol>
      <symbol id="sm-270">
         <name>asc2_1608</name>
         <value>0x49c0</value>
         <object_component_ref idref="oc-1a4"/>
      </symbol>
      <symbol id="sm-271">
         <name>asc2_0806</name>
         <value>0x4fb0</value>
         <object_component_ref idref="oc-1a5"/>
      </symbol>
      <symbol id="sm-272">
         <name>OLED_ShowString</name>
         <value>0x3165</value>
         <object_component_ref idref="oc-a0"/>
      </symbol>
      <symbol id="sm-273">
         <name>OLED_Init</name>
         <value>0x2419</value>
         <object_component_ref idref="oc-9a"/>
      </symbol>
      <symbol id="sm-274">
         <name>__TI_ATRegion0_src_addr</name>
         <value>0x0</value>
      </symbol>
      <symbol id="sm-275">
         <name>__TI_ATRegion0_trg_addr</name>
         <value>0x0</value>
      </symbol>
      <symbol id="sm-276">
         <name>__TI_ATRegion0_region_sz</name>
         <value>0x0</value>
      </symbol>
      <symbol id="sm-277">
         <name>__TI_ATRegion1_src_addr</name>
         <value>0x0</value>
      </symbol>
      <symbol id="sm-278">
         <name>__TI_ATRegion1_trg_addr</name>
         <value>0x0</value>
      </symbol>
      <symbol id="sm-279">
         <name>__TI_ATRegion1_region_sz</name>
         <value>0x0</value>
      </symbol>
      <symbol id="sm-27a">
         <name>__TI_ATRegion2_src_addr</name>
         <value>0x0</value>
      </symbol>
      <symbol id="sm-27b">
         <name>__TI_ATRegion2_trg_addr</name>
         <value>0x0</value>
      </symbol>
      <symbol id="sm-27c">
         <name>__TI_ATRegion2_region_sz</name>
         <value>0x0</value>
      </symbol>
      <symbol id="sm-285">
         <name>DL_Common_delayCycles</name>
         <value>0x4919</value>
         <object_component_ref idref="oc-163"/>
      </symbol>
      <symbol id="sm-294">
         <name>DL_I2C_setClockConfig</name>
         <value>0x422b</value>
         <object_component_ref idref="oc-17a"/>
      </symbol>
      <symbol id="sm-295">
         <name>DL_I2C_fillControllerTXFIFO</name>
         <value>0x3565</value>
         <object_component_ref idref="oc-19a"/>
      </symbol>
      <symbol id="sm-296">
         <name>DL_I2C_flushControllerTXFIFO</name>
         <value>0x3e2d</value>
         <object_component_ref idref="oc-204"/>
      </symbol>
      <symbol id="sm-2a7">
         <name>DL_SYSCTL_configSYSPLL</name>
         <value>0x2805</value>
         <object_component_ref idref="oc-16e"/>
      </symbol>
      <symbol id="sm-2a8">
         <name>DL_SYSCTL_switchMCLKfromSYSOSCtoHSCLK</name>
         <value>0x3ce5</value>
         <object_component_ref idref="oc-178"/>
      </symbol>
      <symbol id="sm-2a9">
         <name>DL_SYSCTL_configFCC</name>
         <value>0x43e5</value>
         <object_component_ref idref="oc-1e5"/>
      </symbol>
      <symbol id="sm-2b7">
         <name>atan2f</name>
         <value>0x2301</value>
         <object_component_ref idref="oc-12a"/>
      </symbol>
      <symbol id="sm-2cb">
         <name>atanf</name>
         <value>0x1831</value>
         <object_component_ref idref="oc-1b5"/>
      </symbol>
      <symbol id="sm-2dc">
         <name>sprintf</name>
         <value>0x3fd1</value>
         <object_component_ref idref="oc-b2"/>
      </symbol>
      <symbol id="sm-2e7">
         <name>_c_int00_noargs</name>
         <value>0x41dd</value>
         <object_component_ref idref="oc-55"/>
      </symbol>
      <symbol id="sm-2e8">
         <name>__stack</name>
         <value>0x20207e00</value>
         <object_component_ref idref="oc-1a"/>
      </symbol>
      <symbol id="sm-2f4">
         <name>__TI_auto_init_nobinit_nopinit</name>
         <value>0x3f1d</value>
         <object_component_ref idref="oc-cf"/>
      </symbol>
      <symbol id="sm-2fc">
         <name>_system_pre_init</name>
         <value>0x49b5</value>
         <object_component_ref idref="oc-6a"/>
      </symbol>
      <symbol id="sm-307">
         <name>__TI_zero_init_nomemset</name>
         <value>0x475b</value>
         <object_component_ref idref="oc-4c"/>
      </symbol>
      <symbol id="sm-310">
         <name>__TI_decompress_none</name>
         <value>0x484b</value>
         <object_component_ref idref="oc-20"/>
      </symbol>
      <symbol id="sm-31b">
         <name>__TI_decompress_lzss</name>
         <value>0x2f89</value>
         <object_component_ref idref="oc-1c"/>
      </symbol>
      <symbol id="sm-364">
         <name>__TI_printfi</name>
         <value>0xc1</value>
         <object_component_ref idref="oc-1d2"/>
      </symbol>
      <symbol id="sm-36f">
         <name>__aeabi_errno_addr</name>
         <value>0x4965</value>
         <object_component_ref idref="oc-21f"/>
      </symbol>
      <symbol id="sm-370">
         <name>__aeabi_errno</name>
         <value>0x202000b0</value>
         <object_component_ref idref="oc-244"/>
      </symbol>
      <symbol id="sm-37a">
         <name>abort</name>
         <value>0x498d</value>
         <object_component_ref idref="oc-c8"/>
      </symbol>
      <symbol id="sm-384">
         <name>__TI_ltoa</name>
         <value>0x37e1</value>
         <object_component_ref idref="oc-25a"/>
      </symbol>
      <symbol id="sm-390">
         <name>atoi</name>
         <value>0x3ded</value>
         <object_component_ref idref="oc-217"/>
      </symbol>
      <symbol id="sm-39a">
         <name>memccpy</name>
         <value>0x42bd</value>
         <object_component_ref idref="oc-210"/>
      </symbol>
      <symbol id="sm-3a5">
         <name>frexp</name>
         <value>0x35c5</value>
         <object_component_ref idref="oc-24e"/>
      </symbol>
      <symbol id="sm-3a6">
         <name>frexpl</name>
         <value>0x35c5</value>
         <object_component_ref idref="oc-24e"/>
      </symbol>
      <symbol id="sm-3b0">
         <name>scalbn</name>
         <value>0x28e1</value>
         <object_component_ref idref="oc-252"/>
      </symbol>
      <symbol id="sm-3b1">
         <name>ldexp</name>
         <value>0x28e1</value>
         <object_component_ref idref="oc-252"/>
      </symbol>
      <symbol id="sm-3b2">
         <name>scalbnl</name>
         <value>0x28e1</value>
         <object_component_ref idref="oc-252"/>
      </symbol>
      <symbol id="sm-3b3">
         <name>ldexpl</name>
         <value>0x28e1</value>
         <object_component_ref idref="oc-252"/>
      </symbol>
      <symbol id="sm-3bc">
         <name>wcslen</name>
         <value>0x48ad</value>
         <object_component_ref idref="oc-21b"/>
      </symbol>
      <symbol id="sm-3c1">
         <name>__aeabi_ctype_table_</name>
         <value>0x51e0</value>
         <object_component_ref idref="oc-23d"/>
      </symbol>
      <symbol id="sm-3c2">
         <name>__aeabi_ctype_table_C</name>
         <value>0x51e0</value>
         <object_component_ref idref="oc-23d"/>
      </symbol>
      <symbol id="sm-3cd">
         <name>HOSTexit</name>
         <value>0x4997</value>
         <object_component_ref idref="oc-14e"/>
      </symbol>
      <symbol id="sm-3ce">
         <name>C$$EXIT</name>
         <value>0x4996</value>
         <object_component_ref idref="oc-14e"/>
      </symbol>
      <symbol id="sm-3e3">
         <name>__aeabi_fadd</name>
         <value>0x29c3</value>
         <object_component_ref idref="oc-121"/>
      </symbol>
      <symbol id="sm-3e4">
         <name>__addsf3</name>
         <value>0x29c3</value>
         <object_component_ref idref="oc-121"/>
      </symbol>
      <symbol id="sm-3e5">
         <name>__aeabi_fsub</name>
         <value>0x29b9</value>
         <object_component_ref idref="oc-121"/>
      </symbol>
      <symbol id="sm-3e6">
         <name>__subsf3</name>
         <value>0x29b9</value>
         <object_component_ref idref="oc-121"/>
      </symbol>
      <symbol id="sm-3ef">
         <name>__aeabi_dadd</name>
         <value>0x1a03</value>
         <object_component_ref idref="oc-133"/>
      </symbol>
      <symbol id="sm-3f0">
         <name>__adddf3</name>
         <value>0x1a03</value>
         <object_component_ref idref="oc-133"/>
      </symbol>
      <symbol id="sm-3f1">
         <name>__aeabi_dsub</name>
         <value>0x19f9</value>
         <object_component_ref idref="oc-133"/>
      </symbol>
      <symbol id="sm-3f2">
         <name>__subdf3</name>
         <value>0x19f9</value>
         <object_component_ref idref="oc-133"/>
      </symbol>
      <symbol id="sm-3fb">
         <name>__aeabi_dmul</name>
         <value>0x2721</value>
         <object_component_ref idref="oc-137"/>
      </symbol>
      <symbol id="sm-3fc">
         <name>__muldf3</name>
         <value>0x2721</value>
         <object_component_ref idref="oc-137"/>
      </symbol>
      <symbol id="sm-402">
         <name>__muldsi3</name>
         <value>0x3f95</value>
         <object_component_ref idref="oc-1a8"/>
      </symbol>
      <symbol id="sm-408">
         <name>__aeabi_fmul</name>
         <value>0x2df5</value>
         <object_component_ref idref="oc-11d"/>
      </symbol>
      <symbol id="sm-409">
         <name>__mulsf3</name>
         <value>0x2df5</value>
         <object_component_ref idref="oc-11d"/>
      </symbol>
      <symbol id="sm-40f">
         <name>__aeabi_fdiv</name>
         <value>0x2f05</value>
         <object_component_ref idref="oc-a5"/>
      </symbol>
      <symbol id="sm-410">
         <name>__divsf3</name>
         <value>0x2f05</value>
         <object_component_ref idref="oc-a5"/>
      </symbol>
      <symbol id="sm-419">
         <name>__aeabi_ddiv</name>
         <value>0x2529</value>
         <object_component_ref idref="oc-13f"/>
      </symbol>
      <symbol id="sm-41a">
         <name>__divdf3</name>
         <value>0x2529</value>
         <object_component_ref idref="oc-13f"/>
      </symbol>
      <symbol id="sm-420">
         <name>__aeabi_f2d</name>
         <value>0x3dad</value>
         <object_component_ref idref="oc-ae"/>
      </symbol>
      <symbol id="sm-421">
         <name>__extendsfdf2</name>
         <value>0x3dad</value>
         <object_component_ref idref="oc-ae"/>
      </symbol>
      <symbol id="sm-427">
         <name>__aeabi_d2iz</name>
         <value>0x3c51</value>
         <object_component_ref idref="oc-256"/>
      </symbol>
      <symbol id="sm-428">
         <name>__fixdfsi</name>
         <value>0x3c51</value>
         <object_component_ref idref="oc-256"/>
      </symbol>
      <symbol id="sm-42e">
         <name>__aeabi_i2d</name>
         <value>0x4095</value>
         <object_component_ref idref="oc-25e"/>
      </symbol>
      <symbol id="sm-42f">
         <name>__floatsidf</name>
         <value>0x4095</value>
         <object_component_ref idref="oc-25e"/>
      </symbol>
      <symbol id="sm-435">
         <name>__aeabi_i2f</name>
         <value>0x3ea5</value>
         <object_component_ref idref="oc-119"/>
      </symbol>
      <symbol id="sm-436">
         <name>__floatsisf</name>
         <value>0x3ea5</value>
         <object_component_ref idref="oc-119"/>
      </symbol>
      <symbol id="sm-43c">
         <name>__aeabi_ui2d</name>
         <value>0x4251</value>
         <object_component_ref idref="oc-12f"/>
      </symbol>
      <symbol id="sm-43d">
         <name>__floatunsidf</name>
         <value>0x4251</value>
         <object_component_ref idref="oc-12f"/>
      </symbol>
      <symbol id="sm-443">
         <name>__aeabi_ui2f</name>
         <value>0x41b5</value>
         <object_component_ref idref="oc-a1"/>
      </symbol>
      <symbol id="sm-444">
         <name>__floatunsisf</name>
         <value>0x41b5</value>
         <object_component_ref idref="oc-a1"/>
      </symbol>
      <symbol id="sm-44a">
         <name>__aeabi_lmul</name>
         <value>0x4275</value>
         <object_component_ref idref="oc-224"/>
      </symbol>
      <symbol id="sm-44b">
         <name>__muldi3</name>
         <value>0x4275</value>
         <object_component_ref idref="oc-224"/>
      </symbol>
      <symbol id="sm-452">
         <name>__aeabi_d2f</name>
         <value>0x30f1</value>
         <object_component_ref idref="oc-143"/>
      </symbol>
      <symbol id="sm-453">
         <name>__truncdfsf2</name>
         <value>0x30f1</value>
         <object_component_ref idref="oc-143"/>
      </symbol>
      <symbol id="sm-459">
         <name>__aeabi_dcmpeq</name>
         <value>0x33dd</value>
         <object_component_ref idref="oc-13b"/>
      </symbol>
      <symbol id="sm-45a">
         <name>__aeabi_dcmplt</name>
         <value>0x33f1</value>
         <object_component_ref idref="oc-13b"/>
      </symbol>
      <symbol id="sm-45b">
         <name>__aeabi_dcmple</name>
         <value>0x3405</value>
         <object_component_ref idref="oc-13b"/>
      </symbol>
      <symbol id="sm-45c">
         <name>__aeabi_dcmpge</name>
         <value>0x3419</value>
         <object_component_ref idref="oc-13b"/>
      </symbol>
      <symbol id="sm-45d">
         <name>__aeabi_dcmpgt</name>
         <value>0x342d</value>
         <object_component_ref idref="oc-13b"/>
      </symbol>
      <symbol id="sm-463">
         <name>__aeabi_fcmpeq</name>
         <value>0x3441</value>
         <object_component_ref idref="oc-125"/>
      </symbol>
      <symbol id="sm-464">
         <name>__aeabi_fcmplt</name>
         <value>0x3455</value>
         <object_component_ref idref="oc-125"/>
      </symbol>
      <symbol id="sm-465">
         <name>__aeabi_fcmple</name>
         <value>0x3469</value>
         <object_component_ref idref="oc-125"/>
      </symbol>
      <symbol id="sm-466">
         <name>__aeabi_fcmpge</name>
         <value>0x347d</value>
         <object_component_ref idref="oc-125"/>
      </symbol>
      <symbol id="sm-467">
         <name>__aeabi_fcmpgt</name>
         <value>0x3491</value>
         <object_component_ref idref="oc-125"/>
      </symbol>
      <symbol id="sm-46d">
         <name>__aeabi_idiv</name>
         <value>0x3891</value>
         <object_component_ref idref="oc-18f"/>
      </symbol>
      <symbol id="sm-46e">
         <name>__aeabi_idivmod</name>
         <value>0x3891</value>
         <object_component_ref idref="oc-18f"/>
      </symbol>
      <symbol id="sm-474">
         <name>__aeabi_memcpy</name>
         <value>0x496d</value>
         <object_component_ref idref="oc-45"/>
      </symbol>
      <symbol id="sm-475">
         <name>__aeabi_memcpy4</name>
         <value>0x496d</value>
         <object_component_ref idref="oc-45"/>
      </symbol>
      <symbol id="sm-476">
         <name>__aeabi_memcpy8</name>
         <value>0x496d</value>
         <object_component_ref idref="oc-45"/>
      </symbol>
      <symbol id="sm-47d">
         <name>__aeabi_memset</name>
         <value>0x48bd</value>
         <object_component_ref idref="oc-20f"/>
      </symbol>
      <symbol id="sm-47e">
         <name>__aeabi_memset4</name>
         <value>0x48bd</value>
         <object_component_ref idref="oc-20f"/>
      </symbol>
      <symbol id="sm-47f">
         <name>__aeabi_memset8</name>
         <value>0x48bd</value>
         <object_component_ref idref="oc-20f"/>
      </symbol>
      <symbol id="sm-485">
         <name>__aeabi_uidiv</name>
         <value>0x3d6d</value>
         <object_component_ref idref="oc-1a0"/>
      </symbol>
      <symbol id="sm-486">
         <name>__aeabi_uidivmod</name>
         <value>0x3d6d</value>
         <object_component_ref idref="oc-1a0"/>
      </symbol>
      <symbol id="sm-48c">
         <name>__aeabi_uldivmod</name>
         <value>0x4811</value>
         <object_component_ref idref="oc-229"/>
      </symbol>
      <symbol id="sm-495">
         <name>__eqsf2</name>
         <value>0x3f59</value>
         <object_component_ref idref="oc-1ae"/>
      </symbol>
      <symbol id="sm-496">
         <name>__lesf2</name>
         <value>0x3f59</value>
         <object_component_ref idref="oc-1ae"/>
      </symbol>
      <symbol id="sm-497">
         <name>__ltsf2</name>
         <value>0x3f59</value>
         <object_component_ref idref="oc-1ae"/>
      </symbol>
      <symbol id="sm-498">
         <name>__nesf2</name>
         <value>0x3f59</value>
         <object_component_ref idref="oc-1ae"/>
      </symbol>
      <symbol id="sm-499">
         <name>__cmpsf2</name>
         <value>0x3f59</value>
         <object_component_ref idref="oc-1ae"/>
      </symbol>
      <symbol id="sm-49a">
         <name>__gtsf2</name>
         <value>0x3ee1</value>
         <object_component_ref idref="oc-1b3"/>
      </symbol>
      <symbol id="sm-49b">
         <name>__gesf2</name>
         <value>0x3ee1</value>
         <object_component_ref idref="oc-1b3"/>
      </symbol>
      <symbol id="sm-4a1">
         <name>__udivmoddi4</name>
         <value>0x2c19</value>
         <object_component_ref idref="oc-249"/>
      </symbol>
      <symbol id="sm-4a7">
         <name>__aeabi_llsl</name>
         <value>0x4301</value>
         <object_component_ref idref="oc-271"/>
      </symbol>
      <symbol id="sm-4a8">
         <name>__ashldi3</name>
         <value>0x4301</value>
         <object_component_ref idref="oc-271"/>
      </symbol>
      <symbol id="sm-4b6">
         <name>__ledf2</name>
         <value>0x32a9</value>
         <object_component_ref idref="oc-1c1"/>
      </symbol>
      <symbol id="sm-4b7">
         <name>__gedf2</name>
         <value>0x307d</value>
         <object_component_ref idref="oc-1c7"/>
      </symbol>
      <symbol id="sm-4b8">
         <name>__cmpdf2</name>
         <value>0x32a9</value>
         <object_component_ref idref="oc-1c1"/>
      </symbol>
      <symbol id="sm-4b9">
         <name>__eqdf2</name>
         <value>0x32a9</value>
         <object_component_ref idref="oc-1c1"/>
      </symbol>
      <symbol id="sm-4ba">
         <name>__ltdf2</name>
         <value>0x32a9</value>
         <object_component_ref idref="oc-1c1"/>
      </symbol>
      <symbol id="sm-4bb">
         <name>__nedf2</name>
         <value>0x32a9</value>
         <object_component_ref idref="oc-1c1"/>
      </symbol>
      <symbol id="sm-4bc">
         <name>__gtdf2</name>
         <value>0x307d</value>
         <object_component_ref idref="oc-1c7"/>
      </symbol>
      <symbol id="sm-4c8">
         <name>__aeabi_idiv0</name>
         <value>0x1b8b</value>
         <object_component_ref idref="oc-1f3"/>
      </symbol>
      <symbol id="sm-4c9">
         <name>__aeabi_ldiv0</name>
         <value>0x2cbb</value>
         <object_component_ref idref="oc-270"/>
      </symbol>
      <symbol id="sm-4d3">
         <name>TI_memcpy_small</name>
         <value>0x4839</value>
         <object_component_ref idref="oc-80"/>
      </symbol>
      <symbol id="sm-4dc">
         <name>TI_memset_small</name>
         <value>0x48d9</value>
         <object_component_ref idref="oc-e2"/>
      </symbol>
      <symbol id="sm-4dd">
         <name>__TI_static_base__</name>
         <value>0x0</value>
      </symbol>
      <symbol id="sm-4e1">
         <name>__mpu_init</name>
         <value>0x0</value>
      </symbol>
      <symbol id="sm-4e2">
         <name>_system_post_cinit</name>
         <value>0x0</value>
      </symbol>
   </symbol_table>
   <title>Link successful</title>
</link_info>
