******************************************************************************
            TI ARM Clang Linker PC v4.0.4                      
******************************************************************************
>> Linked Thu Jul 16 21:46:18 2026

OUTPUT FILE NAME:   <mpu6050-oled-hardware-i2c.out>
ENTRY POINT SYMBOL: "_c_int00_noargs"  address: 00005005


MEMORY CONFIGURATION

         name            origin    length      used     unused   attr    fill
----------------------  --------  ---------  --------  --------  ----  --------
  FLASH                 00000000   00020000  00006580  00019a80  R  X
  SRAM                  20200000   00008000  000003da  00007c26  RW X
  BCR_CONFIG            41c00000   000000ff  00000000  000000ff  R   
  BSL_CONFIG            41c00100   00000080  00000000  00000080  R   


SEGMENT ALLOCATION MAP

run origin  load origin   length   init length attrs members
----------  ----------- ---------- ----------- ----- -------
00000000    00000000    00006580   00006580    r-x
  00000000    00000000    000000c0   000000c0    r-- .intvecs
  000000c0    000000c0    000059a0   000059a0    r-x .text
  00005a60    00005a60    00000af0   00000af0    r-- .rodata
  00006550    00006550    00000030   00000030    r-- .cinit
20200000    20200000    000001de   00000000    rw-
  20200000    20200000    00000174   00000000    rw- .bss
  20200178    20200178    00000066   00000000    rw- .data
20207e00    20207e00    00000200   00000000    rw-
  20207e00    20207e00    00000200   00000000    rw- .stack


SECTION ALLOCATION MAP

 output                                  attributes/
section   page    origin      length       input sections
--------  ----  ----------  ----------   ----------------
.intvecs   0    00000000    000000c0     
                  00000000    000000c0     startup_mspm0g350x_ticlang.o (.intvecs)

.text      0    000000c0    000059a0     
                  000000c0    000009d0     libc.a : _printfi.c.obj (.text:__TI_printfi)
                  00000a90    000005a0     imu_ahrs.o (.text.IMU_AHRS_Update_Attitude)
                  00001030    000002c0     main.o (.text.main)
                  000012f0    00000220     libc.a : _printfi.c.obj (.text._pconv_a)
                  00001510    000001e0     imu_ahrs.o (.text.IMU_AHRS_Yaw_Calib_Poll)
                  000016f0    000001dc     libc.a : _printfi.c.obj (.text._pconv_g)
                  000018cc    000001c8            : s_atanf.c.obj (.text.atanf)
                  00001a94    000001b0     test.o (.text.Test_TurnToAngle_Poll)
                  00001c44    00000192     libclang_rt.builtins.a : adddf3.S.obj (.text.adddf3_subdf3)
                  00001dd6    00000002                            : aeabi_div0.c.obj (.text.__aeabi_idiv0)
                  00001dd8    00000168     imu_ahrs.o (.text.IMU_AHRS_Update_Data)
                  00001f40    00000164     imu_ahrs.o (.text.IMU_AHRS_Init_Poll)
                  000020a4    0000013c     libc.a : _printfi.c.obj (.text.fcvt)
                  000021e0    00000134     mspm0_i2c.o (.text.mspm0_i2c_read)
                  00002314    00000120     libc.a : _printfi.c.obj (.text._pconv_e)
                  00002434    00000118     oled_hardware_i2c.o (.text.OLED_ShowChar)
                  0000254c    00000118     libc.a : e_atan2f.c.obj (.text.atan2f)
                  00002664    00000110     oled_hardware_i2c.o (.text.OLED_Init)
                  00002774    0000010c     libclang_rt.builtins.a : divdf3.S.obj (.text.__divdf3)
                  00002880    00000104     driverlib.a : dl_timer.o (.text.DL_Timer_initFourCCPWMMode)
                  00002984    00000104     ti_msp_dl_config.o (.text.SYSCFG_DL_GPIO_init)
                  00002a88    000000fc     driverlib.a : dl_timer.o (.text.DL_Timer_initTimerMode)
                  00002b84    000000ec     ti_msp_dl_config.o (.text.SYSCFG_DL_SYSCTL_SYSPLL_init)
                  00002c70    000000e4     libclang_rt.builtins.a : muldf3.S.obj (.text.__muldf3)
                  00002d54    000000dc     driverlib.a : dl_sysctl_mspm0g1x0x_g3x0x.o (.text.DL_SYSCTL_configSYSPLL)
                  00002e30    000000d8     libc.a : s_scalbn.c.obj (.text.scalbn)
                  00002f08    000000d8     libclang_rt.builtins.a : addsf3.S.obj (.text)
                  00002fe0    000000c4     imu_ahrs.o (.text.imu_ahrs_calibrate_gyro_offset_step)
                  000030a4    000000c4     mspm0_i2c.o (.text.mspm0_i2c_write)
                  00003168    000000c0     test.o (.text.Test_TurnToAngle_Start)
                  00003228    000000ac     angle_pid.o (.text.AnglePD_Update)
                  000032d4    000000a2     libclang_rt.builtins.a : udivmoddi4.S.obj (.text)
                  00003376    00000002                            : aeabi_div0.c.obj (.text.__aeabi_ldiv0)
                  00003378    000000a0     imu_ahrs.o (.text.IMU_AHRS_Init_Start)
                  00003418    00000098     oled_hardware_i2c.o (.text.OLED_WR_Byte)
                  000034b0    00000090     ti_msp_dl_config.o (.text.SYSCFG_DL_PWM_0_init)
                  00003540    0000008c     ti_msp_dl_config.o (.text.SYSCFG_DL_initPower)
                  000035cc    0000008c     libclang_rt.builtins.a : mulsf3.S.obj (.text.__mulsf3)
                  00003658    00000084     clock.o (.text.__NVIC_SetPriority)
                  000036dc    00000084     ti_msp_dl_config.o (.text.__NVIC_SetPriority)
                  00003760    00000082     libclang_rt.builtins.a : divsf3.S.obj (.text.__divsf3)
                  000037e2    00000002     --HOLE-- [fill = 0]
                  000037e4    00000080     bsp_tb6612.o (.text.AO_Control)
                  00003864    00000080     bsp_tb6612.o (.text.BO_Control)
                  000038e4    0000007c     libc.a : copy_decompress_lzss.c.obj (.text:decompress:lzss)
                  00003960    00000074     ti_msp_dl_config.o (.text.SYSCFG_DL_SYSCTL_init)
                  000039d4    00000074     libclang_rt.builtins.a : comparedf2.c.obj (.text.__gedf2)
                  00003a48    00000008     imu_ahrs.o (.text.IMU_AHRS_GetData)
                  00003a50    00000074     libclang_rt.builtins.a : truncdfsf2.S.obj (.text.__truncdfsf2)
                  00003ac4    00000070     oled_hardware_i2c.o (.text.OLED_ShowString)
                  00003b34    0000006a     oled_hardware_i2c.o (.text.OLED_Clear)
                  00003b9e    00000002     --HOLE-- [fill = 0]
                  00003ba0    00000068     libclang_rt.builtins.a : comparedf2.c.obj (.text.__ledf2)
                  00003c08    00000066     libc.a : _printfi.c.obj (.text._mcpy)
                  00003c6e    00000002     --HOLE-- [fill = 0]
                  00003c70    00000064     angle_pid.o (.text.AnglePD_Init)
                  00003cd4    00000064     driverlib.a : dl_sysctl_mspm0g1x0x_g3x0x.o (.text.DL_SYSCTL_setHFCLKSourceHFXTParams)
                  00003d38    00000064     imu_ahrs.o (.text.IMU_AHRS_Get_Yaw_Compensated)
                  00003d9c    00000062     libclang_rt.builtins.a : aeabi_dcmp.S.obj (.text.__aeabi_dcmp)
                  00003dfe    00000002     --HOLE-- [fill = 0]
                  00003e00    00000062                            : aeabi_fcmp.S.obj (.text.__aeabi_fcmp)
                  00003e62    00000002     --HOLE-- [fill = 0]
                  00003e64    00000060     mspm0_i2c.o (.text.mpu6050_i2c_sda_unlock)
                  00003ec4    00000060     oled_hardware_i2c.o (.text.oled_i2c_sda_unlock)
                  00003f24    0000005e     driverlib.a : dl_i2c.o (.text.DL_I2C_fillControllerTXFIFO)
                  00003f82    00000002     --HOLE-- [fill = 0]
                  00003f84    0000005c     libc.a : s_frexp.c.obj (.text.frexp)
                  00003fe0    0000005c     mspm0_i2c.o (.text.mspm0_i2c_enable)
                  0000403c    0000005c     oled_hardware_i2c.o (.text.mspm0_i2c_enable)
                  00004098    00000058     ti_msp_dl_config.o (.text.SYSCFG_DL_I2C_MPU6050_init)
                  000040f0    00000058     ti_msp_dl_config.o (.text.SYSCFG_DL_I2C_OLED_init)
                  00004148    00000058     libc.a : _ltoa.c.obj (.text.__TI_ltoa)
                  000041a0    00000058            : _printfi.c.obj (.text._pconv_f)
                  000041f8    00000056     libclang_rt.builtins.a : aeabi_idivmod.S.obj (.text.__aeabi_idivmod)
                  0000424e    00000002     --HOLE-- [fill = 0]
                  00004250    00000054     test.o (.text.Test_Turn90_Start)
                  000042a4    00000054     test.o (.text.wrap_180)
                  000042f8    00000052     libc.a : _printfi.c.obj (.text._ecpy)
                  0000434a    00000002     --HOLE-- [fill = 0]
                  0000434c    00000050     mspm0_i2c.o (.text.DL_GPIO_initPeripheralInputFunctionFeatures)
                  0000439c    00000050     oled_hardware_i2c.o (.text.DL_GPIO_initPeripheralInputFunctionFeatures)
                  000043ec    00000050     ti_msp_dl_config.o (.text.DL_GPIO_initPeripheralInputFunctionFeatures)
                  0000443c    00000050     mspm0_i2c.o (.text.DL_I2C_startControllerTransfer)
                  0000448c    00000050     oled_hardware_i2c.o (.text.DL_I2C_startControllerTransfer)
                  000044dc    00000050     imu_ahrs.o (.text.IMU_AHRS_Yaw_Calib_Start)
                  0000452c    00000050     clock.o (.text.SysTick_Config)
                  0000457c    00000050     ti_msp_dl_config.o (.text.SysTick_Config)
                  000045cc    00000050     imu_ahrs.o (.text.imu_ahrs_inv_sqrt)
                  0000461c    0000004c     mspm0_i2c.o (.text.DL_GPIO_initDigitalInputFeatures)
                  00004668    0000004c     oled_hardware_i2c.o (.text.DL_GPIO_initDigitalInputFeatures)
                  000046b4    0000004c     ti_msp_dl_config.o (.text.DL_UART_setBaudRateDivisor)
                  00004700    0000004a     libclang_rt.builtins.a : fixdfsi.S.obj (.text.__fixdfsi)
                  0000474a    00000002     --HOLE-- [fill = 0]
                  0000474c    00000048     driverlib.a : dl_uart.o (.text.DL_UART_init)
                  00004794    00000048     angle_pid.o (.text.clamp)
                  000047dc    00000048     board.o (.text.lc_printf)
                  00004824    00000048     mspm0_i2c.o (.text.mspm0_i2c_disable)
                  0000486c    00000044     driverlib.a : dl_sysctl_mspm0g1x0x_g3x0x.o (.text.DL_SYSCTL_switchMCLKfromSYSOSCtoHSCLK)
                  000048b0    00000044     oled_hardware_i2c.o (.text.mspm0_i2c_disable)
                  000048f4    00000040     ti_msp_dl_config.o (.text.SYSCFG_DL_UART_0_init)
                  00004934    00000040     libclang_rt.builtins.a : aeabi_uidivmod.S.obj (.text.__aeabi_uidivmod)
                  00004974    00000040                            : extendsfdf2.S.obj (.text.__extendsfdf2)
                  000049b4    00000040     libc.a : atoi.c.obj (.text.atoi)
                  000049f4    00000040            : vsnprintf.c.obj (.text.vsnprintf)
                  00004a34    0000003c     driverlib.a : dl_i2c.o (.text.DL_I2C_flushControllerTXFIFO)
                  00004a70    0000003c     ti_msp_dl_config.o (.text.DL_Timer_setCounterControl)
                  00004aac    0000003c     oled_hardware_i2c.o (.text.OLED_Set_Pos)
                  00004ae8    0000003c     ti_msp_dl_config.o (.text.SYSCFG_DL_TIMER_0_init)
                  00004b24    0000003c     libclang_rt.builtins.a : floatsisf.S.obj (.text.__floatsisf)
                  00004b60    0000003c                            : comparesf2.S.obj (.text.__gtsf2)
                  00004b9c    0000003c     board.o (.text.uart0_sendString)
                  00004bd8    0000003c     libc.a : autoinit.c.obj (.text:__TI_auto_init_nobinit_nopinit)
                  00004c14    0000003a     libclang_rt.builtins.a : comparesf2.S.obj (.text.__eqsf2)
                  00004c4e    00000002     --HOLE-- [fill = 0]
                  00004c50    0000003a                            : muldsi3.S.obj (.text.__muldsi3)
                  00004c8a    00000002     --HOLE-- [fill = 0]
                  00004c8c    00000038     ti_msp_dl_config.o (.text.DL_GPIO_initPeripheralOutputFunctionFeatures)
                  00004cc4    00000038     bsp_tb6612.o (.text.TB6612_Motor_Stop)
                  00004cfc    00000038     libclang_rt.builtins.a : fixsfsi.S.obj (.text.__fixsfsi)
                  00004d34    00000038     libc.a : sprintf.c.obj (.text.sprintf)
                  00004d6c    00000034     ti_msp_dl_config.o (.text.SYSCFG_DL_init)
                  00004da0    00000032     libclang_rt.builtins.a : fixunssfsi.S.obj (.text.__fixunssfsi)
                  00004dd2    00000030     libc.a : _printfi.c.obj (.text._fcpy)
                  00004e02    00000030            : vsnprintf.c.obj (.text._outs)
                  00004e32    00000002     --HOLE-- [fill = 0]
                  00004e34    00000030     clock.o (.text.mspm0_delay_ms)
                  00004e64    0000002c     interrupt.o (.text.__NVIC_EnableIRQ)
                  00004e90    0000002c     libclang_rt.builtins.a : floatsidf.S.obj (.text.__floatsidf)
                  00004ebc    0000002c     clock.o (.text.mspm0_get_clock_ms)
                  00004ee8    0000002c     board.o (.text.uart0_sendChar)
                  00004f14    00000028     mspm0_i2c.o (.text.DL_Common_updateReg)
                  00004f3c    00000028     oled_hardware_i2c.o (.text.DL_Common_updateReg)
                  00004f64    00000028     ti_msp_dl_config.o (.text.DL_Common_updateReg)
                  00004f8c    00000028     ti_msp_dl_config.o (.text.DL_I2C_setControllerRXFIFOThreshold)
                  00004fb4    00000028     ti_msp_dl_config.o (.text.DL_I2C_setControllerTXFIFOThreshold)
                  00004fdc    00000028     libclang_rt.builtins.a : floatunsisf.S.obj (.text.__floatunsisf)
                  00005004    00000028     libc.a : boot_cortex_m.c.obj (.text:_c_int00_noargs)
                  0000502c    00000026     ti_msp_dl_config.o (.text.DL_I2C_setAnalogGlitchFilterPulseWidth)
                  00005052    00000026     driverlib.a : dl_i2c.o (.text.DL_I2C_setClockConfig)
                  00005078    00000024     libclang_rt.builtins.a : floatunsidf.S.obj (.text.__floatunsidf)
                  0000509c    00000024                            : muldi3.S.obj (.text.__muldi3)
                  000050c0    00000024     imu_ahrs.o (.text.imu_ahrs_read_multi)
                  000050e4    00000022     libc.a : memccpy.c.obj (.text.memccpy)
                  00005106    00000002     --HOLE-- [fill = 0]
                  00005108    00000020     ti_msp_dl_config.o (.text.DL_SYSCTL_setFlashWaitState)
                  00005128    0000001e     ti_msp_dl_config.o (.text.DL_UART_setOversampling)
                  00005146    00000002     --HOLE-- [fill = 0]
                  00005148    0000001e     libclang_rt.builtins.a : ashldi3.S.obj (.text.__ashldi3)
                  00005166    0000001e     imu_ahrs.o (.text.imu_ahrs_make_s16)
                  00005184    0000001c     mspm0_i2c.o (.text.DL_GPIO_enableHiZ)
                  000051a0    0000001c     oled_hardware_i2c.o (.text.DL_GPIO_enableHiZ)
                  000051bc    0000001c     ti_msp_dl_config.o (.text.DL_GPIO_enableHiZ)
                  000051d8    0000001c     ti_msp_dl_config.o (.text.DL_GPIO_initPeripheralOutputFunction)
                  000051f4    0000001c     oled_hardware_i2c.o (.text.DL_I2C_getSDAStatus)
                  00005210    0000001c     mspm0_i2c.o (.text.DL_I2C_isControllerRXFIFOEmpty)
                  0000522c    0000001c     interrupt.o (.text.DL_Interrupt_getPendingGroup)
                  00005248    0000001c     driverlib.a : dl_sysctl_mspm0g1x0x_g3x0x.o (.text.DL_SYSCTL_configFCC)
                  00005264    0000001c     ti_msp_dl_config.o (.text.DL_SYSCTL_setFCCPeriods)
                  00005280    0000001c     ti_msp_dl_config.o (.text.DL_SYSCTL_setSYSOSCFreq)
                  0000529c    0000001c     ti_msp_dl_config.o (.text.DL_SYSCTL_setULPCLKDivider)
                  000052b8    0000001c     ti_msp_dl_config.o (.text.DL_Timer_enableInterrupt)
                  000052d4    0000001c     driverlib.a : dl_timer.o (.text.DL_Timer_setCaptCompUpdateMethod)
                  000052f0    0000001c                 : dl_timer.o (.text.DL_Timer_setClockConfig)
                  0000530c    0000001c     imu_ahrs.o (.text.IMU_AHRS_Attitude_Enable)
                  00005328    0000001c     interrupt.o (.text.Interrupt_Init)
                  00005344    0000001c     imu_ahrs.o (.text.imu_ahrs_write_reg)
                  00005360    00000018     mspm0_i2c.o (.text.DL_GPIO_enableOutput)
                  00005378    00000018     oled_hardware_i2c.o (.text.DL_GPIO_enableOutput)
                  00005390    00000018     ti_msp_dl_config.o (.text.DL_GPIO_enableOutput)
                  000053a8    00000018     ti_msp_dl_config.o (.text.DL_GPIO_enablePower)
                  000053c0    00000018     mspm0_i2c.o (.text.DL_GPIO_initDigitalOutput)
                  000053d8    00000018     oled_hardware_i2c.o (.text.DL_GPIO_initDigitalOutput)
                  000053f0    00000018     ti_msp_dl_config.o (.text.DL_GPIO_initDigitalOutput)
                  00005408    00000018     ti_msp_dl_config.o (.text.DL_GPIO_initPeripheralAnalogFunction)
                  00005420    00000018     ti_msp_dl_config.o (.text.DL_GPIO_reset)
                  00005438    00000018     bsp_tb6612.o (.text.DL_GPIO_setPins)
                  00005450    00000018     mspm0_i2c.o (.text.DL_GPIO_setPins)
                  00005468    00000018     oled_hardware_i2c.o (.text.DL_GPIO_setPins)
                  00005480    00000018     ti_msp_dl_config.o (.text.DL_GPIO_setPins)
                  00005498    00000018     mspm0_i2c.o (.text.DL_I2C_clearInterruptStatus)
                  000054b0    00000018     oled_hardware_i2c.o (.text.DL_I2C_clearInterruptStatus)
                  000054c8    00000018     ti_msp_dl_config.o (.text.DL_I2C_enableAnalogGlitchFilter)
                  000054e0    00000018     ti_msp_dl_config.o (.text.DL_I2C_enableController)
                  000054f8    00000018     ti_msp_dl_config.o (.text.DL_I2C_enableControllerClockStretching)
                  00005510    00000018     mspm0_i2c.o (.text.DL_I2C_enablePower)
                  00005528    00000018     oled_hardware_i2c.o (.text.DL_I2C_enablePower)
                  00005540    00000018     ti_msp_dl_config.o (.text.DL_I2C_enablePower)
                  00005558    00000018     mspm0_i2c.o (.text.DL_I2C_getRawInterruptStatus)
                  00005570    00000018     oled_hardware_i2c.o (.text.DL_I2C_getRawInterruptStatus)
                  00005588    00000018     mspm0_i2c.o (.text.DL_I2C_reset)
                  000055a0    00000018     oled_hardware_i2c.o (.text.DL_I2C_reset)
                  000055b8    00000018     ti_msp_dl_config.o (.text.DL_I2C_reset)
                  000055d0    00000018     ti_msp_dl_config.o (.text.DL_I2C_setTimerPeriod)
                  000055e8    00000018     ti_msp_dl_config.o (.text.DL_SYSCTL_setBORThreshold)
                  00005600    00000018     ti_msp_dl_config.o (.text.DL_Timer_enablePower)
                  00005618    00000018     ti_msp_dl_config.o (.text.DL_Timer_reset)
                  00005630    00000018     driverlib.a : dl_timer.o (.text.DL_Timer_setCaptureCompareOutCtl)
                  00005648    00000018     ti_msp_dl_config.o (.text.DL_UART_enablePower)
                  00005660    00000018     board.o (.text.DL_UART_isBusy)
                  00005678    00000018     ti_msp_dl_config.o (.text.DL_UART_reset)
                  00005690    00000018     clock.o (.text.SysTick_Init)
                  000056a8    00000018     libc.a : vsnprintf.c.obj (.text._outc)
                  000056c0    00000018            : sprintf.c.obj (.text._outs)
                  000056d8    00000016     mspm0_i2c.o (.text.DL_GPIO_readPins)
                  000056ee    00000016     oled_hardware_i2c.o (.text.DL_GPIO_readPins)
                  00005704    00000016     mspm0_i2c.o (.text.DL_I2C_transmitControllerData)
                  0000571a    00000016     ti_msp_dl_config.o (.text.DL_UART_enable)
                  00005730    00000016     board.o (.text.DL_UART_transmitData)
                  00005746    00000016     libc.a : copy_zero_init.c.obj (.text:decompress:ZI:__TI_zero_init_nomemset)
                  0000575c    00000014     bsp_tb6612.o (.text.DL_GPIO_clearPins)
                  00005770    00000014     mspm0_i2c.o (.text.DL_GPIO_clearPins)
                  00005784    00000014     oled_hardware_i2c.o (.text.DL_GPIO_clearPins)
                  00005798    00000014     mspm0_i2c.o (.text.DL_I2C_getControllerStatus)
                  000057ac    00000014     oled_hardware_i2c.o (.text.DL_I2C_getControllerStatus)
                  000057c0    00000014     mspm0_i2c.o (.text.DL_I2C_receiveControllerData)
                  000057d4    00000014     ti_msp_dl_config.o (.text.DL_I2C_resetControllerTransfer)
                  000057e8    00000014     ti_msp_dl_config.o (.text.DL_SYSCTL_disableSYSPLL)
                  000057fc    00000014     ti_msp_dl_config.o (.text.DL_SYSCTL_enableSYSPLL)
                  00005810    00000014     ti_msp_dl_config.o (.text.DL_Timer_enableClock)
                  00005824    00000014     ti_msp_dl_config.o (.text.DL_Timer_setCCPDirection)
                  00005838    00000014     libclang_rt.builtins.a : aeabi_uldivmod.S.obj (.text.__aeabi_uldivmod)
                  0000584c    00000014     libc.a : _printfi.c.obj (.text.strchr)
                  00005860    00000012     angle_pid.o (.text.AnglePD_Reset)
                  00005872    00000012     driverlib.a : dl_uart.o (.text.DL_UART_setClockConfig)
                  00005884    00000012     libc.a : memcpy16.S.obj (.text:TI_memcpy_small)
                  00005896    00000012            : copy_decompress_none.c.obj (.text:decompress:none)
                  000058a8    00000010     ti_msp_dl_config.o (.text.DL_SYSCTL_disableHFXT)
                  000058b8    00000010     ti_msp_dl_config.o (.text.DL_SYSCTL_isFCCDone)
                  000058c8    00000010     ti_msp_dl_config.o (.text.DL_SYSCTL_startFCC)
                  000058d8    00000010     driverlib.a : dl_timer.o (.text.DL_Timer_setCaptureCompareValue)
                  000058e8    00000010     interrupt.o (.text.SysTick_Handler)
                  000058f8    00000010     oled_hardware_i2c.o (.text.delay_ms)
                  00005908    00000010     libc.a : wcslen.c.obj (.text.wcslen)
                  00005918    0000000e     libclang_rt.builtins.a : aeabi_memset.S.obj (.text.__aeabi_memset)
                  00005926    0000000e     libc.a : _printfi.c.obj (.text.strlen)
                  00005934    0000000e            : memset16.S.obj (.text:TI_memset_small)
                  00005942    00000002     --HOLE-- [fill = 0]
                  00005944    0000000c     ti_msp_dl_config.o (.text.DL_SYSCTL_getClockStatus)
                  00005950    0000000c     ti_msp_dl_config.o (.text.DL_SYSCTL_readFCC)
                  0000595c    0000000c     imu_ahrs.o (.text.IMU_AHRS_GetStatus)
                  00005968    0000000c     imu_ahrs.o (.text.IMU_AHRS_TurnAngle_Get)
                  00005974    0000000c     imu_ahrs.o (.text.IMU_AHRS_TurnAngle_Reset)
                  00005980    0000000c     ti_msp_dl_config.o (.text.SYSCFG_DL_SYSTICK_init)
                  0000598c    0000000c     test.o (.text.Test_GetCurrentError)
                  00005998    0000000c     libclang_rt.builtins.a : aeabi_memset.S.obj (.text.__aeabi_memclr)
                  000059a4    0000000a     driverlib.a : dl_common.o (.text.DL_Common_delayCycles)
                  000059ae    0000000a     interrupt.o (.text.GROUP1_IRQHandler)
                  000059b8    0000000a     libc.a : _printfi.c.obj (.text.OUTLINED_FUNCTION_0)
                  000059c2    00000002     --HOLE-- [fill = 0]
                  000059c4    00000010     libclang_rt.builtins.a : adddf3.S.obj (.tramp.__aeabi_dsub.1)
                  000059d4    0000000a     libc.a : _printfi.c.obj (.text.OUTLINED_FUNCTION_1)
                  000059de    0000000a            : sprintf.c.obj (.text._outc)
                  000059e8    00000008     test.o (.text.Test_Turn90_Poll)
                  000059f0    00000008     libc.a : aeabi_portable.c.obj (.text.__aeabi_errno_addr)
                  000059f8    00000008     libclang_rt.builtins.a : aeabi_memcpy.S.obj (.text.__aeabi_memcpy)
                  00005a00    00000006     libc.a : s_atanf.c.obj (.text.OUTLINED_FUNCTION_0)
                  00005a06    00000002     --HOLE-- [fill = 0]
                  00005a08    00000010     libclang_rt.builtins.a : divsf3.S.obj (.tramp.__aeabi_fdiv.1)
                  00005a18    00000006     libc.a : exit.c.obj (.text:abort)
                  00005a1e    00000004     startup_mspm0g350x_ticlang.o (.text.Default_Handler)
                  00005a22    00000004     libsysbm.a : hostexit.c.obj (.text.HOSTexit)
                  00005a26    00000004     libc.a : s_atanf.c.obj (.text.OUTLINED_FUNCTION_1)
                  00005a2a    00000002     --HOLE-- [fill = 0]
                  00005a2c    00000010     libclang_rt.builtins.a : addsf3.S.obj (.tramp.__aeabi_fadd.1)
                  00005a3c    00000004     startup_mspm0g350x_ticlang.o (.text.Reset_Handler)
                  00005a40    00000010     libc.a : boot_cortex_m.c.obj (.tramp._c_int00_noargs.1)
                  00005a50    00000004            : pre_init.c.obj (.text._system_pre_init)
                  00005a54    0000000c     --HOLE-- [fill = 0]

.cinit     0    00006550    00000030     
                  00006550    0000000c     (__TI_handler_table)
                  0000655c    0000000a     (.cinit..data.load) [load image, compression = lzss]
                  00006566    00000002     --HOLE-- [fill = 0]
                  00006568    00000008     (.cinit..bss.load) [load image, compression = zero_init]
                  00006570    00000010     (__TI_cinit_table)

.rodata    0    00005a60    00000af0     
                  00005a60    000005f0     oled_hardware_i2c.o (.rodata.asc2_1608)
                  00006050    00000228     oled_hardware_i2c.o (.rodata.asc2_0806)
                  00006278    00000008     ti_msp_dl_config.o (.rodata.gPWM_0Config)
                  00006280    00000101     libc.a : aeabi_ctype.S.obj (.rodata:__aeabi_ctype_table_)
                  00006381    00000033     test.o (.rodata.str1.9731162403499759298.1)
                  000063b4    00000031     angle_pid.o (.rodata.str1.17946244033951315791.1)
                  000063e5    0000002f     test.o (.rodata.str1.4156556961043119304.1)
                  00006414    00000029     test.o (.rodata.str1.13195311622662957337.1)
                  0000643d    00000003     ti_msp_dl_config.o (.rodata.gPWM_0ClockConfig)
                  00006440    00000028     ti_msp_dl_config.o (.rodata.gSYSPLLConfig)
                  00006468    00000021     bsp_tb6612.o (.rodata.str1.15091695396400935675.1)
                  00006489    00000003     ti_msp_dl_config.o (.rodata.gTIMER_0ClockConfig)
                  0000648c    00000020     libc.a : s_atanf.c.obj (.rodata.cst16)
                  000064ac    00000014     ti_msp_dl_config.o (.rodata.gTIMER_0TimerConfig)
                  000064c0    00000011     libc.a : _printfi.c.obj (.rodata.str1.10348868589481759720.1)
                  000064d1    00000011            : _printfi.c.obj (.rodata.str1.15363888844622738466.1)
                  000064e2    0000000d     main.o (.rodata.str1.15159059442110792349.1)
                  000064ef    00000001     --HOLE-- [fill = 0]
                  000064f0    0000000a     ti_msp_dl_config.o (.rodata.gUART_0Config)
                  000064fa    00000008     main.o (.rodata.str1.15996357275703397564.1)
                  00006502    00000007     main.o (.rodata.str1.288608917962107522.1)
                  00006509    00000006     main.o (.rodata.str1.17100691992556644108.1)
                  0000650f    00000006     main.o (.rodata.str1.18227636981041470289.1)
                  00006515    00000006     main.o (.rodata.str1.2846389346932560359.1)
                  0000651b    00000006     main.o (.rodata.str1.7702501944640899365.1)
                  00006521    00000006     main.o (.rodata.str1.8154729771448623357.1)
                  00006527    00000005     main.o (.rodata.str1.12180500075719773345.1)
                  0000652c    00000005     main.o (.rodata.str1.14402440632258215044.1)
                  00006531    00000005     main.o (.rodata.str1.16265332423659789559.1)
                  00006536    00000005     main.o (.rodata.str1.2123964117280943167.1)
                  0000653b    00000004     main.o (.rodata.str1.14112174005742061988.1)
                  0000653f    00000002     ti_msp_dl_config.o (.rodata.gI2C_MPU6050ClockConfig)
                  00006541    00000002     ti_msp_dl_config.o (.rodata.gI2C_OLEDClockConfig)
                  00006543    00000002     ti_msp_dl_config.o (.rodata.gUART_0ClockConfig)
                  00006545    0000000b     --HOLE-- [fill = 0]

.init_array 
*          0    00000000    00000000     UNINITIALIZED

.binit     0    00000000    00000000     

.bss       0    20200000    00000174     UNINITIALIZED
                  20200000    000000bc     (.common:gPWM_0Backup)
                  202000bc    00000058     imu_ahrs.o (.bss.g_imu)
                  20200114    00000020     (.common:oled_buffer)
                  20200134    00000014     test.o (.bss.g_test_pd)
                  20200148    0000000e     imu_ahrs.o (.bss.g_calib_burst)
                  20200156    00000002     --HOLE--
                  20200158    00000004     test.o (.bss.g_test_current_error)
                  2020015c    00000004     test.o (.bss.g_test_current_output)
                  20200160    00000004     test.o (.bss.g_test_start_time)
                  20200164    00000004     test.o (.bss.g_test_target)
                  20200168    00000004     test.o (.bss.g_test_timeout_ms)
                  2020016c    00000004     (.common:start_time)
                  20200170    00000004     (.common:tick_ms)

.data      0    20200178    00000066     UNINITIALIZED
                  20200178    00000008     imu_ahrs.o (.data.g_yaw_sum_t2)
                  20200180    00000008     imu_ahrs.o (.data.g_yaw_sum_t)
                  20200188    00000008     imu_ahrs.o (.data.g_yaw_sum_ty)
                  20200190    00000008     imu_ahrs.o (.data.g_yaw_sum_y)
                  20200198    00000004     libc.a : aeabi_portable.c.obj (.data.__aeabi_errno)
                  2020019c    00000004     imu_ahrs.o (.data.g_calib_sum_x)
                  202001a0    00000004     imu_ahrs.o (.data.g_calib_sum_y)
                  202001a4    00000004     imu_ahrs.o (.data.g_calib_sum_z)
                  202001a8    00000004     imu_ahrs.o (.data.g_init_deadline)
                  202001ac    00000004     imu_ahrs.o (.data.g_init_start_time)
                  202001b0    00000004     imu_ahrs.o (.data.g_integral_fb_x)
                  202001b4    00000004     imu_ahrs.o (.data.g_integral_fb_y)
                  202001b8    00000004     imu_ahrs.o (.data.g_integral_fb_z)
                  202001bc    00000004     imu_ahrs.o (.data.g_turn_angle)
                  202001c0    00000004     imu_ahrs.o (.data.g_yaw_calib_count)
                  202001c4    00000004     imu_ahrs.o (.data.g_yaw_calib_start_time)
                  202001c8    00000004     imu_ahrs.o (.data.g_yaw_drift_k)
                  202001cc    00000004     imu_ahrs.o (.data.g_yaw_start_time)
                  202001d0    00000004     main.o (.data.main.last_update)
                  202001d4    00000002     imu_ahrs.o (.data.g_calib_sample_idx)
                  202001d6    00000001     interrupt.o (.data.enable_group1_irq)
                  202001d7    00000001     imu_ahrs.o (.data.g_init_state)
                  202001d8    00000001     imu_ahrs.o (.data.g_status)
                  202001d9    00000001     test.o (.data.g_test_state)
                  202001da    00000001     imu_ahrs.o (.data.g_yaw_calib_state)
                  202001db    00000001     imu_ahrs.o (.data.g_yaw_enable)
                  202001dc    00000001     main.o (.data.main.turn_ret)
                  202001dd    00000001     main.o (.data.main.yaw_calib_done)

.stack     0    20207e00    00000200     UNINITIALIZED
                  20207e00    00000004     libc.a : boot_cortex_m.c.obj (.stack)
                  20207e04    000001fc     --HOLE--

__llvm_prf_cnts 
*          0    20200000    00000000     UNINITIALIZED

__llvm_prf_bits 
*          0    20200000    00000000     UNINITIALIZED

MODULE SUMMARY

       Module                         code    ro data   rw data
       ------                         ----    -------   -------
    .\
       ti_msp_dl_config.o             2734    90        188    
       test.o                         812     139       41     
       main.o                         704     82        38     
       startup_mspm0g350x_ticlang.o   8       192       0      
    +--+------------------------------+-------+---------+---------+
       Total:                         4258    503       267    
                                                               
    .\Drivers\AnglePID\
       angle_pid.o                    362     49        0      
    +--+------------------------------+-------+---------+---------+
       Total:                         362     49        0      
                                                               
    .\Drivers\IMU_AHRS\
       imu_ahrs.o                     3418    0         192    
       mspm0_i2c.o                    1368    0         0      
    +--+------------------------------+-------+---------+---------+
       Total:                         4786    0         192    
                                                               
    .\Drivers\MSPM0\
       clock.o                        328     0         8      
       board.o                        222     0         0      
       interrupt.o                    126     0         1      
    +--+------------------------------+-------+---------+---------+
       Total:                         676     0         9      
                                                               
    .\Drivers\OLED_Hardware_I2C\
       oled_hardware_i2c.o            1816    2072      0      
    +--+------------------------------+-------+---------+---------+
       Total:                         1816    2072      0      
                                                               
    .\Drivers\TB6612_Motor\
       bsp_tb6612.o                   356     33        0      
    +--+------------------------------+-------+---------+---------+
       Total:                         356     33        0      
                                                               
    D:/develop/TI/CCS/mspm0_sdk_2_10_00_04/source/ti/driverlib/lib/ticlang/m0p/mspm0g1x0x_g3x0x/driverlib.a
       dl_timer.o                     608     0         0      
       dl_sysctl_mspm0g1x0x_g3x0x.o   416     0         0      
       dl_i2c.o                       192     0         0      
       dl_uart.o                      90      0         0      
       dl_common.o                    10      0         0      
    +--+------------------------------+-------+---------+---------+
       Total:                         1316    0         0      
                                                               
    D:\develop\TI\CCS\ti_cgt_arm_llvm_4.0.4.LTS\lib\armv6m-ti-none-eabi/c/libc.a
       _printfi.c.obj                 4510    34        0      
       s_atanf.c.obj                  466     32        0      
       e_atan2f.c.obj                 280     0         0      
       aeabi_ctype.S.obj              0       257       0      
       s_scalbn.c.obj                 216     0         0      
       vsnprintf.c.obj                136     0         0      
       copy_decompress_lzss.c.obj     124     0         0      
       s_frexp.c.obj                  92      0         0      
       sprintf.c.obj                  90      0         0      
       _ltoa.c.obj                    88      0         0      
       atoi.c.obj                     64      0         0      
       autoinit.c.obj                 60      0         0      
       boot_cortex_m.c.obj            56      0         0      
       memccpy.c.obj                  34      0         0      
       copy_zero_init.c.obj           22      0         0      
       copy_decompress_none.c.obj     18      0         0      
       memcpy16.S.obj                 18      0         0      
       wcslen.c.obj                   16      0         0      
       memset16.S.obj                 14      0         0      
       aeabi_portable.c.obj           8       0         4      
       exit.c.obj                     6       0         0      
       pre_init.c.obj                 4       0         0      
    +--+------------------------------+-------+---------+---------+
       Total:                         6322    323       4      
                                                               
    D:\develop\TI\CCS\ti_cgt_arm_llvm_4.0.4.LTS\lib\armv6m-ti-none-eabi/c/libsysbm.a
       hostexit.c.obj                 4       0         0      
    +--+------------------------------+-------+---------+---------+
       Total:                         4       0         0      
                                                               
    D:\develop\TI\CCS\ti_cgt_arm_llvm_4.0.4.LTS\lib\armv6m-ti-none-eabi/libclang_rt.builtins.a
       adddf3.S.obj                   418     0         0      
       divdf3.S.obj                   268     0         0      
       addsf3.S.obj                   232     0         0      
       muldf3.S.obj                   228     0         0      
       comparedf2.c.obj               220     0         0      
       udivmoddi4.S.obj               162     0         0      
       divsf3.S.obj                   146     0         0      
       mulsf3.S.obj                   140     0         0      
       comparesf2.S.obj               118     0         0      
       truncdfsf2.S.obj               116     0         0      
       aeabi_dcmp.S.obj               98      0         0      
       aeabi_fcmp.S.obj               98      0         0      
       aeabi_idivmod.S.obj            86      0         0      
       fixdfsi.S.obj                  74      0         0      
       aeabi_uidivmod.S.obj           64      0         0      
       extendsfdf2.S.obj              64      0         0      
       floatsisf.S.obj                60      0         0      
       muldsi3.S.obj                  58      0         0      
       fixsfsi.S.obj                  56      0         0      
       fixunssfsi.S.obj               50      0         0      
       floatsidf.S.obj                44      0         0      
       floatunsisf.S.obj              40      0         0      
       floatunsidf.S.obj              36      0         0      
       muldi3.S.obj                   36      0         0      
       ashldi3.S.obj                  30      0         0      
       aeabi_memset.S.obj             26      0         0      
       aeabi_uldivmod.S.obj           20      0         0      
       aeabi_memcpy.S.obj             8       0         0      
       aeabi_div0.c.obj               4       0         0      
    +--+------------------------------+-------+---------+---------+
       Total:                         3000    0         0      
                                                               
       Stack:                         0       0         512    
       Linker Generated:              0       46        0      
    +--+------------------------------+-------+---------+---------+
       Grand Total:                   22896   3026      984    


LINKER GENERATED COPY TABLES

__TI_cinit_table @ 00006570 records: 2, size/record: 8, table size: 16
	.data: load addr=0000655c, load size=0000000a bytes, run addr=20200178, run size=00000066 bytes, compression=lzss
	.bss: load addr=00006568, load size=00000008 bytes, run addr=20200000, run size=00000174 bytes, compression=zero_init


LINKER GENERATED HANDLER TABLE

__TI_handler_table @ 00006550 records: 3, size/record: 4, table size: 12
	index: 0, handler: __TI_decompress_lzss
	index: 1, handler: __TI_decompress_none
	index: 2, handler: __TI_zero_init


FAR CALL TRAMPOLINES

callee name               trampoline name
   callee addr  tramp addr   call addr  call info
--------------  -----------  ---------  ----------------
__aeabi_dsub              $Tramp$TT$L$PI$$__aeabi_dsub
   00001c45     000059c4     000059c0   libc.a : _printfi.c.obj (.text.OUTLINED_FUNCTION_0)
__aeabi_fdiv              $Tramp$TT$L$PI$$__aeabi_fdiv
   00003761     00005a08     00005a04   libc.a : s_atanf.c.obj (.text.OUTLINED_FUNCTION_0)
__aeabi_fadd              $Tramp$TT$L$PI$$__aeabi_fadd
   00002f13     00005a2c     00005a28   libc.a : s_atanf.c.obj (.text.OUTLINED_FUNCTION_1)
_c_int00_noargs           $Tramp$TT$L$PI$$_c_int00_noargs
   00005005     00005a40     00005a3c   startup_mspm0g350x_ticlang.o (.text.Reset_Handler)

[4 trampolines]
[4 trampoline calls]


GLOBAL SYMBOLS: SORTED ALPHABETICALLY BY Name 

address   name                                 
-------   ----                                 
00005a1f  ADC0_IRQHandler                      
00005a1f  ADC1_IRQHandler                      
00005a1f  AES_IRQHandler                       
000037e5  AO_Control                           
00003c71  AnglePD_Init                         
00005861  AnglePD_Reset                        
00003229  AnglePD_Update                       
00003865  BO_Control                           
00005a22  C$$EXIT                              
00005a1f  CANFD0_IRQHandler                    
00005a1f  DAC0_IRQHandler                      
000059a5  DL_Common_delayCycles                
00003f25  DL_I2C_fillControllerTXFIFO          
00004a35  DL_I2C_flushControllerTXFIFO         
00005053  DL_I2C_setClockConfig                
00005249  DL_SYSCTL_configFCC                  
00002d55  DL_SYSCTL_configSYSPLL               
00003cd5  DL_SYSCTL_setHFCLKSourceHFXTParams   
0000486d  DL_SYSCTL_switchMCLKfromSYSOSCtoHSCLK
00002881  DL_Timer_initFourCCPWMMode           
00002a89  DL_Timer_initTimerMode               
000052d5  DL_Timer_setCaptCompUpdateMethod     
00005631  DL_Timer_setCaptureCompareOutCtl     
000058d9  DL_Timer_setCaptureCompareValue      
000052f1  DL_Timer_setClockConfig              
0000474d  DL_UART_init                         
00005873  DL_UART_setClockConfig               
00005a1f  DMA_IRQHandler                       
00005a1f  Default_Handler                      
00005a1f  GROUP0_IRQHandler                    
000059af  GROUP1_IRQHandler                    
00005a23  HOSTexit                             
00005a1f  HardFault_Handler                    
00005a1f  I2C0_IRQHandler                      
00005a1f  I2C1_IRQHandler                      
0000530d  IMU_AHRS_Attitude_Enable             
00003a49  IMU_AHRS_GetData                     
0000595d  IMU_AHRS_GetStatus                   
00003d39  IMU_AHRS_Get_Yaw_Compensated         
00001f41  IMU_AHRS_Init_Poll                   
00003379  IMU_AHRS_Init_Start                  
00005969  IMU_AHRS_TurnAngle_Get               
00005975  IMU_AHRS_TurnAngle_Reset             
00000a91  IMU_AHRS_Update_Attitude             
00001dd9  IMU_AHRS_Update_Data                 
00001511  IMU_AHRS_Yaw_Calib_Poll              
000044dd  IMU_AHRS_Yaw_Calib_Start             
00005329  Interrupt_Init                       
00005a1f  NMI_Handler                          
00003b35  OLED_Clear                           
00002665  OLED_Init                            
00004aad  OLED_Set_Pos                         
00002435  OLED_ShowChar                        
00003ac5  OLED_ShowString                      
00003419  OLED_WR_Byte                         
00005a1f  PendSV_Handler                       
00005a1f  RTC_IRQHandler                       
00005a3d  Reset_Handler                        
00005a1f  SPI0_IRQHandler                      
00005a1f  SPI1_IRQHandler                      
00005a1f  SVC_Handler                          
00002985  SYSCFG_DL_GPIO_init                  
00004099  SYSCFG_DL_I2C_MPU6050_init           
000040f1  SYSCFG_DL_I2C_OLED_init              
000034b1  SYSCFG_DL_PWM_0_init                 
00002b85  SYSCFG_DL_SYSCTL_SYSPLL_init         
00003961  SYSCFG_DL_SYSCTL_init                
00005981  SYSCFG_DL_SYSTICK_init               
00004ae9  SYSCFG_DL_TIMER_0_init               
000048f5  SYSCFG_DL_UART_0_init                
00004d6d  SYSCFG_DL_init                       
00003541  SYSCFG_DL_initPower                  
000058e9  SysTick_Handler                      
00005691  SysTick_Init                         
00004cc5  TB6612_Motor_Stop                    
00005a1f  TIMA0_IRQHandler                     
00005a1f  TIMA1_IRQHandler                     
00005a1f  TIMG0_IRQHandler                     
00005a1f  TIMG12_IRQHandler                    
00005a1f  TIMG6_IRQHandler                     
00005a1f  TIMG7_IRQHandler                     
00005a1f  TIMG8_IRQHandler                     
00005885  TI_memcpy_small                      
00005935  TI_memset_small                      
0000598d  Test_GetCurrentError                 
000059e9  Test_Turn90_Poll                     
00004251  Test_Turn90_Start                    
00001a95  Test_TurnToAngle_Poll                
00003169  Test_TurnToAngle_Start               
00005a1f  UART0_IRQHandler                     
00005a1f  UART1_IRQHandler                     
00005a1f  UART2_IRQHandler                     
00005a1f  UART3_IRQHandler                     
20208000  __STACK_END                          
00000200  __STACK_SIZE                         
00000000  __TI_ATRegion0_region_sz             
00000000  __TI_ATRegion0_src_addr              
00000000  __TI_ATRegion0_trg_addr              
00000000  __TI_ATRegion1_region_sz             
00000000  __TI_ATRegion1_src_addr              
00000000  __TI_ATRegion1_trg_addr              
00000000  __TI_ATRegion2_region_sz             
00000000  __TI_ATRegion2_src_addr              
00000000  __TI_ATRegion2_trg_addr              
00006570  __TI_CINIT_Base                      
00006580  __TI_CINIT_Limit                     
00006580  __TI_CINIT_Warm                      
00006550  __TI_Handler_Table_Base              
0000655c  __TI_Handler_Table_Limit             
00004bd9  __TI_auto_init_nobinit_nopinit       
000038e5  __TI_decompress_lzss                 
00005897  __TI_decompress_none                 
00004149  __TI_ltoa                            
ffffffff  __TI_pprof_out_hndl                  
000000c1  __TI_printfi                         
ffffffff  __TI_prof_data_size                  
ffffffff  __TI_prof_data_start                 
00000000  __TI_static_base__                   
00005747  __TI_zero_init_nomemset              
00001c4f  __adddf3                             
00002f13  __addsf3                             
00006280  __aeabi_ctype_table_                 
00006280  __aeabi_ctype_table_C                
00003a51  __aeabi_d2f                          
00004701  __aeabi_d2iz                         
00001c4f  __aeabi_dadd                         
00003d9d  __aeabi_dcmpeq                       
00003dd9  __aeabi_dcmpge                       
00003ded  __aeabi_dcmpgt                       
00003dc5  __aeabi_dcmple                       
00003db1  __aeabi_dcmplt                       
00002775  __aeabi_ddiv                         
00002c71  __aeabi_dmul                         
00001c45  __aeabi_dsub                         
20200198  __aeabi_errno                        
000059f1  __aeabi_errno_addr                   
00004975  __aeabi_f2d                          
00004cfd  __aeabi_f2iz                         
00004da1  __aeabi_f2uiz                        
00002f13  __aeabi_fadd                         
00003e01  __aeabi_fcmpeq                       
00003e3d  __aeabi_fcmpge                       
00003e51  __aeabi_fcmpgt                       
00003e29  __aeabi_fcmple                       
00003e15  __aeabi_fcmplt                       
00003761  __aeabi_fdiv                         
000035cd  __aeabi_fmul                         
00002f09  __aeabi_fsub                         
00004e91  __aeabi_i2d                          
00004b25  __aeabi_i2f                          
000041f9  __aeabi_idiv                         
00001dd7  __aeabi_idiv0                        
000041f9  __aeabi_idivmod                      
00003377  __aeabi_ldiv0                        
00005149  __aeabi_llsl                         
0000509d  __aeabi_lmul                         
00005999  __aeabi_memclr                       
00005999  __aeabi_memclr4                      
00005999  __aeabi_memclr8                      
000059f9  __aeabi_memcpy                       
000059f9  __aeabi_memcpy4                      
000059f9  __aeabi_memcpy8                      
00005919  __aeabi_memset                       
00005919  __aeabi_memset4                      
00005919  __aeabi_memset8                      
00005079  __aeabi_ui2d                         
00004fdd  __aeabi_ui2f                         
00004935  __aeabi_uidiv                        
00004935  __aeabi_uidivmod                     
00005839  __aeabi_uldivmod                     
00005149  __ashldi3                            
ffffffff  __binit__                            
00003ba1  __cmpdf2                             
00004c15  __cmpsf2                             
00002775  __divdf3                             
00003761  __divsf3                             
00003ba1  __eqdf2                              
00004c15  __eqsf2                              
00004975  __extendsfdf2                        
00004701  __fixdfsi                            
00004cfd  __fixsfsi                            
00004da1  __fixunssfsi                         
00004e91  __floatsidf                          
00004b25  __floatsisf                          
00005079  __floatunsidf                        
00004fdd  __floatunsisf                        
000039d5  __gedf2                              
00004b61  __gesf2                              
000039d5  __gtdf2                              
00004b61  __gtsf2                              
00003ba1  __ledf2                              
00004c15  __lesf2                              
00003ba1  __ltdf2                              
00004c15  __ltsf2                              
UNDEFED   __mpu_init                           
00002c71  __muldf3                             
0000509d  __muldi3                             
00004c51  __muldsi3                            
000035cd  __mulsf3                             
00003ba1  __nedf2                              
00004c15  __nesf2                              
20207e00  __stack                              
20200000  __start___llvm_prf_bits              
20200000  __start___llvm_prf_cnts              
20200000  __stop___llvm_prf_bits               
20200000  __stop___llvm_prf_cnts               
00001c45  __subdf3                             
00002f09  __subsf3                             
00003a51  __truncdfsf2                         
000032d5  __udivmoddi4                         
00005005  _c_int00_noargs                      
UNDEFED   _system_post_cinit                   
00005a51  _system_pre_init                     
00005a19  abort                                
00006050  asc2_0806                            
00005a60  asc2_1608                            
0000254d  atan2f                               
000018cd  atanf                                
000049b5  atoi                                 
ffffffff  binit                                
000058f9  delay_ms                             
202001d6  enable_group1_irq                    
00003f85  frexp                                
00003f85  frexpl                               
20200000  gPWM_0Backup                         
00000000  interruptVectors                     
000047dd  lc_printf                            
00002e31  ldexp                                
00002e31  ldexpl                               
00001031  main                                 
000050e5  memccpy                              
00003e65  mpu6050_i2c_sda_unlock               
00004e35  mspm0_delay_ms                       
00004ebd  mspm0_get_clock_ms                   
000021e1  mspm0_i2c_read                       
000030a5  mspm0_i2c_write                      
20200114  oled_buffer                          
00003ec5  oled_i2c_sda_unlock                  
00002e31  scalbn                               
00002e31  scalbnl                              
00004d35  sprintf                              
2020016c  start_time                           
20200170  tick_ms                              
000049f5  vsnprintf                            
00005909  wcslen                               


GLOBAL SYMBOLS: SORTED BY Symbol Address 

address   name                                 
-------   ----                                 
00000000  __TI_ATRegion0_region_sz             
00000000  __TI_ATRegion0_src_addr              
00000000  __TI_ATRegion0_trg_addr              
00000000  __TI_ATRegion1_region_sz             
00000000  __TI_ATRegion1_src_addr              
00000000  __TI_ATRegion1_trg_addr              
00000000  __TI_ATRegion2_region_sz             
00000000  __TI_ATRegion2_src_addr              
00000000  __TI_ATRegion2_trg_addr              
00000000  __TI_static_base__                   
00000000  interruptVectors                     
000000c1  __TI_printfi                         
00000200  __STACK_SIZE                         
00000a91  IMU_AHRS_Update_Attitude             
00001031  main                                 
00001511  IMU_AHRS_Yaw_Calib_Poll              
000018cd  atanf                                
00001a95  Test_TurnToAngle_Poll                
00001c45  __aeabi_dsub                         
00001c45  __subdf3                             
00001c4f  __adddf3                             
00001c4f  __aeabi_dadd                         
00001dd7  __aeabi_idiv0                        
00001dd9  IMU_AHRS_Update_Data                 
00001f41  IMU_AHRS_Init_Poll                   
000021e1  mspm0_i2c_read                       
00002435  OLED_ShowChar                        
0000254d  atan2f                               
00002665  OLED_Init                            
00002775  __aeabi_ddiv                         
00002775  __divdf3                             
00002881  DL_Timer_initFourCCPWMMode           
00002985  SYSCFG_DL_GPIO_init                  
00002a89  DL_Timer_initTimerMode               
00002b85  SYSCFG_DL_SYSCTL_SYSPLL_init         
00002c71  __aeabi_dmul                         
00002c71  __muldf3                             
00002d55  DL_SYSCTL_configSYSPLL               
00002e31  ldexp                                
00002e31  ldexpl                               
00002e31  scalbn                               
00002e31  scalbnl                              
00002f09  __aeabi_fsub                         
00002f09  __subsf3                             
00002f13  __addsf3                             
00002f13  __aeabi_fadd                         
000030a5  mspm0_i2c_write                      
00003169  Test_TurnToAngle_Start               
00003229  AnglePD_Update                       
000032d5  __udivmoddi4                         
00003377  __aeabi_ldiv0                        
00003379  IMU_AHRS_Init_Start                  
00003419  OLED_WR_Byte                         
000034b1  SYSCFG_DL_PWM_0_init                 
00003541  SYSCFG_DL_initPower                  
000035cd  __aeabi_fmul                         
000035cd  __mulsf3                             
00003761  __aeabi_fdiv                         
00003761  __divsf3                             
000037e5  AO_Control                           
00003865  BO_Control                           
000038e5  __TI_decompress_lzss                 
00003961  SYSCFG_DL_SYSCTL_init                
000039d5  __gedf2                              
000039d5  __gtdf2                              
00003a49  IMU_AHRS_GetData                     
00003a51  __aeabi_d2f                          
00003a51  __truncdfsf2                         
00003ac5  OLED_ShowString                      
00003b35  OLED_Clear                           
00003ba1  __cmpdf2                             
00003ba1  __eqdf2                              
00003ba1  __ledf2                              
00003ba1  __ltdf2                              
00003ba1  __nedf2                              
00003c71  AnglePD_Init                         
00003cd5  DL_SYSCTL_setHFCLKSourceHFXTParams   
00003d39  IMU_AHRS_Get_Yaw_Compensated         
00003d9d  __aeabi_dcmpeq                       
00003db1  __aeabi_dcmplt                       
00003dc5  __aeabi_dcmple                       
00003dd9  __aeabi_dcmpge                       
00003ded  __aeabi_dcmpgt                       
00003e01  __aeabi_fcmpeq                       
00003e15  __aeabi_fcmplt                       
00003e29  __aeabi_fcmple                       
00003e3d  __aeabi_fcmpge                       
00003e51  __aeabi_fcmpgt                       
00003e65  mpu6050_i2c_sda_unlock               
00003ec5  oled_i2c_sda_unlock                  
00003f25  DL_I2C_fillControllerTXFIFO          
00003f85  frexp                                
00003f85  frexpl                               
00004099  SYSCFG_DL_I2C_MPU6050_init           
000040f1  SYSCFG_DL_I2C_OLED_init              
00004149  __TI_ltoa                            
000041f9  __aeabi_idiv                         
000041f9  __aeabi_idivmod                      
00004251  Test_Turn90_Start                    
000044dd  IMU_AHRS_Yaw_Calib_Start             
00004701  __aeabi_d2iz                         
00004701  __fixdfsi                            
0000474d  DL_UART_init                         
000047dd  lc_printf                            
0000486d  DL_SYSCTL_switchMCLKfromSYSOSCtoHSCLK
000048f5  SYSCFG_DL_UART_0_init                
00004935  __aeabi_uidiv                        
00004935  __aeabi_uidivmod                     
00004975  __aeabi_f2d                          
00004975  __extendsfdf2                        
000049b5  atoi                                 
000049f5  vsnprintf                            
00004a35  DL_I2C_flushControllerTXFIFO         
00004aad  OLED_Set_Pos                         
00004ae9  SYSCFG_DL_TIMER_0_init               
00004b25  __aeabi_i2f                          
00004b25  __floatsisf                          
00004b61  __gesf2                              
00004b61  __gtsf2                              
00004bd9  __TI_auto_init_nobinit_nopinit       
00004c15  __cmpsf2                             
00004c15  __eqsf2                              
00004c15  __lesf2                              
00004c15  __ltsf2                              
00004c15  __nesf2                              
00004c51  __muldsi3                            
00004cc5  TB6612_Motor_Stop                    
00004cfd  __aeabi_f2iz                         
00004cfd  __fixsfsi                            
00004d35  sprintf                              
00004d6d  SYSCFG_DL_init                       
00004da1  __aeabi_f2uiz                        
00004da1  __fixunssfsi                         
00004e35  mspm0_delay_ms                       
00004e91  __aeabi_i2d                          
00004e91  __floatsidf                          
00004ebd  mspm0_get_clock_ms                   
00004fdd  __aeabi_ui2f                         
00004fdd  __floatunsisf                        
00005005  _c_int00_noargs                      
00005053  DL_I2C_setClockConfig                
00005079  __aeabi_ui2d                         
00005079  __floatunsidf                        
0000509d  __aeabi_lmul                         
0000509d  __muldi3                             
000050e5  memccpy                              
00005149  __aeabi_llsl                         
00005149  __ashldi3                            
00005249  DL_SYSCTL_configFCC                  
000052d5  DL_Timer_setCaptCompUpdateMethod     
000052f1  DL_Timer_setClockConfig              
0000530d  IMU_AHRS_Attitude_Enable             
00005329  Interrupt_Init                       
00005631  DL_Timer_setCaptureCompareOutCtl     
00005691  SysTick_Init                         
00005747  __TI_zero_init_nomemset              
00005839  __aeabi_uldivmod                     
00005861  AnglePD_Reset                        
00005873  DL_UART_setClockConfig               
00005885  TI_memcpy_small                      
00005897  __TI_decompress_none                 
000058d9  DL_Timer_setCaptureCompareValue      
000058e9  SysTick_Handler                      
000058f9  delay_ms                             
00005909  wcslen                               
00005919  __aeabi_memset                       
00005919  __aeabi_memset4                      
00005919  __aeabi_memset8                      
00005935  TI_memset_small                      
0000595d  IMU_AHRS_GetStatus                   
00005969  IMU_AHRS_TurnAngle_Get               
00005975  IMU_AHRS_TurnAngle_Reset             
00005981  SYSCFG_DL_SYSTICK_init               
0000598d  Test_GetCurrentError                 
00005999  __aeabi_memclr                       
00005999  __aeabi_memclr4                      
00005999  __aeabi_memclr8                      
000059a5  DL_Common_delayCycles                
000059af  GROUP1_IRQHandler                    
000059e9  Test_Turn90_Poll                     
000059f1  __aeabi_errno_addr                   
000059f9  __aeabi_memcpy                       
000059f9  __aeabi_memcpy4                      
000059f9  __aeabi_memcpy8                      
00005a19  abort                                
00005a1f  ADC0_IRQHandler                      
00005a1f  ADC1_IRQHandler                      
00005a1f  AES_IRQHandler                       
00005a1f  CANFD0_IRQHandler                    
00005a1f  DAC0_IRQHandler                      
00005a1f  DMA_IRQHandler                       
00005a1f  Default_Handler                      
00005a1f  GROUP0_IRQHandler                    
00005a1f  HardFault_Handler                    
00005a1f  I2C0_IRQHandler                      
00005a1f  I2C1_IRQHandler                      
00005a1f  NMI_Handler                          
00005a1f  PendSV_Handler                       
00005a1f  RTC_IRQHandler                       
00005a1f  SPI0_IRQHandler                      
00005a1f  SPI1_IRQHandler                      
00005a1f  SVC_Handler                          
00005a1f  TIMA0_IRQHandler                     
00005a1f  TIMA1_IRQHandler                     
00005a1f  TIMG0_IRQHandler                     
00005a1f  TIMG12_IRQHandler                    
00005a1f  TIMG6_IRQHandler                     
00005a1f  TIMG7_IRQHandler                     
00005a1f  TIMG8_IRQHandler                     
00005a1f  UART0_IRQHandler                     
00005a1f  UART1_IRQHandler                     
00005a1f  UART2_IRQHandler                     
00005a1f  UART3_IRQHandler                     
00005a22  C$$EXIT                              
00005a23  HOSTexit                             
00005a3d  Reset_Handler                        
00005a51  _system_pre_init                     
00005a60  asc2_1608                            
00006050  asc2_0806                            
00006280  __aeabi_ctype_table_                 
00006280  __aeabi_ctype_table_C                
00006550  __TI_Handler_Table_Base              
0000655c  __TI_Handler_Table_Limit             
00006570  __TI_CINIT_Base                      
00006580  __TI_CINIT_Limit                     
00006580  __TI_CINIT_Warm                      
20200000  __start___llvm_prf_bits              
20200000  __start___llvm_prf_cnts              
20200000  __stop___llvm_prf_bits               
20200000  __stop___llvm_prf_cnts               
20200000  gPWM_0Backup                         
20200114  oled_buffer                          
2020016c  start_time                           
20200170  tick_ms                              
20200198  __aeabi_errno                        
202001d6  enable_group1_irq                    
20207e00  __stack                              
20208000  __STACK_END                          
ffffffff  __TI_pprof_out_hndl                  
ffffffff  __TI_prof_data_size                  
ffffffff  __TI_prof_data_start                 
ffffffff  __binit__                            
ffffffff  binit                                
UNDEFED   __mpu_init                           
UNDEFED   _system_post_cinit                   

[245 symbols]
