******************************************************************************
            TI ARM Clang Linker PC v4.0.4                      
******************************************************************************
>> Linked Sun Jul 19 11:56:48 2026

OUTPUT FILE NAME:   <mpu6050-oled-hardware-i2c.out>
ENTRY POINT SYMBOL: "_c_int00_noargs"  address: 000050d1


MEMORY CONFIGURATION

         name            origin    length      used     unused   attr    fill
----------------------  --------  ---------  --------  --------  ----  --------
  FLASH                 00000000   00020000  00006748  000198b8  R  X
  SRAM                  20200000   00008000  0000042a  00007bd6  RW X
  BCR_CONFIG            41c00000   000000ff  00000000  000000ff  R   
  BSL_CONFIG            41c00100   00000080  00000000  00000080  R   


SEGMENT ALLOCATION MAP

run origin  load origin   length   init length attrs members
----------  ----------- ---------- ----------- ----- -------
00000000    00000000    00006748   00006748    r-x
  00000000    00000000    000000c0   000000c0    r-- .intvecs
  000000c0    000000c0    00005b90   00005b90    r-x .text
  00005c50    00005c50    00000ac0   00000ac0    r-- .rodata
  00006710    00006710    00000038   00000038    r-- .cinit
20200000    20200000    0000022e   00000000    rw-
  20200000    20200000    0000017c   00000000    rw- .bss
  20200180    20200180    000000ae   00000000    rw- .data
20207e00    20207e00    00000200   00000000    rw-
  20207e00    20207e00    00000200   00000000    rw- .stack


SECTION ALLOCATION MAP

 output                                  attributes/
section   page    origin      length       input sections
--------  ----  ----------  ----------   ----------------
.intvecs   0    00000000    000000c0     
                  00000000    000000c0     startup_mspm0g350x_ticlang.o (.intvecs)

.text      0    000000c0    00005b90     
                  000000c0    000009d0     libc.a : _printfi.c.obj (.text:__TI_printfi)
                  00000a90    000005a0     imu_ahrs.o (.text.IMU_AHRS_Update_Attitude)
                  00001030    000002d4     main.o (.text.main)
                  00001304    00000220     libc.a : _printfi.c.obj (.text._pconv_a)
                  00001524    000001dc            : _printfi.c.obj (.text._pconv_g)
                  00001700    000001d8     ti_msp_dl_config.o (.text.SYSCFG_DL_GPIO_init)
                  000018d8    000001c8     libc.a : s_atanf.c.obj (.text.atanf)
                  00001aa0    000001ac     encoder.o (.text.IRDM_update_wheel_speed)
                  00001c4c    00000192     libclang_rt.builtins.a : adddf3.S.obj (.text.adddf3_subdf3)
                  00001dde    00000002                            : aeabi_div0.c.obj (.text.__aeabi_idiv0)
                  00001de0    00000168     imu_ahrs.o (.text.IMU_AHRS_Update_Data)
                  00001f48    00000164     imu_ahrs.o (.text.IMU_AHRS_Init_Poll)
                  000020ac    0000013c     libc.a : _printfi.c.obj (.text.fcvt)
                  000021e8    00000134     mspm0_i2c.o (.text.mspm0_i2c_read)
                  0000231c    00000120     libc.a : _printfi.c.obj (.text._pconv_e)
                  0000243c    00000118     oled_hardware_i2c.o (.text.OLED_ShowChar)
                  00002554    00000118     libc.a : e_atan2f.c.obj (.text.atan2f)
                  0000266c    00000110     oled_hardware_i2c.o (.text.OLED_Init)
                  0000277c    0000010c     libclang_rt.builtins.a : divdf3.S.obj (.text.__divdf3)
                  00002888    00000104     driverlib.a : dl_timer.o (.text.DL_Timer_initFourCCPWMMode)
                  0000298c    000000fc                 : dl_timer.o (.text.DL_Timer_initTimerMode)
                  00002a88    000000fc     bsp_motor_hallencoder.o (.text.GROUP1_IRQHandler)
                  00002b84    000000ec     ti_msp_dl_config.o (.text.SYSCFG_DL_SYSCTL_SYSPLL_init)
                  00002c70    000000e4     libclang_rt.builtins.a : muldf3.S.obj (.text.__muldf3)
                  00002d54    000000dc     driverlib.a : dl_sysctl_mspm0g1x0x_g3x0x.o (.text.DL_SYSCTL_configSYSPLL)
                  00002e30    000000d8     libc.a : s_scalbn.c.obj (.text.scalbn)
                  00002f08    000000d8     libclang_rt.builtins.a : addsf3.S.obj (.text)
                  00002fe0    000000c4     speed_pid.o (.text.SpeedPID_Update)
                  000030a4    000000c4     imu_ahrs.o (.text.imu_ahrs_calibrate_gyro_offset_step)
                  00003168    000000c4     mspm0_i2c.o (.text.mspm0_i2c_write)
                  0000322c    000000a2     libclang_rt.builtins.a : udivmoddi4.S.obj (.text)
                  000032ce    00000002                            : aeabi_div0.c.obj (.text.__aeabi_ldiv0)
                  000032d0    000000a0     imu_ahrs.o (.text.IMU_AHRS_Init_Start)
                  00003370    00000098     control_mixer.o (.text.Mixer_Apply)
                  00003408    00000098     oled_hardware_i2c.o (.text.OLED_WR_Byte)
                  000034a0    00000090     ti_msp_dl_config.o (.text.SYSCFG_DL_PWM_0_init)
                  00003530    00000090     speed_pid.o (.text.SpeedPID_Init)
                  000035c0    0000008c     ti_msp_dl_config.o (.text.SYSCFG_DL_initPower)
                  0000364c    0000008c     libclang_rt.builtins.a : mulsf3.S.obj (.text.__mulsf3)
                  000036d8    00000084     clock.o (.text.__NVIC_SetPriority)
                  0000375c    00000084     ti_msp_dl_config.o (.text.__NVIC_SetPriority)
                  000037e0    00000082     libclang_rt.builtins.a : divsf3.S.obj (.text.__divsf3)
                  00003862    00000002     --HOLE-- [fill = 0]
                  00003864    00000080     bsp_tb6612.o (.text.AO_Control)
                  000038e4    00000080     bsp_tb6612.o (.text.BO_Control)
                  00003964    00000080     ti_msp_dl_config.o (.text.SYSCFG_DL_SYSCTL_init)
                  000039e4    0000007c     libc.a : copy_decompress_lzss.c.obj (.text:decompress:lzss)
                  00003a60    00000074     libclang_rt.builtins.a : comparedf2.c.obj (.text.__gedf2)
                  00003ad4    00000070     oled_hardware_i2c.o (.text.OLED_ShowString)
                  00003b44    0000006a     oled_hardware_i2c.o (.text.OLED_Clear)
                  00003bae    00000002     --HOLE-- [fill = 0]
                  00003bb0    00000068     libclang_rt.builtins.a : comparedf2.c.obj (.text.__ledf2)
                  00003c18    00000066     libc.a : _printfi.c.obj (.text._mcpy)
                  00003c7e    00000002     --HOLE-- [fill = 0]
                  00003c80    00000064     driverlib.a : dl_sysctl_mspm0g1x0x_g3x0x.o (.text.DL_SYSCTL_setHFCLKSourceHFXTParams)
                  00003ce4    00000064     imu_ahrs.o (.text.IMU_AHRS_Get_Yaw_Compensated)
                  00003d48    00000064     speed_control.o (.text.SpeedLoop_Update)
                  00003dac    00000062     libclang_rt.builtins.a : aeabi_dcmp.S.obj (.text.__aeabi_dcmp)
                  00003e0e    00000002     --HOLE-- [fill = 0]
                  00003e10    00000062                            : aeabi_fcmp.S.obj (.text.__aeabi_fcmp)
                  00003e72    00000002     --HOLE-- [fill = 0]
                  00003e74    00000060     mspm0_i2c.o (.text.mpu6050_i2c_sda_unlock)
                  00003ed4    00000060     oled_hardware_i2c.o (.text.oled_i2c_sda_unlock)
                  00003f34    0000005e     driverlib.a : dl_i2c.o (.text.DL_I2C_fillControllerTXFIFO)
                  00003f92    00000002     --HOLE-- [fill = 0]
                  00003f94    0000005c     speed_control.o (.text.SpeedLoop_Init)
                  00003ff0    0000005c     libc.a : s_frexp.c.obj (.text.frexp)
                  0000404c    0000005c     mspm0_i2c.o (.text.mspm0_i2c_enable)
                  000040a8    0000005c     oled_hardware_i2c.o (.text.mspm0_i2c_enable)
                  00004104    00000058     ti_msp_dl_config.o (.text.SYSCFG_DL_I2C_MPU6050_init)
                  0000415c    00000058     ti_msp_dl_config.o (.text.SYSCFG_DL_I2C_OLED_init)
                  000041b4    00000058     libc.a : _ltoa.c.obj (.text.__TI_ltoa)
                  0000420c    00000058            : _printfi.c.obj (.text._pconv_f)
                  00004264    00000056     libclang_rt.builtins.a : aeabi_idivmod.S.obj (.text.__aeabi_idivmod)
                  000042ba    00000052     libc.a : _printfi.c.obj (.text._ecpy)
                  0000430c    00000050     mspm0_i2c.o (.text.DL_GPIO_initPeripheralInputFunctionFeatures)
                  0000435c    00000050     oled_hardware_i2c.o (.text.DL_GPIO_initPeripheralInputFunctionFeatures)
                  000043ac    00000050     ti_msp_dl_config.o (.text.DL_GPIO_initPeripheralInputFunctionFeatures)
                  000043fc    00000050     mspm0_i2c.o (.text.DL_I2C_startControllerTransfer)
                  0000444c    00000050     oled_hardware_i2c.o (.text.DL_I2C_startControllerTransfer)
                  0000449c    00000050     imu_ahrs.o (.text.IMU_AHRS_Yaw_Calib_Start)
                  000044ec    00000050     clock.o (.text.SysTick_Config)
                  0000453c    00000050     ti_msp_dl_config.o (.text.SysTick_Config)
                  0000458c    00000050     imu_ahrs.o (.text.imu_ahrs_inv_sqrt)
                  000045dc    0000004c     mspm0_i2c.o (.text.DL_GPIO_initDigitalInputFeatures)
                  00004628    0000004c     oled_hardware_i2c.o (.text.DL_GPIO_initDigitalInputFeatures)
                  00004674    0000004c     ti_msp_dl_config.o (.text.DL_GPIO_initDigitalInputFeatures)
                  000046c0    0000004c     ti_msp_dl_config.o (.text.DL_UART_setBaudRateDivisor)
                  0000470c    0000004a     libclang_rt.builtins.a : fixdfsi.S.obj (.text.__fixdfsi)
                  00004756    00000002     --HOLE-- [fill = 0]
                  00004758    00000048     driverlib.a : dl_uart.o (.text.DL_UART_init)
                  000047a0    00000048     speed_pid.o (.text.clamp)
                  000047e8    00000048     board.o (.text.lc_printf)
                  00004830    00000048     mspm0_i2c.o (.text.mspm0_i2c_disable)
                  00004878    00000044     driverlib.a : dl_sysctl_mspm0g1x0x_g3x0x.o (.text.DL_SYSCTL_switchMCLKfromSYSOSCtoHSCLK)
                  000048bc    00000044     oled_hardware_i2c.o (.text.mspm0_i2c_disable)
                  00004900    00000040     ti_msp_dl_config.o (.text.SYSCFG_DL_UART_0_init)
                  00004940    00000040     libclang_rt.builtins.a : aeabi_uidivmod.S.obj (.text.__aeabi_uidivmod)
                  00004980    00000040                            : extendsfdf2.S.obj (.text.__extendsfdf2)
                  000049c0    00000040     libc.a : atoi.c.obj (.text.atoi)
                  00004a00    00000040            : vsnprintf.c.obj (.text.vsnprintf)
                  00004a40    0000003c     driverlib.a : dl_i2c.o (.text.DL_I2C_flushControllerTXFIFO)
                  00004a7c    0000003c     ti_msp_dl_config.o (.text.DL_Timer_setCounterControl)
                  00004ab8    0000003c     oled_hardware_i2c.o (.text.OLED_Set_Pos)
                  00004af4    0000003c     ti_msp_dl_config.o (.text.SYSCFG_DL_TIMER_0_init)
                  00004b30    0000003c     bsp_motor_hallencoder.o (.text.TIMG0_IRQHandler)
                  00004b6c    0000003c     libclang_rt.builtins.a : floatsisf.S.obj (.text.__floatsisf)
                  00004ba8    0000003c                            : comparesf2.S.obj (.text.__gtsf2)
                  00004be4    0000003c     board.o (.text.uart0_sendString)
                  00004c20    0000003c     libc.a : autoinit.c.obj (.text:__TI_auto_init_nobinit_nopinit)
                  00004c5c    0000003a     libclang_rt.builtins.a : comparesf2.S.obj (.text.__eqsf2)
                  00004c96    00000002     --HOLE-- [fill = 0]
                  00004c98    0000003a                            : muldsi3.S.obj (.text.__muldsi3)
                  00004cd2    00000002     --HOLE-- [fill = 0]
                  00004cd4    00000038     ti_msp_dl_config.o (.text.DL_GPIO_initPeripheralOutputFunctionFeatures)
                  00004d0c    00000038     ti_msp_dl_config.o (.text.SYSCFG_DL_init)
                  00004d44    00000038     bsp_tb6612.o (.text.TB6612_Motor_Stop)
                  00004d7c    00000038     libclang_rt.builtins.a : fixsfsi.S.obj (.text.__fixsfsi)
                  00004db4    00000038     libc.a : sprintf.c.obj (.text.sprintf)
                  00004dec    00000030     bsp_motor_hallencoder.o (.text.Motor_Init)
                  00004e1c    00000030     libc.a : _printfi.c.obj (.text._fcpy)
                  00004e4c    00000030            : vsnprintf.c.obj (.text._outs)
                  00004e7c    00000030     clock.o (.text.mspm0_delay_ms)
                  00004eac    0000002c     bsp_motor_hallencoder.o (.text.Motor_Get_Encoder)
                  00004ed8    0000002c     bsp_motor_hallencoder.o (.text.__NVIC_ClearPendingIRQ)
                  00004f04    0000002c     bsp_motor_hallencoder.o (.text.__NVIC_EnableIRQ)
                  00004f30    0000002c     interrupt.o (.text.__NVIC_EnableIRQ)
                  00004f5c    0000002c     libclang_rt.builtins.a : floatsidf.S.obj (.text.__floatsidf)
                  00004f88    0000002c     clock.o (.text.mspm0_get_clock_ms)
                  00004fb4    0000002c     board.o (.text.uart0_sendChar)
                  00004fe0    00000028     mspm0_i2c.o (.text.DL_Common_updateReg)
                  00005008    00000028     oled_hardware_i2c.o (.text.DL_Common_updateReg)
                  00005030    00000028     ti_msp_dl_config.o (.text.DL_Common_updateReg)
                  00005058    00000028     ti_msp_dl_config.o (.text.DL_I2C_setControllerRXFIFOThreshold)
                  00005080    00000028     ti_msp_dl_config.o (.text.DL_I2C_setControllerTXFIFOThreshold)
                  000050a8    00000028     libclang_rt.builtins.a : floatunsisf.S.obj (.text.__floatunsisf)
                  000050d0    00000028     libc.a : boot_cortex_m.c.obj (.text:_c_int00_noargs)
                  000050f8    00000026     ti_msp_dl_config.o (.text.DL_I2C_setAnalogGlitchFilterPulseWidth)
                  0000511e    00000026     driverlib.a : dl_i2c.o (.text.DL_I2C_setClockConfig)
                  00005144    00000024     libclang_rt.builtins.a : floatunsidf.S.obj (.text.__floatunsidf)
                  00005168    00000024                            : muldi3.S.obj (.text.__muldi3)
                  0000518c    00000024     imu_ahrs.o (.text.imu_ahrs_read_multi)
                  000051b0    00000022     libc.a : memccpy.c.obj (.text.memccpy)
                  000051d2    00000002     --HOLE-- [fill = 0]
                  000051d4    00000020     ti_msp_dl_config.o (.text.DL_SYSCTL_setFlashWaitState)
                  000051f4    00000020     encoder.o (.text.IRDM_get_average_speed)
                  00005214    0000001e     ti_msp_dl_config.o (.text.DL_UART_setOversampling)
                  00005232    00000002     --HOLE-- [fill = 0]
                  00005234    0000001e     libclang_rt.builtins.a : ashldi3.S.obj (.text.__ashldi3)
                  00005252    0000001e     imu_ahrs.o (.text.imu_ahrs_make_s16)
                  00005270    0000001c     bsp_motor_hallencoder.o (.text.DL_GPIO_clearInterruptStatus)
                  0000528c    0000001c     ti_msp_dl_config.o (.text.DL_GPIO_clearInterruptStatus)
                  000052a8    0000001c     mspm0_i2c.o (.text.DL_GPIO_enableHiZ)
                  000052c4    0000001c     oled_hardware_i2c.o (.text.DL_GPIO_enableHiZ)
                  000052e0    0000001c     ti_msp_dl_config.o (.text.DL_GPIO_enableHiZ)
                  000052fc    0000001c     ti_msp_dl_config.o (.text.DL_GPIO_enableInterrupt)
                  00005318    0000001c     ti_msp_dl_config.o (.text.DL_GPIO_initPeripheralOutputFunction)
                  00005334    0000001c     ti_msp_dl_config.o (.text.DL_GPIO_setLowerPinsPolarity)
                  00005350    0000001c     oled_hardware_i2c.o (.text.DL_I2C_getSDAStatus)
                  0000536c    0000001c     mspm0_i2c.o (.text.DL_I2C_isControllerRXFIFOEmpty)
                  00005388    0000001c     driverlib.a : dl_sysctl_mspm0g1x0x_g3x0x.o (.text.DL_SYSCTL_configFCC)
                  000053a4    0000001c     ti_msp_dl_config.o (.text.DL_SYSCTL_setFCCPeriods)
                  000053c0    0000001c     ti_msp_dl_config.o (.text.DL_SYSCTL_setSYSOSCFreq)
                  000053dc    0000001c     ti_msp_dl_config.o (.text.DL_SYSCTL_setULPCLKDivider)
                  000053f8    0000001c     ti_msp_dl_config.o (.text.DL_Timer_enableInterrupt)
                  00005414    0000001c     driverlib.a : dl_timer.o (.text.DL_Timer_setCaptCompUpdateMethod)
                  00005430    0000001c                 : dl_timer.o (.text.DL_Timer_setClockConfig)
                  0000544c    0000001c     imu_ahrs.o (.text.IMU_AHRS_Attitude_Enable)
                  00005468    0000001c     interrupt.o (.text.Interrupt_Init)
                  00005484    0000001c     ti_msp_dl_config.o (.text.SYSCFG_DL_SYSCTL_CLK_init)
                  000054a0    0000001c     imu_ahrs.o (.text.imu_ahrs_write_reg)
                  000054bc    00000018     mspm0_i2c.o (.text.DL_GPIO_enableOutput)
                  000054d4    00000018     oled_hardware_i2c.o (.text.DL_GPIO_enableOutput)
                  000054ec    00000018     ti_msp_dl_config.o (.text.DL_GPIO_enableOutput)
                  00005504    00000018     ti_msp_dl_config.o (.text.DL_GPIO_enablePower)
                  0000551c    00000018     bsp_motor_hallencoder.o (.text.DL_GPIO_getEnabledInterruptStatus)
                  00005534    00000018     mspm0_i2c.o (.text.DL_GPIO_initDigitalOutput)
                  0000554c    00000018     oled_hardware_i2c.o (.text.DL_GPIO_initDigitalOutput)
                  00005564    00000018     ti_msp_dl_config.o (.text.DL_GPIO_initDigitalOutput)
                  0000557c    00000018     ti_msp_dl_config.o (.text.DL_GPIO_initPeripheralAnalogFunction)
                  00005594    00000018     ti_msp_dl_config.o (.text.DL_GPIO_reset)
                  000055ac    00000018     bsp_tb6612.o (.text.DL_GPIO_setPins)
                  000055c4    00000018     mspm0_i2c.o (.text.DL_GPIO_setPins)
                  000055dc    00000018     oled_hardware_i2c.o (.text.DL_GPIO_setPins)
                  000055f4    00000018     ti_msp_dl_config.o (.text.DL_GPIO_setPins)
                  0000560c    00000018     ti_msp_dl_config.o (.text.DL_GPIO_setUpperPinsPolarity)
                  00005624    00000018     mspm0_i2c.o (.text.DL_I2C_clearInterruptStatus)
                  0000563c    00000018     oled_hardware_i2c.o (.text.DL_I2C_clearInterruptStatus)
                  00005654    00000018     ti_msp_dl_config.o (.text.DL_I2C_enableAnalogGlitchFilter)
                  0000566c    00000018     ti_msp_dl_config.o (.text.DL_I2C_enableController)
                  00005684    00000018     ti_msp_dl_config.o (.text.DL_I2C_enableControllerClockStretching)
                  0000569c    00000018     mspm0_i2c.o (.text.DL_I2C_enablePower)
                  000056b4    00000018     oled_hardware_i2c.o (.text.DL_I2C_enablePower)
                  000056cc    00000018     ti_msp_dl_config.o (.text.DL_I2C_enablePower)
                  000056e4    00000018     mspm0_i2c.o (.text.DL_I2C_getRawInterruptStatus)
                  000056fc    00000018     oled_hardware_i2c.o (.text.DL_I2C_getRawInterruptStatus)
                  00005714    00000018     mspm0_i2c.o (.text.DL_I2C_reset)
                  0000572c    00000018     oled_hardware_i2c.o (.text.DL_I2C_reset)
                  00005744    00000018     ti_msp_dl_config.o (.text.DL_I2C_reset)
                  0000575c    00000018     ti_msp_dl_config.o (.text.DL_I2C_setTimerPeriod)
                  00005774    00000018     ti_msp_dl_config.o (.text.DL_SYSCTL_setBORThreshold)
                  0000578c    00000018     ti_msp_dl_config.o (.text.DL_Timer_enablePower)
                  000057a4    00000018     ti_msp_dl_config.o (.text.DL_Timer_reset)
                  000057bc    00000018     driverlib.a : dl_timer.o (.text.DL_Timer_setCaptureCompareOutCtl)
                  000057d4    00000018     ti_msp_dl_config.o (.text.DL_UART_enablePower)
                  000057ec    00000018     board.o (.text.DL_UART_isBusy)
                  00005804    00000018     ti_msp_dl_config.o (.text.DL_UART_reset)
                  0000581c    00000018     clock.o (.text.SysTick_Init)
                  00005834    00000018     libc.a : vsnprintf.c.obj (.text._outc)
                  0000584c    00000018            : sprintf.c.obj (.text._outs)
                  00005864    00000016     bsp_motor_hallencoder.o (.text.DL_GPIO_readPins)
                  0000587a    00000016     mspm0_i2c.o (.text.DL_GPIO_readPins)
                  00005890    00000016     oled_hardware_i2c.o (.text.DL_GPIO_readPins)
                  000058a6    00000016     mspm0_i2c.o (.text.DL_I2C_transmitControllerData)
                  000058bc    00000016     ti_msp_dl_config.o (.text.DL_UART_enable)
                  000058d2    00000016     board.o (.text.DL_UART_transmitData)
                  000058e8    00000016     speed_pid.o (.text.SpeedPID_Reset)
                  000058fe    00000016     libc.a : copy_zero_init.c.obj (.text:decompress:ZI:__TI_zero_init_nomemset)
                  00005914    00000014     bsp_tb6612.o (.text.DL_GPIO_clearPins)
                  00005928    00000014     mspm0_i2c.o (.text.DL_GPIO_clearPins)
                  0000593c    00000014     oled_hardware_i2c.o (.text.DL_GPIO_clearPins)
                  00005950    00000014     mspm0_i2c.o (.text.DL_I2C_getControllerStatus)
                  00005964    00000014     oled_hardware_i2c.o (.text.DL_I2C_getControllerStatus)
                  00005978    00000014     mspm0_i2c.o (.text.DL_I2C_receiveControllerData)
                  0000598c    00000014     ti_msp_dl_config.o (.text.DL_I2C_resetControllerTransfer)
                  000059a0    00000014     ti_msp_dl_config.o (.text.DL_SYSCTL_disableSYSPLL)
                  000059b4    00000014     ti_msp_dl_config.o (.text.DL_SYSCTL_enableSYSPLL)
                  000059c8    00000014     ti_msp_dl_config.o (.text.DL_Timer_enableClock)
                  000059dc    00000014     ti_msp_dl_config.o (.text.DL_Timer_setCCPDirection)
                  000059f0    00000014     control_mixer.o (.text.Mixer_Init)
                  00005a04    00000014     control_mixer.o (.text.Mixer_SetAngleDiff)
                  00005a18    00000014     control_mixer.o (.text.Mixer_SetFollowDiff)
                  00005a2c    00000014     control_mixer.o (.text.Mixer_SetSpeedDiff)
                  00005a40    00000014     libclang_rt.builtins.a : aeabi_uldivmod.S.obj (.text.__aeabi_uldivmod)
                  00005a54    00000014     libc.a : _printfi.c.obj (.text.strchr)
                  00005a68    00000012     bsp_motor_hallencoder.o (.text.DL_Timer_getPendingInterrupt)
                  00005a7a    00000012     driverlib.a : dl_uart.o (.text.DL_UART_setClockConfig)
                  00005a8c    00000012     libc.a : memcpy16.S.obj (.text:TI_memcpy_small)
                  00005a9e    00000012            : copy_decompress_none.c.obj (.text:decompress:none)
                  00005ab0    00000010     ti_msp_dl_config.o (.text.DL_SYSCTL_disableHFXT)
                  00005ac0    00000010     ti_msp_dl_config.o (.text.DL_SYSCTL_isFCCDone)
                  00005ad0    00000010     ti_msp_dl_config.o (.text.DL_SYSCTL_startFCC)
                  00005ae0    00000010     driverlib.a : dl_timer.o (.text.DL_Timer_setCaptureCompareValue)
                  00005af0    00000010     speed_control.o (.text.SpeedLoop_GetCorrection)
                  00005b00    00000010     interrupt.o (.text.SysTick_Handler)
                  00005b10    00000010     oled_hardware_i2c.o (.text.delay_ms)
                  00005b20    00000010     libc.a : wcslen.c.obj (.text.wcslen)
                  00005b30    0000000e     libclang_rt.builtins.a : aeabi_memset.S.obj (.text.__aeabi_memset)
                  00005b3e    0000000e     libc.a : _printfi.c.obj (.text.strlen)
                  00005b4c    0000000e            : memset16.S.obj (.text:TI_memset_small)
                  00005b5a    00000002     --HOLE-- [fill = 0]
                  00005b5c    0000000c     ti_msp_dl_config.o (.text.DL_SYSCTL_getClockStatus)
                  00005b68    0000000c     ti_msp_dl_config.o (.text.DL_SYSCTL_readFCC)
                  00005b74    0000000c     imu_ahrs.o (.text.IMU_AHRS_TurnAngle_Get)
                  00005b80    0000000c     ti_msp_dl_config.o (.text.SYSCFG_DL_SYSTICK_init)
                  00005b8c    0000000c     speed_control.o (.text.SpeedLoop_GetError)
                  00005b98    0000000c     libclang_rt.builtins.a : aeabi_memset.S.obj (.text.__aeabi_memclr)
                  00005ba4    0000000a     driverlib.a : dl_common.o (.text.DL_Common_delayCycles)
                  00005bae    0000000a     libc.a : _printfi.c.obj (.text.OUTLINED_FUNCTION_0)
                  00005bb8    00000010     libclang_rt.builtins.a : adddf3.S.obj (.tramp.__aeabi_dsub.1)
                  00005bc8    0000000a     libc.a : _printfi.c.obj (.text.OUTLINED_FUNCTION_1)
                  00005bd2    0000000a            : sprintf.c.obj (.text._outc)
                  00005bdc    00000008     imu_ahrs.o (.text.IMU_AHRS_GetData)
                  00005be4    00000008     speed_control.o (.text.SpeedLoop_GetCurrentSpeed)
                  00005bec    00000008     libc.a : aeabi_portable.c.obj (.text.__aeabi_errno_addr)
                  00005bf4    00000008     libclang_rt.builtins.a : aeabi_memcpy.S.obj (.text.__aeabi_memcpy)
                  00005bfc    00000006     libc.a : s_atanf.c.obj (.text.OUTLINED_FUNCTION_0)
                  00005c02    00000002     --HOLE-- [fill = 0]
                  00005c04    00000010     libclang_rt.builtins.a : divsf3.S.obj (.tramp.__aeabi_fdiv.1)
                  00005c14    00000006     libc.a : exit.c.obj (.text:abort)
                  00005c1a    00000004     startup_mspm0g350x_ticlang.o (.text.Default_Handler)
                  00005c1e    00000004     libsysbm.a : hostexit.c.obj (.text.HOSTexit)
                  00005c22    00000004     libc.a : s_atanf.c.obj (.text.OUTLINED_FUNCTION_1)
                  00005c26    00000002     --HOLE-- [fill = 0]
                  00005c28    00000010     libclang_rt.builtins.a : addsf3.S.obj (.tramp.__aeabi_fadd.1)
                  00005c38    00000004     startup_mspm0g350x_ticlang.o (.text.Reset_Handler)
                  00005c3c    00000010     libc.a : boot_cortex_m.c.obj (.tramp._c_int00_noargs.1)
                  00005c4c    00000004            : pre_init.c.obj (.text._system_pre_init)

.cinit     0    00006710    00000038     
                  00006710    0000000d     (.cinit..data.load) [load image, compression = lzss]
                  0000671d    00000003     --HOLE-- [fill = 0]
                  00006720    0000000c     (__TI_handler_table)
                  0000672c    00000008     (.cinit..bss.load) [load image, compression = zero_init]
                  00006734    00000010     (__TI_cinit_table)
                  00006744    00000004     --HOLE-- [fill = 0]

.rodata    0    00005c50    00000ac0     
                  00005c50    000005f0     oled_hardware_i2c.o (.rodata.asc2_1608)
                  00006240    00000228     oled_hardware_i2c.o (.rodata.asc2_0806)
                  00006468    00000008     ti_msp_dl_config.o (.rodata.gPWM_0Config)
                  00006470    00000101     libc.a : aeabi_ctype.S.obj (.rodata:__aeabi_ctype_table_)
                  00006571    00000043     speed_pid.o (.rodata.str1.10691210535337333809.1)
                  000065b4    00000028     ti_msp_dl_config.o (.rodata.gSYSPLLConfig)
                  000065dc    00000025     speed_control.o (.rodata.str1.15839901581566842560.1)
                  00006601    00000021     bsp_motor_hallencoder.o (.rodata.str1.13219907530406960793.1)
                  00006622    00000021     bsp_tb6612.o (.rodata.str1.15091695396400935675.1)
                  00006643    00000001     --HOLE-- [fill = 0]
                  00006644    00000020     libc.a : s_atanf.c.obj (.rodata.cst16)
                  00006664    00000014     ti_msp_dl_config.o (.rodata.gTIMER_0TimerConfig)
                  00006678    00000011     libc.a : _printfi.c.obj (.rodata.str1.10348868589481759720.1)
                  00006689    00000011            : _printfi.c.obj (.rodata.str1.15363888844622738466.1)
                  0000669a    0000000e     main.o (.rodata.str1.15996357275703397564.1)
                  000066a8    0000000e     main.o (.rodata.str1.16265332423659789559.1)
                  000066b6    0000000d     main.o (.rodata.str1.15159059442110792349.1)
                  000066c3    00000001     --HOLE-- [fill = 0]
                  000066c4    0000000a     ti_msp_dl_config.o (.rodata.gUART_0Config)
                  000066ce    00000007     main.o (.rodata.str1.288608917962107522.1)
                  000066d5    00000006     main.o (.rodata.str1.17100691992556644108.1)
                  000066db    00000006     main.o (.rodata.str1.18227636981041470289.1)
                  000066e1    00000006     main.o (.rodata.str1.2846389346932560359.1)
                  000066e7    00000006     main.o (.rodata.str1.7702501944640899365.1)
                  000066ed    00000006     main.o (.rodata.str1.8154729771448623357.1)
                  000066f3    00000005     main.o (.rodata.str1.12180500075719773345.1)
                  000066f8    00000004     main.o (.rodata.str1.14112174005742061988.1)
                  000066fc    00000003     ti_msp_dl_config.o (.rodata.gPWM_0ClockConfig)
                  000066ff    00000003     ti_msp_dl_config.o (.rodata.gTIMER_0ClockConfig)
                  00006702    00000002     ti_msp_dl_config.o (.rodata.gI2C_MPU6050ClockConfig)
                  00006704    00000002     ti_msp_dl_config.o (.rodata.gI2C_OLEDClockConfig)
                  00006706    00000002     ti_msp_dl_config.o (.rodata.gUART_0ClockConfig)
                  00006708    00000008     --HOLE-- [fill = 0]

.init_array 
*          0    00000000    00000000     UNINITIALIZED

.binit     0    00000000    00000000     

.bss       0    20200000    0000017c     UNINITIALIZED
                  20200000    000000bc     (.common:gPWM_0Backup)
                  202000bc    00000058     imu_ahrs.o (.bss.g_imu)
                  20200114    00000020     speed_control.o (.bss.g_speed_pid)
                  20200134    00000020     (.common:oled_buffer)
                  20200154    0000000e     imu_ahrs.o (.bss.g_calib_burst)
                  20200162    00000002     --HOLE--
                  20200164    00000008     bsp_motor_hallencoder.o (.bss.Encoder_A)
                  2020016c    00000008     bsp_motor_hallencoder.o (.bss.Encoder_B)
                  20200174    00000004     (.common:start_time)
                  20200178    00000004     (.common:tick_ms)

.data      0    20200180    000000ae     UNINITIALIZED
                  20200180    00000018     encoder.o (.data.wheel_speed)
                  20200198    00000008     imu_ahrs.o (.data.g_yaw_sum_t2)
                  202001a0    00000008     imu_ahrs.o (.data.g_yaw_sum_t)
                  202001a8    00000008     imu_ahrs.o (.data.g_yaw_sum_ty)
                  202001b0    00000008     imu_ahrs.o (.data.g_yaw_sum_y)
                  202001b8    00000004     speed_control.o (.data.SpeedLoop_Update.accum_dt)
                  202001bc    00000004     libc.a : aeabi_portable.c.obj (.data.__aeabi_errno)
                  202001c0    00000004     encoder.o (.data.accum_left_pulses)
                  202001c4    00000004     encoder.o (.data.accum_right_pulses)
                  202001c8    00000004     encoder.o (.data.decim_count)
                  202001cc    00000004     encoder.o (.data.filtered_left_speed_mmps)
                  202001d0    00000004     encoder.o (.data.filtered_right_speed_mmps)
                  202001d4    00000004     imu_ahrs.o (.data.g_calib_sum_x)
                  202001d8    00000004     imu_ahrs.o (.data.g_calib_sum_y)
                  202001dc    00000004     imu_ahrs.o (.data.g_calib_sum_z)
                  202001e0    00000004     speed_control.o (.data.g_current_error)
                  202001e4    00000004     imu_ahrs.o (.data.g_init_deadline)
                  202001e8    00000004     imu_ahrs.o (.data.g_init_start_time)
                  202001ec    00000004     imu_ahrs.o (.data.g_integral_fb_x)
                  202001f0    00000004     imu_ahrs.o (.data.g_integral_fb_y)
                  202001f4    00000004     imu_ahrs.o (.data.g_integral_fb_z)
                  202001f8    00000004     control_mixer.o (.data.g_mix_base)
                  202001fc    00000004     speed_control.o (.data.g_target_speed)
                  20200200    00000004     imu_ahrs.o (.data.g_turn_angle)
                  20200204    00000004     imu_ahrs.o (.data.g_yaw_calib_count)
                  20200208    00000004     imu_ahrs.o (.data.g_yaw_calib_start_time)
                  2020020c    00000004     imu_ahrs.o (.data.g_yaw_drift_k)
                  20200210    00000004     imu_ahrs.o (.data.g_yaw_start_time)
                  20200214    00000004     main.o (.data.main.last_update)
                  20200218    00000004     main.o (.data.main.oled_last_update)
                  2020021c    00000004     main.o (.data.main.spd_oled_last)
                  20200220    00000002     control_mixer.o (.data.g_angle_diff)
                  20200222    00000002     imu_ahrs.o (.data.g_calib_sample_idx)
                  20200224    00000002     control_mixer.o (.data.g_follow_diff)
                  20200226    00000002     control_mixer.o (.data.g_speed_diff)
                  20200228    00000001     interrupt.o (.data.enable_group1_irq)
                  20200229    00000001     bsp_motor_hallencoder.o (.data.g_encoder_new_data)
                  2020022a    00000001     imu_ahrs.o (.data.g_init_state)
                  2020022b    00000001     imu_ahrs.o (.data.g_status)
                  2020022c    00000001     imu_ahrs.o (.data.g_yaw_calib_state)
                  2020022d    00000001     imu_ahrs.o (.data.g_yaw_enable)

.stack     0    20207e00    00000200     UNINITIALIZED
                  20207e00    00000004     libc.a : boot_cortex_m.c.obj (.stack)
                  20207e04    000001fc     --HOLE--

__llvm_prf_cnts 
*          0    20200000    00000000     UNINITIALIZED

__llvm_prf_bits 
*          0    20200000    00000000     UNINITIALIZED

MODULE SUMMARY

       Module                         code    ro data   rw data
       ------                         ----    -------   -------
    .\
       ti_msp_dl_config.o             3174    90        188    
       main.o                         724     87        44     
       startup_mspm0g350x_ticlang.o   8       192       0      
    +--+------------------------------+-------+---------+---------+
       Total:                         3906    369       232    
                                                               
    .\Drivers\Encoder\
       bsp_motor_hallencoder.o        584     33        17     
       encoder.o                      460     0         44     
       speed_pid.o                    434     67        0      
       speed_control.o                228     37        44     
    +--+------------------------------+-------+---------+---------+
       Total:                         1706    137       105    
                                                               
    .\Drivers\IMU_AHRS\
       imu_ahrs.o                     2914    0         192    
       mspm0_i2c.o                    1368    0         0      
    +--+------------------------------+-------+---------+---------+
       Total:                         4282    0         192    
                                                               
    .\Drivers\MSPM0\
       clock.o                        328     0         8      
       board.o                        222     0         0      
       interrupt.o                    88      0         1      
    +--+------------------------------+-------+---------+---------+
       Total:                         638     0         9      
                                                               
    .\Drivers\Mix_Control\
       control_mixer.o                232     0         10     
    +--+------------------------------+-------+---------+---------+
       Total:                         232     0         10     
                                                               
    .\Drivers\OLED_Hardware_I2C\
       oled_hardware_i2c.o            1816    2072      0      
    +--+------------------------------+-------+---------+---------+
       Total:                         1816    2072      0      
                                                               
    .\Drivers\TB6612_Motor\
       bsp_tb6612.o                   356     33        0      
    +--+------------------------------+-------+---------+---------+
       Total:                         356     33        0      
                                                               
    D:/develop/TI/CCS/mspm0_sdk_2_10_00_04/source/ti/driverlib/lib/ticlang/m0p/mspm0g1x0x_g3x0x/driverlib.a
       dl_timer.o                     608     0         0      
       dl_sysctl_mspm0g1x0x_g3x0x.o   416     0         0      
       dl_i2c.o                       192     0         0      
       dl_uart.o                      90      0         0      
       dl_common.o                    10      0         0      
    +--+------------------------------+-------+---------+---------+
       Total:                         1316    0         0      
                                                               
    D:\develop\TI\CCS\ti_cgt_arm_llvm_4.0.4.LTS\lib\armv6m-ti-none-eabi/c/libc.a
       _printfi.c.obj                 4510    34        0      
       s_atanf.c.obj                  466     32        0      
       e_atan2f.c.obj                 280     0         0      
       aeabi_ctype.S.obj              0       257       0      
       s_scalbn.c.obj                 216     0         0      
       vsnprintf.c.obj                136     0         0      
       copy_decompress_lzss.c.obj     124     0         0      
       s_frexp.c.obj                  92      0         0      
       sprintf.c.obj                  90      0         0      
       _ltoa.c.obj                    88      0         0      
       atoi.c.obj                     64      0         0      
       autoinit.c.obj                 60      0         0      
       boot_cortex_m.c.obj            56      0         0      
       memccpy.c.obj                  34      0         0      
       copy_zero_init.c.obj           22      0         0      
       copy_decompress_none.c.obj     18      0         0      
       memcpy16.S.obj                 18      0         0      
       wcslen.c.obj                   16      0         0      
       memset16.S.obj                 14      0         0      
       aeabi_portable.c.obj           8       0         4      
       exit.c.obj                     6       0         0      
       pre_init.c.obj                 4       0         0      
    +--+------------------------------+-------+---------+---------+
       Total:                         6322    323       4      
                                                               
    D:\develop\TI\CCS\ti_cgt_arm_llvm_4.0.4.LTS\lib\armv6m-ti-none-eabi/c/libsysbm.a
       hostexit.c.obj                 4       0         0      
    +--+------------------------------+-------+---------+---------+
       Total:                         4       0         0      
                                                               
    D:\develop\TI\CCS\ti_cgt_arm_llvm_4.0.4.LTS\lib\armv6m-ti-none-eabi/libclang_rt.builtins.a
       adddf3.S.obj                   418     0         0      
       divdf3.S.obj                   268     0         0      
       addsf3.S.obj                   232     0         0      
       muldf3.S.obj                   228     0         0      
       comparedf2.c.obj               220     0         0      
       udivmoddi4.S.obj               162     0         0      
       divsf3.S.obj                   146     0         0      
       mulsf3.S.obj                   140     0         0      
       comparesf2.S.obj               118     0         0      
       aeabi_dcmp.S.obj               98      0         0      
       aeabi_fcmp.S.obj               98      0         0      
       aeabi_idivmod.S.obj            86      0         0      
       fixdfsi.S.obj                  74      0         0      
       aeabi_uidivmod.S.obj           64      0         0      
       extendsfdf2.S.obj              64      0         0      
       floatsisf.S.obj                60      0         0      
       muldsi3.S.obj                  58      0         0      
       fixsfsi.S.obj                  56      0         0      
       floatsidf.S.obj                44      0         0      
       floatunsisf.S.obj              40      0         0      
       floatunsidf.S.obj              36      0         0      
       muldi3.S.obj                   36      0         0      
       ashldi3.S.obj                  30      0         0      
       aeabi_memset.S.obj             26      0         0      
       aeabi_uldivmod.S.obj           20      0         0      
       aeabi_memcpy.S.obj             8       0         0      
       aeabi_div0.c.obj               4       0         0      
    +--+------------------------------+-------+---------+---------+
       Total:                         2834    0         0      
                                                               
       Stack:                         0       0         512    
       Linker Generated:              0       49        0      
    +--+------------------------------+-------+---------+---------+
       Grand Total:                   23412   2983      1064   


LINKER GENERATED COPY TABLES

__TI_cinit_table @ 00006734 records: 2, size/record: 8, table size: 16
	.data: load addr=00006710, load size=0000000d bytes, run addr=20200180, run size=000000ae bytes, compression=lzss
	.bss: load addr=0000672c, load size=00000008 bytes, run addr=20200000, run size=0000017c bytes, compression=zero_init


LINKER GENERATED HANDLER TABLE

__TI_handler_table @ 00006720 records: 3, size/record: 4, table size: 12
	index: 0, handler: __TI_decompress_lzss
	index: 1, handler: __TI_decompress_none
	index: 2, handler: __TI_zero_init


FAR CALL TRAMPOLINES

callee name               trampoline name
   callee addr  tramp addr   call addr  call info
--------------  -----------  ---------  ----------------
__aeabi_dsub              $Tramp$TT$L$PI$$__aeabi_dsub
   00001c4d     00005bb8     00005bb6   libc.a : _printfi.c.obj (.text.OUTLINED_FUNCTION_0)
__aeabi_fdiv              $Tramp$TT$L$PI$$__aeabi_fdiv
   000037e1     00005c04     00005c00   libc.a : s_atanf.c.obj (.text.OUTLINED_FUNCTION_0)
__aeabi_fadd              $Tramp$TT$L$PI$$__aeabi_fadd
   00002f13     00005c28     00005c24   libc.a : s_atanf.c.obj (.text.OUTLINED_FUNCTION_1)
_c_int00_noargs           $Tramp$TT$L$PI$$_c_int00_noargs
   000050d1     00005c3c     00005c38   startup_mspm0g350x_ticlang.o (.text.Reset_Handler)

[4 trampolines]
[4 trampoline calls]


GLOBAL SYMBOLS: SORTED ALPHABETICALLY BY Name 

address   name                                 
-------   ----                                 
00005c1b  ADC0_IRQHandler                      
00005c1b  ADC1_IRQHandler                      
00005c1b  AES_IRQHandler                       
00003865  AO_Control                           
000038e5  BO_Control                           
00005c1e  C$$EXIT                              
00005c1b  CANFD0_IRQHandler                    
00005c1b  DAC0_IRQHandler                      
00005ba5  DL_Common_delayCycles                
00003f35  DL_I2C_fillControllerTXFIFO          
00004a41  DL_I2C_flushControllerTXFIFO         
0000511f  DL_I2C_setClockConfig                
00005389  DL_SYSCTL_configFCC                  
00002d55  DL_SYSCTL_configSYSPLL               
00003c81  DL_SYSCTL_setHFCLKSourceHFXTParams   
00004879  DL_SYSCTL_switchMCLKfromSYSOSCtoHSCLK
00002889  DL_Timer_initFourCCPWMMode           
0000298d  DL_Timer_initTimerMode               
00005415  DL_Timer_setCaptCompUpdateMethod     
000057bd  DL_Timer_setCaptureCompareOutCtl     
00005ae1  DL_Timer_setCaptureCompareValue      
00005431  DL_Timer_setClockConfig              
00004759  DL_UART_init                         
00005a7b  DL_UART_setClockConfig               
00005c1b  DMA_IRQHandler                       
00005c1b  Default_Handler                      
00005c1b  GROUP0_IRQHandler                    
00002a89  GROUP1_IRQHandler                    
00005c1f  HOSTexit                             
00005c1b  HardFault_Handler                    
00005c1b  I2C0_IRQHandler                      
00005c1b  I2C1_IRQHandler                      
0000544d  IMU_AHRS_Attitude_Enable             
00005bdd  IMU_AHRS_GetData                     
00003ce5  IMU_AHRS_Get_Yaw_Compensated         
00001f49  IMU_AHRS_Init_Poll                   
000032d1  IMU_AHRS_Init_Start                  
00005b75  IMU_AHRS_TurnAngle_Get               
00000a91  IMU_AHRS_Update_Attitude             
00001de1  IMU_AHRS_Update_Data                 
0000449d  IMU_AHRS_Yaw_Calib_Start             
000051f5  IRDM_get_average_speed               
00001aa1  IRDM_update_wheel_speed              
00005469  Interrupt_Init                       
00003371  Mixer_Apply                          
000059f1  Mixer_Init                           
00005a05  Mixer_SetAngleDiff                   
00005a19  Mixer_SetFollowDiff                  
00005a2d  Mixer_SetSpeedDiff                   
00004ead  Motor_Get_Encoder                    
00004ded  Motor_Init                           
00005c1b  NMI_Handler                          
00003b45  OLED_Clear                           
0000266d  OLED_Init                            
00004ab9  OLED_Set_Pos                         
0000243d  OLED_ShowChar                        
00003ad5  OLED_ShowString                      
00003409  OLED_WR_Byte                         
00005c1b  PendSV_Handler                       
00005c1b  RTC_IRQHandler                       
00005c39  Reset_Handler                        
00005c1b  SPI0_IRQHandler                      
00005c1b  SPI1_IRQHandler                      
00005c1b  SVC_Handler                          
00001701  SYSCFG_DL_GPIO_init                  
00004105  SYSCFG_DL_I2C_MPU6050_init           
0000415d  SYSCFG_DL_I2C_OLED_init              
000034a1  SYSCFG_DL_PWM_0_init                 
00005485  SYSCFG_DL_SYSCTL_CLK_init            
00002b85  SYSCFG_DL_SYSCTL_SYSPLL_init         
00003965  SYSCFG_DL_SYSCTL_init                
00005b81  SYSCFG_DL_SYSTICK_init               
00004af5  SYSCFG_DL_TIMER_0_init               
00004901  SYSCFG_DL_UART_0_init                
00004d0d  SYSCFG_DL_init                       
000035c1  SYSCFG_DL_initPower                  
00005af1  SpeedLoop_GetCorrection              
00005be5  SpeedLoop_GetCurrentSpeed            
00005b8d  SpeedLoop_GetError                   
00003f95  SpeedLoop_Init                       
00003d49  SpeedLoop_Update                     
00003531  SpeedPID_Init                        
000058e9  SpeedPID_Reset                       
00002fe1  SpeedPID_Update                      
00005b01  SysTick_Handler                      
0000581d  SysTick_Init                         
00004d45  TB6612_Motor_Stop                    
00005c1b  TIMA0_IRQHandler                     
00005c1b  TIMA1_IRQHandler                     
00004b31  TIMG0_IRQHandler                     
00005c1b  TIMG12_IRQHandler                    
00005c1b  TIMG6_IRQHandler                     
00005c1b  TIMG7_IRQHandler                     
00005c1b  TIMG8_IRQHandler                     
00005a8d  TI_memcpy_small                      
00005b4d  TI_memset_small                      
00005c1b  UART0_IRQHandler                     
00005c1b  UART1_IRQHandler                     
00005c1b  UART2_IRQHandler                     
00005c1b  UART3_IRQHandler                     
20208000  __STACK_END                          
00000200  __STACK_SIZE                         
00000000  __TI_ATRegion0_region_sz             
00000000  __TI_ATRegion0_src_addr              
00000000  __TI_ATRegion0_trg_addr              
00000000  __TI_ATRegion1_region_sz             
00000000  __TI_ATRegion1_src_addr              
00000000  __TI_ATRegion1_trg_addr              
00000000  __TI_ATRegion2_region_sz             
00000000  __TI_ATRegion2_src_addr              
00000000  __TI_ATRegion2_trg_addr              
00006734  __TI_CINIT_Base                      
00006744  __TI_CINIT_Limit                     
00006744  __TI_CINIT_Warm                      
00006720  __TI_Handler_Table_Base              
0000672c  __TI_Handler_Table_Limit             
00004c21  __TI_auto_init_nobinit_nopinit       
000039e5  __TI_decompress_lzss                 
00005a9f  __TI_decompress_none                 
000041b5  __TI_ltoa                            
ffffffff  __TI_pprof_out_hndl                  
000000c1  __TI_printfi                         
ffffffff  __TI_prof_data_size                  
ffffffff  __TI_prof_data_start                 
00000000  __TI_static_base__                   
000058ff  __TI_zero_init_nomemset              
00001c57  __adddf3                             
00002f13  __addsf3                             
00006470  __aeabi_ctype_table_                 
00006470  __aeabi_ctype_table_C                
0000470d  __aeabi_d2iz                         
00001c57  __aeabi_dadd                         
00003dad  __aeabi_dcmpeq                       
00003de9  __aeabi_dcmpge                       
00003dfd  __aeabi_dcmpgt                       
00003dd5  __aeabi_dcmple                       
00003dc1  __aeabi_dcmplt                       
0000277d  __aeabi_ddiv                         
00002c71  __aeabi_dmul                         
00001c4d  __aeabi_dsub                         
202001bc  __aeabi_errno                        
00005bed  __aeabi_errno_addr                   
00004981  __aeabi_f2d                          
00004d7d  __aeabi_f2iz                         
00002f13  __aeabi_fadd                         
00003e11  __aeabi_fcmpeq                       
00003e4d  __aeabi_fcmpge                       
00003e61  __aeabi_fcmpgt                       
00003e39  __aeabi_fcmple                       
00003e25  __aeabi_fcmplt                       
000037e1  __aeabi_fdiv                         
0000364d  __aeabi_fmul                         
00002f09  __aeabi_fsub                         
00004f5d  __aeabi_i2d                          
00004b6d  __aeabi_i2f                          
00004265  __aeabi_idiv                         
00001ddf  __aeabi_idiv0                        
00004265  __aeabi_idivmod                      
000032cf  __aeabi_ldiv0                        
00005235  __aeabi_llsl                         
00005169  __aeabi_lmul                         
00005b99  __aeabi_memclr                       
00005b99  __aeabi_memclr4                      
00005b99  __aeabi_memclr8                      
00005bf5  __aeabi_memcpy                       
00005bf5  __aeabi_memcpy4                      
00005bf5  __aeabi_memcpy8                      
00005b31  __aeabi_memset                       
00005b31  __aeabi_memset4                      
00005b31  __aeabi_memset8                      
00005145  __aeabi_ui2d                         
000050a9  __aeabi_ui2f                         
00004941  __aeabi_uidiv                        
00004941  __aeabi_uidivmod                     
00005a41  __aeabi_uldivmod                     
00005235  __ashldi3                            
ffffffff  __binit__                            
00003bb1  __cmpdf2                             
00004c5d  __cmpsf2                             
0000277d  __divdf3                             
000037e1  __divsf3                             
00003bb1  __eqdf2                              
00004c5d  __eqsf2                              
00004981  __extendsfdf2                        
0000470d  __fixdfsi                            
00004d7d  __fixsfsi                            
00004f5d  __floatsidf                          
00004b6d  __floatsisf                          
00005145  __floatunsidf                        
000050a9  __floatunsisf                        
00003a61  __gedf2                              
00004ba9  __gesf2                              
00003a61  __gtdf2                              
00004ba9  __gtsf2                              
00003bb1  __ledf2                              
00004c5d  __lesf2                              
00003bb1  __ltdf2                              
00004c5d  __ltsf2                              
UNDEFED   __mpu_init                           
00002c71  __muldf3                             
00005169  __muldi3                             
00004c99  __muldsi3                            
0000364d  __mulsf3                             
00003bb1  __nedf2                              
00004c5d  __nesf2                              
20207e00  __stack                              
20200000  __start___llvm_prf_bits              
20200000  __start___llvm_prf_cnts              
20200000  __stop___llvm_prf_bits               
20200000  __stop___llvm_prf_cnts               
00001c4d  __subdf3                             
00002f09  __subsf3                             
0000322d  __udivmoddi4                         
000050d1  _c_int00_noargs                      
UNDEFED   _system_post_cinit                   
00005c4d  _system_pre_init                     
00005c15  abort                                
00006240  asc2_0806                            
00005c50  asc2_1608                            
00002555  atan2f                               
000018d9  atanf                                
000049c1  atoi                                 
ffffffff  binit                                
00005b11  delay_ms                             
20200228  enable_group1_irq                    
00003ff1  frexp                                
00003ff1  frexpl                               
20200000  gPWM_0Backup                         
20200229  g_encoder_new_data                   
00000000  interruptVectors                     
000047e9  lc_printf                            
00002e31  ldexp                                
00002e31  ldexpl                               
00001031  main                                 
000051b1  memccpy                              
00003e75  mpu6050_i2c_sda_unlock               
00004e7d  mspm0_delay_ms                       
00004f89  mspm0_get_clock_ms                   
000021e9  mspm0_i2c_read                       
00003169  mspm0_i2c_write                      
20200134  oled_buffer                          
00003ed5  oled_i2c_sda_unlock                  
00002e31  scalbn                               
00002e31  scalbnl                              
00004db5  sprintf                              
20200174  start_time                           
20200178  tick_ms                              
00004a01  vsnprintf                            
00005b21  wcslen                               


GLOBAL SYMBOLS: SORTED BY Symbol Address 

address   name                                 
-------   ----                                 
00000000  __TI_ATRegion0_region_sz             
00000000  __TI_ATRegion0_src_addr              
00000000  __TI_ATRegion0_trg_addr              
00000000  __TI_ATRegion1_region_sz             
00000000  __TI_ATRegion1_src_addr              
00000000  __TI_ATRegion1_trg_addr              
00000000  __TI_ATRegion2_region_sz             
00000000  __TI_ATRegion2_src_addr              
00000000  __TI_ATRegion2_trg_addr              
00000000  __TI_static_base__                   
00000000  interruptVectors                     
000000c1  __TI_printfi                         
00000200  __STACK_SIZE                         
00000a91  IMU_AHRS_Update_Attitude             
00001031  main                                 
00001701  SYSCFG_DL_GPIO_init                  
000018d9  atanf                                
00001aa1  IRDM_update_wheel_speed              
00001c4d  __aeabi_dsub                         
00001c4d  __subdf3                             
00001c57  __adddf3                             
00001c57  __aeabi_dadd                         
00001ddf  __aeabi_idiv0                        
00001de1  IMU_AHRS_Update_Data                 
00001f49  IMU_AHRS_Init_Poll                   
000021e9  mspm0_i2c_read                       
0000243d  OLED_ShowChar                        
00002555  atan2f                               
0000266d  OLED_Init                            
0000277d  __aeabi_ddiv                         
0000277d  __divdf3                             
00002889  DL_Timer_initFourCCPWMMode           
0000298d  DL_Timer_initTimerMode               
00002a89  GROUP1_IRQHandler                    
00002b85  SYSCFG_DL_SYSCTL_SYSPLL_init         
00002c71  __aeabi_dmul                         
00002c71  __muldf3                             
00002d55  DL_SYSCTL_configSYSPLL               
00002e31  ldexp                                
00002e31  ldexpl                               
00002e31  scalbn                               
00002e31  scalbnl                              
00002f09  __aeabi_fsub                         
00002f09  __subsf3                             
00002f13  __addsf3                             
00002f13  __aeabi_fadd                         
00002fe1  SpeedPID_Update                      
00003169  mspm0_i2c_write                      
0000322d  __udivmoddi4                         
000032cf  __aeabi_ldiv0                        
000032d1  IMU_AHRS_Init_Start                  
00003371  Mixer_Apply                          
00003409  OLED_WR_Byte                         
000034a1  SYSCFG_DL_PWM_0_init                 
00003531  SpeedPID_Init                        
000035c1  SYSCFG_DL_initPower                  
0000364d  __aeabi_fmul                         
0000364d  __mulsf3                             
000037e1  __aeabi_fdiv                         
000037e1  __divsf3                             
00003865  AO_Control                           
000038e5  BO_Control                           
00003965  SYSCFG_DL_SYSCTL_init                
000039e5  __TI_decompress_lzss                 
00003a61  __gedf2                              
00003a61  __gtdf2                              
00003ad5  OLED_ShowString                      
00003b45  OLED_Clear                           
00003bb1  __cmpdf2                             
00003bb1  __eqdf2                              
00003bb1  __ledf2                              
00003bb1  __ltdf2                              
00003bb1  __nedf2                              
00003c81  DL_SYSCTL_setHFCLKSourceHFXTParams   
00003ce5  IMU_AHRS_Get_Yaw_Compensated         
00003d49  SpeedLoop_Update                     
00003dad  __aeabi_dcmpeq                       
00003dc1  __aeabi_dcmplt                       
00003dd5  __aeabi_dcmple                       
00003de9  __aeabi_dcmpge                       
00003dfd  __aeabi_dcmpgt                       
00003e11  __aeabi_fcmpeq                       
00003e25  __aeabi_fcmplt                       
00003e39  __aeabi_fcmple                       
00003e4d  __aeabi_fcmpge                       
00003e61  __aeabi_fcmpgt                       
00003e75  mpu6050_i2c_sda_unlock               
00003ed5  oled_i2c_sda_unlock                  
00003f35  DL_I2C_fillControllerTXFIFO          
00003f95  SpeedLoop_Init                       
00003ff1  frexp                                
00003ff1  frexpl                               
00004105  SYSCFG_DL_I2C_MPU6050_init           
0000415d  SYSCFG_DL_I2C_OLED_init              
000041b5  __TI_ltoa                            
00004265  __aeabi_idiv                         
00004265  __aeabi_idivmod                      
0000449d  IMU_AHRS_Yaw_Calib_Start             
0000470d  __aeabi_d2iz                         
0000470d  __fixdfsi                            
00004759  DL_UART_init                         
000047e9  lc_printf                            
00004879  DL_SYSCTL_switchMCLKfromSYSOSCtoHSCLK
00004901  SYSCFG_DL_UART_0_init                
00004941  __aeabi_uidiv                        
00004941  __aeabi_uidivmod                     
00004981  __aeabi_f2d                          
00004981  __extendsfdf2                        
000049c1  atoi                                 
00004a01  vsnprintf                            
00004a41  DL_I2C_flushControllerTXFIFO         
00004ab9  OLED_Set_Pos                         
00004af5  SYSCFG_DL_TIMER_0_init               
00004b31  TIMG0_IRQHandler                     
00004b6d  __aeabi_i2f                          
00004b6d  __floatsisf                          
00004ba9  __gesf2                              
00004ba9  __gtsf2                              
00004c21  __TI_auto_init_nobinit_nopinit       
00004c5d  __cmpsf2                             
00004c5d  __eqsf2                              
00004c5d  __lesf2                              
00004c5d  __ltsf2                              
00004c5d  __nesf2                              
00004c99  __muldsi3                            
00004d0d  SYSCFG_DL_init                       
00004d45  TB6612_Motor_Stop                    
00004d7d  __aeabi_f2iz                         
00004d7d  __fixsfsi                            
00004db5  sprintf                              
00004ded  Motor_Init                           
00004e7d  mspm0_delay_ms                       
00004ead  Motor_Get_Encoder                    
00004f5d  __aeabi_i2d                          
00004f5d  __floatsidf                          
00004f89  mspm0_get_clock_ms                   
000050a9  __aeabi_ui2f                         
000050a9  __floatunsisf                        
000050d1  _c_int00_noargs                      
0000511f  DL_I2C_setClockConfig                
00005145  __aeabi_ui2d                         
00005145  __floatunsidf                        
00005169  __aeabi_lmul                         
00005169  __muldi3                             
000051b1  memccpy                              
000051f5  IRDM_get_average_speed               
00005235  __aeabi_llsl                         
00005235  __ashldi3                            
00005389  DL_SYSCTL_configFCC                  
00005415  DL_Timer_setCaptCompUpdateMethod     
00005431  DL_Timer_setClockConfig              
0000544d  IMU_AHRS_Attitude_Enable             
00005469  Interrupt_Init                       
00005485  SYSCFG_DL_SYSCTL_CLK_init            
000057bd  DL_Timer_setCaptureCompareOutCtl     
0000581d  SysTick_Init                         
000058e9  SpeedPID_Reset                       
000058ff  __TI_zero_init_nomemset              
000059f1  Mixer_Init                           
00005a05  Mixer_SetAngleDiff                   
00005a19  Mixer_SetFollowDiff                  
00005a2d  Mixer_SetSpeedDiff                   
00005a41  __aeabi_uldivmod                     
00005a7b  DL_UART_setClockConfig               
00005a8d  TI_memcpy_small                      
00005a9f  __TI_decompress_none                 
00005ae1  DL_Timer_setCaptureCompareValue      
00005af1  SpeedLoop_GetCorrection              
00005b01  SysTick_Handler                      
00005b11  delay_ms                             
00005b21  wcslen                               
00005b31  __aeabi_memset                       
00005b31  __aeabi_memset4                      
00005b31  __aeabi_memset8                      
00005b4d  TI_memset_small                      
00005b75  IMU_AHRS_TurnAngle_Get               
00005b81  SYSCFG_DL_SYSTICK_init               
00005b8d  SpeedLoop_GetError                   
00005b99  __aeabi_memclr                       
00005b99  __aeabi_memclr4                      
00005b99  __aeabi_memclr8                      
00005ba5  DL_Common_delayCycles                
00005bdd  IMU_AHRS_GetData                     
00005be5  SpeedLoop_GetCurrentSpeed            
00005bed  __aeabi_errno_addr                   
00005bf5  __aeabi_memcpy                       
00005bf5  __aeabi_memcpy4                      
00005bf5  __aeabi_memcpy8                      
00005c15  abort                                
00005c1b  ADC0_IRQHandler                      
00005c1b  ADC1_IRQHandler                      
00005c1b  AES_IRQHandler                       
00005c1b  CANFD0_IRQHandler                    
00005c1b  DAC0_IRQHandler                      
00005c1b  DMA_IRQHandler                       
00005c1b  Default_Handler                      
00005c1b  GROUP0_IRQHandler                    
00005c1b  HardFault_Handler                    
00005c1b  I2C0_IRQHandler                      
00005c1b  I2C1_IRQHandler                      
00005c1b  NMI_Handler                          
00005c1b  PendSV_Handler                       
00005c1b  RTC_IRQHandler                       
00005c1b  SPI0_IRQHandler                      
00005c1b  SPI1_IRQHandler                      
00005c1b  SVC_Handler                          
00005c1b  TIMA0_IRQHandler                     
00005c1b  TIMA1_IRQHandler                     
00005c1b  TIMG12_IRQHandler                    
00005c1b  TIMG6_IRQHandler                     
00005c1b  TIMG7_IRQHandler                     
00005c1b  TIMG8_IRQHandler                     
00005c1b  UART0_IRQHandler                     
00005c1b  UART1_IRQHandler                     
00005c1b  UART2_IRQHandler                     
00005c1b  UART3_IRQHandler                     
00005c1e  C$$EXIT                              
00005c1f  HOSTexit                             
00005c39  Reset_Handler                        
00005c4d  _system_pre_init                     
00005c50  asc2_1608                            
00006240  asc2_0806                            
00006470  __aeabi_ctype_table_                 
00006470  __aeabi_ctype_table_C                
00006720  __TI_Handler_Table_Base              
0000672c  __TI_Handler_Table_Limit             
00006734  __TI_CINIT_Base                      
00006744  __TI_CINIT_Limit                     
00006744  __TI_CINIT_Warm                      
20200000  __start___llvm_prf_bits              
20200000  __start___llvm_prf_cnts              
20200000  __stop___llvm_prf_bits               
20200000  __stop___llvm_prf_cnts               
20200000  gPWM_0Backup                         
20200134  oled_buffer                          
20200174  start_time                           
20200178  tick_ms                              
202001bc  __aeabi_errno                        
20200228  enable_group1_irq                    
20200229  g_encoder_new_data                   
20207e00  __stack                              
20208000  __STACK_END                          
ffffffff  __TI_pprof_out_hndl                  
ffffffff  __TI_prof_data_size                  
ffffffff  __TI_prof_data_start                 
ffffffff  __binit__                            
ffffffff  binit                                
UNDEFED   __mpu_init                           
UNDEFED   _system_post_cinit                   

[249 symbols]
