******************************************************************************
            TI ARM Clang Linker PC v4.0.4                      
******************************************************************************
>> Linked Thu Jul 16 16:14:03 2026

OUTPUT FILE NAME:   <mpu6050-oled-hardware-i2c.out>
ENTRY POINT SYMBOL: "_c_int00_noargs"  address: 000041dd


MEMORY CONFIGURATION

         name            origin    length      used     unused   attr    fill
----------------------  --------  ---------  --------  --------  ----  --------
  FLASH                 00000000   00020000  000053c0  0001ac40  R  X
  SRAM                  20200000   00008000  000002f4  00007d0c  RW X
  BCR_CONFIG            41c00000   000000ff  00000000  000000ff  R   
  BSL_CONFIG            41c00100   00000080  00000000  00000080  R   


SEGMENT ALLOCATION MAP

run origin  load origin   length   init length attrs members
----------  ----------- ---------- ----------- ----- -------
00000000    00000000    000053c0   000053c0    r-x
  00000000    00000000    000000c0   000000c0    r-- .intvecs
  000000c0    000000c0    00004900   00004900    r-x .text
  000049c0    000049c0    000009d0   000009d0    r-- .rodata
  00005390    00005390    00000030   00000030    r-- .cinit
20200000    20200000    000000f4   00000000    rw-
  20200000    20200000    00000090   00000000    rw- .bss
  20200090    20200090    00000064   00000000    rw- .data
20207e00    20207e00    00000200   00000000    rw-
  20207e00    20207e00    00000200   00000000    rw- .stack


SECTION ALLOCATION MAP

 output                                  attributes/
section   page    origin      length       input sections
--------  ----  ----------  ----------   ----------------
.intvecs   0    00000000    000000c0     
                  00000000    000000c0     startup_mspm0g350x_ticlang.o (.intvecs)

.text      0    000000c0    00004900     
                  000000c0    000009d0     libc.a : _printfi.c.obj (.text:__TI_printfi)
                  00000a90    000005a0     imu_ahrs.o (.text.IMU_AHRS_Update_Attitude)
                  00001030    00000224     main.o (.text.main)
                  00001254    00000220     libc.a : _printfi.c.obj (.text._pconv_a)
                  00001474    000001e0     imu_ahrs.o (.text.IMU_AHRS_Yaw_Calib_Poll)
                  00001654    000001dc     libc.a : _printfi.c.obj (.text._pconv_g)
                  00001830    000001c8            : s_atanf.c.obj (.text.atanf)
                  000019f8    00000192     libclang_rt.builtins.a : adddf3.S.obj (.text.adddf3_subdf3)
                  00001b8a    00000002                            : aeabi_div0.c.obj (.text.__aeabi_idiv0)
                  00001b8c    00000168     imu_ahrs.o (.text.IMU_AHRS_Update_Data)
                  00001cf4    00000164     imu_ahrs.o (.text.IMU_AHRS_Init_Poll)
                  00001e58    0000013c     libc.a : _printfi.c.obj (.text.fcvt)
                  00001f94    00000134     mspm0_i2c.o (.text.mspm0_i2c_read)
                  000020c8    00000120     libc.a : _printfi.c.obj (.text._pconv_e)
                  000021e8    00000118     oled_hardware_i2c.o (.text.OLED_ShowChar)
                  00002300    00000118     libc.a : e_atan2f.c.obj (.text.atan2f)
                  00002418    00000110     oled_hardware_i2c.o (.text.OLED_Init)
                  00002528    0000010c     libclang_rt.builtins.a : divdf3.S.obj (.text.__divdf3)
                  00002634    000000ec     ti_msp_dl_config.o (.text.SYSCFG_DL_SYSCTL_SYSPLL_init)
                  00002720    000000e4     libclang_rt.builtins.a : muldf3.S.obj (.text.__muldf3)
                  00002804    000000dc     driverlib.a : dl_sysctl_mspm0g1x0x_g3x0x.o (.text.DL_SYSCTL_configSYSPLL)
                  000028e0    000000d8     libc.a : s_scalbn.c.obj (.text.scalbn)
                  000029b8    000000d8     libclang_rt.builtins.a : addsf3.S.obj (.text)
                  00002a90    000000c4     imu_ahrs.o (.text.imu_ahrs_calibrate_gyro_offset_step)
                  00002b54    000000c4     mspm0_i2c.o (.text.mspm0_i2c_write)
                  00002c18    000000a2     libclang_rt.builtins.a : udivmoddi4.S.obj (.text)
                  00002cba    00000002                            : aeabi_div0.c.obj (.text.__aeabi_ldiv0)
                  00002cbc    000000a0     imu_ahrs.o (.text.IMU_AHRS_Init_Start)
                  00002d5c    00000098     oled_hardware_i2c.o (.text.OLED_WR_Byte)
                  00002df4    0000008c     libclang_rt.builtins.a : mulsf3.S.obj (.text.__mulsf3)
                  00002e80    00000084     clock.o (.text.__NVIC_SetPriority)
                  00002f04    00000082     libclang_rt.builtins.a : divsf3.S.obj (.text.__divsf3)
                  00002f86    00000002     --HOLE-- [fill = 0]
                  00002f88    0000007c     libc.a : copy_decompress_lzss.c.obj (.text:decompress:lzss)
                  00003004    00000078     ti_msp_dl_config.o (.text.SYSCFG_DL_GPIO_init)
                  0000307c    00000074     libclang_rt.builtins.a : comparedf2.c.obj (.text.__gedf2)
                  000030f0    00000074                            : truncdfsf2.S.obj (.text.__truncdfsf2)
                  00003164    00000070     oled_hardware_i2c.o (.text.OLED_ShowString)
                  000031d4    0000006a     oled_hardware_i2c.o (.text.OLED_Clear)
                  0000323e    00000002     --HOLE-- [fill = 0]
                  00003240    00000068     ti_msp_dl_config.o (.text.SYSCFG_DL_SYSCTL_init)
                  000032a8    00000068     libclang_rt.builtins.a : comparedf2.c.obj (.text.__ledf2)
                  00003310    00000066     libc.a : _printfi.c.obj (.text._mcpy)
                  00003376    00000002     --HOLE-- [fill = 0]
                  00003378    00000064     imu_ahrs.o (.text.IMU_AHRS_Get_Yaw_Compensated)
                  000033dc    00000062     libclang_rt.builtins.a : aeabi_dcmp.S.obj (.text.__aeabi_dcmp)
                  0000343e    00000002     --HOLE-- [fill = 0]
                  00003440    00000062                            : aeabi_fcmp.S.obj (.text.__aeabi_fcmp)
                  000034a2    00000002     --HOLE-- [fill = 0]
                  000034a4    00000060     mspm0_i2c.o (.text.mpu6050_i2c_sda_unlock)
                  00003504    00000060     oled_hardware_i2c.o (.text.oled_i2c_sda_unlock)
                  00003564    0000005e     driverlib.a : dl_i2c.o (.text.DL_I2C_fillControllerTXFIFO)
                  000035c2    00000002     --HOLE-- [fill = 0]
                  000035c4    0000005c     libc.a : s_frexp.c.obj (.text.frexp)
                  00003620    0000005c     mspm0_i2c.o (.text.mspm0_i2c_enable)
                  0000367c    0000005c     oled_hardware_i2c.o (.text.mspm0_i2c_enable)
                  000036d8    00000058     ti_msp_dl_config.o (.text.SYSCFG_DL_I2C_MPU6050_init)
                  00003730    00000058     ti_msp_dl_config.o (.text.SYSCFG_DL_I2C_OLED_init)
                  00003788    00000058     ti_msp_dl_config.o (.text.SYSCFG_DL_initPower)
                  000037e0    00000058     libc.a : _ltoa.c.obj (.text.__TI_ltoa)
                  00003838    00000058            : _printfi.c.obj (.text._pconv_f)
                  00003890    00000056     libclang_rt.builtins.a : aeabi_idivmod.S.obj (.text.__aeabi_idivmod)
                  000038e6    00000052     libc.a : _printfi.c.obj (.text._ecpy)
                  00003938    00000050     mspm0_i2c.o (.text.DL_GPIO_initPeripheralInputFunctionFeatures)
                  00003988    00000050     oled_hardware_i2c.o (.text.DL_GPIO_initPeripheralInputFunctionFeatures)
                  000039d8    00000050     ti_msp_dl_config.o (.text.DL_GPIO_initPeripheralInputFunctionFeatures)
                  00003a28    00000050     mspm0_i2c.o (.text.DL_I2C_startControllerTransfer)
                  00003a78    00000050     oled_hardware_i2c.o (.text.DL_I2C_startControllerTransfer)
                  00003ac8    00000050     imu_ahrs.o (.text.IMU_AHRS_Yaw_Calib_Start)
                  00003b18    00000050     clock.o (.text.SysTick_Config)
                  00003b68    00000050     imu_ahrs.o (.text.imu_ahrs_inv_sqrt)
                  00003bb8    0000004c     mspm0_i2c.o (.text.DL_GPIO_initDigitalInputFeatures)
                  00003c04    0000004c     oled_hardware_i2c.o (.text.DL_GPIO_initDigitalInputFeatures)
                  00003c50    0000004a     libclang_rt.builtins.a : fixdfsi.S.obj (.text.__fixdfsi)
                  00003c9a    00000002     --HOLE-- [fill = 0]
                  00003c9c    00000048     mspm0_i2c.o (.text.mspm0_i2c_disable)
                  00003ce4    00000044     driverlib.a : dl_sysctl_mspm0g1x0x_g3x0x.o (.text.DL_SYSCTL_switchMCLKfromSYSOSCtoHSCLK)
                  00003d28    00000044     oled_hardware_i2c.o (.text.mspm0_i2c_disable)
                  00003d6c    00000040     libclang_rt.builtins.a : aeabi_uidivmod.S.obj (.text.__aeabi_uidivmod)
                  00003dac    00000040                            : extendsfdf2.S.obj (.text.__extendsfdf2)
                  00003dec    00000040     libc.a : atoi.c.obj (.text.atoi)
                  00003e2c    0000003c     driverlib.a : dl_i2c.o (.text.DL_I2C_flushControllerTXFIFO)
                  00003e68    0000003c     oled_hardware_i2c.o (.text.OLED_Set_Pos)
                  00003ea4    0000003c     libclang_rt.builtins.a : floatsisf.S.obj (.text.__floatsisf)
                  00003ee0    0000003c                            : comparesf2.S.obj (.text.__gtsf2)
                  00003f1c    0000003c     libc.a : autoinit.c.obj (.text:__TI_auto_init_nobinit_nopinit)
                  00003f58    0000003a     libclang_rt.builtins.a : comparesf2.S.obj (.text.__eqsf2)
                  00003f92    00000002     --HOLE-- [fill = 0]
                  00003f94    0000003a                            : muldsi3.S.obj (.text.__muldsi3)
                  00003fce    00000002     --HOLE-- [fill = 0]
                  00003fd0    00000038     libc.a : sprintf.c.obj (.text.sprintf)
                  00004008    00000030            : _printfi.c.obj (.text._fcpy)
                  00004038    00000030     clock.o (.text.mspm0_delay_ms)
                  00004068    0000002c     interrupt.o (.text.__NVIC_EnableIRQ)
                  00004094    0000002c     libclang_rt.builtins.a : floatsidf.S.obj (.text.__floatsidf)
                  000040c0    0000002c     clock.o (.text.mspm0_get_clock_ms)
                  000040ec    00000028     mspm0_i2c.o (.text.DL_Common_updateReg)
                  00004114    00000028     oled_hardware_i2c.o (.text.DL_Common_updateReg)
                  0000413c    00000028     ti_msp_dl_config.o (.text.DL_Common_updateReg)
                  00004164    00000028     ti_msp_dl_config.o (.text.DL_I2C_setControllerRXFIFOThreshold)
                  0000418c    00000028     ti_msp_dl_config.o (.text.DL_I2C_setControllerTXFIFOThreshold)
                  000041b4    00000028     libclang_rt.builtins.a : floatunsisf.S.obj (.text.__floatunsisf)
                  000041dc    00000028     libc.a : boot_cortex_m.c.obj (.text:_c_int00_noargs)
                  00004204    00000026     ti_msp_dl_config.o (.text.DL_I2C_setAnalogGlitchFilterPulseWidth)
                  0000422a    00000026     driverlib.a : dl_i2c.o (.text.DL_I2C_setClockConfig)
                  00004250    00000024     libclang_rt.builtins.a : floatunsidf.S.obj (.text.__floatunsidf)
                  00004274    00000024                            : muldi3.S.obj (.text.__muldi3)
                  00004298    00000024     imu_ahrs.o (.text.imu_ahrs_read_multi)
                  000042bc    00000022     libc.a : memccpy.c.obj (.text.memccpy)
                  000042de    00000002     --HOLE-- [fill = 0]
                  000042e0    00000020     ti_msp_dl_config.o (.text.DL_SYSCTL_setFlashWaitState)
                  00004300    0000001e     libclang_rt.builtins.a : ashldi3.S.obj (.text.__ashldi3)
                  0000431e    0000001e     imu_ahrs.o (.text.imu_ahrs_make_s16)
                  0000433c    0000001c     mspm0_i2c.o (.text.DL_GPIO_enableHiZ)
                  00004358    0000001c     oled_hardware_i2c.o (.text.DL_GPIO_enableHiZ)
                  00004374    0000001c     ti_msp_dl_config.o (.text.DL_GPIO_enableHiZ)
                  00004390    0000001c     oled_hardware_i2c.o (.text.DL_I2C_getSDAStatus)
                  000043ac    0000001c     mspm0_i2c.o (.text.DL_I2C_isControllerRXFIFOEmpty)
                  000043c8    0000001c     interrupt.o (.text.DL_Interrupt_getPendingGroup)
                  000043e4    0000001c     driverlib.a : dl_sysctl_mspm0g1x0x_g3x0x.o (.text.DL_SYSCTL_configFCC)
                  00004400    0000001c     ti_msp_dl_config.o (.text.DL_SYSCTL_setFCCPeriods)
                  0000441c    0000001c     ti_msp_dl_config.o (.text.DL_SYSCTL_setSYSOSCFreq)
                  00004438    0000001c     ti_msp_dl_config.o (.text.DL_SYSCTL_setULPCLKDivider)
                  00004454    0000001c     imu_ahrs.o (.text.IMU_AHRS_Attitude_Enable)
                  00004470    0000001c     interrupt.o (.text.Interrupt_Init)
                  0000448c    0000001c     imu_ahrs.o (.text.imu_ahrs_write_reg)
                  000044a8    00000018     mspm0_i2c.o (.text.DL_GPIO_enableOutput)
                  000044c0    00000018     oled_hardware_i2c.o (.text.DL_GPIO_enableOutput)
                  000044d8    00000018     ti_msp_dl_config.o (.text.DL_GPIO_enablePower)
                  000044f0    00000018     mspm0_i2c.o (.text.DL_GPIO_initDigitalOutput)
                  00004508    00000018     oled_hardware_i2c.o (.text.DL_GPIO_initDigitalOutput)
                  00004520    00000018     ti_msp_dl_config.o (.text.DL_GPIO_reset)
                  00004538    00000018     mspm0_i2c.o (.text.DL_GPIO_setPins)
                  00004550    00000018     oled_hardware_i2c.o (.text.DL_GPIO_setPins)
                  00004568    00000018     mspm0_i2c.o (.text.DL_I2C_clearInterruptStatus)
                  00004580    00000018     oled_hardware_i2c.o (.text.DL_I2C_clearInterruptStatus)
                  00004598    00000018     ti_msp_dl_config.o (.text.DL_I2C_enableAnalogGlitchFilter)
                  000045b0    00000018     ti_msp_dl_config.o (.text.DL_I2C_enableController)
                  000045c8    00000018     ti_msp_dl_config.o (.text.DL_I2C_enableControllerClockStretching)
                  000045e0    00000018     mspm0_i2c.o (.text.DL_I2C_enablePower)
                  000045f8    00000018     oled_hardware_i2c.o (.text.DL_I2C_enablePower)
                  00004610    00000018     ti_msp_dl_config.o (.text.DL_I2C_enablePower)
                  00004628    00000018     mspm0_i2c.o (.text.DL_I2C_getRawInterruptStatus)
                  00004640    00000018     oled_hardware_i2c.o (.text.DL_I2C_getRawInterruptStatus)
                  00004658    00000018     mspm0_i2c.o (.text.DL_I2C_reset)
                  00004670    00000018     oled_hardware_i2c.o (.text.DL_I2C_reset)
                  00004688    00000018     ti_msp_dl_config.o (.text.DL_I2C_reset)
                  000046a0    00000018     ti_msp_dl_config.o (.text.DL_I2C_setTimerPeriod)
                  000046b8    00000018     ti_msp_dl_config.o (.text.DL_SYSCTL_setBORThreshold)
                  000046d0    00000018     ti_msp_dl_config.o (.text.SYSCFG_DL_init)
                  000046e8    00000018     clock.o (.text.SysTick_Init)
                  00004700    00000018     libc.a : sprintf.c.obj (.text._outs)
                  00004718    00000016     mspm0_i2c.o (.text.DL_GPIO_readPins)
                  0000472e    00000016     oled_hardware_i2c.o (.text.DL_GPIO_readPins)
                  00004744    00000016     mspm0_i2c.o (.text.DL_I2C_transmitControllerData)
                  0000475a    00000016     libc.a : copy_zero_init.c.obj (.text:decompress:ZI:__TI_zero_init_nomemset)
                  00004770    00000014     mspm0_i2c.o (.text.DL_GPIO_clearPins)
                  00004784    00000014     oled_hardware_i2c.o (.text.DL_GPIO_clearPins)
                  00004798    00000014     mspm0_i2c.o (.text.DL_I2C_getControllerStatus)
                  000047ac    00000014     oled_hardware_i2c.o (.text.DL_I2C_getControllerStatus)
                  000047c0    00000014     mspm0_i2c.o (.text.DL_I2C_receiveControllerData)
                  000047d4    00000014     ti_msp_dl_config.o (.text.DL_I2C_resetControllerTransfer)
                  000047e8    00000014     ti_msp_dl_config.o (.text.DL_SYSCTL_disableSYSPLL)
                  000047fc    00000014     ti_msp_dl_config.o (.text.DL_SYSCTL_enableSYSPLL)
                  00004810    00000014     libclang_rt.builtins.a : aeabi_uldivmod.S.obj (.text.__aeabi_uldivmod)
                  00004824    00000014     libc.a : _printfi.c.obj (.text.strchr)
                  00004838    00000012            : memcpy16.S.obj (.text:TI_memcpy_small)
                  0000484a    00000012            : copy_decompress_none.c.obj (.text:decompress:none)
                  0000485c    00000010     ti_msp_dl_config.o (.text.DL_SYSCTL_disableHFXT)
                  0000486c    00000010     ti_msp_dl_config.o (.text.DL_SYSCTL_isFCCDone)
                  0000487c    00000010     ti_msp_dl_config.o (.text.DL_SYSCTL_startFCC)
                  0000488c    00000010     interrupt.o (.text.SysTick_Handler)
                  0000489c    00000010     oled_hardware_i2c.o (.text.delay_ms)
                  000048ac    00000010     libc.a : wcslen.c.obj (.text.wcslen)
                  000048bc    0000000e     libclang_rt.builtins.a : aeabi_memset.S.obj (.text.__aeabi_memset)
                  000048ca    0000000e     libc.a : _printfi.c.obj (.text.strlen)
                  000048d8    0000000e            : memset16.S.obj (.text:TI_memset_small)
                  000048e6    00000002     --HOLE-- [fill = 0]
                  000048e8    0000000c     ti_msp_dl_config.o (.text.DL_SYSCTL_getClockStatus)
                  000048f4    0000000c     ti_msp_dl_config.o (.text.DL_SYSCTL_readFCC)
                  00004900    0000000c     imu_ahrs.o (.text.IMU_AHRS_TurnAngle_Get)
                  0000490c    0000000c     imu_ahrs.o (.text.IMU_AHRS_TurnAngle_Reset)
                  00004918    0000000a     driverlib.a : dl_common.o (.text.DL_Common_delayCycles)
                  00004922    0000000a     interrupt.o (.text.GROUP1_IRQHandler)
                  0000492c    0000000a     libc.a : _printfi.c.obj (.text.OUTLINED_FUNCTION_0)
                  00004936    00000002     --HOLE-- [fill = 0]
                  00004938    00000010     libclang_rt.builtins.a : adddf3.S.obj (.tramp.__aeabi_dsub.1)
                  00004948    0000000a     libc.a : _printfi.c.obj (.text.OUTLINED_FUNCTION_1)
                  00004952    0000000a            : sprintf.c.obj (.text._outc)
                  0000495c    00000008     imu_ahrs.o (.text.IMU_AHRS_GetData)
                  00004964    00000008     libc.a : aeabi_portable.c.obj (.text.__aeabi_errno_addr)
                  0000496c    00000008     libclang_rt.builtins.a : aeabi_memcpy.S.obj (.text.__aeabi_memcpy)
                  00004974    00000006     libc.a : s_atanf.c.obj (.text.OUTLINED_FUNCTION_0)
                  0000497a    00000002     --HOLE-- [fill = 0]
                  0000497c    00000010     libclang_rt.builtins.a : divsf3.S.obj (.tramp.__aeabi_fdiv.1)
                  0000498c    00000006     libc.a : exit.c.obj (.text:abort)
                  00004992    00000004     startup_mspm0g350x_ticlang.o (.text.Default_Handler)
                  00004996    00000004     libsysbm.a : hostexit.c.obj (.text.HOSTexit)
                  0000499a    00000004     libc.a : s_atanf.c.obj (.text.OUTLINED_FUNCTION_1)
                  0000499e    00000002     --HOLE-- [fill = 0]
                  000049a0    00000010     libclang_rt.builtins.a : addsf3.S.obj (.tramp.__aeabi_fadd.1)
                  000049b0    00000004     startup_mspm0g350x_ticlang.o (.text.Reset_Handler)
                  000049b4    00000004     libc.a : pre_init.c.obj (.text._system_pre_init)
                  000049b8    00000008     --HOLE-- [fill = 0]

.cinit     0    00005390    00000030     
                  00005390    0000000c     (__TI_handler_table)
                  0000539c    00000008     (.cinit..bss.load) [load image, compression = zero_init]
                  000053a4    00000008     (.cinit..data.load) [load image, compression = lzss]
                  000053ac    00000010     (__TI_cinit_table)
                  000053bc    00000004     --HOLE-- [fill = 0]

.rodata    0    000049c0    000009d0     
                  000049c0    000005f0     oled_hardware_i2c.o (.rodata.asc2_1608)
                  00004fb0    00000228     oled_hardware_i2c.o (.rodata.asc2_0806)
                  000051d8    00000007     main.o (.rodata.str1.288608917962107522.1)
                  000051df    00000001     --HOLE-- [fill = 0]
                  000051e0    00000101     libc.a : aeabi_ctype.S.obj (.rodata:__aeabi_ctype_table_)
                  000052e1    00000002     ti_msp_dl_config.o (.rodata.gI2C_MPU6050ClockConfig)
                  000052e3    00000001     --HOLE-- [fill = 0]
                  000052e4    00000028     ti_msp_dl_config.o (.rodata.gSYSPLLConfig)
                  0000530c    00000020     libc.a : s_atanf.c.obj (.rodata.cst16)
                  0000532c    00000011            : _printfi.c.obj (.rodata.str1.10348868589481759720.1)
                  0000533d    00000011            : _printfi.c.obj (.rodata.str1.15363888844622738466.1)
                  0000534e    0000000d     main.o (.rodata.str1.15159059442110792349.1)
                  0000535b    00000006     main.o (.rodata.str1.17100691992556644108.1)
                  00005361    00000006     main.o (.rodata.str1.18227636981041470289.1)
                  00005367    00000006     main.o (.rodata.str1.2846389346932560359.1)
                  0000536d    00000006     main.o (.rodata.str1.7702501944640899365.1)
                  00005373    00000006     main.o (.rodata.str1.8154729771448623357.1)
                  00005379    00000005     main.o (.rodata.str1.12180500075719773345.1)
                  0000537e    00000004     main.o (.rodata.str1.14112174005742061988.1)
                  00005382    00000002     ti_msp_dl_config.o (.rodata.gI2C_OLEDClockConfig)
                  00005384    0000000c     --HOLE-- [fill = 0]

.init_array 
*          0    00000000    00000000     UNINITIALIZED

.binit     0    00000000    00000000     

.bss       0    20200000    00000090     UNINITIALIZED
                  20200000    00000058     imu_ahrs.o (.bss.g_imu)
                  20200058    00000020     (.common:oled_buffer)
                  20200078    0000000e     imu_ahrs.o (.bss.g_calib_burst)
                  20200086    00000002     --HOLE--
                  20200088    00000004     (.common:start_time)
                  2020008c    00000004     (.common:tick_ms)

.data      0    20200090    00000064     UNINITIALIZED
                  20200090    00000008     imu_ahrs.o (.data.g_yaw_sum_t2)
                  20200098    00000008     imu_ahrs.o (.data.g_yaw_sum_t)
                  202000a0    00000008     imu_ahrs.o (.data.g_yaw_sum_ty)
                  202000a8    00000008     imu_ahrs.o (.data.g_yaw_sum_y)
                  202000b0    00000004     libc.a : aeabi_portable.c.obj (.data.__aeabi_errno)
                  202000b4    00000004     imu_ahrs.o (.data.g_calib_sum_x)
                  202000b8    00000004     imu_ahrs.o (.data.g_calib_sum_y)
                  202000bc    00000004     imu_ahrs.o (.data.g_calib_sum_z)
                  202000c0    00000004     imu_ahrs.o (.data.g_init_deadline)
                  202000c4    00000004     imu_ahrs.o (.data.g_init_start_time)
                  202000c8    00000004     imu_ahrs.o (.data.g_integral_fb_x)
                  202000cc    00000004     imu_ahrs.o (.data.g_integral_fb_y)
                  202000d0    00000004     imu_ahrs.o (.data.g_integral_fb_z)
                  202000d4    00000004     imu_ahrs.o (.data.g_turn_angle)
                  202000d8    00000004     imu_ahrs.o (.data.g_yaw_calib_count)
                  202000dc    00000004     imu_ahrs.o (.data.g_yaw_calib_start_time)
                  202000e0    00000004     imu_ahrs.o (.data.g_yaw_drift_k)
                  202000e4    00000004     imu_ahrs.o (.data.g_yaw_start_time)
                  202000e8    00000004     main.o (.data.main.last_update)
                  202000ec    00000002     imu_ahrs.o (.data.g_calib_sample_idx)
                  202000ee    00000001     interrupt.o (.data.enable_group1_irq)
                  202000ef    00000001     imu_ahrs.o (.data.g_init_state)
                  202000f0    00000001     imu_ahrs.o (.data.g_status)
                  202000f1    00000001     imu_ahrs.o (.data.g_yaw_calib_state)
                  202000f2    00000001     imu_ahrs.o (.data.g_yaw_enable)
                  202000f3    00000001     main.o (.data.main.yaw_calib_done)

.stack     0    20207e00    00000200     UNINITIALIZED
                  20207e00    00000004     libc.a : boot_cortex_m.c.obj (.stack)
                  20207e04    000001fc     --HOLE--

__llvm_prf_cnts 
*          0    20200000    00000000     UNINITIALIZED

__llvm_prf_bits 
*          0    20200000    00000000     UNINITIALIZED

MODULE SUMMARY

       Module                         code    ro data   rw data
       ------                         ----    -------   -------
    .\
       ti_msp_dl_config.o             1478    44        0      
       main.o                         548     59        37     
       startup_mspm0g350x_ticlang.o   8       192       0      
    +--+------------------------------+-------+---------+---------+
       Total:                         2034    295       37     
                                                               
    .\Drivers\IMU_AHRS\
       imu_ahrs.o                     3406    0         192    
       mspm0_i2c.o                    1368    0         0      
    +--+------------------------------+-------+---------+---------+
       Total:                         4774    0         192    
                                                               
    .\Drivers\MSPM0\
       clock.o                        328     0         8      
       interrupt.o                    126     0         1      
    +--+------------------------------+-------+---------+---------+
       Total:                         454     0         9      
                                                               
    .\Drivers\OLED_Hardware_I2C\
       oled_hardware_i2c.o            1816    2072      0      
    +--+------------------------------+-------+---------+---------+
       Total:                         1816    2072      0      
                                                               
    D:/develop/TI/CCS/mspm0_sdk_2_10_00_04/source/ti/driverlib/lib/ticlang/m0p/mspm0g1x0x_g3x0x/driverlib.a
       dl_sysctl_mspm0g1x0x_g3x0x.o   316     0         0      
       dl_i2c.o                       192     0         0      
       dl_common.o                    10      0         0      
    +--+------------------------------+-------+---------+---------+
       Total:                         518     0         0      
                                                               
    D:\develop\TI\CCS\ti_cgt_arm_llvm_4.0.4.LTS\lib\armv6m-ti-none-eabi/c/libc.a
       _printfi.c.obj                 4510    34        0      
       s_atanf.c.obj                  466     32        0      
       e_atan2f.c.obj                 280     0         0      
       aeabi_ctype.S.obj              0       257       0      
       s_scalbn.c.obj                 216     0         0      
       copy_decompress_lzss.c.obj     124     0         0      
       s_frexp.c.obj                  92      0         0      
       sprintf.c.obj                  90      0         0      
       _ltoa.c.obj                    88      0         0      
       atoi.c.obj                     64      0         0      
       autoinit.c.obj                 60      0         0      
       boot_cortex_m.c.obj            40      0         0      
       memccpy.c.obj                  34      0         0      
       copy_zero_init.c.obj           22      0         0      
       copy_decompress_none.c.obj     18      0         0      
       memcpy16.S.obj                 18      0         0      
       wcslen.c.obj                   16      0         0      
       memset16.S.obj                 14      0         0      
       aeabi_portable.c.obj           8       0         4      
       exit.c.obj                     6       0         0      
       pre_init.c.obj                 4       0         0      
    +--+------------------------------+-------+---------+---------+
       Total:                         6170    323       4      
                                                               
    D:\develop\TI\CCS\ti_cgt_arm_llvm_4.0.4.LTS\lib\armv6m-ti-none-eabi/c/libsysbm.a
       hostexit.c.obj                 4       0         0      
    +--+------------------------------+-------+---------+---------+
       Total:                         4       0         0      
                                                               
    D:\develop\TI\CCS\ti_cgt_arm_llvm_4.0.4.LTS\lib\armv6m-ti-none-eabi/libclang_rt.builtins.a
       adddf3.S.obj                   418     0         0      
       divdf3.S.obj                   268     0         0      
       addsf3.S.obj                   232     0         0      
       muldf3.S.obj                   228     0         0      
       comparedf2.c.obj               220     0         0      
       udivmoddi4.S.obj               162     0         0      
       divsf3.S.obj                   146     0         0      
       mulsf3.S.obj                   140     0         0      
       comparesf2.S.obj               118     0         0      
       truncdfsf2.S.obj               116     0         0      
       aeabi_dcmp.S.obj               98      0         0      
       aeabi_fcmp.S.obj               98      0         0      
       aeabi_idivmod.S.obj            86      0         0      
       fixdfsi.S.obj                  74      0         0      
       aeabi_uidivmod.S.obj           64      0         0      
       extendsfdf2.S.obj              64      0         0      
       floatsisf.S.obj                60      0         0      
       muldsi3.S.obj                  58      0         0      
       floatsidf.S.obj                44      0         0      
       floatunsisf.S.obj              40      0         0      
       floatunsidf.S.obj              36      0         0      
       muldi3.S.obj                   36      0         0      
       ashldi3.S.obj                  30      0         0      
       aeabi_uldivmod.S.obj           20      0         0      
       aeabi_memset.S.obj             14      0         0      
       aeabi_memcpy.S.obj             8       0         0      
       aeabi_div0.c.obj               4       0         0      
    +--+------------------------------+-------+---------+---------+
       Total:                         2882    0         0      
                                                               
       Stack:                         0       0         512    
       Linker Generated:              0       44        0      
    +--+------------------------------+-------+---------+---------+
       Grand Total:                   18652   2734      754    


LINKER GENERATED COPY TABLES

__TI_cinit_table @ 000053ac records: 2, size/record: 8, table size: 16
	.bss: load addr=0000539c, load size=00000008 bytes, run addr=20200000, run size=00000090 bytes, compression=zero_init
	.data: load addr=000053a4, load size=00000008 bytes, run addr=20200090, run size=00000064 bytes, compression=lzss


LINKER GENERATED HANDLER TABLE

__TI_handler_table @ 00005390 records: 3, size/record: 4, table size: 12
	index: 0, handler: __TI_decompress_lzss
	index: 1, handler: __TI_decompress_none
	index: 2, handler: __TI_zero_init


FAR CALL TRAMPOLINES

callee name               trampoline name
   callee addr  tramp addr   call addr  call info
--------------  -----------  ---------  ----------------
__aeabi_dsub              $Tramp$TT$L$PI$$__aeabi_dsub
   000019f9     00004938     00004934   libc.a : _printfi.c.obj (.text.OUTLINED_FUNCTION_0)
__aeabi_fdiv              $Tramp$TT$L$PI$$__aeabi_fdiv
   00002f05     0000497c     00004978   libc.a : s_atanf.c.obj (.text.OUTLINED_FUNCTION_0)
__aeabi_fadd              $Tramp$TT$L$PI$$__aeabi_fadd
   000029c3     000049a0     0000499c   libc.a : s_atanf.c.obj (.text.OUTLINED_FUNCTION_1)

[3 trampolines]
[3 trampoline calls]


GLOBAL SYMBOLS: SORTED ALPHABETICALLY BY Name 

address   name                                 
-------   ----                                 
00004993  ADC0_IRQHandler                      
00004993  ADC1_IRQHandler                      
00004993  AES_IRQHandler                       
00004996  C$$EXIT                              
00004993  CANFD0_IRQHandler                    
00004993  DAC0_IRQHandler                      
00004919  DL_Common_delayCycles                
00003565  DL_I2C_fillControllerTXFIFO          
00003e2d  DL_I2C_flushControllerTXFIFO         
0000422b  DL_I2C_setClockConfig                
000043e5  DL_SYSCTL_configFCC                  
00002805  DL_SYSCTL_configSYSPLL               
00003ce5  DL_SYSCTL_switchMCLKfromSYSOSCtoHSCLK
00004993  DMA_IRQHandler                       
00004993  Default_Handler                      
00004993  GROUP0_IRQHandler                    
00004923  GROUP1_IRQHandler                    
00004997  HOSTexit                             
00004993  HardFault_Handler                    
00004993  I2C0_IRQHandler                      
00004993  I2C1_IRQHandler                      
00004455  IMU_AHRS_Attitude_Enable             
0000495d  IMU_AHRS_GetData                     
00003379  IMU_AHRS_Get_Yaw_Compensated         
00001cf5  IMU_AHRS_Init_Poll                   
00002cbd  IMU_AHRS_Init_Start                  
00004901  IMU_AHRS_TurnAngle_Get               
0000490d  IMU_AHRS_TurnAngle_Reset             
00000a91  IMU_AHRS_Update_Attitude             
00001b8d  IMU_AHRS_Update_Data                 
00001475  IMU_AHRS_Yaw_Calib_Poll              
00003ac9  IMU_AHRS_Yaw_Calib_Start             
00004471  Interrupt_Init                       
00004993  NMI_Handler                          
000031d5  OLED_Clear                           
00002419  OLED_Init                            
00003e69  OLED_Set_Pos                         
000021e9  OLED_ShowChar                        
00003165  OLED_ShowString                      
00002d5d  OLED_WR_Byte                         
00004993  PendSV_Handler                       
00004993  RTC_IRQHandler                       
000049b1  Reset_Handler                        
00004993  SPI0_IRQHandler                      
00004993  SPI1_IRQHandler                      
00004993  SVC_Handler                          
00003005  SYSCFG_DL_GPIO_init                  
000036d9  SYSCFG_DL_I2C_MPU6050_init           
00003731  SYSCFG_DL_I2C_OLED_init              
00002635  SYSCFG_DL_SYSCTL_SYSPLL_init         
00003241  SYSCFG_DL_SYSCTL_init                
000046d1  SYSCFG_DL_init                       
00003789  SYSCFG_DL_initPower                  
0000488d  SysTick_Handler                      
000046e9  SysTick_Init                         
00004993  TIMA0_IRQHandler                     
00004993  TIMA1_IRQHandler                     
00004993  TIMG0_IRQHandler                     
00004993  TIMG12_IRQHandler                    
00004993  TIMG6_IRQHandler                     
00004993  TIMG7_IRQHandler                     
00004993  TIMG8_IRQHandler                     
00004839  TI_memcpy_small                      
000048d9  TI_memset_small                      
00004993  UART0_IRQHandler                     
00004993  UART1_IRQHandler                     
00004993  UART2_IRQHandler                     
00004993  UART3_IRQHandler                     
20208000  __STACK_END                          
00000200  __STACK_SIZE                         
00000000  __TI_ATRegion0_region_sz             
00000000  __TI_ATRegion0_src_addr              
00000000  __TI_ATRegion0_trg_addr              
00000000  __TI_ATRegion1_region_sz             
00000000  __TI_ATRegion1_src_addr              
00000000  __TI_ATRegion1_trg_addr              
00000000  __TI_ATRegion2_region_sz             
00000000  __TI_ATRegion2_src_addr              
00000000  __TI_ATRegion2_trg_addr              
000053ac  __TI_CINIT_Base                      
000053bc  __TI_CINIT_Limit                     
000053bc  __TI_CINIT_Warm                      
00005390  __TI_Handler_Table_Base              
0000539c  __TI_Handler_Table_Limit             
00003f1d  __TI_auto_init_nobinit_nopinit       
00002f89  __TI_decompress_lzss                 
0000484b  __TI_decompress_none                 
000037e1  __TI_ltoa                            
ffffffff  __TI_pprof_out_hndl                  
000000c1  __TI_printfi                         
ffffffff  __TI_prof_data_size                  
ffffffff  __TI_prof_data_start                 
00000000  __TI_static_base__                   
0000475b  __TI_zero_init_nomemset              
00001a03  __adddf3                             
000029c3  __addsf3                             
000051e0  __aeabi_ctype_table_                 
000051e0  __aeabi_ctype_table_C                
000030f1  __aeabi_d2f                          
00003c51  __aeabi_d2iz                         
00001a03  __aeabi_dadd                         
000033dd  __aeabi_dcmpeq                       
00003419  __aeabi_dcmpge                       
0000342d  __aeabi_dcmpgt                       
00003405  __aeabi_dcmple                       
000033f1  __aeabi_dcmplt                       
00002529  __aeabi_ddiv                         
00002721  __aeabi_dmul                         
000019f9  __aeabi_dsub                         
202000b0  __aeabi_errno                        
00004965  __aeabi_errno_addr                   
00003dad  __aeabi_f2d                          
000029c3  __aeabi_fadd                         
00003441  __aeabi_fcmpeq                       
0000347d  __aeabi_fcmpge                       
00003491  __aeabi_fcmpgt                       
00003469  __aeabi_fcmple                       
00003455  __aeabi_fcmplt                       
00002f05  __aeabi_fdiv                         
00002df5  __aeabi_fmul                         
000029b9  __aeabi_fsub                         
00004095  __aeabi_i2d                          
00003ea5  __aeabi_i2f                          
00003891  __aeabi_idiv                         
00001b8b  __aeabi_idiv0                        
00003891  __aeabi_idivmod                      
00002cbb  __aeabi_ldiv0                        
00004301  __aeabi_llsl                         
00004275  __aeabi_lmul                         
0000496d  __aeabi_memcpy                       
0000496d  __aeabi_memcpy4                      
0000496d  __aeabi_memcpy8                      
000048bd  __aeabi_memset                       
000048bd  __aeabi_memset4                      
000048bd  __aeabi_memset8                      
00004251  __aeabi_ui2d                         
000041b5  __aeabi_ui2f                         
00003d6d  __aeabi_uidiv                        
00003d6d  __aeabi_uidivmod                     
00004811  __aeabi_uldivmod                     
00004301  __ashldi3                            
ffffffff  __binit__                            
000032a9  __cmpdf2                             
00003f59  __cmpsf2                             
00002529  __divdf3                             
00002f05  __divsf3                             
000032a9  __eqdf2                              
00003f59  __eqsf2                              
00003dad  __extendsfdf2                        
00003c51  __fixdfsi                            
00004095  __floatsidf                          
00003ea5  __floatsisf                          
00004251  __floatunsidf                        
000041b5  __floatunsisf                        
0000307d  __gedf2                              
00003ee1  __gesf2                              
0000307d  __gtdf2                              
00003ee1  __gtsf2                              
000032a9  __ledf2                              
00003f59  __lesf2                              
000032a9  __ltdf2                              
00003f59  __ltsf2                              
UNDEFED   __mpu_init                           
00002721  __muldf3                             
00004275  __muldi3                             
00003f95  __muldsi3                            
00002df5  __mulsf3                             
000032a9  __nedf2                              
00003f59  __nesf2                              
20207e00  __stack                              
20200000  __start___llvm_prf_bits              
20200000  __start___llvm_prf_cnts              
20200000  __stop___llvm_prf_bits               
20200000  __stop___llvm_prf_cnts               
000019f9  __subdf3                             
000029b9  __subsf3                             
000030f1  __truncdfsf2                         
00002c19  __udivmoddi4                         
000041dd  _c_int00_noargs                      
UNDEFED   _system_post_cinit                   
000049b5  _system_pre_init                     
0000498d  abort                                
00004fb0  asc2_0806                            
000049c0  asc2_1608                            
00002301  atan2f                               
00001831  atanf                                
00003ded  atoi                                 
ffffffff  binit                                
0000489d  delay_ms                             
202000ee  enable_group1_irq                    
000035c5  frexp                                
000035c5  frexpl                               
00000000  interruptVectors                     
000028e1  ldexp                                
000028e1  ldexpl                               
00001031  main                                 
000042bd  memccpy                              
000034a5  mpu6050_i2c_sda_unlock               
00004039  mspm0_delay_ms                       
000040c1  mspm0_get_clock_ms                   
00001f95  mspm0_i2c_read                       
00002b55  mspm0_i2c_write                      
20200058  oled_buffer                          
00003505  oled_i2c_sda_unlock                  
000028e1  scalbn                               
000028e1  scalbnl                              
00003fd1  sprintf                              
20200088  start_time                           
2020008c  tick_ms                              
000048ad  wcslen                               


GLOBAL SYMBOLS: SORTED BY Symbol Address 

address   name                                 
-------   ----                                 
00000000  __TI_ATRegion0_region_sz             
00000000  __TI_ATRegion0_src_addr              
00000000  __TI_ATRegion0_trg_addr              
00000000  __TI_ATRegion1_region_sz             
00000000  __TI_ATRegion1_src_addr              
00000000  __TI_ATRegion1_trg_addr              
00000000  __TI_ATRegion2_region_sz             
00000000  __TI_ATRegion2_src_addr              
00000000  __TI_ATRegion2_trg_addr              
00000000  __TI_static_base__                   
00000000  interruptVectors                     
000000c1  __TI_printfi                         
00000200  __STACK_SIZE                         
00000a91  IMU_AHRS_Update_Attitude             
00001031  main                                 
00001475  IMU_AHRS_Yaw_Calib_Poll              
00001831  atanf                                
000019f9  __aeabi_dsub                         
000019f9  __subdf3                             
00001a03  __adddf3                             
00001a03  __aeabi_dadd                         
00001b8b  __aeabi_idiv0                        
00001b8d  IMU_AHRS_Update_Data                 
00001cf5  IMU_AHRS_Init_Poll                   
00001f95  mspm0_i2c_read                       
000021e9  OLED_ShowChar                        
00002301  atan2f                               
00002419  OLED_Init                            
00002529  __aeabi_ddiv                         
00002529  __divdf3                             
00002635  SYSCFG_DL_SYSCTL_SYSPLL_init         
00002721  __aeabi_dmul                         
00002721  __muldf3                             
00002805  DL_SYSCTL_configSYSPLL               
000028e1  ldexp                                
000028e1  ldexpl                               
000028e1  scalbn                               
000028e1  scalbnl                              
000029b9  __aeabi_fsub                         
000029b9  __subsf3                             
000029c3  __addsf3                             
000029c3  __aeabi_fadd                         
00002b55  mspm0_i2c_write                      
00002c19  __udivmoddi4                         
00002cbb  __aeabi_ldiv0                        
00002cbd  IMU_AHRS_Init_Start                  
00002d5d  OLED_WR_Byte                         
00002df5  __aeabi_fmul                         
00002df5  __mulsf3                             
00002f05  __aeabi_fdiv                         
00002f05  __divsf3                             
00002f89  __TI_decompress_lzss                 
00003005  SYSCFG_DL_GPIO_init                  
0000307d  __gedf2                              
0000307d  __gtdf2                              
000030f1  __aeabi_d2f                          
000030f1  __truncdfsf2                         
00003165  OLED_ShowString                      
000031d5  OLED_Clear                           
00003241  SYSCFG_DL_SYSCTL_init                
000032a9  __cmpdf2                             
000032a9  __eqdf2                              
000032a9  __ledf2                              
000032a9  __ltdf2                              
000032a9  __nedf2                              
00003379  IMU_AHRS_Get_Yaw_Compensated         
000033dd  __aeabi_dcmpeq                       
000033f1  __aeabi_dcmplt                       
00003405  __aeabi_dcmple                       
00003419  __aeabi_dcmpge                       
0000342d  __aeabi_dcmpgt                       
00003441  __aeabi_fcmpeq                       
00003455  __aeabi_fcmplt                       
00003469  __aeabi_fcmple                       
0000347d  __aeabi_fcmpge                       
00003491  __aeabi_fcmpgt                       
000034a5  mpu6050_i2c_sda_unlock               
00003505  oled_i2c_sda_unlock                  
00003565  DL_I2C_fillControllerTXFIFO          
000035c5  frexp                                
000035c5  frexpl                               
000036d9  SYSCFG_DL_I2C_MPU6050_init           
00003731  SYSCFG_DL_I2C_OLED_init              
00003789  SYSCFG_DL_initPower                  
000037e1  __TI_ltoa                            
00003891  __aeabi_idiv                         
00003891  __aeabi_idivmod                      
00003ac9  IMU_AHRS_Yaw_Calib_Start             
00003c51  __aeabi_d2iz                         
00003c51  __fixdfsi                            
00003ce5  DL_SYSCTL_switchMCLKfromSYSOSCtoHSCLK
00003d6d  __aeabi_uidiv                        
00003d6d  __aeabi_uidivmod                     
00003dad  __aeabi_f2d                          
00003dad  __extendsfdf2                        
00003ded  atoi                                 
00003e2d  DL_I2C_flushControllerTXFIFO         
00003e69  OLED_Set_Pos                         
00003ea5  __aeabi_i2f                          
00003ea5  __floatsisf                          
00003ee1  __gesf2                              
00003ee1  __gtsf2                              
00003f1d  __TI_auto_init_nobinit_nopinit       
00003f59  __cmpsf2                             
00003f59  __eqsf2                              
00003f59  __lesf2                              
00003f59  __ltsf2                              
00003f59  __nesf2                              
00003f95  __muldsi3                            
00003fd1  sprintf                              
00004039  mspm0_delay_ms                       
00004095  __aeabi_i2d                          
00004095  __floatsidf                          
000040c1  mspm0_get_clock_ms                   
000041b5  __aeabi_ui2f                         
000041b5  __floatunsisf                        
000041dd  _c_int00_noargs                      
0000422b  DL_I2C_setClockConfig                
00004251  __aeabi_ui2d                         
00004251  __floatunsidf                        
00004275  __aeabi_lmul                         
00004275  __muldi3                             
000042bd  memccpy                              
00004301  __aeabi_llsl                         
00004301  __ashldi3                            
000043e5  DL_SYSCTL_configFCC                  
00004455  IMU_AHRS_Attitude_Enable             
00004471  Interrupt_Init                       
000046d1  SYSCFG_DL_init                       
000046e9  SysTick_Init                         
0000475b  __TI_zero_init_nomemset              
00004811  __aeabi_uldivmod                     
00004839  TI_memcpy_small                      
0000484b  __TI_decompress_none                 
0000488d  SysTick_Handler                      
0000489d  delay_ms                             
000048ad  wcslen                               
000048bd  __aeabi_memset                       
000048bd  __aeabi_memset4                      
000048bd  __aeabi_memset8                      
000048d9  TI_memset_small                      
00004901  IMU_AHRS_TurnAngle_Get               
0000490d  IMU_AHRS_TurnAngle_Reset             
00004919  DL_Common_delayCycles                
00004923  GROUP1_IRQHandler                    
0000495d  IMU_AHRS_GetData                     
00004965  __aeabi_errno_addr                   
0000496d  __aeabi_memcpy                       
0000496d  __aeabi_memcpy4                      
0000496d  __aeabi_memcpy8                      
0000498d  abort                                
00004993  ADC0_IRQHandler                      
00004993  ADC1_IRQHandler                      
00004993  AES_IRQHandler                       
00004993  CANFD0_IRQHandler                    
00004993  DAC0_IRQHandler                      
00004993  DMA_IRQHandler                       
00004993  Default_Handler                      
00004993  GROUP0_IRQHandler                    
00004993  HardFault_Handler                    
00004993  I2C0_IRQHandler                      
00004993  I2C1_IRQHandler                      
00004993  NMI_Handler                          
00004993  PendSV_Handler                       
00004993  RTC_IRQHandler                       
00004993  SPI0_IRQHandler                      
00004993  SPI1_IRQHandler                      
00004993  SVC_Handler                          
00004993  TIMA0_IRQHandler                     
00004993  TIMA1_IRQHandler                     
00004993  TIMG0_IRQHandler                     
00004993  TIMG12_IRQHandler                    
00004993  TIMG6_IRQHandler                     
00004993  TIMG7_IRQHandler                     
00004993  TIMG8_IRQHandler                     
00004993  UART0_IRQHandler                     
00004993  UART1_IRQHandler                     
00004993  UART2_IRQHandler                     
00004993  UART3_IRQHandler                     
00004996  C$$EXIT                              
00004997  HOSTexit                             
000049b1  Reset_Handler                        
000049b5  _system_pre_init                     
000049c0  asc2_1608                            
00004fb0  asc2_0806                            
000051e0  __aeabi_ctype_table_                 
000051e0  __aeabi_ctype_table_C                
00005390  __TI_Handler_Table_Base              
0000539c  __TI_Handler_Table_Limit             
000053ac  __TI_CINIT_Base                      
000053bc  __TI_CINIT_Limit                     
000053bc  __TI_CINIT_Warm                      
20200000  __start___llvm_prf_bits              
20200000  __start___llvm_prf_cnts              
20200000  __stop___llvm_prf_bits               
20200000  __stop___llvm_prf_cnts               
20200058  oled_buffer                          
20200088  start_time                           
2020008c  tick_ms                              
202000b0  __aeabi_errno                        
202000ee  enable_group1_irq                    
20207e00  __stack                              
20208000  __STACK_END                          
ffffffff  __TI_pprof_out_hndl                  
ffffffff  __TI_prof_data_size                  
ffffffff  __TI_prof_data_start                 
ffffffff  __binit__                            
ffffffff  binit                                
UNDEFED   __mpu_init                           
UNDEFED   _system_post_cinit                   

[210 symbols]
