******************************************************************************
            TI ARM Clang Linker PC v4.0.4                      
******************************************************************************
>> Linked Fri Jul 17 17:10:48 2026

OUTPUT FILE NAME:   <mpu6050-oled-hardware-i2c.out>
ENTRY POINT SYMBOL: "_c_int00_noargs"  address: 0000536d


MEMORY CONFIGURATION

         name            origin    length      used     unused   attr    fill
----------------------  --------  ---------  --------  --------  ----  --------
  FLASH                 00000000   00020000  00006968  00019698  R  X
  SRAM                  20200000   00008000  00000401  00007bff  RW X
  BCR_CONFIG            41c00000   000000ff  00000000  000000ff  R   
  BSL_CONFIG            41c00100   00000080  00000000  00000080  R   


SEGMENT ALLOCATION MAP

run origin  load origin   length   init length attrs members
----------  ----------- ---------- ----------- ----- -------
00000000    00000000    00006968   00006968    r-x
  00000000    00000000    000000c0   000000c0    r-- .intvecs
  000000c0    000000c0    00005d30   00005d30    r-x .text
  00005df0    00005df0    00000b40   00000b40    r-- .rodata
  00006930    00006930    00000038   00000038    r-- .cinit
20200000    20200000    00000205   00000000    rw-
  20200000    20200000    0000018c   00000000    rw- .bss
  20200190    20200190    00000075   00000000    rw- .data
20207e00    20207e00    00000200   00000000    rw-
  20207e00    20207e00    00000200   00000000    rw- .stack


SECTION ALLOCATION MAP

 output                                  attributes/
section   page    origin      length       input sections
--------  ----  ----------  ----------   ----------------
.intvecs   0    00000000    000000c0     
                  00000000    000000c0     startup_mspm0g350x_ticlang.o (.intvecs)

.text      0    000000c0    00005d30     
                  000000c0    000009d0     libc.a : _printfi.c.obj (.text:__TI_printfi)
                  00000a90    000005a0     imu_ahrs.o (.text.IMU_AHRS_Update_Attitude)
                  00001030    000002fc     main.o (.text.main)
                  0000132c    0000022c     turn.o (.text.Turn_Poll)
                  00001558    00000220     libc.a : _printfi.c.obj (.text._pconv_a)
                  00001778    000001e0     imu_ahrs.o (.text.IMU_AHRS_Yaw_Calib_Poll)
                  00001958    000001dc     libc.a : _printfi.c.obj (.text._pconv_g)
                  00001b34    000001c8            : s_atanf.c.obj (.text.atanf)
                  00001cfc    00000192     libclang_rt.builtins.a : adddf3.S.obj (.text.adddf3_subdf3)
                  00001e8e    00000002                            : aeabi_div0.c.obj (.text.__aeabi_idiv0)
                  00001e90    00000168     imu_ahrs.o (.text.IMU_AHRS_Update_Data)
                  00001ff8    00000164     imu_ahrs.o (.text.IMU_AHRS_Init_Poll)
                  0000215c    0000013c     libc.a : _printfi.c.obj (.text.fcvt)
                  00002298    00000134     mspm0_i2c.o (.text.mspm0_i2c_read)
                  000023cc    00000120     libc.a : _printfi.c.obj (.text._pconv_e)
                  000024ec    00000118     oled_hardware_i2c.o (.text.OLED_ShowChar)
                  00002604    00000118     libc.a : e_atan2f.c.obj (.text.atan2f)
                  0000271c    00000110     oled_hardware_i2c.o (.text.OLED_Init)
                  0000282c    0000010c     libclang_rt.builtins.a : divdf3.S.obj (.text.__divdf3)
                  00002938    00000104     driverlib.a : dl_timer.o (.text.DL_Timer_initFourCCPWMMode)
                  00002a3c    00000104     ti_msp_dl_config.o (.text.SYSCFG_DL_GPIO_init)
                  00002b40    000000fc     driverlib.a : dl_timer.o (.text.DL_Timer_initTimerMode)
                  00002c3c    000000f4     turn.o (.text.Square_Poll)
                  00002d30    000000ec     ti_msp_dl_config.o (.text.SYSCFG_DL_SYSCTL_SYSPLL_init)
                  00002e1c    000000e4     libclang_rt.builtins.a : muldf3.S.obj (.text.__muldf3)
                  00002f00    000000dc     driverlib.a : dl_sysctl_mspm0g1x0x_g3x0x.o (.text.DL_SYSCTL_configSYSPLL)
                  00002fdc    000000d8     libc.a : s_scalbn.c.obj (.text.scalbn)
                  000030b4    000000d8     libclang_rt.builtins.a : addsf3.S.obj (.text)
                  0000318c    000000d4     turn.o (.text.TurnToAngle_Start)
                  00003260    000000cc     turn.o (.text.GoStraight_Poll)
                  0000332c    000000c4     imu_ahrs.o (.text.imu_ahrs_calibrate_gyro_offset_step)
                  000033f0    000000c4     mspm0_i2c.o (.text.mspm0_i2c_write)
                  000034b4    000000ac     angle_pid.o (.text.AnglePD_Update)
                  00003560    000000a2     libclang_rt.builtins.a : udivmoddi4.S.obj (.text)
                  00003602    00000002                            : aeabi_div0.c.obj (.text.__aeabi_ldiv0)
                  00003604    000000a0     turn.o (.text.GoStraight_Start)
                  000036a4    000000a0     imu_ahrs.o (.text.IMU_AHRS_Init_Start)
                  00003744    00000098     oled_hardware_i2c.o (.text.OLED_WR_Byte)
                  000037dc    00000090     ti_msp_dl_config.o (.text.SYSCFG_DL_PWM_0_init)
                  0000386c    0000008c     ti_msp_dl_config.o (.text.SYSCFG_DL_initPower)
                  000038f8    0000008c     libclang_rt.builtins.a : mulsf3.S.obj (.text.__mulsf3)
                  00003984    00000084     clock.o (.text.__NVIC_SetPriority)
                  00003a08    00000084     ti_msp_dl_config.o (.text.__NVIC_SetPriority)
                  00003a8c    00000082     libclang_rt.builtins.a : divsf3.S.obj (.text.__divsf3)
                  00003b0e    00000002     --HOLE-- [fill = 0]
                  00003b10    00000080     bsp_tb6612.o (.text.AO_Control)
                  00003b90    00000080     bsp_tb6612.o (.text.BO_Control)
                  00003c10    0000007c     libc.a : copy_decompress_lzss.c.obj (.text:decompress:lzss)
                  00003c8c    00000074     ti_msp_dl_config.o (.text.SYSCFG_DL_SYSCTL_init)
                  00003d00    00000074     libclang_rt.builtins.a : comparedf2.c.obj (.text.__gedf2)
                  00003d74    0000000c     ti_msp_dl_config.o (.text.DL_SYSCTL_getClockStatus)
                  00003d80    00000074     libclang_rt.builtins.a : truncdfsf2.S.obj (.text.__truncdfsf2)
                  00003df4    00000070     oled_hardware_i2c.o (.text.OLED_ShowString)
                  00003e64    0000006a     oled_hardware_i2c.o (.text.OLED_Clear)
                  00003ece    00000002     --HOLE-- [fill = 0]
                  00003ed0    00000068     libclang_rt.builtins.a : comparedf2.c.obj (.text.__ledf2)
                  00003f38    00000066     libc.a : _printfi.c.obj (.text._mcpy)
                  00003f9e    00000002     --HOLE-- [fill = 0]
                  00003fa0    00000064     angle_pid.o (.text.AnglePD_Init)
                  00004004    00000064     driverlib.a : dl_sysctl_mspm0g1x0x_g3x0x.o (.text.DL_SYSCTL_setHFCLKSourceHFXTParams)
                  00004068    00000064     imu_ahrs.o (.text.IMU_AHRS_Get_Yaw_Compensated)
                  000040cc    00000062     libclang_rt.builtins.a : aeabi_dcmp.S.obj (.text.__aeabi_dcmp)
                  0000412e    00000002     --HOLE-- [fill = 0]
                  00004130    00000062                            : aeabi_fcmp.S.obj (.text.__aeabi_fcmp)
                  00004192    00000002     --HOLE-- [fill = 0]
                  00004194    00000060     mspm0_i2c.o (.text.mpu6050_i2c_sda_unlock)
                  000041f4    00000060     oled_hardware_i2c.o (.text.oled_i2c_sda_unlock)
                  00004254    0000005e     driverlib.a : dl_i2c.o (.text.DL_I2C_fillControllerTXFIFO)
                  000042b2    00000002     --HOLE-- [fill = 0]
                  000042b4    0000005c     libc.a : s_frexp.c.obj (.text.frexp)
                  00004310    0000005c     mspm0_i2c.o (.text.mspm0_i2c_enable)
                  0000436c    0000005c     oled_hardware_i2c.o (.text.mspm0_i2c_enable)
                  000043c8    00000058     ti_msp_dl_config.o (.text.SYSCFG_DL_I2C_MPU6050_init)
                  00004420    00000058     ti_msp_dl_config.o (.text.SYSCFG_DL_I2C_OLED_init)
                  00004478    00000058     libc.a : _ltoa.c.obj (.text.__TI_ltoa)
                  000044d0    00000058            : _printfi.c.obj (.text._pconv_f)
                  00004528    00000056     libclang_rt.builtins.a : aeabi_idivmod.S.obj (.text.__aeabi_idivmod)
                  0000457e    00000002     --HOLE-- [fill = 0]
                  00004580    00000054     turn.o (.text.wrap_180)
                  000045d4    00000052     libc.a : _printfi.c.obj (.text._ecpy)
                  00004626    00000002     --HOLE-- [fill = 0]
                  00004628    00000050     mspm0_i2c.o (.text.DL_GPIO_initPeripheralInputFunctionFeatures)
                  00004678    00000050     oled_hardware_i2c.o (.text.DL_GPIO_initPeripheralInputFunctionFeatures)
                  000046c8    00000050     ti_msp_dl_config.o (.text.DL_GPIO_initPeripheralInputFunctionFeatures)
                  00004718    00000050     mspm0_i2c.o (.text.DL_I2C_startControllerTransfer)
                  00004768    00000050     oled_hardware_i2c.o (.text.DL_I2C_startControllerTransfer)
                  000047b8    00000050     imu_ahrs.o (.text.IMU_AHRS_Yaw_Calib_Start)
                  00004808    00000050     clock.o (.text.SysTick_Config)
                  00004858    00000050     ti_msp_dl_config.o (.text.SysTick_Config)
                  000048a8    00000050     imu_ahrs.o (.text.imu_ahrs_inv_sqrt)
                  000048f8    0000004c     mspm0_i2c.o (.text.DL_GPIO_initDigitalInputFeatures)
                  00004944    0000004c     oled_hardware_i2c.o (.text.DL_GPIO_initDigitalInputFeatures)
                  00004990    0000004c     ti_msp_dl_config.o (.text.DL_UART_setBaudRateDivisor)
                  000049dc    0000004a     libclang_rt.builtins.a : fixdfsi.S.obj (.text.__fixdfsi)
                  00004a26    00000002     --HOLE-- [fill = 0]
                  00004a28    00000048     driverlib.a : dl_uart.o (.text.DL_UART_init)
                  00004a70    00000048     turn.o (.text.Square_Start)
                  00004ab8    00000048     angle_pid.o (.text.clamp)
                  00004b00    00000048     board.o (.text.lc_printf)
                  00004b48    00000048     mspm0_i2c.o (.text.mspm0_i2c_disable)
                  00004b90    00000044     driverlib.a : dl_sysctl_mspm0g1x0x_g3x0x.o (.text.DL_SYSCTL_switchMCLKfromSYSOSCtoHSCLK)
                  00004bd4    00000044     oled_hardware_i2c.o (.text.mspm0_i2c_disable)
                  00004c18    00000042     turn.o (.text.TurnByAngle_Start)
                  00004c5a    00000002     --HOLE-- [fill = 0]
                  00004c5c    00000040     ti_msp_dl_config.o (.text.SYSCFG_DL_UART_0_init)
                  00004c9c    00000040     libclang_rt.builtins.a : aeabi_uidivmod.S.obj (.text.__aeabi_uidivmod)
                  00004cdc    00000040                            : extendsfdf2.S.obj (.text.__extendsfdf2)
                  00004d1c    00000040     libc.a : atoi.c.obj (.text.atoi)
                  00004d5c    00000040            : vsnprintf.c.obj (.text.vsnprintf)
                  00004d9c    0000003c     driverlib.a : dl_i2c.o (.text.DL_I2C_flushControllerTXFIFO)
                  00004dd8    0000003c     ti_msp_dl_config.o (.text.DL_Timer_setCounterControl)
                  00004e14    0000003c     oled_hardware_i2c.o (.text.OLED_Set_Pos)
                  00004e50    0000003c     ti_msp_dl_config.o (.text.SYSCFG_DL_TIMER_0_init)
                  00004e8c    0000003c     libclang_rt.builtins.a : floatsisf.S.obj (.text.__floatsisf)
                  00004ec8    0000003c                            : comparesf2.S.obj (.text.__gtsf2)
                  00004f04    0000003c     board.o (.text.uart0_sendString)
                  00004f40    0000003c     libc.a : autoinit.c.obj (.text:__TI_auto_init_nobinit_nopinit)
                  00004f7c    0000003a     libclang_rt.builtins.a : comparesf2.S.obj (.text.__eqsf2)
                  00004fb6    00000002     --HOLE-- [fill = 0]
                  00004fb8    0000003a                            : muldsi3.S.obj (.text.__muldsi3)
                  00004ff2    00000002     --HOLE-- [fill = 0]
                  00004ff4    00000038     ti_msp_dl_config.o (.text.DL_GPIO_initPeripheralOutputFunctionFeatures)
                  0000502c    00000038     bsp_tb6612.o (.text.TB6612_Motor_Stop)
                  00005064    00000038     libclang_rt.builtins.a : fixsfsi.S.obj (.text.__fixsfsi)
                  0000509c    00000038     libc.a : sprintf.c.obj (.text.sprintf)
                  000050d4    00000034     ti_msp_dl_config.o (.text.SYSCFG_DL_init)
                  00005108    00000032     libclang_rt.builtins.a : fixunssfsi.S.obj (.text.__fixunssfsi)
                  0000513a    00000030     libc.a : _printfi.c.obj (.text._fcpy)
                  0000516a    00000030            : vsnprintf.c.obj (.text._outs)
                  0000519a    00000002     --HOLE-- [fill = 0]
                  0000519c    00000030     clock.o (.text.mspm0_delay_ms)
                  000051cc    0000002c     interrupt.o (.text.__NVIC_EnableIRQ)
                  000051f8    0000002c     libclang_rt.builtins.a : floatsidf.S.obj (.text.__floatsidf)
                  00005224    0000002c     clock.o (.text.mspm0_get_clock_ms)
                  00005250    0000002c     board.o (.text.uart0_sendChar)
                  0000527c    00000028     mspm0_i2c.o (.text.DL_Common_updateReg)
                  000052a4    00000028     oled_hardware_i2c.o (.text.DL_Common_updateReg)
                  000052cc    00000028     ti_msp_dl_config.o (.text.DL_Common_updateReg)
                  000052f4    00000028     ti_msp_dl_config.o (.text.DL_I2C_setControllerRXFIFOThreshold)
                  0000531c    00000028     ti_msp_dl_config.o (.text.DL_I2C_setControllerTXFIFOThreshold)
                  00005344    00000028     libclang_rt.builtins.a : floatunsisf.S.obj (.text.__floatunsisf)
                  0000536c    00000028     libc.a : boot_cortex_m.c.obj (.text:_c_int00_noargs)
                  00005394    00000026     ti_msp_dl_config.o (.text.DL_I2C_setAnalogGlitchFilterPulseWidth)
                  000053ba    00000026     driverlib.a : dl_i2c.o (.text.DL_I2C_setClockConfig)
                  000053e0    00000024     libclang_rt.builtins.a : floatunsidf.S.obj (.text.__floatunsidf)
                  00005404    00000024                            : muldi3.S.obj (.text.__muldi3)
                  00005428    00000024     imu_ahrs.o (.text.imu_ahrs_read_multi)
                  0000544c    00000022     libc.a : memccpy.c.obj (.text.memccpy)
                  0000546e    00000002     --HOLE-- [fill = 0]
                  00005470    00000020     ti_msp_dl_config.o (.text.DL_SYSCTL_setFlashWaitState)
                  00005490    0000001e     ti_msp_dl_config.o (.text.DL_UART_setOversampling)
                  000054ae    00000002     --HOLE-- [fill = 0]
                  000054b0    0000001e     libclang_rt.builtins.a : ashldi3.S.obj (.text.__ashldi3)
                  000054ce    0000001e     imu_ahrs.o (.text.imu_ahrs_make_s16)
                  000054ec    0000001c     mspm0_i2c.o (.text.DL_GPIO_enableHiZ)
                  00005508    0000001c     oled_hardware_i2c.o (.text.DL_GPIO_enableHiZ)
                  00005524    0000001c     ti_msp_dl_config.o (.text.DL_GPIO_enableHiZ)
                  00005540    0000001c     ti_msp_dl_config.o (.text.DL_GPIO_initPeripheralOutputFunction)
                  0000555c    0000001c     oled_hardware_i2c.o (.text.DL_I2C_getSDAStatus)
                  00005578    0000001c     mspm0_i2c.o (.text.DL_I2C_isControllerRXFIFOEmpty)
                  00005594    0000001c     interrupt.o (.text.DL_Interrupt_getPendingGroup)
                  000055b0    0000001c     driverlib.a : dl_sysctl_mspm0g1x0x_g3x0x.o (.text.DL_SYSCTL_configFCC)
                  000055cc    0000001c     ti_msp_dl_config.o (.text.DL_SYSCTL_setFCCPeriods)
                  000055e8    0000001c     ti_msp_dl_config.o (.text.DL_SYSCTL_setSYSOSCFreq)
                  00005604    0000001c     ti_msp_dl_config.o (.text.DL_SYSCTL_setULPCLKDivider)
                  00005620    0000001c     ti_msp_dl_config.o (.text.DL_Timer_enableInterrupt)
                  0000563c    0000001c     driverlib.a : dl_timer.o (.text.DL_Timer_setCaptCompUpdateMethod)
                  00005658    0000001c                 : dl_timer.o (.text.DL_Timer_setClockConfig)
                  00005674    0000001c     turn.o (.text.GoStraight_Stop)
                  00005690    0000001c     imu_ahrs.o (.text.IMU_AHRS_Attitude_Enable)
                  000056ac    0000001c     interrupt.o (.text.Interrupt_Init)
                  000056c8    0000001c     imu_ahrs.o (.text.imu_ahrs_write_reg)
                  000056e4    00000018     mspm0_i2c.o (.text.DL_GPIO_enableOutput)
                  000056fc    00000018     oled_hardware_i2c.o (.text.DL_GPIO_enableOutput)
                  00005714    00000018     ti_msp_dl_config.o (.text.DL_GPIO_enableOutput)
                  0000572c    00000018     ti_msp_dl_config.o (.text.DL_GPIO_enablePower)
                  00005744    00000018     mspm0_i2c.o (.text.DL_GPIO_initDigitalOutput)
                  0000575c    00000018     oled_hardware_i2c.o (.text.DL_GPIO_initDigitalOutput)
                  00005774    00000018     ti_msp_dl_config.o (.text.DL_GPIO_initDigitalOutput)
                  0000578c    00000018     ti_msp_dl_config.o (.text.DL_GPIO_initPeripheralAnalogFunction)
                  000057a4    00000018     ti_msp_dl_config.o (.text.DL_GPIO_reset)
                  000057bc    00000018     bsp_tb6612.o (.text.DL_GPIO_setPins)
                  000057d4    00000018     mspm0_i2c.o (.text.DL_GPIO_setPins)
                  000057ec    00000018     oled_hardware_i2c.o (.text.DL_GPIO_setPins)
                  00005804    00000018     ti_msp_dl_config.o (.text.DL_GPIO_setPins)
                  0000581c    00000018     mspm0_i2c.o (.text.DL_I2C_clearInterruptStatus)
                  00005834    00000018     oled_hardware_i2c.o (.text.DL_I2C_clearInterruptStatus)
                  0000584c    00000018     ti_msp_dl_config.o (.text.DL_I2C_enableAnalogGlitchFilter)
                  00005864    00000018     ti_msp_dl_config.o (.text.DL_I2C_enableController)
                  0000587c    00000018     ti_msp_dl_config.o (.text.DL_I2C_enableControllerClockStretching)
                  00005894    00000018     mspm0_i2c.o (.text.DL_I2C_enablePower)
                  000058ac    00000018     oled_hardware_i2c.o (.text.DL_I2C_enablePower)
                  000058c4    00000018     ti_msp_dl_config.o (.text.DL_I2C_enablePower)
                  000058dc    00000018     mspm0_i2c.o (.text.DL_I2C_getRawInterruptStatus)
                  000058f4    00000018     oled_hardware_i2c.o (.text.DL_I2C_getRawInterruptStatus)
                  0000590c    00000018     mspm0_i2c.o (.text.DL_I2C_reset)
                  00005924    00000018     oled_hardware_i2c.o (.text.DL_I2C_reset)
                  0000593c    00000018     ti_msp_dl_config.o (.text.DL_I2C_reset)
                  00005954    00000018     ti_msp_dl_config.o (.text.DL_I2C_setTimerPeriod)
                  0000596c    00000018     ti_msp_dl_config.o (.text.DL_SYSCTL_setBORThreshold)
                  00005984    00000018     ti_msp_dl_config.o (.text.DL_Timer_enablePower)
                  0000599c    00000018     ti_msp_dl_config.o (.text.DL_Timer_reset)
                  000059b4    00000018     driverlib.a : dl_timer.o (.text.DL_Timer_setCaptureCompareOutCtl)
                  000059cc    00000018     ti_msp_dl_config.o (.text.DL_UART_enablePower)
                  000059e4    00000018     board.o (.text.DL_UART_isBusy)
                  000059fc    00000018     ti_msp_dl_config.o (.text.DL_UART_reset)
                  00005a14    00000018     clock.o (.text.SysTick_Init)
                  00005a2c    00000018     libc.a : vsnprintf.c.obj (.text._outc)
                  00005a44    00000018            : sprintf.c.obj (.text._outs)
                  00005a5c    00000016     mspm0_i2c.o (.text.DL_GPIO_readPins)
                  00005a72    00000016     oled_hardware_i2c.o (.text.DL_GPIO_readPins)
                  00005a88    00000016     mspm0_i2c.o (.text.DL_I2C_transmitControllerData)
                  00005a9e    00000016     ti_msp_dl_config.o (.text.DL_UART_enable)
                  00005ab4    00000016     board.o (.text.DL_UART_transmitData)
                  00005aca    00000016     libc.a : copy_zero_init.c.obj (.text:decompress:ZI:__TI_zero_init_nomemset)
                  00005ae0    00000014     bsp_tb6612.o (.text.DL_GPIO_clearPins)
                  00005af4    00000014     mspm0_i2c.o (.text.DL_GPIO_clearPins)
                  00005b08    00000014     oled_hardware_i2c.o (.text.DL_GPIO_clearPins)
                  00005b1c    00000014     mspm0_i2c.o (.text.DL_I2C_getControllerStatus)
                  00005b30    00000014     oled_hardware_i2c.o (.text.DL_I2C_getControllerStatus)
                  00005b44    00000014     mspm0_i2c.o (.text.DL_I2C_receiveControllerData)
                  00005b58    00000014     ti_msp_dl_config.o (.text.DL_I2C_resetControllerTransfer)
                  00005b6c    00000014     ti_msp_dl_config.o (.text.DL_SYSCTL_disableSYSPLL)
                  00005b80    00000014     ti_msp_dl_config.o (.text.DL_SYSCTL_enableSYSPLL)
                  00005b94    00000014     ti_msp_dl_config.o (.text.DL_Timer_enableClock)
                  00005ba8    00000014     ti_msp_dl_config.o (.text.DL_Timer_setCCPDirection)
                  00005bbc    00000014     libclang_rt.builtins.a : aeabi_uldivmod.S.obj (.text.__aeabi_uldivmod)
                  00005bd0    00000014     libc.a : _printfi.c.obj (.text.strchr)
                  00005be4    00000012     angle_pid.o (.text.AnglePD_Reset)
                  00005bf6    00000012     driverlib.a : dl_uart.o (.text.DL_UART_setClockConfig)
                  00005c08    00000012     libc.a : memcpy16.S.obj (.text:TI_memcpy_small)
                  00005c1a    00000012            : copy_decompress_none.c.obj (.text:decompress:none)
                  00005c2c    00000010     ti_msp_dl_config.o (.text.DL_SYSCTL_disableHFXT)
                  00005c3c    00000010     ti_msp_dl_config.o (.text.DL_SYSCTL_isFCCDone)
                  00005c4c    00000010     ti_msp_dl_config.o (.text.DL_SYSCTL_startFCC)
                  00005c5c    00000010     driverlib.a : dl_timer.o (.text.DL_Timer_setCaptureCompareValue)
                  00005c6c    00000010     interrupt.o (.text.SysTick_Handler)
                  00005c7c    00000010     oled_hardware_i2c.o (.text.delay_ms)
                  00005c8c    00000010     libc.a : wcslen.c.obj (.text.wcslen)
                  00005c9c    0000000e     libclang_rt.builtins.a : aeabi_memset.S.obj (.text.__aeabi_memset)
                  00005caa    0000000e     libc.a : _printfi.c.obj (.text.strlen)
                  00005cb8    0000000e            : memset16.S.obj (.text:TI_memset_small)
                  00005cc6    00000002     --HOLE-- [fill = 0]
                  00005cc8    0000000c     ti_msp_dl_config.o (.text.DL_SYSCTL_readFCC)
                  00005cd4    0000000c     imu_ahrs.o (.text.IMU_AHRS_GetStatus)
                  00005ce0    0000000c     imu_ahrs.o (.text.IMU_AHRS_TurnAngle_Get)
                  00005cec    0000000c     imu_ahrs.o (.text.IMU_AHRS_TurnAngle_Reset)
                  00005cf8    0000000c     ti_msp_dl_config.o (.text.SYSCFG_DL_SYSTICK_init)
                  00005d04    0000000c     turn.o (.text.Square_GetLeg)
                  00005d10    0000000c     turn.o (.text.Square_GetState)
                  00005d1c    0000000c     turn.o (.text.Turn_GetCurrentError)
                  00005d28    0000000c     turn.o (.text.Turn_GetStableCount)
                  00005d34    0000000c     libclang_rt.builtins.a : aeabi_memset.S.obj (.text.__aeabi_memclr)
                  00005d40    0000000a     driverlib.a : dl_common.o (.text.DL_Common_delayCycles)
                  00005d4a    0000000a     interrupt.o (.text.GROUP1_IRQHandler)
                  00005d54    0000000a     libc.a : _printfi.c.obj (.text.OUTLINED_FUNCTION_0)
                  00005d5e    00000002     --HOLE-- [fill = 0]
                  00005d60    00000010     libclang_rt.builtins.a : adddf3.S.obj (.tramp.__aeabi_dsub.1)
                  00005d70    0000000a     libc.a : _printfi.c.obj (.text.OUTLINED_FUNCTION_1)
                  00005d7a    0000000a            : sprintf.c.obj (.text._outc)
                  00005d84    00000008     imu_ahrs.o (.text.IMU_AHRS_GetData)
                  00005d8c    00000008     libc.a : aeabi_portable.c.obj (.text.__aeabi_errno_addr)
                  00005d94    00000008     libclang_rt.builtins.a : aeabi_memcpy.S.obj (.text.__aeabi_memcpy)
                  00005d9c    00000006     libc.a : s_atanf.c.obj (.text.OUTLINED_FUNCTION_0)
                  00005da2    00000002     --HOLE-- [fill = 0]
                  00005da4    00000010     libclang_rt.builtins.a : divsf3.S.obj (.tramp.__aeabi_fdiv.1)
                  00005db4    00000006     libc.a : exit.c.obj (.text:abort)
                  00005dba    00000004     startup_mspm0g350x_ticlang.o (.text.Default_Handler)
                  00005dbe    00000004     libsysbm.a : hostexit.c.obj (.text.HOSTexit)
                  00005dc2    00000004     libc.a : s_atanf.c.obj (.text.OUTLINED_FUNCTION_1)
                  00005dc6    00000002     --HOLE-- [fill = 0]
                  00005dc8    00000010     libclang_rt.builtins.a : addsf3.S.obj (.tramp.__aeabi_fadd.1)
                  00005dd8    00000004     startup_mspm0g350x_ticlang.o (.text.Reset_Handler)
                  00005ddc    00000010     libc.a : boot_cortex_m.c.obj (.tramp._c_int00_noargs.1)
                  00005dec    00000004            : pre_init.c.obj (.text._system_pre_init)

.cinit     0    00006930    00000038     
                  00006930    00000013     (.cinit..data.load) [load image, compression = lzss]
                  00006943    00000001     --HOLE-- [fill = 0]
                  00006944    0000000c     (__TI_handler_table)
                  00006950    00000008     (.cinit..bss.load) [load image, compression = zero_init]
                  00006958    00000010     (__TI_cinit_table)

.rodata    0    00005df0    00000b40     
                  00005df0    000005f0     oled_hardware_i2c.o (.rodata.asc2_1608)
                  000063e0    00000228     oled_hardware_i2c.o (.rodata.asc2_0806)
                  00006608    00000008     ti_msp_dl_config.o (.rodata.gPWM_0Config)
                  00006610    00000101     libc.a : aeabi_ctype.S.obj (.rodata:__aeabi_ctype_table_)
                  00006711    00000031     angle_pid.o (.rodata.str1.17946244033951315791.1)
                  00006742    0000002e     turn.o (.rodata.str1.15825708390215290014.1)
                  00006770    00000029     turn.o (.rodata.str1.5629261088651828382.1)
                  00006799    00000003     ti_msp_dl_config.o (.rodata.gPWM_0ClockConfig)
                  0000679c    00000028     ti_msp_dl_config.o (.rodata.gSYSPLLConfig)
                  000067c4    00000027     turn.o (.rodata.str1.12169309537937164861.1)
                  000067eb    00000023     turn.o (.rodata.str1.5746031573702582919.1)
                  0000680e    00000021     bsp_tb6612.o (.rodata.str1.15091695396400935675.1)
                  0000682f    00000021     turn.o (.rodata.str1.16597584144434937163.1)
                  00006850    00000020     libc.a : s_atanf.c.obj (.rodata.cst16)
                  00006870    0000001c     turn.o (.rodata.str1.7630309525740087319.1)
                  0000688c    00000014     ti_msp_dl_config.o (.rodata.gTIMER_0TimerConfig)
                  000068a0    00000011     libc.a : _printfi.c.obj (.rodata.str1.10348868589481759720.1)
                  000068b1    00000011            : _printfi.c.obj (.rodata.str1.15363888844622738466.1)
                  000068c2    0000000d     main.o (.rodata.str1.15159059442110792349.1)
                  000068cf    0000000b     main.o (.rodata.str1.15996357275703397564.1)
                  000068da    0000000a     ti_msp_dl_config.o (.rodata.gUART_0Config)
                  000068e4    00000007     main.o (.rodata.str1.288608917962107522.1)
                  000068eb    00000006     main.o (.rodata.str1.17100691992556644108.1)
                  000068f1    00000006     main.o (.rodata.str1.18227636981041470289.1)
                  000068f7    00000006     main.o (.rodata.str1.2846389346932560359.1)
                  000068fd    00000006     main.o (.rodata.str1.7702501944640899365.1)
                  00006903    00000006     main.o (.rodata.str1.8154729771448623357.1)
                  00006909    00000005     main.o (.rodata.str1.12180500075719773345.1)
                  0000690e    00000005     main.o (.rodata.str1.16265332423659789559.1)
                  00006913    00000005     main.o (.rodata.str1.2123964117280943167.1)
                  00006918    00000005     main.o (.rodata.str1.9059077390166914652.1)
                  0000691d    00000004     main.o (.rodata.str1.14112174005742061988.1)
                  00006921    00000004     main.o (.rodata.str1.14402440632258215044.1)
                  00006925    00000003     ti_msp_dl_config.o (.rodata.gTIMER_0ClockConfig)
                  00006928    00000002     ti_msp_dl_config.o (.rodata.gI2C_MPU6050ClockConfig)
                  0000692a    00000002     ti_msp_dl_config.o (.rodata.gI2C_OLEDClockConfig)
                  0000692c    00000002     ti_msp_dl_config.o (.rodata.gUART_0ClockConfig)
                  0000692e    00000002     --HOLE-- [fill = 0]

.init_array 
*          0    00000000    00000000     UNINITIALIZED

.binit     0    00000000    00000000     

.bss       0    20200000    0000018c     UNINITIALIZED
                  20200000    000000bc     (.common:gPWM_0Backup)
                  202000bc    00000058     imu_ahrs.o (.bss.g_imu)
                  20200114    00000020     (.common:oled_buffer)
                  20200134    00000014     turn.o (.bss.g_straight_pd)
                  20200148    00000014     turn.o (.bss.g_turn_pd)
                  2020015c    0000000e     imu_ahrs.o (.bss.g_calib_burst)
                  2020016a    00000001     turn.o (.bss.g_turn_stable_cnt)
                  2020016b    00000001     --HOLE--
                  2020016c    00000004     turn.o (.bss.g_straight_speed)
                  20200170    00000004     turn.o (.bss.g_straight_target_yaw)
                  20200174    00000004     turn.o (.bss.g_turn_error)
                  20200178    00000004     turn.o (.bss.g_turn_output)
                  2020017c    00000004     turn.o (.bss.g_turn_start_ms)
                  20200180    00000004     turn.o (.bss.g_turn_target)
                  20200184    00000004     (.common:start_time)
                  20200188    00000004     (.common:tick_ms)

.data      0    20200190    00000075     UNINITIALIZED
                  20200190    00000008     imu_ahrs.o (.data.g_yaw_sum_t2)
                  20200198    00000008     imu_ahrs.o (.data.g_yaw_sum_t)
                  202001a0    00000008     imu_ahrs.o (.data.g_yaw_sum_ty)
                  202001a8    00000008     imu_ahrs.o (.data.g_yaw_sum_y)
                  202001b0    00000004     libc.a : aeabi_portable.c.obj (.data.__aeabi_errno)
                  202001b4    00000004     imu_ahrs.o (.data.g_calib_sum_x)
                  202001b8    00000004     imu_ahrs.o (.data.g_calib_sum_y)
                  202001bc    00000004     imu_ahrs.o (.data.g_calib_sum_z)
                  202001c0    00000004     imu_ahrs.o (.data.g_init_deadline)
                  202001c4    00000004     imu_ahrs.o (.data.g_init_start_time)
                  202001c8    00000004     imu_ahrs.o (.data.g_integral_fb_x)
                  202001cc    00000004     imu_ahrs.o (.data.g_integral_fb_y)
                  202001d0    00000004     imu_ahrs.o (.data.g_integral_fb_z)
                  202001d4    00000004     turn.o (.data.g_sq_angle)
                  202001d8    00000004     turn.o (.data.g_sq_st_ms)
                  202001dc    00000004     turn.o (.data.g_sq_tm_ms)
                  202001e0    00000004     imu_ahrs.o (.data.g_turn_angle)
                  202001e4    00000004     imu_ahrs.o (.data.g_yaw_calib_count)
                  202001e8    00000004     imu_ahrs.o (.data.g_yaw_calib_start_time)
                  202001ec    00000004     imu_ahrs.o (.data.g_yaw_drift_k)
                  202001f0    00000004     imu_ahrs.o (.data.g_yaw_start_time)
                  202001f4    00000004     main.o (.data.main.last_update)
                  202001f8    00000002     imu_ahrs.o (.data.g_calib_sample_idx)
                  202001fa    00000001     interrupt.o (.data.enable_group1_irq)
                  202001fb    00000001     imu_ahrs.o (.data.g_init_state)
                  202001fc    00000001     turn.o (.data.g_sq_leg)
                  202001fd    00000001     turn.o (.data.g_sq_state)
                  202001fe    00000001     turn.o (.data.g_sq_total)
                  202001ff    00000001     imu_ahrs.o (.data.g_status)
                  20200200    00000001     turn.o (.data.g_straight_state)
                  20200201    00000001     turn.o (.data.g_turn_state)
                  20200202    00000001     imu_ahrs.o (.data.g_yaw_calib_state)
                  20200203    00000001     imu_ahrs.o (.data.g_yaw_enable)
                  20200204    00000001     main.o (.data.main.yaw_calib_done)

.stack     0    20207e00    00000200     UNINITIALIZED
                  20207e00    00000004     libc.a : boot_cortex_m.c.obj (.stack)
                  20207e04    000001fc     --HOLE--

__llvm_prf_cnts 
*          0    20200000    00000000     UNINITIALIZED

__llvm_prf_bits 
*          0    20200000    00000000     UNINITIALIZED

MODULE SUMMARY

       Module                         code    ro data   rw data
       ------                         ----    -------   -------
    .\
       ti_msp_dl_config.o             2734    90        188    
       main.o                         764     89        37     
       startup_mspm0g350x_ticlang.o   8       192       0      
    +--+------------------------------+-------+---------+---------+
       Total:                         3506    371       225    
                                                               
    .\Drivers\AnglePID\
       angle_pid.o                    362     49        0      
    +--+------------------------------+-------+---------+---------+
       Total:                         362     49        0      
                                                               
    .\Drivers\IMU_AHRS\
       imu_ahrs.o                     3418    0         192    
       mspm0_i2c.o                    1368    0         0      
    +--+------------------------------+-------+---------+---------+
       Total:                         4786    0         192    
                                                               
    .\Drivers\MSPM0\
       clock.o                        328     0         8      
       board.o                        222     0         0      
       interrupt.o                    126     0         1      
    +--+------------------------------+-------+---------+---------+
       Total:                         676     0         9      
                                                               
    .\Drivers\OLED_Hardware_I2C\
       oled_hardware_i2c.o            1816    2072      0      
    +--+------------------------------+-------+---------+---------+
       Total:                         1816    2072      0      
                                                               
    .\Drivers\TB6612_Motor\
       turn.o                         1674    222       82     
       bsp_tb6612.o                   356     33        0      
    +--+------------------------------+-------+---------+---------+
       Total:                         2030    255       82     
                                                               
    D:/develop/TI/CCS/mspm0_sdk_2_10_00_04/source/ti/driverlib/lib/ticlang/m0p/mspm0g1x0x_g3x0x/driverlib.a
       dl_timer.o                     608     0         0      
       dl_sysctl_mspm0g1x0x_g3x0x.o   416     0         0      
       dl_i2c.o                       192     0         0      
       dl_uart.o                      90      0         0      
       dl_common.o                    10      0         0      
    +--+------------------------------+-------+---------+---------+
       Total:                         1316    0         0      
                                                               
    D:\develop\TI\CCS\ti_cgt_arm_llvm_4.0.4.LTS\lib\armv6m-ti-none-eabi/c/libc.a
       _printfi.c.obj                 4510    34        0      
       s_atanf.c.obj                  466     32        0      
       e_atan2f.c.obj                 280     0         0      
       aeabi_ctype.S.obj              0       257       0      
       s_scalbn.c.obj                 216     0         0      
       vsnprintf.c.obj                136     0         0      
       copy_decompress_lzss.c.obj     124     0         0      
       s_frexp.c.obj                  92      0         0      
       sprintf.c.obj                  90      0         0      
       _ltoa.c.obj                    88      0         0      
       atoi.c.obj                     64      0         0      
       autoinit.c.obj                 60      0         0      
       boot_cortex_m.c.obj            56      0         0      
       memccpy.c.obj                  34      0         0      
       copy_zero_init.c.obj           22      0         0      
       copy_decompress_none.c.obj     18      0         0      
       memcpy16.S.obj                 18      0         0      
       wcslen.c.obj                   16      0         0      
       memset16.S.obj                 14      0         0      
       aeabi_portable.c.obj           8       0         4      
       exit.c.obj                     6       0         0      
       pre_init.c.obj                 4       0         0      
    +--+------------------------------+-------+---------+---------+
       Total:                         6322    323       4      
                                                               
    D:\develop\TI\CCS\ti_cgt_arm_llvm_4.0.4.LTS\lib\armv6m-ti-none-eabi/c/libsysbm.a
       hostexit.c.obj                 4       0         0      
    +--+------------------------------+-------+---------+---------+
       Total:                         4       0         0      
                                                               
    D:\develop\TI\CCS\ti_cgt_arm_llvm_4.0.4.LTS\lib\armv6m-ti-none-eabi/libclang_rt.builtins.a
       adddf3.S.obj                   418     0         0      
       divdf3.S.obj                   268     0         0      
       addsf3.S.obj                   232     0         0      
       muldf3.S.obj                   228     0         0      
       comparedf2.c.obj               220     0         0      
       udivmoddi4.S.obj               162     0         0      
       divsf3.S.obj                   146     0         0      
       mulsf3.S.obj                   140     0         0      
       comparesf2.S.obj               118     0         0      
       truncdfsf2.S.obj               116     0         0      
       aeabi_dcmp.S.obj               98      0         0      
       aeabi_fcmp.S.obj               98      0         0      
       aeabi_idivmod.S.obj            86      0         0      
       fixdfsi.S.obj                  74      0         0      
       aeabi_uidivmod.S.obj           64      0         0      
       extendsfdf2.S.obj              64      0         0      
       floatsisf.S.obj                60      0         0      
       muldsi3.S.obj                  58      0         0      
       fixsfsi.S.obj                  56      0         0      
       fixunssfsi.S.obj               50      0         0      
       floatsidf.S.obj                44      0         0      
       floatunsisf.S.obj              40      0         0      
       floatunsidf.S.obj              36      0         0      
       muldi3.S.obj                   36      0         0      
       ashldi3.S.obj                  30      0         0      
       aeabi_memset.S.obj             26      0         0      
       aeabi_uldivmod.S.obj           20      0         0      
       aeabi_memcpy.S.obj             8       0         0      
       aeabi_div0.c.obj               4       0         0      
    +--+------------------------------+-------+---------+---------+
       Total:                         3000    0         0      
                                                               
       Stack:                         0       0         512    
       Linker Generated:              0       55        0      
    +--+------------------------------+-------+---------+---------+
       Grand Total:                   23818   3125      1024   


LINKER GENERATED COPY TABLES

__TI_cinit_table @ 00006958 records: 2, size/record: 8, table size: 16
	.data: load addr=00006930, load size=00000013 bytes, run addr=20200190, run size=00000075 bytes, compression=lzss
	.bss: load addr=00006950, load size=00000008 bytes, run addr=20200000, run size=0000018c bytes, compression=zero_init


LINKER GENERATED HANDLER TABLE

__TI_handler_table @ 00006944 records: 3, size/record: 4, table size: 12
	index: 0, handler: __TI_decompress_lzss
	index: 1, handler: __TI_decompress_none
	index: 2, handler: __TI_zero_init


FAR CALL TRAMPOLINES

callee name               trampoline name
   callee addr  tramp addr   call addr  call info
--------------  -----------  ---------  ----------------
__aeabi_dsub              $Tramp$TT$L$PI$$__aeabi_dsub
   00001cfd     00005d60     00005d5c   libc.a : _printfi.c.obj (.text.OUTLINED_FUNCTION_0)
__aeabi_fdiv              $Tramp$TT$L$PI$$__aeabi_fdiv
   00003a8d     00005da4     00005da0   libc.a : s_atanf.c.obj (.text.OUTLINED_FUNCTION_0)
__aeabi_fadd              $Tramp$TT$L$PI$$__aeabi_fadd
   000030bf     00005dc8     00005dc4   libc.a : s_atanf.c.obj (.text.OUTLINED_FUNCTION_1)
_c_int00_noargs           $Tramp$TT$L$PI$$_c_int00_noargs
   0000536d     00005ddc     00005dd8   startup_mspm0g350x_ticlang.o (.text.Reset_Handler)

[4 trampolines]
[4 trampoline calls]


GLOBAL SYMBOLS: SORTED ALPHABETICALLY BY Name 

address   name                                 
-------   ----                                 
00005dbb  ADC0_IRQHandler                      
00005dbb  ADC1_IRQHandler                      
00005dbb  AES_IRQHandler                       
00003b11  AO_Control                           
00003fa1  AnglePD_Init                         
00005be5  AnglePD_Reset                        
000034b5  AnglePD_Update                       
00003b91  BO_Control                           
00005dbe  C$$EXIT                              
00005dbb  CANFD0_IRQHandler                    
00005dbb  DAC0_IRQHandler                      
00005d41  DL_Common_delayCycles                
00004255  DL_I2C_fillControllerTXFIFO          
00004d9d  DL_I2C_flushControllerTXFIFO         
000053bb  DL_I2C_setClockConfig                
000055b1  DL_SYSCTL_configFCC                  
00002f01  DL_SYSCTL_configSYSPLL               
00004005  DL_SYSCTL_setHFCLKSourceHFXTParams   
00004b91  DL_SYSCTL_switchMCLKfromSYSOSCtoHSCLK
00002939  DL_Timer_initFourCCPWMMode           
00002b41  DL_Timer_initTimerMode               
0000563d  DL_Timer_setCaptCompUpdateMethod     
000059b5  DL_Timer_setCaptureCompareOutCtl     
00005c5d  DL_Timer_setCaptureCompareValue      
00005659  DL_Timer_setClockConfig              
00004a29  DL_UART_init                         
00005bf7  DL_UART_setClockConfig               
00005dbb  DMA_IRQHandler                       
00005dbb  Default_Handler                      
00005dbb  GROUP0_IRQHandler                    
00005d4b  GROUP1_IRQHandler                    
00003261  GoStraight_Poll                      
00003605  GoStraight_Start                     
00005675  GoStraight_Stop                      
00005dbf  HOSTexit                             
00005dbb  HardFault_Handler                    
00005dbb  I2C0_IRQHandler                      
00005dbb  I2C1_IRQHandler                      
00005691  IMU_AHRS_Attitude_Enable             
00005d85  IMU_AHRS_GetData                     
00005cd5  IMU_AHRS_GetStatus                   
00004069  IMU_AHRS_Get_Yaw_Compensated         
00001ff9  IMU_AHRS_Init_Poll                   
000036a5  IMU_AHRS_Init_Start                  
00005ce1  IMU_AHRS_TurnAngle_Get               
00005ced  IMU_AHRS_TurnAngle_Reset             
00000a91  IMU_AHRS_Update_Attitude             
00001e91  IMU_AHRS_Update_Data                 
00001779  IMU_AHRS_Yaw_Calib_Poll              
000047b9  IMU_AHRS_Yaw_Calib_Start             
000056ad  Interrupt_Init                       
00005dbb  NMI_Handler                          
00003e65  OLED_Clear                           
0000271d  OLED_Init                            
00004e15  OLED_Set_Pos                         
000024ed  OLED_ShowChar                        
00003df5  OLED_ShowString                      
00003745  OLED_WR_Byte                         
00005dbb  PendSV_Handler                       
00005dbb  RTC_IRQHandler                       
00005dd9  Reset_Handler                        
00005dbb  SPI0_IRQHandler                      
00005dbb  SPI1_IRQHandler                      
00005dbb  SVC_Handler                          
00002a3d  SYSCFG_DL_GPIO_init                  
000043c9  SYSCFG_DL_I2C_MPU6050_init           
00004421  SYSCFG_DL_I2C_OLED_init              
000037dd  SYSCFG_DL_PWM_0_init                 
00002d31  SYSCFG_DL_SYSCTL_SYSPLL_init         
00003c8d  SYSCFG_DL_SYSCTL_init                
00005cf9  SYSCFG_DL_SYSTICK_init               
00004e51  SYSCFG_DL_TIMER_0_init               
00004c5d  SYSCFG_DL_UART_0_init                
000050d5  SYSCFG_DL_init                       
0000386d  SYSCFG_DL_initPower                  
00005d05  Square_GetLeg                        
00005d11  Square_GetState                      
00002c3d  Square_Poll                          
00004a71  Square_Start                         
00005c6d  SysTick_Handler                      
00005a15  SysTick_Init                         
0000502d  TB6612_Motor_Stop                    
00005dbb  TIMA0_IRQHandler                     
00005dbb  TIMA1_IRQHandler                     
00005dbb  TIMG0_IRQHandler                     
00005dbb  TIMG12_IRQHandler                    
00005dbb  TIMG6_IRQHandler                     
00005dbb  TIMG7_IRQHandler                     
00005dbb  TIMG8_IRQHandler                     
00005c09  TI_memcpy_small                      
00005cb9  TI_memset_small                      
00004c19  TurnByAngle_Start                    
0000318d  TurnToAngle_Start                    
00005d1d  Turn_GetCurrentError                 
00005d29  Turn_GetStableCount                  
0000132d  Turn_Poll                            
00005dbb  UART0_IRQHandler                     
00005dbb  UART1_IRQHandler                     
00005dbb  UART2_IRQHandler                     
00005dbb  UART3_IRQHandler                     
20208000  __STACK_END                          
00000200  __STACK_SIZE                         
00000000  __TI_ATRegion0_region_sz             
00000000  __TI_ATRegion0_src_addr              
00000000  __TI_ATRegion0_trg_addr              
00000000  __TI_ATRegion1_region_sz             
00000000  __TI_ATRegion1_src_addr              
00000000  __TI_ATRegion1_trg_addr              
00000000  __TI_ATRegion2_region_sz             
00000000  __TI_ATRegion2_src_addr              
00000000  __TI_ATRegion2_trg_addr              
00006958  __TI_CINIT_Base                      
00006968  __TI_CINIT_Limit                     
00006968  __TI_CINIT_Warm                      
00006944  __TI_Handler_Table_Base              
00006950  __TI_Handler_Table_Limit             
00004f41  __TI_auto_init_nobinit_nopinit       
00003c11  __TI_decompress_lzss                 
00005c1b  __TI_decompress_none                 
00004479  __TI_ltoa                            
ffffffff  __TI_pprof_out_hndl                  
000000c1  __TI_printfi                         
ffffffff  __TI_prof_data_size                  
ffffffff  __TI_prof_data_start                 
00000000  __TI_static_base__                   
00005acb  __TI_zero_init_nomemset              
00001d07  __adddf3                             
000030bf  __addsf3                             
00006610  __aeabi_ctype_table_                 
00006610  __aeabi_ctype_table_C                
00003d81  __aeabi_d2f                          
000049dd  __aeabi_d2iz                         
00001d07  __aeabi_dadd                         
000040cd  __aeabi_dcmpeq                       
00004109  __aeabi_dcmpge                       
0000411d  __aeabi_dcmpgt                       
000040f5  __aeabi_dcmple                       
000040e1  __aeabi_dcmplt                       
0000282d  __aeabi_ddiv                         
00002e1d  __aeabi_dmul                         
00001cfd  __aeabi_dsub                         
202001b0  __aeabi_errno                        
00005d8d  __aeabi_errno_addr                   
00004cdd  __aeabi_f2d                          
00005065  __aeabi_f2iz                         
00005109  __aeabi_f2uiz                        
000030bf  __aeabi_fadd                         
00004131  __aeabi_fcmpeq                       
0000416d  __aeabi_fcmpge                       
00004181  __aeabi_fcmpgt                       
00004159  __aeabi_fcmple                       
00004145  __aeabi_fcmplt                       
00003a8d  __aeabi_fdiv                         
000038f9  __aeabi_fmul                         
000030b5  __aeabi_fsub                         
000051f9  __aeabi_i2d                          
00004e8d  __aeabi_i2f                          
00004529  __aeabi_idiv                         
00001e8f  __aeabi_idiv0                        
00004529  __aeabi_idivmod                      
00003603  __aeabi_ldiv0                        
000054b1  __aeabi_llsl                         
00005405  __aeabi_lmul                         
00005d35  __aeabi_memclr                       
00005d35  __aeabi_memclr4                      
00005d35  __aeabi_memclr8                      
00005d95  __aeabi_memcpy                       
00005d95  __aeabi_memcpy4                      
00005d95  __aeabi_memcpy8                      
00005c9d  __aeabi_memset                       
00005c9d  __aeabi_memset4                      
00005c9d  __aeabi_memset8                      
000053e1  __aeabi_ui2d                         
00005345  __aeabi_ui2f                         
00004c9d  __aeabi_uidiv                        
00004c9d  __aeabi_uidivmod                     
00005bbd  __aeabi_uldivmod                     
000054b1  __ashldi3                            
ffffffff  __binit__                            
00003ed1  __cmpdf2                             
00004f7d  __cmpsf2                             
0000282d  __divdf3                             
00003a8d  __divsf3                             
00003ed1  __eqdf2                              
00004f7d  __eqsf2                              
00004cdd  __extendsfdf2                        
000049dd  __fixdfsi                            
00005065  __fixsfsi                            
00005109  __fixunssfsi                         
000051f9  __floatsidf                          
00004e8d  __floatsisf                          
000053e1  __floatunsidf                        
00005345  __floatunsisf                        
00003d01  __gedf2                              
00004ec9  __gesf2                              
00003d01  __gtdf2                              
00004ec9  __gtsf2                              
00003ed1  __ledf2                              
00004f7d  __lesf2                              
00003ed1  __ltdf2                              
00004f7d  __ltsf2                              
UNDEFED   __mpu_init                           
00002e1d  __muldf3                             
00005405  __muldi3                             
00004fb9  __muldsi3                            
000038f9  __mulsf3                             
00003ed1  __nedf2                              
00004f7d  __nesf2                              
20207e00  __stack                              
20200000  __start___llvm_prf_bits              
20200000  __start___llvm_prf_cnts              
20200000  __stop___llvm_prf_bits               
20200000  __stop___llvm_prf_cnts               
00001cfd  __subdf3                             
000030b5  __subsf3                             
00003d81  __truncdfsf2                         
00003561  __udivmoddi4                         
0000536d  _c_int00_noargs                      
UNDEFED   _system_post_cinit                   
00005ded  _system_pre_init                     
00005db5  abort                                
000063e0  asc2_0806                            
00005df0  asc2_1608                            
00002605  atan2f                               
00001b35  atanf                                
00004d1d  atoi                                 
ffffffff  binit                                
00005c7d  delay_ms                             
202001fa  enable_group1_irq                    
000042b5  frexp                                
000042b5  frexpl                               
20200000  gPWM_0Backup                         
00000000  interruptVectors                     
00004b01  lc_printf                            
00002fdd  ldexp                                
00002fdd  ldexpl                               
00001031  main                                 
0000544d  memccpy                              
00004195  mpu6050_i2c_sda_unlock               
0000519d  mspm0_delay_ms                       
00005225  mspm0_get_clock_ms                   
00002299  mspm0_i2c_read                       
000033f1  mspm0_i2c_write                      
20200114  oled_buffer                          
000041f5  oled_i2c_sda_unlock                  
00002fdd  scalbn                               
00002fdd  scalbnl                              
0000509d  sprintf                              
20200184  start_time                           
20200188  tick_ms                              
00004d5d  vsnprintf                            
00005c8d  wcslen                               


GLOBAL SYMBOLS: SORTED BY Symbol Address 

address   name                                 
-------   ----                                 
00000000  __TI_ATRegion0_region_sz             
00000000  __TI_ATRegion0_src_addr              
00000000  __TI_ATRegion0_trg_addr              
00000000  __TI_ATRegion1_region_sz             
00000000  __TI_ATRegion1_src_addr              
00000000  __TI_ATRegion1_trg_addr              
00000000  __TI_ATRegion2_region_sz             
00000000  __TI_ATRegion2_src_addr              
00000000  __TI_ATRegion2_trg_addr              
00000000  __TI_static_base__                   
00000000  interruptVectors                     
000000c1  __TI_printfi                         
00000200  __STACK_SIZE                         
00000a91  IMU_AHRS_Update_Attitude             
00001031  main                                 
0000132d  Turn_Poll                            
00001779  IMU_AHRS_Yaw_Calib_Poll              
00001b35  atanf                                
00001cfd  __aeabi_dsub                         
00001cfd  __subdf3                             
00001d07  __adddf3                             
00001d07  __aeabi_dadd                         
00001e8f  __aeabi_idiv0                        
00001e91  IMU_AHRS_Update_Data                 
00001ff9  IMU_AHRS_Init_Poll                   
00002299  mspm0_i2c_read                       
000024ed  OLED_ShowChar                        
00002605  atan2f                               
0000271d  OLED_Init                            
0000282d  __aeabi_ddiv                         
0000282d  __divdf3                             
00002939  DL_Timer_initFourCCPWMMode           
00002a3d  SYSCFG_DL_GPIO_init                  
00002b41  DL_Timer_initTimerMode               
00002c3d  Square_Poll                          
00002d31  SYSCFG_DL_SYSCTL_SYSPLL_init         
00002e1d  __aeabi_dmul                         
00002e1d  __muldf3                             
00002f01  DL_SYSCTL_configSYSPLL               
00002fdd  ldexp                                
00002fdd  ldexpl                               
00002fdd  scalbn                               
00002fdd  scalbnl                              
000030b5  __aeabi_fsub                         
000030b5  __subsf3                             
000030bf  __addsf3                             
000030bf  __aeabi_fadd                         
0000318d  TurnToAngle_Start                    
00003261  GoStraight_Poll                      
000033f1  mspm0_i2c_write                      
000034b5  AnglePD_Update                       
00003561  __udivmoddi4                         
00003603  __aeabi_ldiv0                        
00003605  GoStraight_Start                     
000036a5  IMU_AHRS_Init_Start                  
00003745  OLED_WR_Byte                         
000037dd  SYSCFG_DL_PWM_0_init                 
0000386d  SYSCFG_DL_initPower                  
000038f9  __aeabi_fmul                         
000038f9  __mulsf3                             
00003a8d  __aeabi_fdiv                         
00003a8d  __divsf3                             
00003b11  AO_Control                           
00003b91  BO_Control                           
00003c11  __TI_decompress_lzss                 
00003c8d  SYSCFG_DL_SYSCTL_init                
00003d01  __gedf2                              
00003d01  __gtdf2                              
00003d81  __aeabi_d2f                          
00003d81  __truncdfsf2                         
00003df5  OLED_ShowString                      
00003e65  OLED_Clear                           
00003ed1  __cmpdf2                             
00003ed1  __eqdf2                              
00003ed1  __ledf2                              
00003ed1  __ltdf2                              
00003ed1  __nedf2                              
00003fa1  AnglePD_Init                         
00004005  DL_SYSCTL_setHFCLKSourceHFXTParams   
00004069  IMU_AHRS_Get_Yaw_Compensated         
000040cd  __aeabi_dcmpeq                       
000040e1  __aeabi_dcmplt                       
000040f5  __aeabi_dcmple                       
00004109  __aeabi_dcmpge                       
0000411d  __aeabi_dcmpgt                       
00004131  __aeabi_fcmpeq                       
00004145  __aeabi_fcmplt                       
00004159  __aeabi_fcmple                       
0000416d  __aeabi_fcmpge                       
00004181  __aeabi_fcmpgt                       
00004195  mpu6050_i2c_sda_unlock               
000041f5  oled_i2c_sda_unlock                  
00004255  DL_I2C_fillControllerTXFIFO          
000042b5  frexp                                
000042b5  frexpl                               
000043c9  SYSCFG_DL_I2C_MPU6050_init           
00004421  SYSCFG_DL_I2C_OLED_init              
00004479  __TI_ltoa                            
00004529  __aeabi_idiv                         
00004529  __aeabi_idivmod                      
000047b9  IMU_AHRS_Yaw_Calib_Start             
000049dd  __aeabi_d2iz                         
000049dd  __fixdfsi                            
00004a29  DL_UART_init                         
00004a71  Square_Start                         
00004b01  lc_printf                            
00004b91  DL_SYSCTL_switchMCLKfromSYSOSCtoHSCLK
00004c19  TurnByAngle_Start                    
00004c5d  SYSCFG_DL_UART_0_init                
00004c9d  __aeabi_uidiv                        
00004c9d  __aeabi_uidivmod                     
00004cdd  __aeabi_f2d                          
00004cdd  __extendsfdf2                        
00004d1d  atoi                                 
00004d5d  vsnprintf                            
00004d9d  DL_I2C_flushControllerTXFIFO         
00004e15  OLED_Set_Pos                         
00004e51  SYSCFG_DL_TIMER_0_init               
00004e8d  __aeabi_i2f                          
00004e8d  __floatsisf                          
00004ec9  __gesf2                              
00004ec9  __gtsf2                              
00004f41  __TI_auto_init_nobinit_nopinit       
00004f7d  __cmpsf2                             
00004f7d  __eqsf2                              
00004f7d  __lesf2                              
00004f7d  __ltsf2                              
00004f7d  __nesf2                              
00004fb9  __muldsi3                            
0000502d  TB6612_Motor_Stop                    
00005065  __aeabi_f2iz                         
00005065  __fixsfsi                            
0000509d  sprintf                              
000050d5  SYSCFG_DL_init                       
00005109  __aeabi_f2uiz                        
00005109  __fixunssfsi                         
0000519d  mspm0_delay_ms                       
000051f9  __aeabi_i2d                          
000051f9  __floatsidf                          
00005225  mspm0_get_clock_ms                   
00005345  __aeabi_ui2f                         
00005345  __floatunsisf                        
0000536d  _c_int00_noargs                      
000053bb  DL_I2C_setClockConfig                
000053e1  __aeabi_ui2d                         
000053e1  __floatunsidf                        
00005405  __aeabi_lmul                         
00005405  __muldi3                             
0000544d  memccpy                              
000054b1  __aeabi_llsl                         
000054b1  __ashldi3                            
000055b1  DL_SYSCTL_configFCC                  
0000563d  DL_Timer_setCaptCompUpdateMethod     
00005659  DL_Timer_setClockConfig              
00005675  GoStraight_Stop                      
00005691  IMU_AHRS_Attitude_Enable             
000056ad  Interrupt_Init                       
000059b5  DL_Timer_setCaptureCompareOutCtl     
00005a15  SysTick_Init                         
00005acb  __TI_zero_init_nomemset              
00005bbd  __aeabi_uldivmod                     
00005be5  AnglePD_Reset                        
00005bf7  DL_UART_setClockConfig               
00005c09  TI_memcpy_small                      
00005c1b  __TI_decompress_none                 
00005c5d  DL_Timer_setCaptureCompareValue      
00005c6d  SysTick_Handler                      
00005c7d  delay_ms                             
00005c8d  wcslen                               
00005c9d  __aeabi_memset                       
00005c9d  __aeabi_memset4                      
00005c9d  __aeabi_memset8                      
00005cb9  TI_memset_small                      
00005cd5  IMU_AHRS_GetStatus                   
00005ce1  IMU_AHRS_TurnAngle_Get               
00005ced  IMU_AHRS_TurnAngle_Reset             
00005cf9  SYSCFG_DL_SYSTICK_init               
00005d05  Square_GetLeg                        
00005d11  Square_GetState                      
00005d1d  Turn_GetCurrentError                 
00005d29  Turn_GetStableCount                  
00005d35  __aeabi_memclr                       
00005d35  __aeabi_memclr4                      
00005d35  __aeabi_memclr8                      
00005d41  DL_Common_delayCycles                
00005d4b  GROUP1_IRQHandler                    
00005d85  IMU_AHRS_GetData                     
00005d8d  __aeabi_errno_addr                   
00005d95  __aeabi_memcpy                       
00005d95  __aeabi_memcpy4                      
00005d95  __aeabi_memcpy8                      
00005db5  abort                                
00005dbb  ADC0_IRQHandler                      
00005dbb  ADC1_IRQHandler                      
00005dbb  AES_IRQHandler                       
00005dbb  CANFD0_IRQHandler                    
00005dbb  DAC0_IRQHandler                      
00005dbb  DMA_IRQHandler                       
00005dbb  Default_Handler                      
00005dbb  GROUP0_IRQHandler                    
00005dbb  HardFault_Handler                    
00005dbb  I2C0_IRQHandler                      
00005dbb  I2C1_IRQHandler                      
00005dbb  NMI_Handler                          
00005dbb  PendSV_Handler                       
00005dbb  RTC_IRQHandler                       
00005dbb  SPI0_IRQHandler                      
00005dbb  SPI1_IRQHandler                      
00005dbb  SVC_Handler                          
00005dbb  TIMA0_IRQHandler                     
00005dbb  TIMA1_IRQHandler                     
00005dbb  TIMG0_IRQHandler                     
00005dbb  TIMG12_IRQHandler                    
00005dbb  TIMG6_IRQHandler                     
00005dbb  TIMG7_IRQHandler                     
00005dbb  TIMG8_IRQHandler                     
00005dbb  UART0_IRQHandler                     
00005dbb  UART1_IRQHandler                     
00005dbb  UART2_IRQHandler                     
00005dbb  UART3_IRQHandler                     
00005dbe  C$$EXIT                              
00005dbf  HOSTexit                             
00005dd9  Reset_Handler                        
00005ded  _system_pre_init                     
00005df0  asc2_1608                            
000063e0  asc2_0806                            
00006610  __aeabi_ctype_table_                 
00006610  __aeabi_ctype_table_C                
00006944  __TI_Handler_Table_Base              
00006950  __TI_Handler_Table_Limit             
00006958  __TI_CINIT_Base                      
00006968  __TI_CINIT_Limit                     
00006968  __TI_CINIT_Warm                      
20200000  __start___llvm_prf_bits              
20200000  __start___llvm_prf_cnts              
20200000  __stop___llvm_prf_bits               
20200000  __stop___llvm_prf_cnts               
20200000  gPWM_0Backup                         
20200114  oled_buffer                          
20200184  start_time                           
20200188  tick_ms                              
202001b0  __aeabi_errno                        
202001fa  enable_group1_irq                    
20207e00  __stack                              
20208000  __STACK_END                          
ffffffff  __TI_pprof_out_hndl                  
ffffffff  __TI_prof_data_size                  
ffffffff  __TI_prof_data_start                 
ffffffff  __binit__                            
ffffffff  binit                                
UNDEFED   __mpu_init                           
UNDEFED   _system_post_cinit                   

[252 symbols]
