******************************************************************************
            TI ARM Clang Linker PC v4.0.4                      
******************************************************************************
>> Linked Thu Jul 30 22:02:12 2026

OUTPUT FILE NAME:   <mpu6050-oled-hardware-i2c.out>
ENTRY POINT SYMBOL: "_c_int00_noargs"  address: 00007931


MEMORY CONFIGURATION

         name            origin    length      used     unused   attr    fill
----------------------  --------  ---------  --------  --------  ----  --------
  FLASH                 00000000   00020000  00009388  00016c78  R  X
  SRAM                  20200000   00008000  00000590  00007a70  RW X
  BCR_CONFIG            41c00000   000000ff  00000000  000000ff  R   
  BSL_CONFIG            41c00100   00000080  00000000  00000080  R   


SEGMENT ALLOCATION MAP

run origin  load origin   length   init length attrs members
----------  ----------- ---------- ----------- ----- -------
00000000    00000000    00009388   00009388    r-x
  00000000    00000000    000000c0   000000c0    r-- .intvecs
  000000c0    000000c0    000085b0   000085b0    r-x .text
  00008670    00008670    00000cc0   00000cc0    r-- .rodata
  00009330    00009330    00000058   00000058    r-- .cinit
20200000    20200000    00000390   00000000    rw-
  20200000    20200000    00000270   00000000    rw- .bss
  20200270    20200270    00000120   00000000    rw- .data
20207e00    20207e00    00000200   00000000    rw-
  20207e00    20207e00    00000200   00000000    rw- .stack


SECTION ALLOCATION MAP

 output                                  attributes/
section   page    origin      length       input sections
--------  ----  ----------  ----------   ----------------
.intvecs   0    00000000    000000c0     
                  00000000    000000c0     startup_mspm0g350x_ticlang.o (.intvecs)

.text      0    000000c0    000085b0     
                  000000c0    00000bdc     libc.a : _scanfi.c.obj (.text.__TI_scanfi)
                  00000c9c    000009d0            : _printfi.c.obj (.text:__TI_printfi)
                  0000166c    000005c8     semicircle_follow.o (.text.SemicircleFollow_Run)
                  00001c34    000005a0     imu_ahrs.o (.text.IMU_AHRS_Update_Attitude)
                  000021d4    000003b8     libc.a : strtod.c.obj (.text.strtod)
                  0000258c    00000244     follow.o (.text.IRDM_UpdatePositionPID)
                  000027d0    0000022c     ti_msp_dl_config.o (.text.SYSCFG_DL_GPIO_init)
                  000029fc    00000220     libc.a : _printfi.c.obj (.text._pconv_a)
                  00002c1c    000001e0     imu_ahrs.o (.text.IMU_AHRS_Yaw_Calib_Poll)
                  00002dfc    000001e0     libc.a : strtoll.c.obj (.text.strtoll)
                  00002fdc    000001dc            : _printfi.c.obj (.text._pconv_g)
                  000031b8    000001cc     button_mode.o (.text.ButtonMode_Select)
                  00003384    000001c8     libc.a : s_atanf.c.obj (.text.atanf)
                  0000354c    00000192     libclang_rt.builtins.a : adddf3.S.obj (.text.adddf3_subdf3)
                  000036de    00000002                            : aeabi_div0.c.obj (.text.__aeabi_idiv0)
                  000036e0    0000016c     libc.a : strtoull.c.obj (.text.strtoull)
                  0000384c    00000168     imu_ahrs.o (.text.IMU_AHRS_Update_Data)
                  000039b4    00000164     imu_ahrs.o (.text.IMU_AHRS_Init_Poll)
                  00003b18    00000164     follow.o (.text.IRDM_read_sensors)
                  00003c7c    00000144     libc.a : strtol.c.obj (.text.strtol)
                  00003dc0    0000013c            : _printfi.c.obj (.text.fcvt)
                  00003efc    00000134     mspm0_i2c.o (.text.mspm0_i2c_read)
                  00004030    0000012c     vofa_debug.o (.text.VOFA_ParseCommand)
                  0000415c    0000012c     libc.a : strtoul.c.obj (.text.strtoul)
                  00004288    00000124     control_mixer.o (.text.Mixer_Apply)
                  000043ac    00000120     libc.a : _printfi.c.obj (.text._pconv_e)
                  000044cc    00000118     oled_hardware_i2c.o (.text.OLED_ShowChar)
                  000045e4    00000118     libc.a : e_atan2f.c.obj (.text.atan2f)
                  000046fc    00000110     oled_hardware_i2c.o (.text.OLED_Init)
                  0000480c    0000010c     libclang_rt.builtins.a : divdf3.S.obj (.text.__divdf3)
                  00004918    00000104     driverlib.a : dl_timer.o (.text.DL_Timer_initFourCCPWMMode)
                  00004a1c    000000fc                 : dl_timer.o (.text.DL_Timer_initTimerMode)
                  00004b18    000000fc     bsp_motor_hallencoder.o (.text.GROUP1_IRQHandler)
                  00004c14    000000fc     main.o (.text.main)
                  00004d10    000000ec     ti_msp_dl_config.o (.text.SYSCFG_DL_SYSCTL_SYSPLL_init)
                  00004dfc    000000e4     libclang_rt.builtins.a : muldf3.S.obj (.text.__muldf3)
                  00004ee0    000000dc     driverlib.a : dl_sysctl_mspm0g1x0x_g3x0x.o (.text.DL_SYSCTL_configSYSPLL)
                  00004fbc    000000d8     libc.a : s_scalbn.c.obj (.text.scalbn)
                  00005094    000000d8     libclang_rt.builtins.a : addsf3.S.obj (.text)
                  0000516c    000000cc     turn.o (.text.GoStraight_Poll)
                  00005238    000000c4     imu_ahrs.o (.text.imu_ahrs_calibrate_gyro_offset_step)
                  000052fc    000000c4     mspm0_i2c.o (.text.mspm0_i2c_write)
                  000053c0    000000bc     angle_pid.o (.text.AnglePD_Update)
                  0000547c    000000a2     libclang_rt.builtins.a : udivmoddi4.S.obj (.text)
                  0000551e    00000002                            : aeabi_div0.c.obj (.text.__aeabi_ldiv0)
                  00005520    000000a0     turn.o (.text.GoStraight_Start)
                  000055c0    000000a0     imu_ahrs.o (.text.IMU_AHRS_Init_Start)
                  00005660    000000a0     ti_msp_dl_config.o (.text.SYSCFG_DL_initPower)
                  00005700    00000098     button_mode.o (.text.ButtonMode_UpdateTimeDisplay)
                  00005798    00000098     oled_hardware_i2c.o (.text.OLED_WR_Byte)
                  00005830    00000094     follow.o (.text.IRDM_calculate_bias)
                  000058c4    00000090     ti_msp_dl_config.o (.text.SYSCFG_DL_PWM_0_init)
                  00005954    0000008c     libclang_rt.builtins.a : mulsf3.S.obj (.text.__mulsf3)
                  000059e0    00000088     turn.o (.text.GoStraight_StartAt)
                  00005a68    00000008     libc.a : _scanfi.c.obj (.text.OUTLINED_FUNCTION_0)
                  00005a70    00000088            : strcmp-armv6m.S.obj (.text:strcmp)
                  00005af8    00000084     vofa_debug.o (.text.UART0_IRQHandler)
                  00005b7c    00000084     clock.o (.text.__NVIC_SetPriority)
                  00005c00    00000084     ti_msp_dl_config.o (.text.__NVIC_SetPriority)
                  00005c84    00000082     libclang_rt.builtins.a : divsf3.S.obj (.text.__divsf3)
                  00005d06    00000002     --HOLE-- [fill = 0]
                  00005d08    00000080     bsp_tb6612.o (.text.AO_Control)
                  00005d88    00000080     bsp_tb6612.o (.text.BO_Control)
                  00005e08    00000080     ti_msp_dl_config.o (.text.SYSCFG_DL_SYSCTL_init)
                  00005e88    0000007c     libc.a : copy_decompress_lzss.c.obj (.text:decompress:lzss)
                  00005f04    00000074     libclang_rt.builtins.a : comparedf2.c.obj (.text.__gedf2)
                  00005f78    00000008     libc.a : strtod.c.obj (.text.OUTLINED_FUNCTION_0)
                  00005f80    00000074     libclang_rt.builtins.a : truncdfsf2.S.obj (.text.__truncdfsf2)
                  00005ff4    00000074     libc.a : sscanf.c.obj (.text._chkmbc)
                  00006068    00000070     angle_pid.o (.text.AnglePD_Init)
                  000060d8    00000070     oled_hardware_i2c.o (.text.OLED_ShowString)
                  00006148    0000006a     oled_hardware_i2c.o (.text.OLED_Clear)
                  000061b2    00000002     --HOLE-- [fill = 0]
                  000061b4    00000068     libclang_rt.builtins.a : comparedf2.c.obj (.text.__ledf2)
                  0000621c    00000066     libc.a : _printfi.c.obj (.text._mcpy)
                  00006282    00000002     --HOLE-- [fill = 0]
                  00006284    00000064     driverlib.a : dl_sysctl_mspm0g1x0x_g3x0x.o (.text.DL_SYSCTL_setHFCLKSourceHFXTParams)
                  000062e8    00000064     imu_ahrs.o (.text.IMU_AHRS_Get_Yaw_Compensated)
                  0000634c    00000062     libclang_rt.builtins.a : aeabi_dcmp.S.obj (.text.__aeabi_dcmp)
                  000063ae    00000002     --HOLE-- [fill = 0]
                  000063b0    00000062                            : aeabi_fcmp.S.obj (.text.__aeabi_fcmp)
                  00006412    00000002     --HOLE-- [fill = 0]
                  00006414    00000060     mspm0_i2c.o (.text.mpu6050_i2c_sda_unlock)
                  00006474    00000060     oled_hardware_i2c.o (.text.oled_i2c_sda_unlock)
                  000064d4    0000005e     driverlib.a : dl_i2c.o (.text.DL_I2C_fillControllerTXFIFO)
                  00006532    00000002     --HOLE-- [fill = 0]
                  00006534    0000005c     libc.a : s_frexp.c.obj (.text.frexp)
                  00006590    0000005c     mspm0_i2c.o (.text.mspm0_i2c_enable)
                  000065ec    0000005c     oled_hardware_i2c.o (.text.mspm0_i2c_enable)
                  00006648    00000058     ti_msp_dl_config.o (.text.SYSCFG_DL_I2C_MPU6050_init)
                  000066a0    00000058     ti_msp_dl_config.o (.text.SYSCFG_DL_I2C_OLED_init)
                  000066f8    00000058     libc.a : _ltoa.c.obj (.text.__TI_ltoa)
                  00006750    00000058            : _printfi.c.obj (.text._pconv_f)
                  000067a8    00000056     libclang_rt.builtins.a : aeabi_idivmod.S.obj (.text.__aeabi_idivmod)
                  000067fe    00000002     --HOLE-- [fill = 0]
                  00006800    00000054     follow.o (.text.FollowLoop_SwitchToCurve)
                  00006854    00000054     follow.o (.text.FollowLoop_SwitchToStraight)
                  000068a8    00000054     ti_msp_dl_config.o (.text.SYSCFG_DL_UART_0_init)
                  000068fc    00000052     libc.a : _printfi.c.obj (.text._ecpy)
                  0000694e    00000002     --HOLE-- [fill = 0]
                  00006950    00000050     mspm0_i2c.o (.text.DL_GPIO_initPeripheralInputFunctionFeatures)
                  000069a0    00000050     oled_hardware_i2c.o (.text.DL_GPIO_initPeripheralInputFunctionFeatures)
                  000069f0    00000050     ti_msp_dl_config.o (.text.DL_GPIO_initPeripheralInputFunctionFeatures)
                  00006a40    00000050     mspm0_i2c.o (.text.DL_I2C_startControllerTransfer)
                  00006a90    00000050     oled_hardware_i2c.o (.text.DL_I2C_startControllerTransfer)
                  00006ae0    00000050     turn.o (.text.GoStraight_GetCorrection)
                  00006b30    00000050     imu_ahrs.o (.text.IMU_AHRS_Yaw_Calib_Start)
                  00006b80    00000050     clock.o (.text.SysTick_Config)
                  00006bd0    00000050     ti_msp_dl_config.o (.text.SysTick_Config)
                  00006c20    00000050     imu_ahrs.o (.text.imu_ahrs_inv_sqrt)
                  00006c70    0000004c     mspm0_i2c.o (.text.DL_GPIO_initDigitalInputFeatures)
                  00006cbc    0000004c     oled_hardware_i2c.o (.text.DL_GPIO_initDigitalInputFeatures)
                  00006d08    0000004c     ti_msp_dl_config.o (.text.DL_GPIO_initDigitalInputFeatures)
                  00006d54    0000004c     ti_msp_dl_config.o (.text.DL_UART_setBaudRateDivisor)
                  00006da0    0000004a     libclang_rt.builtins.a : fixdfsi.S.obj (.text.__fixdfsi)
                  00006dea    00000002     --HOLE-- [fill = 0]
                  00006dec    00000048     driverlib.a : dl_uart.o (.text.DL_UART_init)
                  00006e34    00000048     angle_pid.o (.text.clamp)
                  00006e7c    00000048     board.o (.text.lc_printf)
                  00006ec4    00000048     mspm0_i2c.o (.text.mspm0_i2c_disable)
                  00006f0c    00000044     driverlib.a : dl_sysctl_mspm0g1x0x_g3x0x.o (.text.DL_SYSCTL_switchMCLKfromSYSOSCtoHSCLK)
                  00006f50    00000044     follow.o (.text.IRDM_IsBlackLine)
                  00006f94    00000044     ti_msp_dl_config.o (.text.SYSCFG_DL_init)
                  00006fd8    00000044     oled_hardware_i2c.o (.text.mspm0_i2c_disable)
                  0000701c    00000040     follow.o (.text.IRDM_CountBlackSensors)
                  0000705c    00000040     libclang_rt.builtins.a : aeabi_uidivmod.S.obj (.text.__aeabi_uidivmod)
                  0000709c    00000040                            : extendsfdf2.S.obj (.text.__extendsfdf2)
                  000070dc    00000040     libc.a : atoi.c.obj (.text.atoi)
                  0000711c    00000040            : vsnprintf.c.obj (.text.vsnprintf)
                  0000715c    0000003c     driverlib.a : dl_i2c.o (.text.DL_I2C_flushControllerTXFIFO)
                  00007198    0000003c     ti_msp_dl_config.o (.text.DL_Timer_setCounterControl)
                  000071d4    0000003c     oled_hardware_i2c.o (.text.OLED_Set_Pos)
                  00007210    0000003c     ti_msp_dl_config.o (.text.SYSCFG_DL_TIMER_0_init)
                  0000724c    0000003c     bsp_motor_hallencoder.o (.text.TIMG0_IRQHandler)
                  00007288    0000003c     libclang_rt.builtins.a : floatsisf.S.obj (.text.__floatsisf)
                  000072c4    0000003c                            : comparesf2.S.obj (.text.__gtsf2)
                  00007300    0000003c     board.o (.text.uart0_sendString)
                  0000733c    0000003c     libc.a : autoinit.c.obj (.text:__TI_auto_init_nobinit_nopinit)
                  00007378    0000003a     libclang_rt.builtins.a : comparesf2.S.obj (.text.__eqsf2)
                  000073b2    00000002     --HOLE-- [fill = 0]
                  000073b4    0000003a                            : muldsi3.S.obj (.text.__muldsi3)
                  000073ee    00000002     --HOLE-- [fill = 0]
                  000073f0    00000038     ti_msp_dl_config.o (.text.DL_GPIO_initPeripheralOutputFunctionFeatures)
                  00007428    00000038     bsp_tb6612.o (.text.TB6612_Motor_Stop)
                  00007460    00000038     libclang_rt.builtins.a : fixsfsi.S.obj (.text.__fixsfsi)
                  00007498    00000038     libc.a : sprintf.c.obj (.text.sprintf)
                  000074d0    00000032     libclang_rt.builtins.a : fixunssfsi.S.obj (.text.__fixunssfsi)
                  00007502    00000030     libc.a : _printfi.c.obj (.text._fcpy)
                  00007532    00000030            : vsnprintf.c.obj (.text._outs)
                  00007562    00000002     --HOLE-- [fill = 0]
                  00007564    00000030     clock.o (.text.mspm0_delay_ms)
                  00007594    00000030     libc.a : sscanf.c.obj (.text.sscanf)
                  000075c4    0000002c     follow.o (.text.FollowLoop_SetCurvePID)
                  000075f0    0000002c     follow.o (.text.FollowLoop_SetStraightPID)
                  0000761c    0000002c     turn.o (.text.GoStraight_SetKD)
                  00007648    0000002c     turn.o (.text.GoStraight_SetKP)
                  00007674    0000002c     ti_msp_dl_config.o (.text.SYSCFG_DL_TIMER_ULTRASONIC_init)
                  000076a0    0000002c     interrupt.o (.text.__NVIC_EnableIRQ)
                  000076cc    0000002c     libclang_rt.builtins.a : floatsidf.S.obj (.text.__floatsidf)
                  000076f8    0000002c     clock.o (.text.mspm0_get_clock_ms)
                  00007724    0000002c     board.o (.text.uart0_sendChar)
                  00007750    00000028     mspm0_i2c.o (.text.DL_Common_updateReg)
                  00007778    00000028     oled_hardware_i2c.o (.text.DL_Common_updateReg)
                  000077a0    00000028     ti_msp_dl_config.o (.text.DL_Common_updateReg)
                  000077c8    00000028     ti_msp_dl_config.o (.text.DL_I2C_setControllerRXFIFOThreshold)
                  000077f0    00000028     ti_msp_dl_config.o (.text.DL_I2C_setControllerTXFIFOThreshold)
                  00007818    00000028     ti_msp_dl_config.o (.text.DL_UART_setRXFIFOThreshold)
                  00007840    00000028     ti_msp_dl_config.o (.text.DL_UART_setTXFIFOThreshold)
                  00007868    00000028     follow.o (.text.FollowLoop_SetKD)
                  00007890    00000028     follow.o (.text.FollowLoop_SetKI)
                  000078b8    00000028     follow.o (.text.FollowLoop_SetKP)
                  000078e0    00000028     control_mixer.o (.text.Mixer_Init)
                  00007908    00000028     libclang_rt.builtins.a : floatunsisf.S.obj (.text.__floatunsisf)
                  00007930    00000028     libc.a : boot_cortex_m.c.obj (.text:_c_int00_noargs)
                  00007958    00000026     ti_msp_dl_config.o (.text.DL_I2C_setAnalogGlitchFilterPulseWidth)
                  0000797e    00000026     driverlib.a : dl_i2c.o (.text.DL_I2C_setClockConfig)
                  000079a4    00000024     follow.o (.text.FollowLoop_ResetIntegral)
                  000079c8    00000024     libclang_rt.builtins.a : floatunsidf.S.obj (.text.__floatunsidf)
                  000079ec    00000024                            : muldi3.S.obj (.text.__muldi3)
                  00007a10    00000024     imu_ahrs.o (.text.imu_ahrs_read_multi)
                  00007a34    00000022     libc.a : memccpy.c.obj (.text.memccpy)
                  00007a56    00000002     --HOLE-- [fill = 0]
                  00007a58    00000020     ti_msp_dl_config.o (.text.DL_SYSCTL_setFlashWaitState)
                  00007a78    00000020     follow.o (.text.FollowLoop_DecayIntegral)
                  00007a98    0000001e     angle_pid.o (.text.AnglePD_Reset)
                  00007ab6    0000001e     ti_msp_dl_config.o (.text.DL_UART_setOversampling)
                  00007ad4    0000001e     libclang_rt.builtins.a : ashldi3.S.obj (.text.__ashldi3)
                  00007af2    0000001e     imu_ahrs.o (.text.imu_ahrs_make_s16)
                  00007b10    0000001c     bsp_motor_hallencoder.o (.text.DL_GPIO_clearInterruptStatus)
                  00007b2c    0000001c     ti_msp_dl_config.o (.text.DL_GPIO_clearInterruptStatus)
                  00007b48    0000001c     mspm0_i2c.o (.text.DL_GPIO_enableHiZ)
                  00007b64    0000001c     oled_hardware_i2c.o (.text.DL_GPIO_enableHiZ)
                  00007b80    0000001c     ti_msp_dl_config.o (.text.DL_GPIO_enableHiZ)
                  00007b9c    0000001c     ti_msp_dl_config.o (.text.DL_GPIO_enableInterrupt)
                  00007bb8    0000001c     ti_msp_dl_config.o (.text.DL_GPIO_initPeripheralOutputFunction)
                  00007bd4    0000001c     ti_msp_dl_config.o (.text.DL_GPIO_setLowerPinsPolarity)
                  00007bf0    0000001c     oled_hardware_i2c.o (.text.DL_I2C_getSDAStatus)
                  00007c0c    0000001c     mspm0_i2c.o (.text.DL_I2C_isControllerRXFIFOEmpty)
                  00007c28    0000001c     driverlib.a : dl_sysctl_mspm0g1x0x_g3x0x.o (.text.DL_SYSCTL_configFCC)
                  00007c44    0000001c     ti_msp_dl_config.o (.text.DL_SYSCTL_setFCCPeriods)
                  00007c60    0000001c     ti_msp_dl_config.o (.text.DL_SYSCTL_setSYSOSCFreq)
                  00007c7c    0000001c     ti_msp_dl_config.o (.text.DL_SYSCTL_setULPCLKDivider)
                  00007c98    0000001c     ti_msp_dl_config.o (.text.DL_Timer_enableInterrupt)
                  00007cb4    0000001c     driverlib.a : dl_timer.o (.text.DL_Timer_setCaptCompUpdateMethod)
                  00007cd0    0000001c                 : dl_timer.o (.text.DL_Timer_setClockConfig)
                  00007cec    0000001c     turn.o (.text.GoStraight_Stop)
                  00007d08    0000001c     imu_ahrs.o (.text.IMU_AHRS_Attitude_Enable)
                  00007d24    0000001c     interrupt.o (.text.Interrupt_Init)
                  00007d40    0000001c     ti_msp_dl_config.o (.text.SYSCFG_DL_SYSCTL_CLK_init)
                  00007d5c    0000001c     turn.o (.text.Turn_Stop)
                  00007d78    0000001c     imu_ahrs.o (.text.imu_ahrs_write_reg)
                  00007d94    00000018     mspm0_i2c.o (.text.DL_GPIO_enableOutput)
                  00007dac    00000018     oled_hardware_i2c.o (.text.DL_GPIO_enableOutput)
                  00007dc4    00000018     ti_msp_dl_config.o (.text.DL_GPIO_enableOutput)
                  00007ddc    00000018     ti_msp_dl_config.o (.text.DL_GPIO_enablePower)
                  00007df4    00000018     bsp_motor_hallencoder.o (.text.DL_GPIO_getEnabledInterruptStatus)
                  00007e0c    00000018     mspm0_i2c.o (.text.DL_GPIO_initDigitalOutput)
                  00007e24    00000018     oled_hardware_i2c.o (.text.DL_GPIO_initDigitalOutput)
                  00007e3c    00000018     ti_msp_dl_config.o (.text.DL_GPIO_initDigitalOutput)
                  00007e54    00000018     ti_msp_dl_config.o (.text.DL_GPIO_initPeripheralAnalogFunction)
                  00007e6c    00000018     ti_msp_dl_config.o (.text.DL_GPIO_reset)
                  00007e84    00000018     bsp_tb6612.o (.text.DL_GPIO_setPins)
                  00007e9c    00000018     mspm0_i2c.o (.text.DL_GPIO_setPins)
                  00007eb4    00000018     oled_hardware_i2c.o (.text.DL_GPIO_setPins)
                  00007ecc    00000018     ti_msp_dl_config.o (.text.DL_GPIO_setPins)
                  00007ee4    00000018     ti_msp_dl_config.o (.text.DL_GPIO_setUpperPinsPolarity)
                  00007efc    00000018     mspm0_i2c.o (.text.DL_I2C_clearInterruptStatus)
                  00007f14    00000018     oled_hardware_i2c.o (.text.DL_I2C_clearInterruptStatus)
                  00007f2c    00000018     ti_msp_dl_config.o (.text.DL_I2C_enableAnalogGlitchFilter)
                  00007f44    00000018     ti_msp_dl_config.o (.text.DL_I2C_enableController)
                  00007f5c    00000018     ti_msp_dl_config.o (.text.DL_I2C_enableControllerClockStretching)
                  00007f74    00000018     mspm0_i2c.o (.text.DL_I2C_enablePower)
                  00007f8c    00000018     oled_hardware_i2c.o (.text.DL_I2C_enablePower)
                  00007fa4    00000018     ti_msp_dl_config.o (.text.DL_I2C_enablePower)
                  00007fbc    00000018     mspm0_i2c.o (.text.DL_I2C_getRawInterruptStatus)
                  00007fd4    00000018     oled_hardware_i2c.o (.text.DL_I2C_getRawInterruptStatus)
                  00007fec    00000018     mspm0_i2c.o (.text.DL_I2C_reset)
                  00008004    00000018     oled_hardware_i2c.o (.text.DL_I2C_reset)
                  0000801c    00000018     ti_msp_dl_config.o (.text.DL_I2C_reset)
                  00008034    00000018     ti_msp_dl_config.o (.text.DL_I2C_setTimerPeriod)
                  0000804c    00000018     ti_msp_dl_config.o (.text.DL_SYSCTL_setBORThreshold)
                  00008064    00000018     ti_msp_dl_config.o (.text.DL_Timer_enablePower)
                  0000807c    00000018     ti_msp_dl_config.o (.text.DL_Timer_reset)
                  00008094    00000018     driverlib.a : dl_timer.o (.text.DL_Timer_setCaptureCompareOutCtl)
                  000080ac    00000018     ti_msp_dl_config.o (.text.DL_UART_enableFIFOs)
                  000080c4    00000018     ti_msp_dl_config.o (.text.DL_UART_enablePower)
                  000080dc    00000018     board.o (.text.DL_UART_isBusy)
                  000080f4    00000018     vofa_debug.o (.text.DL_UART_isRXFIFOEmpty)
                  0000810c    00000018     ti_msp_dl_config.o (.text.DL_UART_reset)
                  00008124    00000018     clock.o (.text.SysTick_Init)
                  0000813c    00000018     libc.a : vsnprintf.c.obj (.text._outc)
                  00008154    00000018            : sprintf.c.obj (.text._outs)
                  0000816c    00000016     bsp_motor_hallencoder.o (.text.DL_GPIO_readPins)
                  00008182    00000016     button_mode.o (.text.DL_GPIO_readPins)
                  00008198    00000016     follow.o (.text.DL_GPIO_readPins)
                  000081ae    00000016     mspm0_i2c.o (.text.DL_GPIO_readPins)
                  000081c4    00000016     oled_hardware_i2c.o (.text.DL_GPIO_readPins)
                  000081da    00000016     mspm0_i2c.o (.text.DL_I2C_transmitControllerData)
                  000081f0    00000016     ti_msp_dl_config.o (.text.DL_UART_enable)
                  00008206    00000016     board.o (.text.DL_UART_transmitData)
                  0000821c    00000016     libc.a : copy_zero_init.c.obj (.text:decompress:ZI:__TI_zero_init_nomemset)
                  00008232    00000014     bsp_tb6612.o (.text.DL_GPIO_clearPins)
                  00008246    00000014     mspm0_i2c.o (.text.DL_GPIO_clearPins)
                  0000825a    00000014     oled_hardware_i2c.o (.text.DL_GPIO_clearPins)
                  0000826e    00000014     ti_msp_dl_config.o (.text.DL_GPIO_clearPins)
                  00008282    00000002     --HOLE-- [fill = 0]
                  00008284    00000014     mspm0_i2c.o (.text.DL_I2C_getControllerStatus)
                  00008298    00000014     oled_hardware_i2c.o (.text.DL_I2C_getControllerStatus)
                  000082ac    00000014     mspm0_i2c.o (.text.DL_I2C_receiveControllerData)
                  000082c0    00000014     ti_msp_dl_config.o (.text.DL_I2C_resetControllerTransfer)
                  000082d4    00000014     ti_msp_dl_config.o (.text.DL_SYSCTL_disableSYSPLL)
                  000082e8    00000014     ti_msp_dl_config.o (.text.DL_SYSCTL_enableSYSPLL)
                  000082fc    00000014     ti_msp_dl_config.o (.text.DL_Timer_enableClock)
                  00008310    00000014     ti_msp_dl_config.o (.text.DL_Timer_setCCPDirection)
                  00008324    00000014     vofa_debug.o (.text.DL_UART_receiveData)
                  00008338    00000014     control_mixer.o (.text.Mixer_SetAngleDiff)
                  0000834c    00000014     control_mixer.o (.text.Mixer_SetBaseSpeed)
                  00008360    00000014     control_mixer.o (.text.Mixer_SetDiffScale)
                  00008374    00000014     control_mixer.o (.text.Mixer_SetFollowDiff)
                  00008388    00000014     control_mixer.o (.text.Mixer_SetOuterBoost)
                  0000839c    00000014     control_mixer.o (.text.Mixer_SetSpeedDiff)
                  000083b0    00000014     libclang_rt.builtins.a : aeabi_uldivmod.S.obj (.text.__aeabi_uldivmod)
                  000083c4    00000014     libc.a : sscanf.c.obj (.text._inpchar)
                  000083d8    00000014            : _printfi.c.obj (.text.strchr)
                  000083ec    00000012     bsp_motor_hallencoder.o (.text.DL_Timer_getPendingInterrupt)
                  000083fe    00000012     driverlib.a : dl_uart.o (.text.DL_UART_setClockConfig)
                  00008410    00000012     libc.a : memcpy16.S.obj (.text:TI_memcpy_small)
                  00008422    00000012            : copy_decompress_none.c.obj (.text:decompress:none)
                  00008434    00000010     angle_pid.o (.text.AnglePD_SetKD)
                  00008444    00000010     angle_pid.o (.text.AnglePD_SetKP)
                  00008454    00000010     ti_msp_dl_config.o (.text.DL_SYSCTL_disableHFXT)
                  00008464    00000010     ti_msp_dl_config.o (.text.DL_SYSCTL_isFCCDone)
                  00008474    00000010     ti_msp_dl_config.o (.text.DL_SYSCTL_startFCC)
                  00008484    00000010     driverlib.a : dl_timer.o (.text.DL_Timer_setCaptureCompareValue)
                  00008494    00000010     turn.o (.text.GoStraight_ResetPD)
                  000084a4    00000010     follow.o (.text.IRDM_GetCorrection)
                  000084b4    00000010     speed_control.o (.text.SpeedLoop_GetCorrection)
                  000084c4    00000010     interrupt.o (.text.SysTick_Handler)
                  000084d4    00000010     oled_hardware_i2c.o (.text.delay_ms)
                  000084e4    00000010     libc.a : wcslen.c.obj (.text.wcslen)
                  000084f4    0000000e            : _scanfi.c.obj (.text.OUTLINED_FUNCTION_1)
                  00008502    0000000e            : _scanfi.c.obj (.text.OUTLINED_FUNCTION_2)
                  00008510    0000000e            : _scanfi.c.obj (.text.OUTLINED_FUNCTION_4)
                  0000851e    00000002     --HOLE-- [fill = 0]
                  00008520    0000000e     libclang_rt.builtins.a : aeabi_memset.S.obj (.text.__aeabi_memset)
                  0000852e    0000000e     libc.a : _printfi.c.obj (.text.strlen)
                  0000853c    0000000e            : memset16.S.obj (.text:TI_memset_small)
                  0000854a    00000002     --HOLE-- [fill = 0]
                  0000854c    0000000c     ti_msp_dl_config.o (.text.DL_SYSCTL_getClockStatus)
                  00008558    0000000c     ti_msp_dl_config.o (.text.DL_SYSCTL_readFCC)
                  00008564    0000000c     follow.o (.text.FollowLoop_GetBias)
                  00008570    0000000c     follow.o (.text.FollowLoop_GetBiasDeriv)
                  0000857c    0000000c     imu_ahrs.o (.text.IMU_AHRS_GetStatus)
                  00008588    0000000c     imu_ahrs.o (.text.IMU_AHRS_TurnAngle_Reset)
                  00008594    0000000c     ti_msp_dl_config.o (.text.SYSCFG_DL_SYSTICK_init)
                  000085a0    0000000c     libclang_rt.builtins.a : aeabi_memset.S.obj (.text.__aeabi_memclr)
                  000085ac    0000000a     driverlib.a : dl_common.o (.text.DL_Common_delayCycles)
                  000085b6    0000000a     libc.a : _printfi.c.obj (.text.OUTLINED_FUNCTION_0)
                  000085c0    00000010     libclang_rt.builtins.a : adddf3.S.obj (.tramp.__aeabi_dsub.1)
                  000085d0    0000000a     libc.a : _printfi.c.obj (.text.OUTLINED_FUNCTION_1)
                  000085da    0000000a            : sprintf.c.obj (.text._outc)
                  000085e4    00000008            : strtod.c.obj (.text.OUTLINED_FUNCTION_1)
                  000085ec    00000010     libclang_rt.builtins.a : aeabi_dcmp.S.obj (.tramp.__aeabi_dcmpeq.1)
                  000085fc    00000008     libc.a : aeabi_portable.c.obj (.text.__aeabi_errno_addr)
                  00008604    00000008     libclang_rt.builtins.a : aeabi_memcpy.S.obj (.text.__aeabi_memcpy)
                  0000860c    00000008     libc.a : sscanf.c.obj (.text._uninpchar)
                  00008614    00000006            : s_atanf.c.obj (.text.OUTLINED_FUNCTION_0)
                  0000861a    00000002     --HOLE-- [fill = 0]
                  0000861c    00000010     libclang_rt.builtins.a : divsf3.S.obj (.tramp.__aeabi_fdiv.1)
                  0000862c    00000006     libc.a : _scanfi.c.obj (.text.OUTLINED_FUNCTION_3)
                  00008632    00000006            : exit.c.obj (.text:abort)
                  00008638    00000004     startup_mspm0g350x_ticlang.o (.text.Default_Handler)
                  0000863c    00000004     libsysbm.a : hostexit.c.obj (.text.HOSTexit)
                  00008640    00000004     libc.a : s_atanf.c.obj (.text.OUTLINED_FUNCTION_1)
                  00008644    00000010     libclang_rt.builtins.a : addsf3.S.obj (.tramp.__aeabi_fadd.1)
                  00008654    00000004     startup_mspm0g350x_ticlang.o (.text.Reset_Handler)
                  00008658    00000010     libc.a : boot_cortex_m.c.obj (.tramp._c_int00_noargs.1)
                  00008668    00000004            : pre_init.c.obj (.text._system_pre_init)
                  0000866c    00000004     --HOLE-- [fill = 0]

.cinit     0    00009330    00000058     
                  00009330    0000002e     (.cinit..data.load) [load image, compression = lzss]
                  0000935e    00000002     --HOLE-- [fill = 0]
                  00009360    0000000c     (__TI_handler_table)
                  0000936c    00000008     (.cinit..bss.load) [load image, compression = zero_init]
                  00009374    00000010     (__TI_cinit_table)
                  00009384    00000004     --HOLE-- [fill = 0]

.rodata    0    00008670    00000cc0     
                  00008670    000005f0     oled_hardware_i2c.o (.rodata.asc2_1608)
                  00008c60    00000228     oled_hardware_i2c.o (.rodata.asc2_0806)
                  00008e88    00000008     libc.a : _scanfi.c.obj (.rodata..L__const._sproc_float.special)
                  00008e90    00000101            : aeabi_ctype.S.obj (.rodata:__aeabi_ctype_table_)
                  00008f91    00000007            : _scanfi.c.obj (.rodata._sproc_int.flit)
                  00008f98    00000080            : strtod.c.obj (.rodata.digits)
                  00009018    00000048            : strtod.c.obj (.rodata.powerof10)
                  00009060    00000031     angle_pid.o (.rodata.str1.17946244033951315791.1)
                  00009091    00000030     turn.o (.rodata.str1.7630309525740087319.1)
                  000090c1    0000002e     turn.o (.rodata.str1.15825708390215290014.1)
                  000090ef    00000001     --HOLE-- [fill = 0]
                  000090f0    00000028     ti_msp_dl_config.o (.rodata.gSYSPLLConfig)
                  00009118    00000021     bsp_tb6612.o (.rodata.str1.15091695396400935675.1)
                  00009139    00000003     ti_msp_dl_config.o (.rodata.gPWM_0ClockConfig)
                  0000913c    00000020     libc.a : s_atanf.c.obj (.rodata.cst16)
                  0000915c    00000020     follow.o (.rodata.cst32)
                  0000917c    0000001d     vofa_debug.o (.rodata.str1.832622803524188375.1)
                  00009199    0000001c     turn.o (.rodata.str1.6605854860095091095.1)
                  000091b5    0000001a     turn.o (.rodata.str1.1448976492060665233.1)
                  000091cf    00000018     follow.o (.rodata.str1.18178574391210448268.1)
                  000091e7    00000018     follow.o (.rodata.str1.2652027411992500410.1)
                  000091ff    00000018     follow.o (.rodata.str1.5931985603168994878.1)
                  00009217    00000017     turn.o (.rodata.str1.12668684674347943869.1)
                  0000922e    00000017     turn.o (.rodata.str1.2547687475840583291.1)
                  00009245    00000003     ti_msp_dl_config.o (.rodata.gTIMER_0ClockConfig)
                  00009248    00000014     ti_msp_dl_config.o (.rodata.gTIMER_0TimerConfig)
                  0000925c    00000014     ti_msp_dl_config.o (.rodata.gTIMER_ULTRASONICTimerConfig)
                  00009270    00000014     vofa_debug.o (.rodata.str1.10891076048903020628.1)
                  00009284    00000013     button_mode.o (.rodata.str1.5507698543048122959.1)
                  00009297    00000011     libc.a : _printfi.c.obj (.rodata.str1.10348868589481759720.1)
                  000092a8    00000011            : _printfi.c.obj (.rodata.str1.15363888844622738466.1)
                  000092b9    0000000d     button_mode.o (.rodata.str1.14334485095697009583.1)
                  000092c6    0000000c     button_mode.o (.rodata.str1.11969164217380479986.1)
                  000092d2    0000000a     ti_msp_dl_config.o (.rodata.gUART_0Config)
                  000092dc    0000000a     vofa_debug.o (.rodata.str1.11806517368064402221.1)
                  000092e6    00000009     libc.a : _scanfi.c.obj (.rodata.str1.12964984209033246150.1)
                  000092ef    00000001     --HOLE-- [fill = 0]
                  000092f0    00000008     ti_msp_dl_config.o (.rodata.gPWM_0Config)
                  000092f8    00000006     libc.a : _scanfi.c.obj (.rodata._sproc_int.barr)
                  000092fe    00000005     vofa_debug.o (.rodata.str1.3353928566755970298.1)
                  00009303    00000005     vofa_debug.o (.rodata.str1.9050699289953225713.1)
                  00009308    00000004     libc.a : _scanfi.c.obj (.rodata.str1.3403580589742030990.1)
                  0000930c    00000003     ti_msp_dl_config.o (.rodata.gTIMER_ULTRASONICClockConfig)
                  0000930f    00000003     vofa_debug.o (.rodata.str1.10484139096401623572.1)
                  00009312    00000003     vofa_debug.o (.rodata.str1.11161334823677404466.1)
                  00009315    00000003     vofa_debug.o (.rodata.str1.12602603801916275315.1)
                  00009318    00000003     vofa_debug.o (.rodata.str1.15624235433517460284.1)
                  0000931b    00000003     vofa_debug.o (.rodata.str1.16783799432960545502.1)
                  0000931e    00000003     vofa_debug.o (.rodata.str1.17981966462519096544.1)
                  00009321    00000003     vofa_debug.o (.rodata.str1.5771549245972982501.1)
                  00009324    00000003     vofa_debug.o (.rodata.str1.5790594398339545982.1)
                  00009327    00000002     ti_msp_dl_config.o (.rodata.gI2C_MPU6050ClockConfig)
                  00009329    00000002     ti_msp_dl_config.o (.rodata.gI2C_OLEDClockConfig)
                  0000932b    00000002     ti_msp_dl_config.o (.rodata.gUART_0ClockConfig)
                  0000932d    00000003     --HOLE-- [fill = 0]

.init_array 
*          0    00000000    00000000     UNINITIALIZED

.binit     0    00000000    00000000     

.bss       0    20200000    00000270     UNINITIALIZED
                  20200000    000000bc     (.common:gPWM_0Backup)
                  202000bc    000000bc     (.common:gTIMER_ULTRASONICBackup)
                  20200178    00000058     imu_ahrs.o (.bss.g_imu)
                  202001d0    00000030     speed_control.o (.bss.g_speed_pid)
                  20200200    00000020     turn.o (.bss.g_straight_pd)
                  20200220    00000020     vofa_debug.o (.bss.rx_buf)
                  20200240    0000000e     imu_ahrs.o (.bss.g_calib_burst)
                  2020024e    00000002     --HOLE--
                  20200250    00000008     bsp_motor_hallencoder.o (.bss.Encoder_A)
                  20200258    00000008     bsp_motor_hallencoder.o (.bss.Encoder_B)
                  20200260    00000004     turn.o (.bss.g_straight_speed)
                  20200264    00000004     turn.o (.bss.g_straight_target_yaw)
                  20200268    00000004     (.common:start_time)
                  2020026c    00000004     (.common:tick_ms)

.data      0    20200270    00000120     UNINITIALIZED
                  20200270    00000020     follow.o (.data.sensor_history)
                  20200290    00000008     imu_ahrs.o (.data.g_yaw_sum_t2)
                  20200298    00000008     imu_ahrs.o (.data.g_yaw_sum_t)
                  202002a0    00000008     imu_ahrs.o (.data.g_yaw_sum_ty)
                  202002a8    00000008     imu_ahrs.o (.data.g_yaw_sum_y)
                  202002b0    00000008     follow.o (.data.sensor_filtered)
                  202002b8    00000008     follow.o (.data.sensor_states)
                  202002c0    00000004     button_mode.o (.data.ButtonMode_UpdateTimeDisplay.elapsed_frozen)
                  202002c4    00000004     button_mode.o (.data.ButtonMode_UpdateTimeDisplay.time_oled_last)
                  202002c8    00000004     semicircle_follow.o (.data.SemicircleFollow_Run.lost_since)
                  202002cc    00000004     semicircle_follow.o (.data.SemicircleFollow_Run.sc_base_speed_f)
                  202002d0    00000004     semicircle_follow.o (.data.SemicircleFollow_Run.stop_cooldown_start)
                  202002d4    00000004     libc.a : aeabi_portable.c.obj (.data.__aeabi_errno)
                  202002d8    00000004     follow.o (.data.follow_bias)
                  202002dc    00000004     follow.o (.data.follow_bias_deriv)
                  202002e0    00000004     follow.o (.data.follow_bias_filt)
                  202002e4    00000004     follow.o (.data.follow_d_filt)
                  202002e8    00000004     follow.o (.data.follow_d_term)
                  202002ec    00000004     follow.o (.data.follow_i_term)
                  202002f0    00000004     follow.o (.data.follow_p_term)
                  202002f4    00000004     imu_ahrs.o (.data.g_calib_sum_x)
                  202002f8    00000004     imu_ahrs.o (.data.g_calib_sum_y)
                  202002fc    00000004     imu_ahrs.o (.data.g_calib_sum_z)
                  20200300    00000004     control_mixer.o (.data.g_diff_scale)
                  20200304    00000004     follow.o (.data.g_follow_kd)
                  20200308    00000004     follow.o (.data.g_follow_ki)
                  2020030c    00000004     follow.o (.data.g_follow_kp)
                  20200310    00000004     imu_ahrs.o (.data.g_init_deadline)
                  20200314    00000004     imu_ahrs.o (.data.g_init_start_time)
                  20200318    00000004     imu_ahrs.o (.data.g_integral_fb_x)
                  2020031c    00000004     imu_ahrs.o (.data.g_integral_fb_y)
                  20200320    00000004     imu_ahrs.o (.data.g_integral_fb_z)
                  20200324    00000004     follow.o (.data.g_kd_curve)
                  20200328    00000004     follow.o (.data.g_kd_straight)
                  2020032c    00000004     follow.o (.data.g_ki_curve)
                  20200330    00000004     follow.o (.data.g_ki_straight)
                  20200334    00000004     follow.o (.data.g_kp_curve)
                  20200338    00000004     follow.o (.data.g_kp_straight)
                  2020033c    00000004     control_mixer.o (.data.g_mix_base)
                  20200340    00000004     button_mode.o (.data.g_mode_start_time)
                  20200344    00000004     control_mixer.o (.data.g_outer_boost)
                  20200348    00000004     button_mode.o (.data.g_semicircle_base_speed)
                  2020034c    00000004     button_mode.o (.data.g_semicircle_speed_max)
                  20200350    00000004     button_mode.o (.data.g_semicircle_speed_min)
                  20200354    00000004     imu_ahrs.o (.data.g_turn_angle)
                  20200358    00000004     imu_ahrs.o (.data.g_yaw_calib_count)
                  2020035c    00000004     imu_ahrs.o (.data.g_yaw_calib_start_time)
                  20200360    00000004     imu_ahrs.o (.data.g_yaw_drift_k)
                  20200364    00000004     imu_ahrs.o (.data.g_yaw_start_time)
                  20200368    00000004     follow.o (.data.integral)
                  2020036c    00000004     follow.o (.data.last_bias)
                  20200370    00000004     main.o (.data.main.last_update)
                  20200374    00000002     control_mixer.o (.data.g_angle_diff)
                  20200376    00000002     imu_ahrs.o (.data.g_calib_sample_idx)
                  20200378    00000002     control_mixer.o (.data.g_follow_diff)
                  2020037a    00000002     control_mixer.o (.data.g_gyro_rate_diff)
                  2020037c    00000002     control_mixer.o (.data.g_speed_diff)
                  2020037e    00000002     follow.o (.data.last_correction)
                  20200380    00000001     semicircle_follow.o (.data.SemicircleFollow_Run.sc_speed_inited)
                  20200381    00000001     semicircle_follow.o (.data.SemicircleFollow_Run.stop_cooldown_set)
                  20200382    00000001     semicircle_follow.o (.data.SemicircleFollow_Run.was_lost)
                  20200383    00000001     semicircle_follow.o (.data.SemicircleFollow_Run.was_on_curve)
                  20200384    00000001     interrupt.o (.data.enable_group1_irq)
                  20200385    00000001     bsp_motor_hallencoder.o (.data.g_encoder_new_data)
                  20200386    00000001     imu_ahrs.o (.data.g_init_state)
                  20200387    00000001     button_mode.o (.data.g_run_mode)
                  20200388    00000001     imu_ahrs.o (.data.g_status)
                  20200389    00000001     turn.o (.data.g_straight_state)
                  2020038a    00000001     turn.o (.data.g_turn_state)
                  2020038b    00000001     vofa_debug.o (.data.g_vofa_stop)
                  2020038c    00000001     imu_ahrs.o (.data.g_yaw_calib_state)
                  2020038d    00000001     imu_ahrs.o (.data.g_yaw_enable)
                  2020038e    00000001     main.o (.data.main.yaw_calib_done)
                  2020038f    00000001     vofa_debug.o (.data.rx_idx)

.stack     0    20207e00    00000200     UNINITIALIZED
                  20207e00    00000004     libc.a : boot_cortex_m.c.obj (.stack)
                  20207e04    000001fc     --HOLE--

__llvm_prf_cnts 
*          0    20200000    00000000     UNINITIALIZED

__llvm_prf_bits 
*          0    20200000    00000000     UNINITIALIZED

MODULE SUMMARY

       Module                         code    ro data   rw data
       ------                         ----    -------   -------
    .\
       ti_msp_dl_config.o             3478    113       376    
       main.o                         252     0         5      
       startup_mspm0g350x_ticlang.o   8       192       0      
    +--+------------------------------+-------+---------+---------+
       Total:                         3738    305       381    
                                                               
    .\Drivers\AnglePID\
       angle_pid.o                    434     49        0      
    +--+------------------------------+-------+---------+---------+
       Total:                         434     49        0      
                                                               
    .\Drivers\Encoder\
       bsp_motor_hallencoder.o        404     0         17     
       speed_control.o                16      0         48     
    +--+------------------------------+-------+---------+---------+
       Total:                         420     0         65     
                                                               
    .\Drivers\IMU_AHRS\
       imu_ahrs.o                     3398    0         192    
       mspm0_i2c.o                    1368    0         0      
    +--+------------------------------+-------+---------+---------+
       Total:                         4766    0         192    
                                                               
    .\Drivers\MSPM0\
       clock.o                        328     0         8      
       board.o                        222     0         0      
       interrupt.o                    88      0         1      
    +--+------------------------------+-------+---------+---------+
       Total:                         638     0         9      
                                                               
    .\Drivers\Mix_Control\
       control_mixer.o                452     0         20     
    +--+------------------------------+-------+---------+---------+
       Total:                         452     0         20     
                                                               
    .\Drivers\Mode\
       button_mode.o                  634     44        25     
    +--+------------------------------+-------+---------+---------+
       Total:                         634     44        25     
                                                               
    .\Drivers\OLED_Hardware_I2C\
       oled_hardware_i2c.o            1816    2072      0      
    +--+------------------------------+-------+---------+---------+
       Total:                         1816    2072      0      
                                                               
    .\Drivers\SemicircleFollow\
       semicircle_follow.o            1480    0         16     
    +--+------------------------------+-------+---------+---------+
       Total:                         1480    0         16     
                                                               
    .\Drivers\TB6612_Motor\
       follow.o                       1722    104       122    
       turn.o                         740     194       42     
       bsp_tb6612.o                   356     33        0      
    +--+------------------------------+-------+---------+---------+
       Total:                         2818    331       164    
                                                               
    .\Drivers\VOFA\
       vofa_debug.o                   476     93        34     
    +--+------------------------------+-------+---------+---------+
       Total:                         476     93        34     
                                                               
    D:/develop/TI/CCS/mspm0_sdk_2_10_00_04/source/ti/driverlib/lib/ticlang/m0p/mspm0g1x0x_g3x0x/driverlib.a
       dl_timer.o                     608     0         0      
       dl_sysctl_mspm0g1x0x_g3x0x.o   416     0         0      
       dl_i2c.o                       192     0         0      
       dl_uart.o                      90      0         0      
       dl_common.o                    10      0         0      
    +--+------------------------------+-------+---------+---------+
       Total:                         1316    0         0      
                                                               
    D:\develop\TI\CCS\ti_cgt_arm_llvm_4.0.4.LTS\lib\armv6m-ti-none-eabi/c/libc.a
       _printfi.c.obj                 4510    34        0      
       _scanfi.c.obj                  3092    34        0      
       strtod.c.obj                   968     200       0      
       s_atanf.c.obj                  466     32        0      
       strtoll.c.obj                  480     0         0      
       strtoull.c.obj                 364     0         0      
       strtol.c.obj                   324     0         0      
       strtoul.c.obj                  300     0         0      
       e_atan2f.c.obj                 280     0         0      
       aeabi_ctype.S.obj              0       257       0      
       s_scalbn.c.obj                 216     0         0      
       sscanf.c.obj                   192     0         0      
       strcmp-armv6m.S.obj            136     0         0      
       vsnprintf.c.obj                136     0         0      
       copy_decompress_lzss.c.obj     124     0         0      
       s_frexp.c.obj                  92      0         0      
       sprintf.c.obj                  90      0         0      
       _ltoa.c.obj                    88      0         0      
       atoi.c.obj                     64      0         0      
       autoinit.c.obj                 60      0         0      
       boot_cortex_m.c.obj            56      0         0      
       memccpy.c.obj                  34      0         0      
       copy_zero_init.c.obj           22      0         0      
       copy_decompress_none.c.obj     18      0         0      
       memcpy16.S.obj                 18      0         0      
       wcslen.c.obj                   16      0         0      
       memset16.S.obj                 14      0         0      
       aeabi_portable.c.obj           8       0         4      
       exit.c.obj                     6       0         0      
       pre_init.c.obj                 4       0         0      
    +--+------------------------------+-------+---------+---------+
       Total:                         12178   557       4      
                                                               
    D:\develop\TI\CCS\ti_cgt_arm_llvm_4.0.4.LTS\lib\armv6m-ti-none-eabi/c/libsysbm.a
       hostexit.c.obj                 4       0         0      
    +--+------------------------------+-------+---------+---------+
       Total:                         4       0         0      
                                                               
    D:\develop\TI\CCS\ti_cgt_arm_llvm_4.0.4.LTS\lib\armv6m-ti-none-eabi/libclang_rt.builtins.a
       adddf3.S.obj                   418     0         0      
       divdf3.S.obj                   268     0         0      
       addsf3.S.obj                   232     0         0      
       muldf3.S.obj                   228     0         0      
       comparedf2.c.obj               220     0         0      
       udivmoddi4.S.obj               162     0         0      
       divsf3.S.obj                   146     0         0      
       mulsf3.S.obj                   140     0         0      
       comparesf2.S.obj               118     0         0      
       truncdfsf2.S.obj               116     0         0      
       aeabi_dcmp.S.obj               114     0         0      
       aeabi_fcmp.S.obj               98      0         0      
       aeabi_idivmod.S.obj            86      0         0      
       fixdfsi.S.obj                  74      0         0      
       aeabi_uidivmod.S.obj           64      0         0      
       extendsfdf2.S.obj              64      0         0      
       floatsisf.S.obj                60      0         0      
       muldsi3.S.obj                  58      0         0      
       fixsfsi.S.obj                  56      0         0      
       fixunssfsi.S.obj               50      0         0      
       floatsidf.S.obj                44      0         0      
       floatunsisf.S.obj              40      0         0      
       floatunsidf.S.obj              36      0         0      
       muldi3.S.obj                   36      0         0      
       ashldi3.S.obj                  30      0         0      
       aeabi_memset.S.obj             26      0         0      
       aeabi_uldivmod.S.obj           20      0         0      
       aeabi_memcpy.S.obj             8       0         0      
       aeabi_div0.c.obj               4       0         0      
    +--+------------------------------+-------+---------+---------+
       Total:                         3016    0         0      
                                                               
       Stack:                         0       0         512    
       Linker Generated:              0       82        0      
    +--+------------------------------+-------+---------+---------+
       Grand Total:                   34186   3533      1422   


LINKER GENERATED COPY TABLES

__TI_cinit_table @ 00009374 records: 2, size/record: 8, table size: 16
	.data: load addr=00009330, load size=0000002e bytes, run addr=20200270, run size=00000120 bytes, compression=lzss
	.bss: load addr=0000936c, load size=00000008 bytes, run addr=20200000, run size=00000270 bytes, compression=zero_init


LINKER GENERATED HANDLER TABLE

__TI_handler_table @ 00009360 records: 3, size/record: 4, table size: 12
	index: 0, handler: __TI_decompress_lzss
	index: 1, handler: __TI_decompress_none
	index: 2, handler: __TI_zero_init


FAR CALL TRAMPOLINES

callee name               trampoline name
   callee addr  tramp addr   call addr  call info
--------------  -----------  ---------  ----------------
__aeabi_dsub              $Tramp$TT$L$PI$$__aeabi_dsub
   0000354d     000085c0     000085be   libc.a : _printfi.c.obj (.text.OUTLINED_FUNCTION_0)
__aeabi_dcmpeq            $Tramp$TT$L$PI$$__aeabi_dcmpeq
   0000634d     000085ec     000085ea   libc.a : strtod.c.obj (.text.OUTLINED_FUNCTION_1)
__aeabi_fdiv              $Tramp$TT$L$PI$$__aeabi_fdiv
   00005c85     0000861c     00008618   libc.a : s_atanf.c.obj (.text.OUTLINED_FUNCTION_0)
__aeabi_fadd              $Tramp$TT$L$PI$$__aeabi_fadd
   0000509f     00008644     00008642   libc.a : s_atanf.c.obj (.text.OUTLINED_FUNCTION_1)
_c_int00_noargs           $Tramp$TT$L$PI$$_c_int00_noargs
   00007931     00008658     00008654   startup_mspm0g350x_ticlang.o (.text.Reset_Handler)

[5 trampolines]
[5 trampoline calls]


GLOBAL SYMBOLS: SORTED ALPHABETICALLY BY Name 

address   name                                 
-------   ----                                 
00008639  ADC0_IRQHandler                      
00008639  ADC1_IRQHandler                      
00008639  AES_IRQHandler                       
00005d09  AO_Control                           
00006069  AnglePD_Init                         
00007a99  AnglePD_Reset                        
00008435  AnglePD_SetKD                        
00008445  AnglePD_SetKP                        
000053c1  AnglePD_Update                       
00005d89  BO_Control                           
000031b9  ButtonMode_Select                    
00005701  ButtonMode_UpdateTimeDisplay         
0000863c  C$$EXIT                              
00008639  CANFD0_IRQHandler                    
00008639  DAC0_IRQHandler                      
000085ad  DL_Common_delayCycles                
000064d5  DL_I2C_fillControllerTXFIFO          
0000715d  DL_I2C_flushControllerTXFIFO         
0000797f  DL_I2C_setClockConfig                
00007c29  DL_SYSCTL_configFCC                  
00004ee1  DL_SYSCTL_configSYSPLL               
00006285  DL_SYSCTL_setHFCLKSourceHFXTParams   
00006f0d  DL_SYSCTL_switchMCLKfromSYSOSCtoHSCLK
00004919  DL_Timer_initFourCCPWMMode           
00004a1d  DL_Timer_initTimerMode               
00007cb5  DL_Timer_setCaptCompUpdateMethod     
00008095  DL_Timer_setCaptureCompareOutCtl     
00008485  DL_Timer_setCaptureCompareValue      
00007cd1  DL_Timer_setClockConfig              
00006ded  DL_UART_init                         
000083ff  DL_UART_setClockConfig               
00008639  DMA_IRQHandler                       
00008639  Default_Handler                      
00007a79  FollowLoop_DecayIntegral             
00008565  FollowLoop_GetBias                   
00008571  FollowLoop_GetBiasDeriv              
000079a5  FollowLoop_ResetIntegral             
000075c5  FollowLoop_SetCurvePID               
00007869  FollowLoop_SetKD                     
00007891  FollowLoop_SetKI                     
000078b9  FollowLoop_SetKP                     
000075f1  FollowLoop_SetStraightPID            
00006801  FollowLoop_SwitchToCurve             
00006855  FollowLoop_SwitchToStraight          
00008639  GROUP0_IRQHandler                    
00004b19  GROUP1_IRQHandler                    
00006ae1  GoStraight_GetCorrection             
0000516d  GoStraight_Poll                      
00008495  GoStraight_ResetPD                   
0000761d  GoStraight_SetKD                     
00007649  GoStraight_SetKP                     
00005521  GoStraight_Start                     
000059e1  GoStraight_StartAt                   
00007ced  GoStraight_Stop                      
0000863d  HOSTexit                             
00008639  HardFault_Handler                    
00008639  I2C0_IRQHandler                      
00008639  I2C1_IRQHandler                      
00007d09  IMU_AHRS_Attitude_Enable             
0000857d  IMU_AHRS_GetStatus                   
000062e9  IMU_AHRS_Get_Yaw_Compensated         
000039b5  IMU_AHRS_Init_Poll                   
000055c1  IMU_AHRS_Init_Start                  
00008589  IMU_AHRS_TurnAngle_Reset             
00001c35  IMU_AHRS_Update_Attitude             
0000384d  IMU_AHRS_Update_Data                 
00002c1d  IMU_AHRS_Yaw_Calib_Poll              
00006b31  IMU_AHRS_Yaw_Calib_Start             
0000701d  IRDM_CountBlackSensors               
000084a5  IRDM_GetCorrection                   
00006f51  IRDM_IsBlackLine                     
0000258d  IRDM_UpdatePositionPID               
00005831  IRDM_calculate_bias                  
00003b19  IRDM_read_sensors                    
00007d25  Interrupt_Init                       
00004289  Mixer_Apply                          
000078e1  Mixer_Init                           
00008339  Mixer_SetAngleDiff                   
0000834d  Mixer_SetBaseSpeed                   
00008361  Mixer_SetDiffScale                   
00008375  Mixer_SetFollowDiff                  
00008389  Mixer_SetOuterBoost                  
0000839d  Mixer_SetSpeedDiff                   
00008639  NMI_Handler                          
00006149  OLED_Clear                           
000046fd  OLED_Init                            
000071d5  OLED_Set_Pos                         
000044cd  OLED_ShowChar                        
000060d9  OLED_ShowString                      
00005799  OLED_WR_Byte                         
00008639  PendSV_Handler                       
00008639  RTC_IRQHandler                       
00008655  Reset_Handler                        
00008639  SPI0_IRQHandler                      
00008639  SPI1_IRQHandler                      
00008639  SVC_Handler                          
000027d1  SYSCFG_DL_GPIO_init                  
00006649  SYSCFG_DL_I2C_MPU6050_init           
000066a1  SYSCFG_DL_I2C_OLED_init              
000058c5  SYSCFG_DL_PWM_0_init                 
00007d41  SYSCFG_DL_SYSCTL_CLK_init            
00004d11  SYSCFG_DL_SYSCTL_SYSPLL_init         
00005e09  SYSCFG_DL_SYSCTL_init                
00008595  SYSCFG_DL_SYSTICK_init               
00007211  SYSCFG_DL_TIMER_0_init               
00007675  SYSCFG_DL_TIMER_ULTRASONIC_init      
000068a9  SYSCFG_DL_UART_0_init                
00006f95  SYSCFG_DL_init                       
00005661  SYSCFG_DL_initPower                  
0000166d  SemicircleFollow_Run                 
000084b5  SpeedLoop_GetCorrection              
000084c5  SysTick_Handler                      
00008125  SysTick_Init                         
00007429  TB6612_Motor_Stop                    
00008639  TIMA0_IRQHandler                     
00008639  TIMA1_IRQHandler                     
0000724d  TIMG0_IRQHandler                     
00008639  TIMG12_IRQHandler                    
00008639  TIMG6_IRQHandler                     
00008639  TIMG7_IRQHandler                     
00008639  TIMG8_IRQHandler                     
00008411  TI_memcpy_small                      
0000853d  TI_memset_small                      
00007d5d  Turn_Stop                            
00005af9  UART0_IRQHandler                     
00008639  UART1_IRQHandler                     
00008639  UART2_IRQHandler                     
00008639  UART3_IRQHandler                     
20208000  __STACK_END                          
00000200  __STACK_SIZE                         
00000000  __TI_ATRegion0_region_sz             
00000000  __TI_ATRegion0_src_addr              
00000000  __TI_ATRegion0_trg_addr              
00000000  __TI_ATRegion1_region_sz             
00000000  __TI_ATRegion1_src_addr              
00000000  __TI_ATRegion1_trg_addr              
00000000  __TI_ATRegion2_region_sz             
00000000  __TI_ATRegion2_src_addr              
00000000  __TI_ATRegion2_trg_addr              
00009374  __TI_CINIT_Base                      
00009384  __TI_CINIT_Limit                     
00009384  __TI_CINIT_Warm                      
00009360  __TI_Handler_Table_Base              
0000936c  __TI_Handler_Table_Limit             
0000733d  __TI_auto_init_nobinit_nopinit       
00005e89  __TI_decompress_lzss                 
00008423  __TI_decompress_none                 
000066f9  __TI_ltoa                            
ffffffff  __TI_pprof_out_hndl                  
00000c9d  __TI_printfi                         
ffffffff  __TI_prof_data_size                  
ffffffff  __TI_prof_data_start                 
000000c1  __TI_scanfi                          
00000000  __TI_static_base__                   
0000821d  __TI_zero_init_nomemset              
00003557  __adddf3                             
0000509f  __addsf3                             
00008e90  __aeabi_ctype_table_                 
00008e90  __aeabi_ctype_table_C                
00005f81  __aeabi_d2f                          
00006da1  __aeabi_d2iz                         
00003557  __aeabi_dadd                         
0000634d  __aeabi_dcmpeq                       
00006389  __aeabi_dcmpge                       
0000639d  __aeabi_dcmpgt                       
00006375  __aeabi_dcmple                       
00006361  __aeabi_dcmplt                       
0000480d  __aeabi_ddiv                         
00004dfd  __aeabi_dmul                         
0000354d  __aeabi_dsub                         
202002d4  __aeabi_errno                        
000085fd  __aeabi_errno_addr                   
0000709d  __aeabi_f2d                          
00007461  __aeabi_f2iz                         
000074d1  __aeabi_f2uiz                        
0000509f  __aeabi_fadd                         
000063b1  __aeabi_fcmpeq                       
000063ed  __aeabi_fcmpge                       
00006401  __aeabi_fcmpgt                       
000063d9  __aeabi_fcmple                       
000063c5  __aeabi_fcmplt                       
00005c85  __aeabi_fdiv                         
00005955  __aeabi_fmul                         
00005095  __aeabi_fsub                         
000076cd  __aeabi_i2d                          
00007289  __aeabi_i2f                          
000067a9  __aeabi_idiv                         
000036df  __aeabi_idiv0                        
000067a9  __aeabi_idivmod                      
0000551f  __aeabi_ldiv0                        
00007ad5  __aeabi_llsl                         
000079ed  __aeabi_lmul                         
000085a1  __aeabi_memclr                       
000085a1  __aeabi_memclr4                      
000085a1  __aeabi_memclr8                      
00008605  __aeabi_memcpy                       
00008605  __aeabi_memcpy4                      
00008605  __aeabi_memcpy8                      
00008521  __aeabi_memset                       
00008521  __aeabi_memset4                      
00008521  __aeabi_memset8                      
000079c9  __aeabi_ui2d                         
00007909  __aeabi_ui2f                         
0000705d  __aeabi_uidiv                        
0000705d  __aeabi_uidivmod                     
000083b1  __aeabi_uldivmod                     
00007ad5  __ashldi3                            
ffffffff  __binit__                            
000061b5  __cmpdf2                             
00007379  __cmpsf2                             
0000480d  __divdf3                             
00005c85  __divsf3                             
000061b5  __eqdf2                              
00007379  __eqsf2                              
0000709d  __extendsfdf2                        
00006da1  __fixdfsi                            
00007461  __fixsfsi                            
000074d1  __fixunssfsi                         
000076cd  __floatsidf                          
00007289  __floatsisf                          
000079c9  __floatunsidf                        
00007909  __floatunsisf                        
00005f05  __gedf2                              
000072c5  __gesf2                              
00005f05  __gtdf2                              
000072c5  __gtsf2                              
000061b5  __ledf2                              
00007379  __lesf2                              
000061b5  __ltdf2                              
00007379  __ltsf2                              
UNDEFED   __mpu_init                           
00004dfd  __muldf3                             
000079ed  __muldi3                             
000073b5  __muldsi3                            
00005955  __mulsf3                             
000061b5  __nedf2                              
00007379  __nesf2                              
20207e00  __stack                              
20200000  __start___llvm_prf_bits              
20200000  __start___llvm_prf_cnts              
20200000  __stop___llvm_prf_bits               
20200000  __stop___llvm_prf_cnts               
0000354d  __subdf3                             
00005095  __subsf3                             
00005f81  __truncdfsf2                         
0000547d  __udivmoddi4                         
00007931  _c_int00_noargs                      
UNDEFED   _system_post_cinit                   
00008669  _system_pre_init                     
00008633  abort                                
00008c60  asc2_0806                            
00008670  asc2_1608                            
000045e5  atan2f                               
00003385  atanf                                
000070dd  atoi                                 
ffffffff  binit                                
000084d5  delay_ms                             
20200384  enable_group1_irq                    
00006535  frexp                                
00006535  frexpl                               
20200000  gPWM_0Backup                         
202000bc  gTIMER_ULTRASONICBackup              
20200385  g_encoder_new_data                   
20200340  g_mode_start_time                    
20200387  g_run_mode                           
20200348  g_semicircle_base_speed              
2020034c  g_semicircle_speed_max               
20200350  g_semicircle_speed_min               
2020038b  g_vofa_stop                          
00000000  interruptVectors                     
00006e7d  lc_printf                            
00004fbd  ldexp                                
00004fbd  ldexpl                               
00004c15  main                                 
00007a35  memccpy                              
00006415  mpu6050_i2c_sda_unlock               
00007565  mspm0_delay_ms                       
000076f9  mspm0_get_clock_ms                   
00003efd  mspm0_i2c_read                       
000052fd  mspm0_i2c_write                      
00006475  oled_i2c_sda_unlock                  
00004fbd  scalbn                               
00004fbd  scalbnl                              
00007499  sprintf                              
00007595  sscanf                               
20200268  start_time                           
00005a71  strcmp                               
000021d5  strtod                               
00003c7d  strtol                               
000021d5  strtold                              
00002dfd  strtoll                              
0000415d  strtoul                              
000036e1  strtoull                             
2020026c  tick_ms                              
0000711d  vsnprintf                            
000084e5  wcslen                               


GLOBAL SYMBOLS: SORTED BY Symbol Address 

address   name                                 
-------   ----                                 
00000000  __TI_ATRegion0_region_sz             
00000000  __TI_ATRegion0_src_addr              
00000000  __TI_ATRegion0_trg_addr              
00000000  __TI_ATRegion1_region_sz             
00000000  __TI_ATRegion1_src_addr              
00000000  __TI_ATRegion1_trg_addr              
00000000  __TI_ATRegion2_region_sz             
00000000  __TI_ATRegion2_src_addr              
00000000  __TI_ATRegion2_trg_addr              
00000000  __TI_static_base__                   
00000000  interruptVectors                     
000000c1  __TI_scanfi                          
00000200  __STACK_SIZE                         
00000c9d  __TI_printfi                         
0000166d  SemicircleFollow_Run                 
00001c35  IMU_AHRS_Update_Attitude             
000021d5  strtod                               
000021d5  strtold                              
0000258d  IRDM_UpdatePositionPID               
000027d1  SYSCFG_DL_GPIO_init                  
00002c1d  IMU_AHRS_Yaw_Calib_Poll              
00002dfd  strtoll                              
000031b9  ButtonMode_Select                    
00003385  atanf                                
0000354d  __aeabi_dsub                         
0000354d  __subdf3                             
00003557  __adddf3                             
00003557  __aeabi_dadd                         
000036df  __aeabi_idiv0                        
000036e1  strtoull                             
0000384d  IMU_AHRS_Update_Data                 
000039b5  IMU_AHRS_Init_Poll                   
00003b19  IRDM_read_sensors                    
00003c7d  strtol                               
00003efd  mspm0_i2c_read                       
0000415d  strtoul                              
00004289  Mixer_Apply                          
000044cd  OLED_ShowChar                        
000045e5  atan2f                               
000046fd  OLED_Init                            
0000480d  __aeabi_ddiv                         
0000480d  __divdf3                             
00004919  DL_Timer_initFourCCPWMMode           
00004a1d  DL_Timer_initTimerMode               
00004b19  GROUP1_IRQHandler                    
00004c15  main                                 
00004d11  SYSCFG_DL_SYSCTL_SYSPLL_init         
00004dfd  __aeabi_dmul                         
00004dfd  __muldf3                             
00004ee1  DL_SYSCTL_configSYSPLL               
00004fbd  ldexp                                
00004fbd  ldexpl                               
00004fbd  scalbn                               
00004fbd  scalbnl                              
00005095  __aeabi_fsub                         
00005095  __subsf3                             
0000509f  __addsf3                             
0000509f  __aeabi_fadd                         
0000516d  GoStraight_Poll                      
000052fd  mspm0_i2c_write                      
000053c1  AnglePD_Update                       
0000547d  __udivmoddi4                         
0000551f  __aeabi_ldiv0                        
00005521  GoStraight_Start                     
000055c1  IMU_AHRS_Init_Start                  
00005661  SYSCFG_DL_initPower                  
00005701  ButtonMode_UpdateTimeDisplay         
00005799  OLED_WR_Byte                         
00005831  IRDM_calculate_bias                  
000058c5  SYSCFG_DL_PWM_0_init                 
00005955  __aeabi_fmul                         
00005955  __mulsf3                             
000059e1  GoStraight_StartAt                   
00005a71  strcmp                               
00005af9  UART0_IRQHandler                     
00005c85  __aeabi_fdiv                         
00005c85  __divsf3                             
00005d09  AO_Control                           
00005d89  BO_Control                           
00005e09  SYSCFG_DL_SYSCTL_init                
00005e89  __TI_decompress_lzss                 
00005f05  __gedf2                              
00005f05  __gtdf2                              
00005f81  __aeabi_d2f                          
00005f81  __truncdfsf2                         
00006069  AnglePD_Init                         
000060d9  OLED_ShowString                      
00006149  OLED_Clear                           
000061b5  __cmpdf2                             
000061b5  __eqdf2                              
000061b5  __ledf2                              
000061b5  __ltdf2                              
000061b5  __nedf2                              
00006285  DL_SYSCTL_setHFCLKSourceHFXTParams   
000062e9  IMU_AHRS_Get_Yaw_Compensated         
0000634d  __aeabi_dcmpeq                       
00006361  __aeabi_dcmplt                       
00006375  __aeabi_dcmple                       
00006389  __aeabi_dcmpge                       
0000639d  __aeabi_dcmpgt                       
000063b1  __aeabi_fcmpeq                       
000063c5  __aeabi_fcmplt                       
000063d9  __aeabi_fcmple                       
000063ed  __aeabi_fcmpge                       
00006401  __aeabi_fcmpgt                       
00006415  mpu6050_i2c_sda_unlock               
00006475  oled_i2c_sda_unlock                  
000064d5  DL_I2C_fillControllerTXFIFO          
00006535  frexp                                
00006535  frexpl                               
00006649  SYSCFG_DL_I2C_MPU6050_init           
000066a1  SYSCFG_DL_I2C_OLED_init              
000066f9  __TI_ltoa                            
000067a9  __aeabi_idiv                         
000067a9  __aeabi_idivmod                      
00006801  FollowLoop_SwitchToCurve             
00006855  FollowLoop_SwitchToStraight          
000068a9  SYSCFG_DL_UART_0_init                
00006ae1  GoStraight_GetCorrection             
00006b31  IMU_AHRS_Yaw_Calib_Start             
00006da1  __aeabi_d2iz                         
00006da1  __fixdfsi                            
00006ded  DL_UART_init                         
00006e7d  lc_printf                            
00006f0d  DL_SYSCTL_switchMCLKfromSYSOSCtoHSCLK
00006f51  IRDM_IsBlackLine                     
00006f95  SYSCFG_DL_init                       
0000701d  IRDM_CountBlackSensors               
0000705d  __aeabi_uidiv                        
0000705d  __aeabi_uidivmod                     
0000709d  __aeabi_f2d                          
0000709d  __extendsfdf2                        
000070dd  atoi                                 
0000711d  vsnprintf                            
0000715d  DL_I2C_flushControllerTXFIFO         
000071d5  OLED_Set_Pos                         
00007211  SYSCFG_DL_TIMER_0_init               
0000724d  TIMG0_IRQHandler                     
00007289  __aeabi_i2f                          
00007289  __floatsisf                          
000072c5  __gesf2                              
000072c5  __gtsf2                              
0000733d  __TI_auto_init_nobinit_nopinit       
00007379  __cmpsf2                             
00007379  __eqsf2                              
00007379  __lesf2                              
00007379  __ltsf2                              
00007379  __nesf2                              
000073b5  __muldsi3                            
00007429  TB6612_Motor_Stop                    
00007461  __aeabi_f2iz                         
00007461  __fixsfsi                            
00007499  sprintf                              
000074d1  __aeabi_f2uiz                        
000074d1  __fixunssfsi                         
00007565  mspm0_delay_ms                       
00007595  sscanf                               
000075c5  FollowLoop_SetCurvePID               
000075f1  FollowLoop_SetStraightPID            
0000761d  GoStraight_SetKD                     
00007649  GoStraight_SetKP                     
00007675  SYSCFG_DL_TIMER_ULTRASONIC_init      
000076cd  __aeabi_i2d                          
000076cd  __floatsidf                          
000076f9  mspm0_get_clock_ms                   
00007869  FollowLoop_SetKD                     
00007891  FollowLoop_SetKI                     
000078b9  FollowLoop_SetKP                     
000078e1  Mixer_Init                           
00007909  __aeabi_ui2f                         
00007909  __floatunsisf                        
00007931  _c_int00_noargs                      
0000797f  DL_I2C_setClockConfig                
000079a5  FollowLoop_ResetIntegral             
000079c9  __aeabi_ui2d                         
000079c9  __floatunsidf                        
000079ed  __aeabi_lmul                         
000079ed  __muldi3                             
00007a35  memccpy                              
00007a79  FollowLoop_DecayIntegral             
00007a99  AnglePD_Reset                        
00007ad5  __aeabi_llsl                         
00007ad5  __ashldi3                            
00007c29  DL_SYSCTL_configFCC                  
00007cb5  DL_Timer_setCaptCompUpdateMethod     
00007cd1  DL_Timer_setClockConfig              
00007ced  GoStraight_Stop                      
00007d09  IMU_AHRS_Attitude_Enable             
00007d25  Interrupt_Init                       
00007d41  SYSCFG_DL_SYSCTL_CLK_init            
00007d5d  Turn_Stop                            
00008095  DL_Timer_setCaptureCompareOutCtl     
00008125  SysTick_Init                         
0000821d  __TI_zero_init_nomemset              
00008339  Mixer_SetAngleDiff                   
0000834d  Mixer_SetBaseSpeed                   
00008361  Mixer_SetDiffScale                   
00008375  Mixer_SetFollowDiff                  
00008389  Mixer_SetOuterBoost                  
0000839d  Mixer_SetSpeedDiff                   
000083b1  __aeabi_uldivmod                     
000083ff  DL_UART_setClockConfig               
00008411  TI_memcpy_small                      
00008423  __TI_decompress_none                 
00008435  AnglePD_SetKD                        
00008445  AnglePD_SetKP                        
00008485  DL_Timer_setCaptureCompareValue      
00008495  GoStraight_ResetPD                   
000084a5  IRDM_GetCorrection                   
000084b5  SpeedLoop_GetCorrection              
000084c5  SysTick_Handler                      
000084d5  delay_ms                             
000084e5  wcslen                               
00008521  __aeabi_memset                       
00008521  __aeabi_memset4                      
00008521  __aeabi_memset8                      
0000853d  TI_memset_small                      
00008565  FollowLoop_GetBias                   
00008571  FollowLoop_GetBiasDeriv              
0000857d  IMU_AHRS_GetStatus                   
00008589  IMU_AHRS_TurnAngle_Reset             
00008595  SYSCFG_DL_SYSTICK_init               
000085a1  __aeabi_memclr                       
000085a1  __aeabi_memclr4                      
000085a1  __aeabi_memclr8                      
000085ad  DL_Common_delayCycles                
000085fd  __aeabi_errno_addr                   
00008605  __aeabi_memcpy                       
00008605  __aeabi_memcpy4                      
00008605  __aeabi_memcpy8                      
00008633  abort                                
00008639  ADC0_IRQHandler                      
00008639  ADC1_IRQHandler                      
00008639  AES_IRQHandler                       
00008639  CANFD0_IRQHandler                    
00008639  DAC0_IRQHandler                      
00008639  DMA_IRQHandler                       
00008639  Default_Handler                      
00008639  GROUP0_IRQHandler                    
00008639  HardFault_Handler                    
00008639  I2C0_IRQHandler                      
00008639  I2C1_IRQHandler                      
00008639  NMI_Handler                          
00008639  PendSV_Handler                       
00008639  RTC_IRQHandler                       
00008639  SPI0_IRQHandler                      
00008639  SPI1_IRQHandler                      
00008639  SVC_Handler                          
00008639  TIMA0_IRQHandler                     
00008639  TIMA1_IRQHandler                     
00008639  TIMG12_IRQHandler                    
00008639  TIMG6_IRQHandler                     
00008639  TIMG7_IRQHandler                     
00008639  TIMG8_IRQHandler                     
00008639  UART1_IRQHandler                     
00008639  UART2_IRQHandler                     
00008639  UART3_IRQHandler                     
0000863c  C$$EXIT                              
0000863d  HOSTexit                             
00008655  Reset_Handler                        
00008669  _system_pre_init                     
00008670  asc2_1608                            
00008c60  asc2_0806                            
00008e90  __aeabi_ctype_table_                 
00008e90  __aeabi_ctype_table_C                
00009360  __TI_Handler_Table_Base              
0000936c  __TI_Handler_Table_Limit             
00009374  __TI_CINIT_Base                      
00009384  __TI_CINIT_Limit                     
00009384  __TI_CINIT_Warm                      
20200000  __start___llvm_prf_bits              
20200000  __start___llvm_prf_cnts              
20200000  __stop___llvm_prf_bits               
20200000  __stop___llvm_prf_cnts               
20200000  gPWM_0Backup                         
202000bc  gTIMER_ULTRASONICBackup              
20200268  start_time                           
2020026c  tick_ms                              
202002d4  __aeabi_errno                        
20200340  g_mode_start_time                    
20200348  g_semicircle_base_speed              
2020034c  g_semicircle_speed_max               
20200350  g_semicircle_speed_min               
20200384  enable_group1_irq                    
20200385  g_encoder_new_data                   
20200387  g_run_mode                           
2020038b  g_vofa_stop                          
20207e00  __stack                              
20208000  __STACK_END                          
ffffffff  __TI_pprof_out_hndl                  
ffffffff  __TI_prof_data_size                  
ffffffff  __TI_prof_data_start                 
ffffffff  __binit__                            
ffffffff  binit                                
UNDEFED   __mpu_init                           
UNDEFED   _system_post_cinit                   

[296 symbols]
