******************************************************************************
            TI ARM Clang Linker PC v4.0.4                      
******************************************************************************
>> Linked Thu Jul 30 08:15:31 2026

OUTPUT FILE NAME:   <mpu6050-oled-hardware-i2c.out>
ENTRY POINT SYMBOL: "_c_int00_noargs"  address: 000079d9


MEMORY CONFIGURATION

         name            origin    length      used     unused   attr    fill
----------------------  --------  ---------  --------  --------  ----  --------
  FLASH                 00000000   00020000  00009518  00016ae8  R  X
  SRAM                  20200000   00008000  000005a1  00007a5f  RW X
  BCR_CONFIG            41c00000   000000ff  00000000  000000ff  R   
  BSL_CONFIG            41c00100   00000080  00000000  00000080  R   


SEGMENT ALLOCATION MAP

run origin  load origin   length   init length attrs members
----------  ----------- ---------- ----------- ----- -------
00000000    00000000    00009518   00009518    r-x
  00000000    00000000    000000c0   000000c0    r-- .intvecs
  000000c0    000000c0    000086a0   000086a0    r-x .text
  00008760    00008760    00000d70   00000d70    r-- .rodata
  000094d0    000094d0    00000048   00000048    r-- .cinit
20200000    20200000    000003a1   00000000    rw-
  20200000    20200000    00000290   00000000    rw- .bss
  20200290    20200290    00000111   00000000    rw- .data
20207e00    20207e00    00000200   00000000    rw-
  20207e00    20207e00    00000200   00000000    rw- .stack


SECTION ALLOCATION MAP

 output                                  attributes/
section   page    origin      length       input sections
--------  ----  ----------  ----------   ----------------
.intvecs   0    00000000    000000c0     
                  00000000    000000c0     startup_mspm0g350x_ticlang.o (.intvecs)

.text      0    000000c0    000086a0     
                  000000c0    00000bdc     libc.a : _scanfi.c.obj (.text.__TI_scanfi)
                  00000c9c    000009d0     main.o (.text.main)
                  0000166c    000009d0     libc.a : _printfi.c.obj (.text:__TI_printfi)
                  0000203c    000005a0     imu_ahrs.o (.text.IMU_AHRS_Update_Attitude)
                  000025dc    000003b8     libc.a : strtod.c.obj (.text.strtod)
                  00002994    00000244     follow.o (.text.IRDM_UpdatePositionPID)
                  00002bd8    0000022c     ti_msp_dl_config.o (.text.SYSCFG_DL_GPIO_init)
                  00002e04    00000220     libc.a : _printfi.c.obj (.text._pconv_a)
                  00003024    000001e0     imu_ahrs.o (.text.IMU_AHRS_Yaw_Calib_Poll)
                  00003204    000001e0     libc.a : strtoll.c.obj (.text.strtoll)
                  000033e4    000001dc            : _printfi.c.obj (.text._pconv_g)
                  000035c0    000001c8            : s_atanf.c.obj (.text.atanf)
                  00003788    00000192     libclang_rt.builtins.a : adddf3.S.obj (.text.adddf3_subdf3)
                  0000391a    00000002     vofa_debug.o (.text.VOFA_ReceivePoll)
                  0000391c    0000016c     libc.a : strtoull.c.obj (.text.strtoull)
                  00003a88    00000168     imu_ahrs.o (.text.IMU_AHRS_Update_Data)
                  00003bf0    00000164     imu_ahrs.o (.text.IMU_AHRS_Init_Poll)
                  00003d54    00000164     follow.o (.text.IRDM_read_sensors)
                  00003eb8    00000144     libc.a : strtol.c.obj (.text.strtol)
                  00003ffc    0000013c            : _printfi.c.obj (.text.fcvt)
                  00004138    00000134     mspm0_i2c.o (.text.mspm0_i2c_read)
                  0000426c    0000012c     vofa_debug.o (.text.VOFA_ParseCommand)
                  00004398    0000012c     libc.a : strtoul.c.obj (.text.strtoul)
                  000044c4    00000120            : _printfi.c.obj (.text._pconv_e)
                  000045e4    00000118     oled_hardware_i2c.o (.text.OLED_ShowChar)
                  000046fc    00000118     libc.a : e_atan2f.c.obj (.text.atan2f)
                  00004814    00000110     oled_hardware_i2c.o (.text.OLED_Init)
                  00004924    0000010c     libclang_rt.builtins.a : divdf3.S.obj (.text.__divdf3)
                  00004a30    00000104     driverlib.a : dl_timer.o (.text.DL_Timer_initFourCCPWMMode)
                  00004b34    000000fc                 : dl_timer.o (.text.DL_Timer_initTimerMode)
                  00004c30    000000fc     bsp_motor_hallencoder.o (.text.GROUP1_IRQHandler)
                  00004d2c    000000fc     control_mixer.o (.text.Mixer_Apply)
                  00004e28    000000ec     ti_msp_dl_config.o (.text.SYSCFG_DL_SYSCTL_SYSPLL_init)
                  00004f14    000000e4     libclang_rt.builtins.a : muldf3.S.obj (.text.__muldf3)
                  00004ff8    000000dc     driverlib.a : dl_sysctl_mspm0g1x0x_g3x0x.o (.text.DL_SYSCTL_configSYSPLL)
                  000050d4    000000d8     libc.a : s_scalbn.c.obj (.text.scalbn)
                  000051ac    000000d8     libclang_rt.builtins.a : addsf3.S.obj (.text)
                  00005284    000000cc     turn.o (.text.GoStraight_Poll)
                  00005350    000000c4     imu_ahrs.o (.text.imu_ahrs_calibrate_gyro_offset_step)
                  00005414    000000c4     mspm0_i2c.o (.text.mspm0_i2c_write)
                  000054d8    000000bc     angle_pid.o (.text.AnglePD_Update)
                  00005594    000000a2     libclang_rt.builtins.a : udivmoddi4.S.obj (.text)
                  00005636    00000002                            : aeabi_div0.c.obj (.text.__aeabi_idiv0)
                  00005638    000000a0     turn.o (.text.GoStraight_Start)
                  000056d8    000000a0     imu_ahrs.o (.text.IMU_AHRS_Init_Start)
                  00005778    000000a0     ti_msp_dl_config.o (.text.SYSCFG_DL_initPower)
                  00005818    000000a0     vofa_debug.o (.text.VOFA_Output)
                  000058b8    00000098     oled_hardware_i2c.o (.text.OLED_WR_Byte)
                  00005950    00000094     follow.o (.text.IRDM_calculate_bias)
                  000059e4    00000090     ti_msp_dl_config.o (.text.SYSCFG_DL_PWM_0_init)
                  00005a74    0000008c     libclang_rt.builtins.a : mulsf3.S.obj (.text.__mulsf3)
                  00005b00    00000088     turn.o (.text.GoStraight_StartAt)
                  00005b88    00000008     libc.a : _scanfi.c.obj (.text.OUTLINED_FUNCTION_0)
                  00005b90    00000088            : strcmp-armv6m.S.obj (.text:strcmp)
                  00005c18    00000084     vofa_debug.o (.text.UART0_IRQHandler)
                  00005c9c    00000084     clock.o (.text.__NVIC_SetPriority)
                  00005d20    00000084     ti_msp_dl_config.o (.text.__NVIC_SetPriority)
                  00005da4    00000082     libclang_rt.builtins.a : divsf3.S.obj (.text.__divsf3)
                  00005e26    00000002                            : aeabi_div0.c.obj (.text.__aeabi_ldiv0)
                  00005e28    00000080     bsp_tb6612.o (.text.AO_Control)
                  00005ea8    00000080     bsp_tb6612.o (.text.BO_Control)
                  00005f28    00000080     ti_msp_dl_config.o (.text.SYSCFG_DL_SYSCTL_init)
                  00005fa8    0000007c     libc.a : copy_decompress_lzss.c.obj (.text:decompress:lzss)
                  00006024    00000074     libclang_rt.builtins.a : comparedf2.c.obj (.text.__gedf2)
                  00006098    00000008     libc.a : strtod.c.obj (.text.OUTLINED_FUNCTION_0)
                  000060a0    00000074     libclang_rt.builtins.a : truncdfsf2.S.obj (.text.__truncdfsf2)
                  00006114    00000074     libc.a : sscanf.c.obj (.text._chkmbc)
                  00006188    00000070     angle_pid.o (.text.AnglePD_Init)
                  000061f8    00000070     oled_hardware_i2c.o (.text.OLED_ShowString)
                  00006268    0000006a     oled_hardware_i2c.o (.text.OLED_Clear)
                  000062d2    00000002     --HOLE-- [fill = 0]
                  000062d4    00000068     libclang_rt.builtins.a : comparedf2.c.obj (.text.__ledf2)
                  0000633c    00000066     libc.a : _printfi.c.obj (.text._mcpy)
                  000063a2    00000002     --HOLE-- [fill = 0]
                  000063a4    00000064     driverlib.a : dl_sysctl_mspm0g1x0x_g3x0x.o (.text.DL_SYSCTL_setHFCLKSourceHFXTParams)
                  00006408    00000064     imu_ahrs.o (.text.IMU_AHRS_Get_Yaw_Compensated)
                  0000646c    00000062     libclang_rt.builtins.a : aeabi_dcmp.S.obj (.text.__aeabi_dcmp)
                  000064ce    00000002     --HOLE-- [fill = 0]
                  000064d0    00000062                            : aeabi_fcmp.S.obj (.text.__aeabi_fcmp)
                  00006532    00000002     --HOLE-- [fill = 0]
                  00006534    00000060     mspm0_i2c.o (.text.mpu6050_i2c_sda_unlock)
                  00006594    00000060     oled_hardware_i2c.o (.text.oled_i2c_sda_unlock)
                  000065f4    0000005e     driverlib.a : dl_i2c.o (.text.DL_I2C_fillControllerTXFIFO)
                  00006652    00000002     --HOLE-- [fill = 0]
                  00006654    0000005c     libc.a : s_frexp.c.obj (.text.frexp)
                  000066b0    0000005c     mspm0_i2c.o (.text.mspm0_i2c_enable)
                  0000670c    0000005c     oled_hardware_i2c.o (.text.mspm0_i2c_enable)
                  00006768    00000058     ti_msp_dl_config.o (.text.SYSCFG_DL_I2C_MPU6050_init)
                  000067c0    00000058     ti_msp_dl_config.o (.text.SYSCFG_DL_I2C_OLED_init)
                  00006818    00000058     libc.a : _ltoa.c.obj (.text.__TI_ltoa)
                  00006870    00000058            : _printfi.c.obj (.text._pconv_f)
                  000068c8    00000056     libclang_rt.builtins.a : aeabi_idivmod.S.obj (.text.__aeabi_idivmod)
                  0000691e    00000002     --HOLE-- [fill = 0]
                  00006920    00000054     follow.o (.text.FollowLoop_SwitchToCurve)
                  00006974    00000054     follow.o (.text.FollowLoop_SwitchToStraight)
                  000069c8    00000054     ti_msp_dl_config.o (.text.SYSCFG_DL_UART_0_init)
                  00006a1c    00000052     libc.a : _printfi.c.obj (.text._ecpy)
                  00006a6e    00000002     --HOLE-- [fill = 0]
                  00006a70    00000050     mspm0_i2c.o (.text.DL_GPIO_initPeripheralInputFunctionFeatures)
                  00006ac0    00000050     oled_hardware_i2c.o (.text.DL_GPIO_initPeripheralInputFunctionFeatures)
                  00006b10    00000050     ti_msp_dl_config.o (.text.DL_GPIO_initPeripheralInputFunctionFeatures)
                  00006b60    00000050     mspm0_i2c.o (.text.DL_I2C_startControllerTransfer)
                  00006bb0    00000050     oled_hardware_i2c.o (.text.DL_I2C_startControllerTransfer)
                  00006c00    00000050     turn.o (.text.GoStraight_GetCorrection)
                  00006c50    00000050     imu_ahrs.o (.text.IMU_AHRS_Yaw_Calib_Start)
                  00006ca0    00000050     clock.o (.text.SysTick_Config)
                  00006cf0    00000050     ti_msp_dl_config.o (.text.SysTick_Config)
                  00006d40    00000050     imu_ahrs.o (.text.imu_ahrs_inv_sqrt)
                  00006d90    0000004c     mspm0_i2c.o (.text.DL_GPIO_initDigitalInputFeatures)
                  00006ddc    0000004c     oled_hardware_i2c.o (.text.DL_GPIO_initDigitalInputFeatures)
                  00006e28    0000004c     ti_msp_dl_config.o (.text.DL_GPIO_initDigitalInputFeatures)
                  00006e74    0000004c     ti_msp_dl_config.o (.text.DL_UART_setBaudRateDivisor)
                  00006ec0    0000004a     libclang_rt.builtins.a : fixdfsi.S.obj (.text.__fixdfsi)
                  00006f0a    00000002     --HOLE-- [fill = 0]
                  00006f0c    00000048     driverlib.a : dl_uart.o (.text.DL_UART_init)
                  00006f54    00000048     angle_pid.o (.text.clamp)
                  00006f9c    00000048     board.o (.text.lc_printf)
                  00006fe4    00000048     mspm0_i2c.o (.text.mspm0_i2c_disable)
                  0000702c    00000044     driverlib.a : dl_sysctl_mspm0g1x0x_g3x0x.o (.text.DL_SYSCTL_switchMCLKfromSYSOSCtoHSCLK)
                  00007070    00000044     follow.o (.text.IRDM_IsBlackLine)
                  000070b4    00000044     ti_msp_dl_config.o (.text.SYSCFG_DL_init)
                  000070f8    00000044     oled_hardware_i2c.o (.text.mspm0_i2c_disable)
                  0000713c    00000040     follow.o (.text.IRDM_CountBlackSensors)
                  0000717c    00000040     libclang_rt.builtins.a : aeabi_uidivmod.S.obj (.text.__aeabi_uidivmod)
                  000071bc    00000040                            : extendsfdf2.S.obj (.text.__extendsfdf2)
                  000071fc    00000040     libc.a : atoi.c.obj (.text.atoi)
                  0000723c    00000040            : vsnprintf.c.obj (.text.vsnprintf)
                  0000727c    0000003c     driverlib.a : dl_i2c.o (.text.DL_I2C_flushControllerTXFIFO)
                  000072b8    0000003c     ti_msp_dl_config.o (.text.DL_Timer_setCounterControl)
                  000072f4    0000003c     oled_hardware_i2c.o (.text.OLED_Set_Pos)
                  00007330    0000003c     ti_msp_dl_config.o (.text.SYSCFG_DL_TIMER_0_init)
                  0000736c    0000003c     bsp_motor_hallencoder.o (.text.TIMG0_IRQHandler)
                  000073a8    0000003c     libclang_rt.builtins.a : floatsisf.S.obj (.text.__floatsisf)
                  000073e4    0000003c                            : comparesf2.S.obj (.text.__gtsf2)
                  00007420    0000003c     board.o (.text.uart0_sendString)
                  0000745c    0000003c     libc.a : autoinit.c.obj (.text:__TI_auto_init_nobinit_nopinit)
                  00007498    0000003a     libclang_rt.builtins.a : comparesf2.S.obj (.text.__eqsf2)
                  000074d2    00000002     --HOLE-- [fill = 0]
                  000074d4    0000003a                            : muldsi3.S.obj (.text.__muldsi3)
                  0000750e    00000002     --HOLE-- [fill = 0]
                  00007510    00000038     ti_msp_dl_config.o (.text.DL_GPIO_initPeripheralOutputFunctionFeatures)
                  00007548    00000038     bsp_tb6612.o (.text.TB6612_Motor_Stop)
                  00007580    00000038     libclang_rt.builtins.a : fixsfsi.S.obj (.text.__fixsfsi)
                  000075b8    00000038     libc.a : sprintf.c.obj (.text.sprintf)
                  000075f0    00000034     follow.o (.text.IRDM_get_sensor_state)
                  00007624    00000032     libclang_rt.builtins.a : fixunssfsi.S.obj (.text.__fixunssfsi)
                  00007656    00000030     libc.a : _printfi.c.obj (.text._fcpy)
                  00007686    00000030            : vsnprintf.c.obj (.text._outs)
                  000076b6    00000002     --HOLE-- [fill = 0]
                  000076b8    00000030     clock.o (.text.mspm0_delay_ms)
                  000076e8    00000030     libc.a : sscanf.c.obj (.text.sscanf)
                  00007718    0000002c     ti_msp_dl_config.o (.text.SYSCFG_DL_TIMER_ULTRASONIC_init)
                  00007744    0000002c     interrupt.o (.text.__NVIC_EnableIRQ)
                  00007770    0000002c     vofa_debug.o (.text.__NVIC_EnableIRQ)
                  0000779c    0000002c     libclang_rt.builtins.a : floatsidf.S.obj (.text.__floatsidf)
                  000077c8    0000002c     clock.o (.text.mspm0_get_clock_ms)
                  000077f4    0000002c     board.o (.text.uart0_sendChar)
                  00007820    00000028     mspm0_i2c.o (.text.DL_Common_updateReg)
                  00007848    00000028     oled_hardware_i2c.o (.text.DL_Common_updateReg)
                  00007870    00000028     ti_msp_dl_config.o (.text.DL_Common_updateReg)
                  00007898    00000028     ti_msp_dl_config.o (.text.DL_I2C_setControllerRXFIFOThreshold)
                  000078c0    00000028     ti_msp_dl_config.o (.text.DL_I2C_setControllerTXFIFOThreshold)
                  000078e8    00000028     ti_msp_dl_config.o (.text.DL_UART_setRXFIFOThreshold)
                  00007910    00000028     ti_msp_dl_config.o (.text.DL_UART_setTXFIFOThreshold)
                  00007938    00000028     follow.o (.text.FollowLoop_SetKD)
                  00007960    00000028     follow.o (.text.FollowLoop_SetKI)
                  00007988    00000028     follow.o (.text.FollowLoop_SetKP)
                  000079b0    00000028     libclang_rt.builtins.a : floatunsisf.S.obj (.text.__floatunsisf)
                  000079d8    00000028     libc.a : boot_cortex_m.c.obj (.text:_c_int00_noargs)
                  00007a00    00000026     ti_msp_dl_config.o (.text.DL_I2C_setAnalogGlitchFilterPulseWidth)
                  00007a26    00000026     driverlib.a : dl_i2c.o (.text.DL_I2C_setClockConfig)
                  00007a4c    00000024     follow.o (.text.FollowLoop_ResetIntegral)
                  00007a70    00000024     vofa_debug.o (.text.VOFA_Init)
                  00007a94    00000024     libclang_rt.builtins.a : floatunsidf.S.obj (.text.__floatunsidf)
                  00007ab8    00000024                            : muldi3.S.obj (.text.__muldi3)
                  00007adc    00000024     imu_ahrs.o (.text.imu_ahrs_read_multi)
                  00007b00    00000022     libc.a : memccpy.c.obj (.text.memccpy)
                  00007b22    00000002     --HOLE-- [fill = 0]
                  00007b24    00000020     ti_msp_dl_config.o (.text.DL_SYSCTL_setFlashWaitState)
                  00007b44    00000020     follow.o (.text.FollowLoop_DecayIntegral)
                  00007b64    0000001e     angle_pid.o (.text.AnglePD_Reset)
                  00007b82    0000001e     ti_msp_dl_config.o (.text.DL_UART_setOversampling)
                  00007ba0    0000001e     libclang_rt.builtins.a : ashldi3.S.obj (.text.__ashldi3)
                  00007bbe    0000001e     imu_ahrs.o (.text.imu_ahrs_make_s16)
                  00007bdc    0000001c     bsp_motor_hallencoder.o (.text.DL_GPIO_clearInterruptStatus)
                  00007bf8    0000001c     ti_msp_dl_config.o (.text.DL_GPIO_clearInterruptStatus)
                  00007c14    0000001c     mspm0_i2c.o (.text.DL_GPIO_enableHiZ)
                  00007c30    0000001c     oled_hardware_i2c.o (.text.DL_GPIO_enableHiZ)
                  00007c4c    0000001c     ti_msp_dl_config.o (.text.DL_GPIO_enableHiZ)
                  00007c68    0000001c     ti_msp_dl_config.o (.text.DL_GPIO_enableInterrupt)
                  00007c84    0000001c     ti_msp_dl_config.o (.text.DL_GPIO_initPeripheralOutputFunction)
                  00007ca0    0000001c     ti_msp_dl_config.o (.text.DL_GPIO_setLowerPinsPolarity)
                  00007cbc    0000001c     oled_hardware_i2c.o (.text.DL_I2C_getSDAStatus)
                  00007cd8    0000001c     mspm0_i2c.o (.text.DL_I2C_isControllerRXFIFOEmpty)
                  00007cf4    0000001c     driverlib.a : dl_sysctl_mspm0g1x0x_g3x0x.o (.text.DL_SYSCTL_configFCC)
                  00007d10    0000001c     ti_msp_dl_config.o (.text.DL_SYSCTL_setFCCPeriods)
                  00007d2c    0000001c     ti_msp_dl_config.o (.text.DL_SYSCTL_setSYSOSCFreq)
                  00007d48    0000001c     ti_msp_dl_config.o (.text.DL_SYSCTL_setULPCLKDivider)
                  00007d64    0000001c     ti_msp_dl_config.o (.text.DL_Timer_enableInterrupt)
                  00007d80    0000001c     driverlib.a : dl_timer.o (.text.DL_Timer_setCaptCompUpdateMethod)
                  00007d9c    0000001c                 : dl_timer.o (.text.DL_Timer_setClockConfig)
                  00007db8    0000001c     vofa_debug.o (.text.DL_UART_enableInterrupt)
                  00007dd4    0000001c     turn.o (.text.GoStraight_Stop)
                  00007df0    0000001c     imu_ahrs.o (.text.IMU_AHRS_Attitude_Enable)
                  00007e0c    0000001c     interrupt.o (.text.Interrupt_Init)
                  00007e28    0000001c     control_mixer.o (.text.Mixer_Init)
                  00007e44    0000001c     ti_msp_dl_config.o (.text.SYSCFG_DL_SYSCTL_CLK_init)
                  00007e60    0000001c     turn.o (.text.Turn_Stop)
                  00007e7c    0000001c     imu_ahrs.o (.text.imu_ahrs_write_reg)
                  00007e98    00000018     mspm0_i2c.o (.text.DL_GPIO_enableOutput)
                  00007eb0    00000018     oled_hardware_i2c.o (.text.DL_GPIO_enableOutput)
                  00007ec8    00000018     ti_msp_dl_config.o (.text.DL_GPIO_enableOutput)
                  00007ee0    00000018     ti_msp_dl_config.o (.text.DL_GPIO_enablePower)
                  00007ef8    00000018     bsp_motor_hallencoder.o (.text.DL_GPIO_getEnabledInterruptStatus)
                  00007f10    00000018     mspm0_i2c.o (.text.DL_GPIO_initDigitalOutput)
                  00007f28    00000018     oled_hardware_i2c.o (.text.DL_GPIO_initDigitalOutput)
                  00007f40    00000018     ti_msp_dl_config.o (.text.DL_GPIO_initDigitalOutput)
                  00007f58    00000018     ti_msp_dl_config.o (.text.DL_GPIO_initPeripheralAnalogFunction)
                  00007f70    00000018     ti_msp_dl_config.o (.text.DL_GPIO_reset)
                  00007f88    00000018     bsp_tb6612.o (.text.DL_GPIO_setPins)
                  00007fa0    00000018     mspm0_i2c.o (.text.DL_GPIO_setPins)
                  00007fb8    00000018     oled_hardware_i2c.o (.text.DL_GPIO_setPins)
                  00007fd0    00000018     ti_msp_dl_config.o (.text.DL_GPIO_setPins)
                  00007fe8    00000018     ti_msp_dl_config.o (.text.DL_GPIO_setUpperPinsPolarity)
                  00008000    00000018     mspm0_i2c.o (.text.DL_I2C_clearInterruptStatus)
                  00008018    00000018     oled_hardware_i2c.o (.text.DL_I2C_clearInterruptStatus)
                  00008030    00000018     ti_msp_dl_config.o (.text.DL_I2C_enableAnalogGlitchFilter)
                  00008048    00000018     ti_msp_dl_config.o (.text.DL_I2C_enableController)
                  00008060    00000018     ti_msp_dl_config.o (.text.DL_I2C_enableControllerClockStretching)
                  00008078    00000018     mspm0_i2c.o (.text.DL_I2C_enablePower)
                  00008090    00000018     oled_hardware_i2c.o (.text.DL_I2C_enablePower)
                  000080a8    00000018     ti_msp_dl_config.o (.text.DL_I2C_enablePower)
                  000080c0    00000018     mspm0_i2c.o (.text.DL_I2C_getRawInterruptStatus)
                  000080d8    00000018     oled_hardware_i2c.o (.text.DL_I2C_getRawInterruptStatus)
                  000080f0    00000018     mspm0_i2c.o (.text.DL_I2C_reset)
                  00008108    00000018     oled_hardware_i2c.o (.text.DL_I2C_reset)
                  00008120    00000018     ti_msp_dl_config.o (.text.DL_I2C_reset)
                  00008138    00000018     ti_msp_dl_config.o (.text.DL_I2C_setTimerPeriod)
                  00008150    00000018     ti_msp_dl_config.o (.text.DL_SYSCTL_setBORThreshold)
                  00008168    00000018     ti_msp_dl_config.o (.text.DL_Timer_enablePower)
                  00008180    00000018     ti_msp_dl_config.o (.text.DL_Timer_reset)
                  00008198    00000018     driverlib.a : dl_timer.o (.text.DL_Timer_setCaptureCompareOutCtl)
                  000081b0    00000018     ti_msp_dl_config.o (.text.DL_UART_enableFIFOs)
                  000081c8    00000018     ti_msp_dl_config.o (.text.DL_UART_enablePower)
                  000081e0    00000018     board.o (.text.DL_UART_isBusy)
                  000081f8    00000018     vofa_debug.o (.text.DL_UART_isRXFIFOEmpty)
                  00008210    00000018     ti_msp_dl_config.o (.text.DL_UART_reset)
                  00008228    00000018     clock.o (.text.SysTick_Init)
                  00008240    00000018     libc.a : vsnprintf.c.obj (.text._outc)
                  00008258    00000018            : sprintf.c.obj (.text._outs)
                  00008270    00000016     bsp_motor_hallencoder.o (.text.DL_GPIO_readPins)
                  00008286    00000016     follow.o (.text.DL_GPIO_readPins)
                  0000829c    00000016     main.o (.text.DL_GPIO_readPins)
                  000082b2    00000016     mspm0_i2c.o (.text.DL_GPIO_readPins)
                  000082c8    00000016     oled_hardware_i2c.o (.text.DL_GPIO_readPins)
                  000082de    00000016     mspm0_i2c.o (.text.DL_I2C_transmitControllerData)
                  000082f4    00000016     ti_msp_dl_config.o (.text.DL_UART_enable)
                  0000830a    00000016     board.o (.text.DL_UART_transmitData)
                  00008320    00000016     libc.a : copy_zero_init.c.obj (.text:decompress:ZI:__TI_zero_init_nomemset)
                  00008336    00000014     bsp_tb6612.o (.text.DL_GPIO_clearPins)
                  0000834a    00000014     mspm0_i2c.o (.text.DL_GPIO_clearPins)
                  0000835e    00000014     oled_hardware_i2c.o (.text.DL_GPIO_clearPins)
                  00008372    00000014     ti_msp_dl_config.o (.text.DL_GPIO_clearPins)
                  00008386    00000002     --HOLE-- [fill = 0]
                  00008388    00000014     mspm0_i2c.o (.text.DL_I2C_getControllerStatus)
                  0000839c    00000014     oled_hardware_i2c.o (.text.DL_I2C_getControllerStatus)
                  000083b0    00000014     mspm0_i2c.o (.text.DL_I2C_receiveControllerData)
                  000083c4    00000014     ti_msp_dl_config.o (.text.DL_I2C_resetControllerTransfer)
                  000083d8    00000014     ti_msp_dl_config.o (.text.DL_SYSCTL_disableSYSPLL)
                  000083ec    00000014     ti_msp_dl_config.o (.text.DL_SYSCTL_enableSYSPLL)
                  00008400    00000014     ti_msp_dl_config.o (.text.DL_Timer_enableClock)
                  00008414    00000014     ti_msp_dl_config.o (.text.DL_Timer_setCCPDirection)
                  00008428    00000014     vofa_debug.o (.text.DL_UART_receiveData)
                  0000843c    00000014     control_mixer.o (.text.Mixer_SetAngleDiff)
                  00008450    00000014     control_mixer.o (.text.Mixer_SetBaseSpeed)
                  00008464    00000014     control_mixer.o (.text.Mixer_SetFollowDiff)
                  00008478    00000014     control_mixer.o (.text.Mixer_SetOuterBoost)
                  0000848c    00000014     control_mixer.o (.text.Mixer_SetSpeedDiff)
                  000084a0    00000014     libclang_rt.builtins.a : aeabi_uldivmod.S.obj (.text.__aeabi_uldivmod)
                  000084b4    00000014     libc.a : sscanf.c.obj (.text._inpchar)
                  000084c8    00000014            : _printfi.c.obj (.text.strchr)
                  000084dc    00000012     bsp_motor_hallencoder.o (.text.DL_Timer_getPendingInterrupt)
                  000084ee    00000012     driverlib.a : dl_uart.o (.text.DL_UART_setClockConfig)
                  00008500    00000012     libc.a : memcpy16.S.obj (.text:TI_memcpy_small)
                  00008512    00000012            : copy_decompress_none.c.obj (.text:decompress:none)
                  00008524    00000010     ti_msp_dl_config.o (.text.DL_SYSCTL_disableHFXT)
                  00008534    00000010     ti_msp_dl_config.o (.text.DL_SYSCTL_isFCCDone)
                  00008544    00000010     ti_msp_dl_config.o (.text.DL_SYSCTL_startFCC)
                  00008554    00000010     driverlib.a : dl_timer.o (.text.DL_Timer_setCaptureCompareValue)
                  00008564    00000010     turn.o (.text.GoStraight_ResetPD)
                  00008574    00000010     follow.o (.text.IRDM_GetCorrection)
                  00008584    00000010     speed_control.o (.text.SpeedLoop_GetCorrection)
                  00008594    00000010     interrupt.o (.text.SysTick_Handler)
                  000085a4    00000010     oled_hardware_i2c.o (.text.delay_ms)
                  000085b4    00000010     libc.a : wcslen.c.obj (.text.wcslen)
                  000085c4    0000000e            : _scanfi.c.obj (.text.OUTLINED_FUNCTION_1)
                  000085d2    0000000e            : _scanfi.c.obj (.text.OUTLINED_FUNCTION_2)
                  000085e0    0000000e            : _scanfi.c.obj (.text.OUTLINED_FUNCTION_4)
                  000085ee    00000002     --HOLE-- [fill = 0]
                  000085f0    0000000e     libclang_rt.builtins.a : aeabi_memset.S.obj (.text.__aeabi_memset)
                  000085fe    0000000e     libc.a : _printfi.c.obj (.text.strlen)
                  0000860c    0000000e            : memset16.S.obj (.text:TI_memset_small)
                  0000861a    00000002     --HOLE-- [fill = 0]
                  0000861c    0000000c     ti_msp_dl_config.o (.text.DL_SYSCTL_getClockStatus)
                  00008628    0000000c     ti_msp_dl_config.o (.text.DL_SYSCTL_readFCC)
                  00008634    0000000c     follow.o (.text.FollowLoop_GetBias)
                  00008640    0000000c     follow.o (.text.FollowLoop_GetBiasDeriv)
                  0000864c    0000000c     follow.o (.text.FollowLoop_GetDTerm)
                  00008658    0000000c     follow.o (.text.FollowLoop_GetITerm)
                  00008664    0000000c     follow.o (.text.FollowLoop_GetPTerm)
                  00008670    0000000c     imu_ahrs.o (.text.IMU_AHRS_GetStatus)
                  0000867c    0000000c     imu_ahrs.o (.text.IMU_AHRS_TurnAngle_Reset)
                  00008688    0000000c     ti_msp_dl_config.o (.text.SYSCFG_DL_SYSTICK_init)
                  00008694    0000000c     libclang_rt.builtins.a : aeabi_memset.S.obj (.text.__aeabi_memclr)
                  000086a0    0000000a     driverlib.a : dl_common.o (.text.DL_Common_delayCycles)
                  000086aa    0000000a     libc.a : _printfi.c.obj (.text.OUTLINED_FUNCTION_0)
                  000086b4    00000010     libclang_rt.builtins.a : adddf3.S.obj (.tramp.__aeabi_dsub.1)
                  000086c4    0000000a     libc.a : _printfi.c.obj (.text.OUTLINED_FUNCTION_1)
                  000086ce    0000000a            : sprintf.c.obj (.text._outc)
                  000086d8    00000008            : strtod.c.obj (.text.OUTLINED_FUNCTION_1)
                  000086e0    00000010     libclang_rt.builtins.a : aeabi_dcmp.S.obj (.tramp.__aeabi_dcmpeq.1)
                  000086f0    00000008     libc.a : aeabi_portable.c.obj (.text.__aeabi_errno_addr)
                  000086f8    00000008     libclang_rt.builtins.a : aeabi_memcpy.S.obj (.text.__aeabi_memcpy)
                  00008700    00000008     libc.a : sscanf.c.obj (.text._uninpchar)
                  00008708    00000006            : s_atanf.c.obj (.text.OUTLINED_FUNCTION_0)
                  0000870e    00000002     --HOLE-- [fill = 0]
                  00008710    00000010     libclang_rt.builtins.a : divsf3.S.obj (.tramp.__aeabi_fdiv.1)
                  00008720    00000006     libc.a : _scanfi.c.obj (.text.OUTLINED_FUNCTION_3)
                  00008726    00000006            : exit.c.obj (.text:abort)
                  0000872c    00000004     startup_mspm0g350x_ticlang.o (.text.Default_Handler)
                  00008730    00000004     libsysbm.a : hostexit.c.obj (.text.HOSTexit)
                  00008734    00000004     libc.a : s_atanf.c.obj (.text.OUTLINED_FUNCTION_1)
                  00008738    00000010     libclang_rt.builtins.a : addsf3.S.obj (.tramp.__aeabi_fadd.1)
                  00008748    00000004     startup_mspm0g350x_ticlang.o (.text.Reset_Handler)
                  0000874c    00000010     libc.a : boot_cortex_m.c.obj (.tramp._c_int00_noargs.1)
                  0000875c    00000004            : pre_init.c.obj (.text._system_pre_init)

.cinit     0    000094d0    00000048     
                  000094d0    00000023     (.cinit..data.load) [load image, compression = lzss]
                  000094f3    00000001     --HOLE-- [fill = 0]
                  000094f4    0000000c     (__TI_handler_table)
                  00009500    00000008     (.cinit..bss.load) [load image, compression = zero_init]
                  00009508    00000010     (__TI_cinit_table)

.rodata    0    00008760    00000d70     
                  00008760    000005f0     oled_hardware_i2c.o (.rodata.asc2_1608)
                  00008d50    00000228     oled_hardware_i2c.o (.rodata.asc2_0806)
                  00008f78    00000008     libc.a : _scanfi.c.obj (.rodata..L__const._sproc_float.special)
                  00008f80    00000101            : aeabi_ctype.S.obj (.rodata:__aeabi_ctype_table_)
                  00009081    00000007            : _scanfi.c.obj (.rodata._sproc_int.flit)
                  00009088    00000080            : strtod.c.obj (.rodata.digits)
                  00009108    00000048            : strtod.c.obj (.rodata.powerof10)
                  00009150    00000032     vofa_debug.o (.rodata.str1.5237880212041877651.1)
                  00009182    00000031     angle_pid.o (.rodata.str1.17946244033951315791.1)
                  000091b3    00000030     turn.o (.rodata.str1.7630309525740087319.1)
                  000091e3    0000002e     turn.o (.rodata.str1.15825708390215290014.1)
                  00009211    00000003     ti_msp_dl_config.o (.rodata.gPWM_0ClockConfig)
                  00009214    00000028     ti_msp_dl_config.o (.rodata.gSYSPLLConfig)
                  0000923c    00000021     bsp_tb6612.o (.rodata.str1.15091695396400935675.1)
                  0000925d    00000003     ti_msp_dl_config.o (.rodata.gTIMER_0ClockConfig)
                  00009260    00000020     libc.a : s_atanf.c.obj (.rodata.cst16)
                  00009280    00000020     follow.o (.rodata.cst32)
                  000092a0    0000001d     vofa_debug.o (.rodata.str1.832622803524188375.1)
                  000092bd    0000001c     turn.o (.rodata.str1.6605854860095091095.1)
                  000092d9    0000001c     vofa_debug.o (.rodata.str1.7189630249957793735.1)
                  000092f5    0000001a     turn.o (.rodata.str1.1448976492060665233.1)
                  0000930f    00000018     follow.o (.rodata.str1.18178574391210448268.1)
                  00009327    00000018     follow.o (.rodata.str1.2652027411992500410.1)
                  0000933f    00000018     follow.o (.rodata.str1.5931985603168994878.1)
                  00009357    00000017     main.o (.rodata.str1.14402440632258215044.1)
                  0000936e    00000002     ti_msp_dl_config.o (.rodata.gI2C_MPU6050ClockConfig)
                  00009370    00000014     ti_msp_dl_config.o (.rodata.gTIMER_0TimerConfig)
                  00009384    00000014     ti_msp_dl_config.o (.rodata.gTIMER_ULTRASONICTimerConfig)
                  00009398    00000014     vofa_debug.o (.rodata.str1.10891076048903020628.1)
                  000093ac    00000014     main.o (.rodata.str1.2123964117280943167.1)
                  000093c0    00000013     main.o (.rodata.str1.8154729771448623357.1)
                  000093d3    00000011     libc.a : _printfi.c.obj (.rodata.str1.10348868589481759720.1)
                  000093e4    00000011            : _printfi.c.obj (.rodata.str1.15363888844622738466.1)
                  000093f5    0000000f     main.o (.rodata.str1.17100691992556644108.1)
                  00009404    0000000f     main.o (.rodata.str1.18227636981041470289.1)
                  00009413    0000000f     main.o (.rodata.str1.2846389346932560359.1)
                  00009422    0000000d     main.o (.rodata.str1.12180500075719773345.1)
                  0000942f    0000000c     main.o (.rodata.str1.15159059442110792349.1)
                  0000943b    0000000b     main.o (.rodata.str1.11870794119293528247.1)
                  00009446    0000000b     main.o (.rodata.str1.14112174005742061988.1)
                  00009451    00000001     --HOLE-- [fill = 0]
                  00009452    0000000a     ti_msp_dl_config.o (.rodata.gUART_0Config)
                  0000945c    0000000a     vofa_debug.o (.rodata.str1.11806517368064402221.1)
                  00009466    0000000a     main.o (.rodata.str1.288608917962107522.1)
                  00009470    00000009     libc.a : _scanfi.c.obj (.rodata.str1.12964984209033246150.1)
                  00009479    00000003     ti_msp_dl_config.o (.rodata.gTIMER_ULTRASONICClockConfig)
                  0000947c    00000008     ti_msp_dl_config.o (.rodata.gPWM_0Config)
                  00009484    00000008     main.o (.rodata.str1.9059077390166914652.1)
                  0000948c    00000006     libc.a : _scanfi.c.obj (.rodata._sproc_int.barr)
                  00009492    00000005     vofa_debug.o (.rodata.str1.3353928566755970298.1)
                  00009497    00000005     main.o (.rodata.str1.8108965883388295311.1)
                  0000949c    00000005     vofa_debug.o (.rodata.str1.9050699289953225713.1)
                  000094a1    00000004     libc.a : _scanfi.c.obj (.rodata.str1.3403580589742030990.1)
                  000094a5    00000003     vofa_debug.o (.rodata.str1.10484139096401623572.1)
                  000094a8    00000003     vofa_debug.o (.rodata.str1.11161334823677404466.1)
                  000094ab    00000003     vofa_debug.o (.rodata.str1.12602603801916275315.1)
                  000094ae    00000003     vofa_debug.o (.rodata.str1.15624235433517460284.1)
                  000094b1    00000003     main.o (.rodata.str1.15996357275703397564.1)
                  000094b4    00000003     main.o (.rodata.str1.16265332423659789559.1)
                  000094b7    00000003     vofa_debug.o (.rodata.str1.16783799432960545502.1)
                  000094ba    00000003     vofa_debug.o (.rodata.str1.17981966462519096544.1)
                  000094bd    00000003     vofa_debug.o (.rodata.str1.5771549245972982501.1)
                  000094c0    00000003     vofa_debug.o (.rodata.str1.5790594398339545982.1)
                  000094c3    00000003     main.o (.rodata.str1.7702501944640899365.1)
                  000094c6    00000002     ti_msp_dl_config.o (.rodata.gI2C_OLEDClockConfig)
                  000094c8    00000002     ti_msp_dl_config.o (.rodata.gUART_0ClockConfig)
                  000094ca    00000006     --HOLE-- [fill = 0]

.init_array 
*          0    00000000    00000000     UNINITIALIZED

.binit     0    00000000    00000000     

.bss       0    20200000    00000290     UNINITIALIZED
                  20200000    000000bc     (.common:gPWM_0Backup)
                  202000bc    000000bc     (.common:gTIMER_ULTRASONICBackup)
                  20200178    00000058     imu_ahrs.o (.bss.g_imu)
                  202001d0    00000030     speed_control.o (.bss.g_speed_pid)
                  20200200    00000020     turn.o (.bss.g_straight_pd)
                  20200220    00000020     vofa_debug.o (.bss.rx_buf)
                  20200240    00000020     (.common:oled_buffer)
                  20200260    0000000e     imu_ahrs.o (.bss.g_calib_burst)
                  2020026e    00000002     --HOLE--
                  20200270    00000008     bsp_motor_hallencoder.o (.bss.Encoder_A)
                  20200278    00000008     bsp_motor_hallencoder.o (.bss.Encoder_B)
                  20200280    00000004     turn.o (.bss.g_straight_speed)
                  20200284    00000004     turn.o (.bss.g_straight_target_yaw)
                  20200288    00000004     (.common:start_time)
                  2020028c    00000004     (.common:tick_ms)

.data      0    20200290    00000111     UNINITIALIZED
                  20200290    00000020     follow.o (.data.sensor_history)
                  202002b0    00000008     imu_ahrs.o (.data.g_yaw_sum_t2)
                  202002b8    00000008     imu_ahrs.o (.data.g_yaw_sum_t)
                  202002c0    00000008     imu_ahrs.o (.data.g_yaw_sum_ty)
                  202002c8    00000008     imu_ahrs.o (.data.g_yaw_sum_y)
                  202002d0    00000008     follow.o (.data.sensor_filtered)
                  202002d8    00000008     follow.o (.data.sensor_states)
                  202002e0    00000004     libc.a : aeabi_portable.c.obj (.data.__aeabi_errno)
                  202002e4    00000004     follow.o (.data.follow_bias)
                  202002e8    00000004     follow.o (.data.follow_bias_deriv)
                  202002ec    00000004     follow.o (.data.follow_bias_filt)
                  202002f0    00000004     follow.o (.data.follow_d_filt)
                  202002f4    00000004     follow.o (.data.follow_d_term)
                  202002f8    00000004     follow.o (.data.follow_i_term)
                  202002fc    00000004     follow.o (.data.follow_p_term)
                  20200300    00000004     imu_ahrs.o (.data.g_calib_sum_x)
                  20200304    00000004     imu_ahrs.o (.data.g_calib_sum_y)
                  20200308    00000004     imu_ahrs.o (.data.g_calib_sum_z)
                  2020030c    00000004     follow.o (.data.g_follow_kd)
                  20200310    00000004     follow.o (.data.g_follow_ki)
                  20200314    00000004     follow.o (.data.g_follow_kp)
                  20200318    00000004     imu_ahrs.o (.data.g_init_deadline)
                  2020031c    00000004     imu_ahrs.o (.data.g_init_start_time)
                  20200320    00000004     imu_ahrs.o (.data.g_integral_fb_x)
                  20200324    00000004     imu_ahrs.o (.data.g_integral_fb_y)
                  20200328    00000004     imu_ahrs.o (.data.g_integral_fb_z)
                  2020032c    00000004     follow.o (.data.g_kd_curve)
                  20200330    00000004     follow.o (.data.g_kd_straight)
                  20200334    00000004     follow.o (.data.g_ki_curve)
                  20200338    00000004     follow.o (.data.g_ki_straight)
                  2020033c    00000004     follow.o (.data.g_kp_curve)
                  20200340    00000004     follow.o (.data.g_kp_straight)
                  20200344    00000004     control_mixer.o (.data.g_mix_base)
                  20200348    00000004     control_mixer.o (.data.g_outer_boost)
                  2020034c    00000004     imu_ahrs.o (.data.g_turn_angle)
                  20200350    00000004     imu_ahrs.o (.data.g_yaw_calib_count)
                  20200354    00000004     imu_ahrs.o (.data.g_yaw_calib_start_time)
                  20200358    00000004     imu_ahrs.o (.data.g_yaw_drift_k)
                  2020035c    00000004     imu_ahrs.o (.data.g_yaw_start_time)
                  20200360    00000004     follow.o (.data.integral)
                  20200364    00000004     follow.o (.data.last_bias)
                  20200368    00000004     main.o (.data.main.elapsed_frozen)
                  2020036c    00000004     main.o (.data.main.last_update)
                  20200370    00000004     main.o (.data.main.lost_since)
                  20200374    00000004     main.o (.data.main.sc_base_speed_f)
                  20200378    00000004     main.o (.data.main.sc_oled_last)
                  2020037c    00000004     main.o (.data.main.stop_cooldown_start)
                  20200380    00000004     main.o (.data.main.time_oled_last)
                  20200384    00000004     main.o (.data.main.vofa_last)
                  20200388    00000002     control_mixer.o (.data.g_angle_diff)
                  2020038a    00000002     imu_ahrs.o (.data.g_calib_sample_idx)
                  2020038c    00000002     control_mixer.o (.data.g_follow_diff)
                  2020038e    00000002     control_mixer.o (.data.g_speed_diff)
                  20200390    00000002     follow.o (.data.last_correction)
                  20200392    00000001     interrupt.o (.data.enable_group1_irq)
                  20200393    00000001     bsp_motor_hallencoder.o (.data.g_encoder_new_data)
                  20200394    00000001     imu_ahrs.o (.data.g_init_state)
                  20200395    00000001     imu_ahrs.o (.data.g_status)
                  20200396    00000001     turn.o (.data.g_straight_state)
                  20200397    00000001     turn.o (.data.g_turn_state)
                  20200398    00000001     vofa_debug.o (.data.g_vofa_stop)
                  20200399    00000001     imu_ahrs.o (.data.g_yaw_calib_state)
                  2020039a    00000001     imu_ahrs.o (.data.g_yaw_enable)
                  2020039b    00000001     main.o (.data.main.sc_speed_inited)
                  2020039c    00000001     main.o (.data.main.stop_cooldown_set)
                  2020039d    00000001     main.o (.data.main.was_lost)
                  2020039e    00000001     main.o (.data.main.was_on_curve)
                  2020039f    00000001     main.o (.data.main.yaw_calib_done)
                  202003a0    00000001     vofa_debug.o (.data.rx_idx)

.stack     0    20207e00    00000200     UNINITIALIZED
                  20207e00    00000004     libc.a : boot_cortex_m.c.obj (.stack)
                  20207e04    000001fc     --HOLE--

__llvm_prf_cnts 
*          0    20200000    00000000     UNINITIALIZED

__llvm_prf_bits 
*          0    20200000    00000000     UNINITIALIZED

MODULE SUMMARY

       Module                         code    ro data   rw data
       ------                         ----    -------   -------
    .\
       ti_msp_dl_config.o             3478    113       376    
       main.o                         2534    186       69     
       startup_mspm0g350x_ticlang.o   8       192       0      
    +--+------------------------------+-------+---------+---------+
       Total:                         6020    491       445    
                                                               
    .\Drivers\AnglePID\
       angle_pid.o                    402     49        0      
    +--+------------------------------+-------+---------+---------+
       Total:                         402     49        0      
                                                               
    .\Drivers\Encoder\
       bsp_motor_hallencoder.o        404     0         17     
       speed_control.o                16      0         48     
    +--+------------------------------+-------+---------+---------+
       Total:                         420     0         65     
                                                               
    .\Drivers\IMU_AHRS\
       imu_ahrs.o                     3398    0         192    
       mspm0_i2c.o                    1368    0         0      
    +--+------------------------------+-------+---------+---------+
       Total:                         4766    0         192    
                                                               
    .\Drivers\MSPM0\
       clock.o                        328     0         8      
       board.o                        222     0         0      
       interrupt.o                    88      0         1      
    +--+------------------------------+-------+---------+---------+
       Total:                         638     0         9      
                                                               
    .\Drivers\Mix_Control\
       control_mixer.o                380     0         14     
    +--+------------------------------+-------+---------+---------+
       Total:                         380     0         14     
                                                               
    .\Drivers\OLED_Hardware_I2C\
       oled_hardware_i2c.o            1816    2072      0      
    +--+------------------------------+-------+---------+---------+
       Total:                         1816    2072      0      
                                                               
    .\Drivers\TB6612_Motor\
       follow.o                       1722    104       122    
       turn.o                         652     148       42     
       bsp_tb6612.o                   356     33        0      
    +--+------------------------------+-------+---------+---------+
       Total:                         2730    285       164    
                                                               
    .\Drivers\VOFA\
       vofa_debug.o                   746     171       34     
    +--+------------------------------+-------+---------+---------+
       Total:                         746     171       34     
                                                               
    D:/develop/TI/CCS/mspm0_sdk_2_10_00_04/source/ti/driverlib/lib/ticlang/m0p/mspm0g1x0x_g3x0x/driverlib.a
       dl_timer.o                     608     0         0      
       dl_sysctl_mspm0g1x0x_g3x0x.o   416     0         0      
       dl_i2c.o                       192     0         0      
       dl_uart.o                      90      0         0      
       dl_common.o                    10      0         0      
    +--+------------------------------+-------+---------+---------+
       Total:                         1316    0         0      
                                                               
    D:\develop\TI\CCS\ti_cgt_arm_llvm_4.0.4.LTS\lib\armv6m-ti-none-eabi/c/libc.a
       _printfi.c.obj                 4510    34        0      
       _scanfi.c.obj                  3092    34        0      
       strtod.c.obj                   968     200       0      
       s_atanf.c.obj                  466     32        0      
       strtoll.c.obj                  480     0         0      
       strtoull.c.obj                 364     0         0      
       strtol.c.obj                   324     0         0      
       strtoul.c.obj                  300     0         0      
       e_atan2f.c.obj                 280     0         0      
       aeabi_ctype.S.obj              0       257       0      
       s_scalbn.c.obj                 216     0         0      
       sscanf.c.obj                   192     0         0      
       strcmp-armv6m.S.obj            136     0         0      
       vsnprintf.c.obj                136     0         0      
       copy_decompress_lzss.c.obj     124     0         0      
       s_frexp.c.obj                  92      0         0      
       sprintf.c.obj                  90      0         0      
       _ltoa.c.obj                    88      0         0      
       atoi.c.obj                     64      0         0      
       autoinit.c.obj                 60      0         0      
       boot_cortex_m.c.obj            56      0         0      
       memccpy.c.obj                  34      0         0      
       copy_zero_init.c.obj           22      0         0      
       copy_decompress_none.c.obj     18      0         0      
       memcpy16.S.obj                 18      0         0      
       wcslen.c.obj                   16      0         0      
       memset16.S.obj                 14      0         0      
       aeabi_portable.c.obj           8       0         4      
       exit.c.obj                     6       0         0      
       pre_init.c.obj                 4       0         0      
    +--+------------------------------+-------+---------+---------+
       Total:                         12178   557       4      
                                                               
    D:\develop\TI\CCS\ti_cgt_arm_llvm_4.0.4.LTS\lib\armv6m-ti-none-eabi/c/libsysbm.a
       hostexit.c.obj                 4       0         0      
    +--+------------------------------+-------+---------+---------+
       Total:                         4       0         0      
                                                               
    D:\develop\TI\CCS\ti_cgt_arm_llvm_4.0.4.LTS\lib\armv6m-ti-none-eabi/libclang_rt.builtins.a
       adddf3.S.obj                   418     0         0      
       divdf3.S.obj                   268     0         0      
       addsf3.S.obj                   232     0         0      
       muldf3.S.obj                   228     0         0      
       comparedf2.c.obj               220     0         0      
       udivmoddi4.S.obj               162     0         0      
       divsf3.S.obj                   146     0         0      
       mulsf3.S.obj                   140     0         0      
       comparesf2.S.obj               118     0         0      
       truncdfsf2.S.obj               116     0         0      
       aeabi_dcmp.S.obj               114     0         0      
       aeabi_fcmp.S.obj               98      0         0      
       aeabi_idivmod.S.obj            86      0         0      
       fixdfsi.S.obj                  74      0         0      
       aeabi_uidivmod.S.obj           64      0         0      
       extendsfdf2.S.obj              64      0         0      
       floatsisf.S.obj                60      0         0      
       muldsi3.S.obj                  58      0         0      
       fixsfsi.S.obj                  56      0         0      
       fixunssfsi.S.obj               50      0         0      
       floatsidf.S.obj                44      0         0      
       floatunsisf.S.obj              40      0         0      
       floatunsidf.S.obj              36      0         0      
       muldi3.S.obj                   36      0         0      
       ashldi3.S.obj                  30      0         0      
       aeabi_memset.S.obj             26      0         0      
       aeabi_uldivmod.S.obj           20      0         0      
       aeabi_memcpy.S.obj             8       0         0      
       aeabi_div0.c.obj               4       0         0      
    +--+------------------------------+-------+---------+---------+
       Total:                         3016    0         0      
                                                               
       Stack:                         0       0         512    
       Linker Generated:              0       71        0      
    +--+------------------------------+-------+---------+---------+
       Grand Total:                   34432   3696      1439   


LINKER GENERATED COPY TABLES

__TI_cinit_table @ 00009508 records: 2, size/record: 8, table size: 16
	.data: load addr=000094d0, load size=00000023 bytes, run addr=20200290, run size=00000111 bytes, compression=lzss
	.bss: load addr=00009500, load size=00000008 bytes, run addr=20200000, run size=00000290 bytes, compression=zero_init


LINKER GENERATED HANDLER TABLE

__TI_handler_table @ 000094f4 records: 3, size/record: 4, table size: 12
	index: 0, handler: __TI_decompress_lzss
	index: 1, handler: __TI_decompress_none
	index: 2, handler: __TI_zero_init


FAR CALL TRAMPOLINES

callee name               trampoline name
   callee addr  tramp addr   call addr  call info
--------------  -----------  ---------  ----------------
__aeabi_dsub              $Tramp$TT$L$PI$$__aeabi_dsub
   00003789     000086b4     000086b2   libc.a : _printfi.c.obj (.text.OUTLINED_FUNCTION_0)
__aeabi_dcmpeq            $Tramp$TT$L$PI$$__aeabi_dcmpeq
   0000646d     000086e0     000086de   libc.a : strtod.c.obj (.text.OUTLINED_FUNCTION_1)
__aeabi_fdiv              $Tramp$TT$L$PI$$__aeabi_fdiv
   00005da5     00008710     0000870c   libc.a : s_atanf.c.obj (.text.OUTLINED_FUNCTION_0)
__aeabi_fadd              $Tramp$TT$L$PI$$__aeabi_fadd
   000051b7     00008738     00008736   libc.a : s_atanf.c.obj (.text.OUTLINED_FUNCTION_1)
_c_int00_noargs           $Tramp$TT$L$PI$$_c_int00_noargs
   000079d9     0000874c     00008748   startup_mspm0g350x_ticlang.o (.text.Reset_Handler)

[5 trampolines]
[5 trampoline calls]


GLOBAL SYMBOLS: SORTED ALPHABETICALLY BY Name 

address   name                                 
-------   ----                                 
0000872d  ADC0_IRQHandler                      
0000872d  ADC1_IRQHandler                      
0000872d  AES_IRQHandler                       
00005e29  AO_Control                           
00006189  AnglePD_Init                         
00007b65  AnglePD_Reset                        
000054d9  AnglePD_Update                       
00005ea9  BO_Control                           
00008730  C$$EXIT                              
0000872d  CANFD0_IRQHandler                    
0000872d  DAC0_IRQHandler                      
000086a1  DL_Common_delayCycles                
000065f5  DL_I2C_fillControllerTXFIFO          
0000727d  DL_I2C_flushControllerTXFIFO         
00007a27  DL_I2C_setClockConfig                
00007cf5  DL_SYSCTL_configFCC                  
00004ff9  DL_SYSCTL_configSYSPLL               
000063a5  DL_SYSCTL_setHFCLKSourceHFXTParams   
0000702d  DL_SYSCTL_switchMCLKfromSYSOSCtoHSCLK
00004a31  DL_Timer_initFourCCPWMMode           
00004b35  DL_Timer_initTimerMode               
00007d81  DL_Timer_setCaptCompUpdateMethod     
00008199  DL_Timer_setCaptureCompareOutCtl     
00008555  DL_Timer_setCaptureCompareValue      
00007d9d  DL_Timer_setClockConfig              
00006f0d  DL_UART_init                         
000084ef  DL_UART_setClockConfig               
0000872d  DMA_IRQHandler                       
0000872d  Default_Handler                      
00007b45  FollowLoop_DecayIntegral             
00008635  FollowLoop_GetBias                   
00008641  FollowLoop_GetBiasDeriv              
0000864d  FollowLoop_GetDTerm                  
00008659  FollowLoop_GetITerm                  
00008665  FollowLoop_GetPTerm                  
00007a4d  FollowLoop_ResetIntegral             
00007939  FollowLoop_SetKD                     
00007961  FollowLoop_SetKI                     
00007989  FollowLoop_SetKP                     
00006921  FollowLoop_SwitchToCurve             
00006975  FollowLoop_SwitchToStraight          
0000872d  GROUP0_IRQHandler                    
00004c31  GROUP1_IRQHandler                    
00006c01  GoStraight_GetCorrection             
00005285  GoStraight_Poll                      
00008565  GoStraight_ResetPD                   
00005639  GoStraight_Start                     
00005b01  GoStraight_StartAt                   
00007dd5  GoStraight_Stop                      
00008731  HOSTexit                             
0000872d  HardFault_Handler                    
0000872d  I2C0_IRQHandler                      
0000872d  I2C1_IRQHandler                      
00007df1  IMU_AHRS_Attitude_Enable             
00008671  IMU_AHRS_GetStatus                   
00006409  IMU_AHRS_Get_Yaw_Compensated         
00003bf1  IMU_AHRS_Init_Poll                   
000056d9  IMU_AHRS_Init_Start                  
0000867d  IMU_AHRS_TurnAngle_Reset             
0000203d  IMU_AHRS_Update_Attitude             
00003a89  IMU_AHRS_Update_Data                 
00003025  IMU_AHRS_Yaw_Calib_Poll              
00006c51  IMU_AHRS_Yaw_Calib_Start             
0000713d  IRDM_CountBlackSensors               
00008575  IRDM_GetCorrection                   
00007071  IRDM_IsBlackLine                     
00002995  IRDM_UpdatePositionPID               
00005951  IRDM_calculate_bias                  
000075f1  IRDM_get_sensor_state                
00003d55  IRDM_read_sensors                    
00007e0d  Interrupt_Init                       
00004d2d  Mixer_Apply                          
00007e29  Mixer_Init                           
0000843d  Mixer_SetAngleDiff                   
00008451  Mixer_SetBaseSpeed                   
00008465  Mixer_SetFollowDiff                  
00008479  Mixer_SetOuterBoost                  
0000848d  Mixer_SetSpeedDiff                   
0000872d  NMI_Handler                          
00006269  OLED_Clear                           
00004815  OLED_Init                            
000072f5  OLED_Set_Pos                         
000045e5  OLED_ShowChar                        
000061f9  OLED_ShowString                      
000058b9  OLED_WR_Byte                         
0000872d  PendSV_Handler                       
0000872d  RTC_IRQHandler                       
00008749  Reset_Handler                        
0000872d  SPI0_IRQHandler                      
0000872d  SPI1_IRQHandler                      
0000872d  SVC_Handler                          
00002bd9  SYSCFG_DL_GPIO_init                  
00006769  SYSCFG_DL_I2C_MPU6050_init           
000067c1  SYSCFG_DL_I2C_OLED_init              
000059e5  SYSCFG_DL_PWM_0_init                 
00007e45  SYSCFG_DL_SYSCTL_CLK_init            
00004e29  SYSCFG_DL_SYSCTL_SYSPLL_init         
00005f29  SYSCFG_DL_SYSCTL_init                
00008689  SYSCFG_DL_SYSTICK_init               
00007331  SYSCFG_DL_TIMER_0_init               
00007719  SYSCFG_DL_TIMER_ULTRASONIC_init      
000069c9  SYSCFG_DL_UART_0_init                
000070b5  SYSCFG_DL_init                       
00005779  SYSCFG_DL_initPower                  
00008585  SpeedLoop_GetCorrection              
00008595  SysTick_Handler                      
00008229  SysTick_Init                         
00007549  TB6612_Motor_Stop                    
0000872d  TIMA0_IRQHandler                     
0000872d  TIMA1_IRQHandler                     
0000736d  TIMG0_IRQHandler                     
0000872d  TIMG12_IRQHandler                    
0000872d  TIMG6_IRQHandler                     
0000872d  TIMG7_IRQHandler                     
0000872d  TIMG8_IRQHandler                     
00008501  TI_memcpy_small                      
0000860d  TI_memset_small                      
00007e61  Turn_Stop                            
00005c19  UART0_IRQHandler                     
0000872d  UART1_IRQHandler                     
0000872d  UART2_IRQHandler                     
0000872d  UART3_IRQHandler                     
00007a71  VOFA_Init                            
00005819  VOFA_Output                          
0000391b  VOFA_ReceivePoll                     
20208000  __STACK_END                          
00000200  __STACK_SIZE                         
00000000  __TI_ATRegion0_region_sz             
00000000  __TI_ATRegion0_src_addr              
00000000  __TI_ATRegion0_trg_addr              
00000000  __TI_ATRegion1_region_sz             
00000000  __TI_ATRegion1_src_addr              
00000000  __TI_ATRegion1_trg_addr              
00000000  __TI_ATRegion2_region_sz             
00000000  __TI_ATRegion2_src_addr              
00000000  __TI_ATRegion2_trg_addr              
00009508  __TI_CINIT_Base                      
00009518  __TI_CINIT_Limit                     
00009518  __TI_CINIT_Warm                      
000094f4  __TI_Handler_Table_Base              
00009500  __TI_Handler_Table_Limit             
0000745d  __TI_auto_init_nobinit_nopinit       
00005fa9  __TI_decompress_lzss                 
00008513  __TI_decompress_none                 
00006819  __TI_ltoa                            
ffffffff  __TI_pprof_out_hndl                  
0000166d  __TI_printfi                         
ffffffff  __TI_prof_data_size                  
ffffffff  __TI_prof_data_start                 
000000c1  __TI_scanfi                          
00000000  __TI_static_base__                   
00008321  __TI_zero_init_nomemset              
00003793  __adddf3                             
000051b7  __addsf3                             
00008f80  __aeabi_ctype_table_                 
00008f80  __aeabi_ctype_table_C                
000060a1  __aeabi_d2f                          
00006ec1  __aeabi_d2iz                         
00003793  __aeabi_dadd                         
0000646d  __aeabi_dcmpeq                       
000064a9  __aeabi_dcmpge                       
000064bd  __aeabi_dcmpgt                       
00006495  __aeabi_dcmple                       
00006481  __aeabi_dcmplt                       
00004925  __aeabi_ddiv                         
00004f15  __aeabi_dmul                         
00003789  __aeabi_dsub                         
202002e0  __aeabi_errno                        
000086f1  __aeabi_errno_addr                   
000071bd  __aeabi_f2d                          
00007581  __aeabi_f2iz                         
00007625  __aeabi_f2uiz                        
000051b7  __aeabi_fadd                         
000064d1  __aeabi_fcmpeq                       
0000650d  __aeabi_fcmpge                       
00006521  __aeabi_fcmpgt                       
000064f9  __aeabi_fcmple                       
000064e5  __aeabi_fcmplt                       
00005da5  __aeabi_fdiv                         
00005a75  __aeabi_fmul                         
000051ad  __aeabi_fsub                         
0000779d  __aeabi_i2d                          
000073a9  __aeabi_i2f                          
000068c9  __aeabi_idiv                         
00005637  __aeabi_idiv0                        
000068c9  __aeabi_idivmod                      
00005e27  __aeabi_ldiv0                        
00007ba1  __aeabi_llsl                         
00007ab9  __aeabi_lmul                         
00008695  __aeabi_memclr                       
00008695  __aeabi_memclr4                      
00008695  __aeabi_memclr8                      
000086f9  __aeabi_memcpy                       
000086f9  __aeabi_memcpy4                      
000086f9  __aeabi_memcpy8                      
000085f1  __aeabi_memset                       
000085f1  __aeabi_memset4                      
000085f1  __aeabi_memset8                      
00007a95  __aeabi_ui2d                         
000079b1  __aeabi_ui2f                         
0000717d  __aeabi_uidiv                        
0000717d  __aeabi_uidivmod                     
000084a1  __aeabi_uldivmod                     
00007ba1  __ashldi3                            
ffffffff  __binit__                            
000062d5  __cmpdf2                             
00007499  __cmpsf2                             
00004925  __divdf3                             
00005da5  __divsf3                             
000062d5  __eqdf2                              
00007499  __eqsf2                              
000071bd  __extendsfdf2                        
00006ec1  __fixdfsi                            
00007581  __fixsfsi                            
00007625  __fixunssfsi                         
0000779d  __floatsidf                          
000073a9  __floatsisf                          
00007a95  __floatunsidf                        
000079b1  __floatunsisf                        
00006025  __gedf2                              
000073e5  __gesf2                              
00006025  __gtdf2                              
000073e5  __gtsf2                              
000062d5  __ledf2                              
00007499  __lesf2                              
000062d5  __ltdf2                              
00007499  __ltsf2                              
UNDEFED   __mpu_init                           
00004f15  __muldf3                             
00007ab9  __muldi3                             
000074d5  __muldsi3                            
00005a75  __mulsf3                             
000062d5  __nedf2                              
00007499  __nesf2                              
20207e00  __stack                              
20200000  __start___llvm_prf_bits              
20200000  __start___llvm_prf_cnts              
20200000  __stop___llvm_prf_bits               
20200000  __stop___llvm_prf_cnts               
00003789  __subdf3                             
000051ad  __subsf3                             
000060a1  __truncdfsf2                         
00005595  __udivmoddi4                         
000079d9  _c_int00_noargs                      
UNDEFED   _system_post_cinit                   
0000875d  _system_pre_init                     
00008727  abort                                
00008d50  asc2_0806                            
00008760  asc2_1608                            
000046fd  atan2f                               
000035c1  atanf                                
000071fd  atoi                                 
ffffffff  binit                                
000085a5  delay_ms                             
20200392  enable_group1_irq                    
00006655  frexp                                
00006655  frexpl                               
20200000  gPWM_0Backup                         
202000bc  gTIMER_ULTRASONICBackup              
20200393  g_encoder_new_data                   
20200398  g_vofa_stop                          
00000000  interruptVectors                     
00006f9d  lc_printf                            
000050d5  ldexp                                
000050d5  ldexpl                               
00000c9d  main                                 
00007b01  memccpy                              
00006535  mpu6050_i2c_sda_unlock               
000076b9  mspm0_delay_ms                       
000077c9  mspm0_get_clock_ms                   
00004139  mspm0_i2c_read                       
00005415  mspm0_i2c_write                      
20200240  oled_buffer                          
00006595  oled_i2c_sda_unlock                  
000050d5  scalbn                               
000050d5  scalbnl                              
000075b9  sprintf                              
000076e9  sscanf                               
20200288  start_time                           
00005b91  strcmp                               
000025dd  strtod                               
00003eb9  strtol                               
000025dd  strtold                              
00003205  strtoll                              
00004399  strtoul                              
0000391d  strtoull                             
2020028c  tick_ms                              
0000723d  vsnprintf                            
000085b5  wcslen                               


GLOBAL SYMBOLS: SORTED BY Symbol Address 

address   name                                 
-------   ----                                 
00000000  __TI_ATRegion0_region_sz             
00000000  __TI_ATRegion0_src_addr              
00000000  __TI_ATRegion0_trg_addr              
00000000  __TI_ATRegion1_region_sz             
00000000  __TI_ATRegion1_src_addr              
00000000  __TI_ATRegion1_trg_addr              
00000000  __TI_ATRegion2_region_sz             
00000000  __TI_ATRegion2_src_addr              
00000000  __TI_ATRegion2_trg_addr              
00000000  __TI_static_base__                   
00000000  interruptVectors                     
000000c1  __TI_scanfi                          
00000200  __STACK_SIZE                         
00000c9d  main                                 
0000166d  __TI_printfi                         
0000203d  IMU_AHRS_Update_Attitude             
000025dd  strtod                               
000025dd  strtold                              
00002995  IRDM_UpdatePositionPID               
00002bd9  SYSCFG_DL_GPIO_init                  
00003025  IMU_AHRS_Yaw_Calib_Poll              
00003205  strtoll                              
000035c1  atanf                                
00003789  __aeabi_dsub                         
00003789  __subdf3                             
00003793  __adddf3                             
00003793  __aeabi_dadd                         
0000391b  VOFA_ReceivePoll                     
0000391d  strtoull                             
00003a89  IMU_AHRS_Update_Data                 
00003bf1  IMU_AHRS_Init_Poll                   
00003d55  IRDM_read_sensors                    
00003eb9  strtol                               
00004139  mspm0_i2c_read                       
00004399  strtoul                              
000045e5  OLED_ShowChar                        
000046fd  atan2f                               
00004815  OLED_Init                            
00004925  __aeabi_ddiv                         
00004925  __divdf3                             
00004a31  DL_Timer_initFourCCPWMMode           
00004b35  DL_Timer_initTimerMode               
00004c31  GROUP1_IRQHandler                    
00004d2d  Mixer_Apply                          
00004e29  SYSCFG_DL_SYSCTL_SYSPLL_init         
00004f15  __aeabi_dmul                         
00004f15  __muldf3                             
00004ff9  DL_SYSCTL_configSYSPLL               
000050d5  ldexp                                
000050d5  ldexpl                               
000050d5  scalbn                               
000050d5  scalbnl                              
000051ad  __aeabi_fsub                         
000051ad  __subsf3                             
000051b7  __addsf3                             
000051b7  __aeabi_fadd                         
00005285  GoStraight_Poll                      
00005415  mspm0_i2c_write                      
000054d9  AnglePD_Update                       
00005595  __udivmoddi4                         
00005637  __aeabi_idiv0                        
00005639  GoStraight_Start                     
000056d9  IMU_AHRS_Init_Start                  
00005779  SYSCFG_DL_initPower                  
00005819  VOFA_Output                          
000058b9  OLED_WR_Byte                         
00005951  IRDM_calculate_bias                  
000059e5  SYSCFG_DL_PWM_0_init                 
00005a75  __aeabi_fmul                         
00005a75  __mulsf3                             
00005b01  GoStraight_StartAt                   
00005b91  strcmp                               
00005c19  UART0_IRQHandler                     
00005da5  __aeabi_fdiv                         
00005da5  __divsf3                             
00005e27  __aeabi_ldiv0                        
00005e29  AO_Control                           
00005ea9  BO_Control                           
00005f29  SYSCFG_DL_SYSCTL_init                
00005fa9  __TI_decompress_lzss                 
00006025  __gedf2                              
00006025  __gtdf2                              
000060a1  __aeabi_d2f                          
000060a1  __truncdfsf2                         
00006189  AnglePD_Init                         
000061f9  OLED_ShowString                      
00006269  OLED_Clear                           
000062d5  __cmpdf2                             
000062d5  __eqdf2                              
000062d5  __ledf2                              
000062d5  __ltdf2                              
000062d5  __nedf2                              
000063a5  DL_SYSCTL_setHFCLKSourceHFXTParams   
00006409  IMU_AHRS_Get_Yaw_Compensated         
0000646d  __aeabi_dcmpeq                       
00006481  __aeabi_dcmplt                       
00006495  __aeabi_dcmple                       
000064a9  __aeabi_dcmpge                       
000064bd  __aeabi_dcmpgt                       
000064d1  __aeabi_fcmpeq                       
000064e5  __aeabi_fcmplt                       
000064f9  __aeabi_fcmple                       
0000650d  __aeabi_fcmpge                       
00006521  __aeabi_fcmpgt                       
00006535  mpu6050_i2c_sda_unlock               
00006595  oled_i2c_sda_unlock                  
000065f5  DL_I2C_fillControllerTXFIFO          
00006655  frexp                                
00006655  frexpl                               
00006769  SYSCFG_DL_I2C_MPU6050_init           
000067c1  SYSCFG_DL_I2C_OLED_init              
00006819  __TI_ltoa                            
000068c9  __aeabi_idiv                         
000068c9  __aeabi_idivmod                      
00006921  FollowLoop_SwitchToCurve             
00006975  FollowLoop_SwitchToStraight          
000069c9  SYSCFG_DL_UART_0_init                
00006c01  GoStraight_GetCorrection             
00006c51  IMU_AHRS_Yaw_Calib_Start             
00006ec1  __aeabi_d2iz                         
00006ec1  __fixdfsi                            
00006f0d  DL_UART_init                         
00006f9d  lc_printf                            
0000702d  DL_SYSCTL_switchMCLKfromSYSOSCtoHSCLK
00007071  IRDM_IsBlackLine                     
000070b5  SYSCFG_DL_init                       
0000713d  IRDM_CountBlackSensors               
0000717d  __aeabi_uidiv                        
0000717d  __aeabi_uidivmod                     
000071bd  __aeabi_f2d                          
000071bd  __extendsfdf2                        
000071fd  atoi                                 
0000723d  vsnprintf                            
0000727d  DL_I2C_flushControllerTXFIFO         
000072f5  OLED_Set_Pos                         
00007331  SYSCFG_DL_TIMER_0_init               
0000736d  TIMG0_IRQHandler                     
000073a9  __aeabi_i2f                          
000073a9  __floatsisf                          
000073e5  __gesf2                              
000073e5  __gtsf2                              
0000745d  __TI_auto_init_nobinit_nopinit       
00007499  __cmpsf2                             
00007499  __eqsf2                              
00007499  __lesf2                              
00007499  __ltsf2                              
00007499  __nesf2                              
000074d5  __muldsi3                            
00007549  TB6612_Motor_Stop                    
00007581  __aeabi_f2iz                         
00007581  __fixsfsi                            
000075b9  sprintf                              
000075f1  IRDM_get_sensor_state                
00007625  __aeabi_f2uiz                        
00007625  __fixunssfsi                         
000076b9  mspm0_delay_ms                       
000076e9  sscanf                               
00007719  SYSCFG_DL_TIMER_ULTRASONIC_init      
0000779d  __aeabi_i2d                          
0000779d  __floatsidf                          
000077c9  mspm0_get_clock_ms                   
00007939  FollowLoop_SetKD                     
00007961  FollowLoop_SetKI                     
00007989  FollowLoop_SetKP                     
000079b1  __aeabi_ui2f                         
000079b1  __floatunsisf                        
000079d9  _c_int00_noargs                      
00007a27  DL_I2C_setClockConfig                
00007a4d  FollowLoop_ResetIntegral             
00007a71  VOFA_Init                            
00007a95  __aeabi_ui2d                         
00007a95  __floatunsidf                        
00007ab9  __aeabi_lmul                         
00007ab9  __muldi3                             
00007b01  memccpy                              
00007b45  FollowLoop_DecayIntegral             
00007b65  AnglePD_Reset                        
00007ba1  __aeabi_llsl                         
00007ba1  __ashldi3                            
00007cf5  DL_SYSCTL_configFCC                  
00007d81  DL_Timer_setCaptCompUpdateMethod     
00007d9d  DL_Timer_setClockConfig              
00007dd5  GoStraight_Stop                      
00007df1  IMU_AHRS_Attitude_Enable             
00007e0d  Interrupt_Init                       
00007e29  Mixer_Init                           
00007e45  SYSCFG_DL_SYSCTL_CLK_init            
00007e61  Turn_Stop                            
00008199  DL_Timer_setCaptureCompareOutCtl     
00008229  SysTick_Init                         
00008321  __TI_zero_init_nomemset              
0000843d  Mixer_SetAngleDiff                   
00008451  Mixer_SetBaseSpeed                   
00008465  Mixer_SetFollowDiff                  
00008479  Mixer_SetOuterBoost                  
0000848d  Mixer_SetSpeedDiff                   
000084a1  __aeabi_uldivmod                     
000084ef  DL_UART_setClockConfig               
00008501  TI_memcpy_small                      
00008513  __TI_decompress_none                 
00008555  DL_Timer_setCaptureCompareValue      
00008565  GoStraight_ResetPD                   
00008575  IRDM_GetCorrection                   
00008585  SpeedLoop_GetCorrection              
00008595  SysTick_Handler                      
000085a5  delay_ms                             
000085b5  wcslen                               
000085f1  __aeabi_memset                       
000085f1  __aeabi_memset4                      
000085f1  __aeabi_memset8                      
0000860d  TI_memset_small                      
00008635  FollowLoop_GetBias                   
00008641  FollowLoop_GetBiasDeriv              
0000864d  FollowLoop_GetDTerm                  
00008659  FollowLoop_GetITerm                  
00008665  FollowLoop_GetPTerm                  
00008671  IMU_AHRS_GetStatus                   
0000867d  IMU_AHRS_TurnAngle_Reset             
00008689  SYSCFG_DL_SYSTICK_init               
00008695  __aeabi_memclr                       
00008695  __aeabi_memclr4                      
00008695  __aeabi_memclr8                      
000086a1  DL_Common_delayCycles                
000086f1  __aeabi_errno_addr                   
000086f9  __aeabi_memcpy                       
000086f9  __aeabi_memcpy4                      
000086f9  __aeabi_memcpy8                      
00008727  abort                                
0000872d  ADC0_IRQHandler                      
0000872d  ADC1_IRQHandler                      
0000872d  AES_IRQHandler                       
0000872d  CANFD0_IRQHandler                    
0000872d  DAC0_IRQHandler                      
0000872d  DMA_IRQHandler                       
0000872d  Default_Handler                      
0000872d  GROUP0_IRQHandler                    
0000872d  HardFault_Handler                    
0000872d  I2C0_IRQHandler                      
0000872d  I2C1_IRQHandler                      
0000872d  NMI_Handler                          
0000872d  PendSV_Handler                       
0000872d  RTC_IRQHandler                       
0000872d  SPI0_IRQHandler                      
0000872d  SPI1_IRQHandler                      
0000872d  SVC_Handler                          
0000872d  TIMA0_IRQHandler                     
0000872d  TIMA1_IRQHandler                     
0000872d  TIMG12_IRQHandler                    
0000872d  TIMG6_IRQHandler                     
0000872d  TIMG7_IRQHandler                     
0000872d  TIMG8_IRQHandler                     
0000872d  UART1_IRQHandler                     
0000872d  UART2_IRQHandler                     
0000872d  UART3_IRQHandler                     
00008730  C$$EXIT                              
00008731  HOSTexit                             
00008749  Reset_Handler                        
0000875d  _system_pre_init                     
00008760  asc2_1608                            
00008d50  asc2_0806                            
00008f80  __aeabi_ctype_table_                 
00008f80  __aeabi_ctype_table_C                
000094f4  __TI_Handler_Table_Base              
00009500  __TI_Handler_Table_Limit             
00009508  __TI_CINIT_Base                      
00009518  __TI_CINIT_Limit                     
00009518  __TI_CINIT_Warm                      
20200000  __start___llvm_prf_bits              
20200000  __start___llvm_prf_cnts              
20200000  __stop___llvm_prf_bits               
20200000  __stop___llvm_prf_cnts               
20200000  gPWM_0Backup                         
202000bc  gTIMER_ULTRASONICBackup              
20200240  oled_buffer                          
20200288  start_time                           
2020028c  tick_ms                              
202002e0  __aeabi_errno                        
20200392  enable_group1_irq                    
20200393  g_encoder_new_data                   
20200398  g_vofa_stop                          
20207e00  __stack                              
20208000  __STACK_END                          
ffffffff  __TI_pprof_out_hndl                  
ffffffff  __TI_prof_data_size                  
ffffffff  __TI_prof_data_start                 
ffffffff  __binit__                            
ffffffff  binit                                
UNDEFED   __mpu_init                           
UNDEFED   _system_post_cinit                   

[289 symbols]
