<?xml version="1.0" encoding="ISO-8859-1" ?>
<link_info>
   <banner>TI ARM Clang Linker PC v4.0.4.LTS</banner>
   <copyright>Copyright (c) 1996-2018 Texas Instruments Incorporated</copyright>
   <command_line>D:\develop\TI\CCS\ti_cgt_arm_llvm_4.0.4.LTS\bin\tiarmlnk -ID:\develop\TI\CCS\ti_cgt_arm_llvm_4.0.4.LTS\lib -o mpu6050-oled-hardware-i2c.out -mmpu6050-oled-hardware-i2c.map -iD:/develop/TI/CCS/mspm0_sdk_2_10_00_04/source -iD:/develop/TI/mpu6050-oled-hardware-i2c -iD:/develop/TI/mpu6050-oled-hardware-i2c/Debug/syscfg -iD:/develop/TI/CCS/ti_cgt_arm_llvm_4.0.4.LTS/lib --diag_wrap=off --display_error_number --warn_sections --xml_link_info=mpu6050-oled-hardware-i2c_linkInfo.xml --rom_model ./main.o ./ti_msp_dl_config.o ./startup_mspm0g350x_ticlang.o ./test.o ./Drivers/AnglePID/angle_pid.o ./Drivers/IMU_AHRS/imu_ahrs.o ./Drivers/IMU_AHRS/mspm0_i2c.o ./Drivers/MSPM0/board.o ./Drivers/MSPM0/clock.o ./Drivers/MSPM0/interrupt.o ./Drivers/OLED_Hardware_I2C/oled_hardware_i2c.o ./Drivers/TB6612_Motor/bsp_tb6612.o -l./device_linker.cmd -ldevice.cmd.genlibs -llibc.a -lD:/develop/TI/CCS/mspm0_sdk_2_10_00_04/source/ti/driverlib/lib/ticlang/m0p/mspm0g1x0x_g3x0x/driverlib.a --start-group -llibc++.a -llibc++abi.a -llibc.a -llibsys.a -llibsysbm.a -llibclang_rt.builtins.a -llibclang_rt.profile.a --end-group --cg_opt_level=0</command_line>
   <link_time>0x6a58e0aa</link_time>
   <link_errors>0x0</link_errors>
   <output_file>D:\develop\TI\mpu6050-oled-hardware-i2c\Debug\mpu6050-oled-hardware-i2c.out</output_file>
   <entry_point>
      <name>_c_int00_noargs</name>
      <address>0x5005</address>
   </entry_point>
   <input_file_list>
      <input_file id="fl-1">
         <path>D:\develop\TI\mpu6050-oled-hardware-i2c\Debug\.\</path>
         <kind>object</kind>
         <file>main.o</file>
         <name>main.o</name>
      </input_file>
      <input_file id="fl-2">
         <path>D:\develop\TI\mpu6050-oled-hardware-i2c\Debug\.\</path>
         <kind>object</kind>
         <file>ti_msp_dl_config.o</file>
         <name>ti_msp_dl_config.o</name>
      </input_file>
      <input_file id="fl-3">
         <path>D:\develop\TI\mpu6050-oled-hardware-i2c\Debug\.\</path>
         <kind>object</kind>
         <file>startup_mspm0g350x_ticlang.o</file>
         <name>startup_mspm0g350x_ticlang.o</name>
      </input_file>
      <input_file id="fl-4">
         <path>D:\develop\TI\mpu6050-oled-hardware-i2c\Debug\.\</path>
         <kind>object</kind>
         <file>test.o</file>
         <name>test.o</name>
      </input_file>
      <input_file id="fl-5">
         <path>D:\develop\TI\mpu6050-oled-hardware-i2c\Debug\.\Drivers\AnglePID\</path>
         <kind>object</kind>
         <file>angle_pid.o</file>
         <name>angle_pid.o</name>
      </input_file>
      <input_file id="fl-6">
         <path>D:\develop\TI\mpu6050-oled-hardware-i2c\Debug\.\Drivers\IMU_AHRS\</path>
         <kind>object</kind>
         <file>imu_ahrs.o</file>
         <name>imu_ahrs.o</name>
      </input_file>
      <input_file id="fl-7">
         <path>D:\develop\TI\mpu6050-oled-hardware-i2c\Debug\.\Drivers\IMU_AHRS\</path>
         <kind>object</kind>
         <file>mspm0_i2c.o</file>
         <name>mspm0_i2c.o</name>
      </input_file>
      <input_file id="fl-8">
         <path>D:\develop\TI\mpu6050-oled-hardware-i2c\Debug\.\Drivers\MSPM0\</path>
         <kind>object</kind>
         <file>board.o</file>
         <name>board.o</name>
      </input_file>
      <input_file id="fl-9">
         <path>D:\develop\TI\mpu6050-oled-hardware-i2c\Debug\.\Drivers\MSPM0\</path>
         <kind>object</kind>
         <file>clock.o</file>
         <name>clock.o</name>
      </input_file>
      <input_file id="fl-a">
         <path>D:\develop\TI\mpu6050-oled-hardware-i2c\Debug\.\Drivers\MSPM0\</path>
         <kind>object</kind>
         <file>interrupt.o</file>
         <name>interrupt.o</name>
      </input_file>
      <input_file id="fl-b">
         <path>D:\develop\TI\mpu6050-oled-hardware-i2c\Debug\.\Drivers\OLED_Hardware_I2C\</path>
         <kind>object</kind>
         <file>oled_hardware_i2c.o</file>
         <name>oled_hardware_i2c.o</name>
      </input_file>
      <input_file id="fl-c">
         <path>D:\develop\TI\mpu6050-oled-hardware-i2c\Debug\.\Drivers\TB6612_Motor\</path>
         <kind>object</kind>
         <file>bsp_tb6612.o</file>
         <name>bsp_tb6612.o</name>
      </input_file>
      <input_file id="fl-1a">
         <path>D:\develop\TI\mpu6050-oled-hardware-i2c\Debug\</path>
         <kind>object</kind>
         <file>&lt;internal&gt;</file>
         <name>&lt;internal&gt;</name>
      </input_file>
      <input_file id="fl-1b">
         <path>D:\develop\TI\CCS\mspm0_sdk_2_10_00_04\source\ti\driverlib\lib\ticlang\m0p\mspm0g1x0x_g3x0x\</path>
         <kind>archive</kind>
         <file>driverlib.a</file>
         <name>dl_common.o</name>
      </input_file>
      <input_file id="fl-1c">
         <path>D:\develop\TI\CCS\mspm0_sdk_2_10_00_04\source\ti\driverlib\lib\ticlang\m0p\mspm0g1x0x_g3x0x\</path>
         <kind>archive</kind>
         <file>driverlib.a</file>
         <name>dl_i2c.o</name>
      </input_file>
      <input_file id="fl-1d">
         <path>D:\develop\TI\CCS\mspm0_sdk_2_10_00_04\source\ti\driverlib\lib\ticlang\m0p\mspm0g1x0x_g3x0x\</path>
         <kind>archive</kind>
         <file>driverlib.a</file>
         <name>dl_timer.o</name>
      </input_file>
      <input_file id="fl-1e">
         <path>D:\develop\TI\CCS\mspm0_sdk_2_10_00_04\source\ti\driverlib\lib\ticlang\m0p\mspm0g1x0x_g3x0x\</path>
         <kind>archive</kind>
         <file>driverlib.a</file>
         <name>dl_uart.o</name>
      </input_file>
      <input_file id="fl-1f">
         <path>D:\develop\TI\CCS\mspm0_sdk_2_10_00_04\source\ti\driverlib\lib\ticlang\m0p\mspm0g1x0x_g3x0x\</path>
         <kind>archive</kind>
         <file>driverlib.a</file>
         <name>dl_sysctl_mspm0g1x0x_g3x0x.o</name>
      </input_file>
      <input_file id="fl-36">
         <path>D:\develop\TI\CCS\ti_cgt_arm_llvm_4.0.4.LTS\lib\armv6m-ti-none-eabi\c\</path>
         <kind>archive</kind>
         <file>libc.a</file>
         <name>e_atan2f.c.obj</name>
      </input_file>
      <input_file id="fl-37">
         <path>D:\develop\TI\CCS\ti_cgt_arm_llvm_4.0.4.LTS\lib\armv6m-ti-none-eabi\c\</path>
         <kind>archive</kind>
         <file>libc.a</file>
         <name>s_atanf.c.obj</name>
      </input_file>
      <input_file id="fl-38">
         <path>D:\develop\TI\CCS\ti_cgt_arm_llvm_4.0.4.LTS\lib\armv6m-ti-none-eabi\c\</path>
         <kind>archive</kind>
         <file>libc.a</file>
         <name>sprintf.c.obj</name>
      </input_file>
      <input_file id="fl-39">
         <path>D:\develop\TI\CCS\ti_cgt_arm_llvm_4.0.4.LTS\lib\armv6m-ti-none-eabi\c\</path>
         <kind>archive</kind>
         <file>libc.a</file>
         <name>vsnprintf.c.obj</name>
      </input_file>
      <input_file id="fl-3a">
         <path>D:\develop\TI\CCS\ti_cgt_arm_llvm_4.0.4.LTS\lib\armv6m-ti-none-eabi\c\</path>
         <kind>archive</kind>
         <file>libc.a</file>
         <name>strcat.c.obj</name>
      </input_file>
      <input_file id="fl-3b">
         <path>D:\develop\TI\CCS\ti_cgt_arm_llvm_4.0.4.LTS\lib\armv6m-ti-none-eabi\c\</path>
         <kind>archive</kind>
         <file>libc.a</file>
         <name>strcpy.c.obj</name>
      </input_file>
      <input_file id="fl-3c">
         <path>D:\develop\TI\CCS\ti_cgt_arm_llvm_4.0.4.LTS\lib\armv6m-ti-none-eabi\c\</path>
         <kind>archive</kind>
         <file>libc.a</file>
         <name>strlen.c.obj</name>
      </input_file>
      <input_file id="fl-3d">
         <path>D:\develop\TI\CCS\ti_cgt_arm_llvm_4.0.4.LTS\lib\armv6m-ti-none-eabi\c\</path>
         <kind>archive</kind>
         <file>libc.a</file>
         <name>boot_cortex_m.c.obj</name>
      </input_file>
      <input_file id="fl-3e">
         <path>D:\develop\TI\CCS\ti_cgt_arm_llvm_4.0.4.LTS\lib\armv6m-ti-none-eabi\c\</path>
         <kind>archive</kind>
         <file>libc.a</file>
         <name>mathacl_init.c.obj</name>
      </input_file>
      <input_file id="fl-3f">
         <path>D:\develop\TI\CCS\ti_cgt_arm_llvm_4.0.4.LTS\lib\armv6m-ti-none-eabi\c\</path>
         <kind>archive</kind>
         <file>libc.a</file>
         <name>autoinit.c.obj</name>
      </input_file>
      <input_file id="fl-40">
         <path>D:\develop\TI\CCS\ti_cgt_arm_llvm_4.0.4.LTS\lib\armv6m-ti-none-eabi\c\</path>
         <kind>archive</kind>
         <file>libc.a</file>
         <name>pre_init.c.obj</name>
      </input_file>
      <input_file id="fl-41">
         <path>D:\develop\TI\CCS\ti_cgt_arm_llvm_4.0.4.LTS\lib\armv6m-ti-none-eabi\c\</path>
         <kind>archive</kind>
         <file>libc.a</file>
         <name>cpy_tbl.c.obj</name>
      </input_file>
      <input_file id="fl-42">
         <path>D:\develop\TI\CCS\ti_cgt_arm_llvm_4.0.4.LTS\lib\armv6m-ti-none-eabi\c\</path>
         <kind>archive</kind>
         <file>libc.a</file>
         <name>copy_zero_init.c.obj</name>
      </input_file>
      <input_file id="fl-43">
         <path>D:\develop\TI\CCS\ti_cgt_arm_llvm_4.0.4.LTS\lib\armv6m-ti-none-eabi\c\</path>
         <kind>archive</kind>
         <file>libc.a</file>
         <name>copy_decompress_none.c.obj</name>
      </input_file>
      <input_file id="fl-44">
         <path>D:\develop\TI\CCS\ti_cgt_arm_llvm_4.0.4.LTS\lib\armv6m-ti-none-eabi\c\</path>
         <kind>archive</kind>
         <file>libc.a</file>
         <name>copy_decompress_lzss.c.obj</name>
      </input_file>
      <input_file id="fl-45">
         <path>D:\develop\TI\CCS\ti_cgt_arm_llvm_4.0.4.LTS\lib\armv6m-ti-none-eabi\c\</path>
         <kind>archive</kind>
         <file>libc.a</file>
         <name>_printfi.c.obj</name>
      </input_file>
      <input_file id="fl-46">
         <path>D:\develop\TI\CCS\ti_cgt_arm_llvm_4.0.4.LTS\lib\armv6m-ti-none-eabi\c\</path>
         <kind>archive</kind>
         <file>libc.a</file>
         <name>aeabi_portable.c.obj</name>
      </input_file>
      <input_file id="fl-47">
         <path>D:\develop\TI\CCS\ti_cgt_arm_llvm_4.0.4.LTS\lib\armv6m-ti-none-eabi\c\</path>
         <kind>archive</kind>
         <file>libc.a</file>
         <name>exit.c.obj</name>
      </input_file>
      <input_file id="fl-48">
         <path>D:\develop\TI\CCS\ti_cgt_arm_llvm_4.0.4.LTS\lib\armv6m-ti-none-eabi\c\</path>
         <kind>archive</kind>
         <file>libc.a</file>
         <name>_lock.c.obj</name>
      </input_file>
      <input_file id="fl-49">
         <path>D:\develop\TI\CCS\ti_cgt_arm_llvm_4.0.4.LTS\lib\armv6m-ti-none-eabi\c\</path>
         <kind>archive</kind>
         <file>libc.a</file>
         <name>_ltoa.c.obj</name>
      </input_file>
      <input_file id="fl-4a">
         <path>D:\develop\TI\CCS\ti_cgt_arm_llvm_4.0.4.LTS\lib\armv6m-ti-none-eabi\c\</path>
         <kind>archive</kind>
         <file>libc.a</file>
         <name>args_main.c.obj</name>
      </input_file>
      <input_file id="fl-4b">
         <path>D:\develop\TI\CCS\ti_cgt_arm_llvm_4.0.4.LTS\lib\armv6m-ti-none-eabi\c\</path>
         <kind>archive</kind>
         <file>libc.a</file>
         <name>assert.c.obj</name>
      </input_file>
      <input_file id="fl-4c">
         <path>D:\develop\TI\CCS\ti_cgt_arm_llvm_4.0.4.LTS\lib\armv6m-ti-none-eabi\c\</path>
         <kind>archive</kind>
         <file>libc.a</file>
         <name>atoi.c.obj</name>
      </input_file>
      <input_file id="fl-4d">
         <path>D:\develop\TI\CCS\ti_cgt_arm_llvm_4.0.4.LTS\lib\armv6m-ti-none-eabi\c\</path>
         <kind>archive</kind>
         <file>libc.a</file>
         <name>defs.c.obj</name>
      </input_file>
      <input_file id="fl-4e">
         <path>D:\develop\TI\CCS\ti_cgt_arm_llvm_4.0.4.LTS\lib\armv6m-ti-none-eabi\c\</path>
         <kind>archive</kind>
         <file>libc.a</file>
         <name>memccpy.c.obj</name>
      </input_file>
      <input_file id="fl-4f">
         <path>D:\develop\TI\CCS\ti_cgt_arm_llvm_4.0.4.LTS\lib\armv6m-ti-none-eabi\c\</path>
         <kind>archive</kind>
         <file>libc.a</file>
         <name>memory.c.obj</name>
      </input_file>
      <input_file id="fl-50">
         <path>D:\develop\TI\CCS\ti_cgt_arm_llvm_4.0.4.LTS\lib\armv6m-ti-none-eabi\c\</path>
         <kind>archive</kind>
         <file>libc.a</file>
         <name>s_frexp.c.obj</name>
      </input_file>
      <input_file id="fl-51">
         <path>D:\develop\TI\CCS\ti_cgt_arm_llvm_4.0.4.LTS\lib\armv6m-ti-none-eabi\c\</path>
         <kind>archive</kind>
         <file>libc.a</file>
         <name>s_scalbn.c.obj</name>
      </input_file>
      <input_file id="fl-52">
         <path>D:\develop\TI\CCS\ti_cgt_arm_llvm_4.0.4.LTS\lib\armv6m-ti-none-eabi\c\</path>
         <kind>archive</kind>
         <file>libc.a</file>
         <name>wcslen.c.obj</name>
      </input_file>
      <input_file id="fl-53">
         <path>D:\develop\TI\CCS\ti_cgt_arm_llvm_4.0.4.LTS\lib\armv6m-ti-none-eabi\c\</path>
         <kind>archive</kind>
         <file>libc.a</file>
         <name>fflush.c.obj</name>
      </input_file>
      <input_file id="fl-54">
         <path>D:\develop\TI\CCS\ti_cgt_arm_llvm_4.0.4.LTS\lib\armv6m-ti-none-eabi\c\</path>
         <kind>archive</kind>
         <file>libc.a</file>
         <name>fputs.c.obj</name>
      </input_file>
      <input_file id="fl-55">
         <path>D:\develop\TI\CCS\ti_cgt_arm_llvm_4.0.4.LTS\lib\armv6m-ti-none-eabi\c\</path>
         <kind>archive</kind>
         <file>libc.a</file>
         <name>_io_perm.c.obj</name>
      </input_file>
      <input_file id="fl-56">
         <path>D:\develop\TI\CCS\ti_cgt_arm_llvm_4.0.4.LTS\lib\armv6m-ti-none-eabi\c\</path>
         <kind>archive</kind>
         <file>libc.a</file>
         <name>setvbuf.c.obj</name>
      </input_file>
      <input_file id="fl-57">
         <path>D:\develop\TI\CCS\ti_cgt_arm_llvm_4.0.4.LTS\lib\armv6m-ti-none-eabi\c\</path>
         <kind>archive</kind>
         <file>libc.a</file>
         <name>aeabi_ctype.S.obj</name>
      </input_file>
      <input_file id="fl-58">
         <path>D:\develop\TI\CCS\ti_cgt_arm_llvm_4.0.4.LTS\lib\armv6m-ti-none-eabi\c\</path>
         <kind>archive</kind>
         <file>libc.a</file>
         <name>fopen.c.obj</name>
      </input_file>
      <input_file id="fl-59">
         <path>D:\develop\TI\CCS\ti_cgt_arm_llvm_4.0.4.LTS\lib\armv6m-ti-none-eabi\c\</path>
         <kind>archive</kind>
         <file>libc.a</file>
         <name>fseek.c.obj</name>
      </input_file>
      <input_file id="fl-5a">
         <path>D:\develop\TI\CCS\ti_cgt_arm_llvm_4.0.4.LTS\lib\armv6m-ti-none-eabi\c\</path>
         <kind>archive</kind>
         <file>libc.a</file>
         <name>fclose.c.obj</name>
      </input_file>
      <input_file id="fl-fa">
         <path>D:\develop\TI\CCS\ti_cgt_arm_llvm_4.0.4.LTS\lib\armv6m-ti-none-eabi\c\</path>
         <kind>archive</kind>
         <file>libsysbm.a</file>
         <name>hostexit.c.obj</name>
      </input_file>
      <input_file id="fl-fb">
         <path>D:\develop\TI\CCS\ti_cgt_arm_llvm_4.0.4.LTS\lib\armv6m-ti-none-eabi\c\</path>
         <kind>archive</kind>
         <file>libsysbm.a</file>
         <name>write.c.obj</name>
      </input_file>
      <input_file id="fl-fc">
         <path>D:\develop\TI\CCS\ti_cgt_arm_llvm_4.0.4.LTS\lib\armv6m-ti-none-eabi\c\</path>
         <kind>archive</kind>
         <file>libsysbm.a</file>
         <name>host_device.c.obj</name>
      </input_file>
      <input_file id="fl-fd">
         <path>D:\develop\TI\CCS\ti_cgt_arm_llvm_4.0.4.LTS\lib\armv6m-ti-none-eabi\c\</path>
         <kind>archive</kind>
         <file>libsysbm.a</file>
         <name>remove.c.obj</name>
      </input_file>
      <input_file id="fl-fe">
         <path>D:\develop\TI\CCS\ti_cgt_arm_llvm_4.0.4.LTS\lib\armv6m-ti-none-eabi\c\</path>
         <kind>archive</kind>
         <file>libsysbm.a</file>
         <name>open.c.obj</name>
      </input_file>
      <input_file id="fl-ff">
         <path>D:\develop\TI\CCS\ti_cgt_arm_llvm_4.0.4.LTS\lib\armv6m-ti-none-eabi\c\</path>
         <kind>archive</kind>
         <file>libsysbm.a</file>
         <name>lseek.c.obj</name>
      </input_file>
      <input_file id="fl-100">
         <path>D:\develop\TI\CCS\ti_cgt_arm_llvm_4.0.4.LTS\lib\armv6m-ti-none-eabi\c\</path>
         <kind>archive</kind>
         <file>libsysbm.a</file>
         <name>close.c.obj</name>
      </input_file>
      <input_file id="fl-101">
         <path>D:\develop\TI\CCS\ti_cgt_arm_llvm_4.0.4.LTS\lib\armv6m-ti-none-eabi\c\</path>
         <kind>archive</kind>
         <file>libsysbm.a</file>
         <name>unlink.c.obj</name>
      </input_file>
      <input_file id="fl-102">
         <path>D:\develop\TI\CCS\ti_cgt_arm_llvm_4.0.4.LTS\lib\armv6m-ti-none-eabi\c\</path>
         <kind>archive</kind>
         <file>libsysbm.a</file>
         <name>hostclose.c.obj</name>
      </input_file>
      <input_file id="fl-103">
         <path>D:\develop\TI\CCS\ti_cgt_arm_llvm_4.0.4.LTS\lib\armv6m-ti-none-eabi\c\</path>
         <kind>archive</kind>
         <file>libsysbm.a</file>
         <name>hostlseek.c.obj</name>
      </input_file>
      <input_file id="fl-104">
         <path>D:\develop\TI\CCS\ti_cgt_arm_llvm_4.0.4.LTS\lib\armv6m-ti-none-eabi\c\</path>
         <kind>archive</kind>
         <file>libsysbm.a</file>
         <name>hostopen.c.obj</name>
      </input_file>
      <input_file id="fl-105">
         <path>D:\develop\TI\CCS\ti_cgt_arm_llvm_4.0.4.LTS\lib\armv6m-ti-none-eabi\c\</path>
         <kind>archive</kind>
         <file>libsysbm.a</file>
         <name>hostread.c.obj</name>
      </input_file>
      <input_file id="fl-106">
         <path>D:\develop\TI\CCS\ti_cgt_arm_llvm_4.0.4.LTS\lib\armv6m-ti-none-eabi\c\</path>
         <kind>archive</kind>
         <file>libsysbm.a</file>
         <name>hostrename.c.obj</name>
      </input_file>
      <input_file id="fl-107">
         <path>D:\develop\TI\CCS\ti_cgt_arm_llvm_4.0.4.LTS\lib\armv6m-ti-none-eabi\c\</path>
         <kind>archive</kind>
         <file>libsysbm.a</file>
         <name>hostunlink.c.obj</name>
      </input_file>
      <input_file id="fl-108">
         <path>D:\develop\TI\CCS\ti_cgt_arm_llvm_4.0.4.LTS\lib\armv6m-ti-none-eabi\c\</path>
         <kind>archive</kind>
         <file>libsysbm.a</file>
         <name>hostwrite.c.obj</name>
      </input_file>
      <input_file id="fl-109">
         <path>D:\develop\TI\CCS\ti_cgt_arm_llvm_4.0.4.LTS\lib\armv6m-ti-none-eabi\c\</path>
         <kind>archive</kind>
         <file>libsysbm.a</file>
         <name>trgmsg.c.obj</name>
      </input_file>
      <input_file id="fl-10a">
         <path>D:\develop\TI\CCS\ti_cgt_arm_llvm_4.0.4.LTS\lib\armv6m-ti-none-eabi\</path>
         <kind>archive</kind>
         <file>libclang_rt.builtins.a</file>
         <name>addsf3.S.obj</name>
      </input_file>
      <input_file id="fl-10b">
         <path>D:\develop\TI\CCS\ti_cgt_arm_llvm_4.0.4.LTS\lib\armv6m-ti-none-eabi\</path>
         <kind>archive</kind>
         <file>libclang_rt.builtins.a</file>
         <name>adddf3.S.obj</name>
      </input_file>
      <input_file id="fl-10c">
         <path>D:\develop\TI\CCS\ti_cgt_arm_llvm_4.0.4.LTS\lib\armv6m-ti-none-eabi\</path>
         <kind>archive</kind>
         <file>libclang_rt.builtins.a</file>
         <name>muldf3.S.obj</name>
      </input_file>
      <input_file id="fl-10d">
         <path>D:\develop\TI\CCS\ti_cgt_arm_llvm_4.0.4.LTS\lib\armv6m-ti-none-eabi\</path>
         <kind>archive</kind>
         <file>libclang_rt.builtins.a</file>
         <name>muldsi3.S.obj</name>
      </input_file>
      <input_file id="fl-10e">
         <path>D:\develop\TI\CCS\ti_cgt_arm_llvm_4.0.4.LTS\lib\armv6m-ti-none-eabi\</path>
         <kind>archive</kind>
         <file>libclang_rt.builtins.a</file>
         <name>mulsf3.S.obj</name>
      </input_file>
      <input_file id="fl-10f">
         <path>D:\develop\TI\CCS\ti_cgt_arm_llvm_4.0.4.LTS\lib\armv6m-ti-none-eabi\</path>
         <kind>archive</kind>
         <file>libclang_rt.builtins.a</file>
         <name>divsf3.S.obj</name>
      </input_file>
      <input_file id="fl-110">
         <path>D:\develop\TI\CCS\ti_cgt_arm_llvm_4.0.4.LTS\lib\armv6m-ti-none-eabi\</path>
         <kind>archive</kind>
         <file>libclang_rt.builtins.a</file>
         <name>divdf3.S.obj</name>
      </input_file>
      <input_file id="fl-111">
         <path>D:\develop\TI\CCS\ti_cgt_arm_llvm_4.0.4.LTS\lib\armv6m-ti-none-eabi\</path>
         <kind>archive</kind>
         <file>libclang_rt.builtins.a</file>
         <name>extendsfdf2.S.obj</name>
      </input_file>
      <input_file id="fl-112">
         <path>D:\develop\TI\CCS\ti_cgt_arm_llvm_4.0.4.LTS\lib\armv6m-ti-none-eabi\</path>
         <kind>archive</kind>
         <file>libclang_rt.builtins.a</file>
         <name>fixdfsi.S.obj</name>
      </input_file>
      <input_file id="fl-113">
         <path>D:\develop\TI\CCS\ti_cgt_arm_llvm_4.0.4.LTS\lib\armv6m-ti-none-eabi\</path>
         <kind>archive</kind>
         <file>libclang_rt.builtins.a</file>
         <name>fixunssfsi.S.obj</name>
      </input_file>
      <input_file id="fl-114">
         <path>D:\develop\TI\CCS\ti_cgt_arm_llvm_4.0.4.LTS\lib\armv6m-ti-none-eabi\</path>
         <kind>archive</kind>
         <file>libclang_rt.builtins.a</file>
         <name>floatsidf.S.obj</name>
      </input_file>
      <input_file id="fl-115">
         <path>D:\develop\TI\CCS\ti_cgt_arm_llvm_4.0.4.LTS\lib\armv6m-ti-none-eabi\</path>
         <kind>archive</kind>
         <file>libclang_rt.builtins.a</file>
         <name>floatsisf.S.obj</name>
      </input_file>
      <input_file id="fl-116">
         <path>D:\develop\TI\CCS\ti_cgt_arm_llvm_4.0.4.LTS\lib\armv6m-ti-none-eabi\</path>
         <kind>archive</kind>
         <file>libclang_rt.builtins.a</file>
         <name>floatunsidf.S.obj</name>
      </input_file>
      <input_file id="fl-117">
         <path>D:\develop\TI\CCS\ti_cgt_arm_llvm_4.0.4.LTS\lib\armv6m-ti-none-eabi\</path>
         <kind>archive</kind>
         <file>libclang_rt.builtins.a</file>
         <name>floatunsisf.S.obj</name>
      </input_file>
      <input_file id="fl-118">
         <path>D:\develop\TI\CCS\ti_cgt_arm_llvm_4.0.4.LTS\lib\armv6m-ti-none-eabi\</path>
         <kind>archive</kind>
         <file>libclang_rt.builtins.a</file>
         <name>muldi3.S.obj</name>
      </input_file>
      <input_file id="fl-119">
         <path>D:\develop\TI\CCS\ti_cgt_arm_llvm_4.0.4.LTS\lib\armv6m-ti-none-eabi\</path>
         <kind>archive</kind>
         <file>libclang_rt.builtins.a</file>
         <name>truncdfsf2.S.obj</name>
      </input_file>
      <input_file id="fl-11a">
         <path>D:\develop\TI\CCS\ti_cgt_arm_llvm_4.0.4.LTS\lib\armv6m-ti-none-eabi\</path>
         <kind>archive</kind>
         <file>libclang_rt.builtins.a</file>
         <name>aeabi_dcmp.S.obj</name>
      </input_file>
      <input_file id="fl-11b">
         <path>D:\develop\TI\CCS\ti_cgt_arm_llvm_4.0.4.LTS\lib\armv6m-ti-none-eabi\</path>
         <kind>archive</kind>
         <file>libclang_rt.builtins.a</file>
         <name>aeabi_fcmp.S.obj</name>
      </input_file>
      <input_file id="fl-11c">
         <path>D:\develop\TI\CCS\ti_cgt_arm_llvm_4.0.4.LTS\lib\armv6m-ti-none-eabi\</path>
         <kind>archive</kind>
         <file>libclang_rt.builtins.a</file>
         <name>aeabi_idivmod.S.obj</name>
      </input_file>
      <input_file id="fl-11d">
         <path>D:\develop\TI\CCS\ti_cgt_arm_llvm_4.0.4.LTS\lib\armv6m-ti-none-eabi\</path>
         <kind>archive</kind>
         <file>libclang_rt.builtins.a</file>
         <name>aeabi_memcpy.S.obj</name>
      </input_file>
      <input_file id="fl-11e">
         <path>D:\develop\TI\CCS\ti_cgt_arm_llvm_4.0.4.LTS\lib\armv6m-ti-none-eabi\</path>
         <kind>archive</kind>
         <file>libclang_rt.builtins.a</file>
         <name>aeabi_memset.S.obj</name>
      </input_file>
      <input_file id="fl-11f">
         <path>D:\develop\TI\CCS\ti_cgt_arm_llvm_4.0.4.LTS\lib\armv6m-ti-none-eabi\</path>
         <kind>archive</kind>
         <file>libclang_rt.builtins.a</file>
         <name>aeabi_uidivmod.S.obj</name>
      </input_file>
      <input_file id="fl-120">
         <path>D:\develop\TI\CCS\ti_cgt_arm_llvm_4.0.4.LTS\lib\armv6m-ti-none-eabi\</path>
         <kind>archive</kind>
         <file>libclang_rt.builtins.a</file>
         <name>aeabi_uldivmod.S.obj</name>
      </input_file>
      <input_file id="fl-121">
         <path>D:\develop\TI\CCS\ti_cgt_arm_llvm_4.0.4.LTS\lib\armv6m-ti-none-eabi\</path>
         <kind>archive</kind>
         <file>libclang_rt.builtins.a</file>
         <name>comparesf2.S.obj</name>
      </input_file>
      <input_file id="fl-122">
         <path>D:\develop\TI\CCS\ti_cgt_arm_llvm_4.0.4.LTS\lib\armv6m-ti-none-eabi\</path>
         <kind>archive</kind>
         <file>libclang_rt.builtins.a</file>
         <name>udivmoddi4.S.obj</name>
      </input_file>
      <input_file id="fl-123">
         <path>D:\develop\TI\CCS\ti_cgt_arm_llvm_4.0.4.LTS\lib\armv6m-ti-none-eabi\</path>
         <kind>archive</kind>
         <file>libclang_rt.builtins.a</file>
         <name>ashldi3.S.obj</name>
      </input_file>
      <input_file id="fl-124">
         <path>D:\develop\TI\CCS\ti_cgt_arm_llvm_4.0.4.LTS\lib\armv6m-ti-none-eabi\</path>
         <kind>archive</kind>
         <file>libclang_rt.builtins.a</file>
         <name>fixsfsi.S.obj</name>
      </input_file>
      <input_file id="fl-125">
         <path>D:\develop\TI\CCS\ti_cgt_arm_llvm_4.0.4.LTS\lib\armv6m-ti-none-eabi\</path>
         <kind>archive</kind>
         <file>libclang_rt.builtins.a</file>
         <name>comparedf2.c.obj</name>
      </input_file>
      <input_file id="fl-126">
         <path>D:\develop\TI\CCS\ti_cgt_arm_llvm_4.0.4.LTS\lib\armv6m-ti-none-eabi\</path>
         <kind>archive</kind>
         <file>libclang_rt.builtins.a</file>
         <name>aeabi_div0.c.obj</name>
      </input_file>
      <input_file id="fl-127">
         <path>D:\develop\TI\CCS\ti_cgt_arm_llvm_4.0.4.LTS\lib\armv6m-ti-none-eabi\c\</path>
         <kind>archive</kind>
         <file>libc.a</file>
         <name>getdevice.c.obj</name>
      </input_file>
      <input_file id="fl-128">
         <path>D:\develop\TI\CCS\ti_cgt_arm_llvm_4.0.4.LTS\lib\armv6m-ti-none-eabi\c\</path>
         <kind>archive</kind>
         <file>libc.a</file>
         <name>memcpy16.S.obj</name>
      </input_file>
      <input_file id="fl-129">
         <path>D:\develop\TI\CCS\ti_cgt_arm_llvm_4.0.4.LTS\lib\armv6m-ti-none-eabi\c\</path>
         <kind>archive</kind>
         <file>libc.a</file>
         <name>memset16.S.obj</name>
      </input_file>
      <input_file id="fl-12a">
         <path>D:\develop\TI\CCS\ti_cgt_arm_llvm_4.0.4.LTS\lib\armv6m-ti-none-eabi\c\</path>
         <kind>archive</kind>
         <file>libc.a</file>
         <name>strcmp-armv6m.S.obj</name>
      </input_file>
   </input_file_list>
   <object_component_list>
      <object_component id="oc-18">
         <name>.intvecs</name>
         <load_address>0x0</load_address>
         <readonly>true</readonly>
         <run_address>0x0</run_address>
         <size>0xc0</size>
         <alignment>0x4</alignment>
         <input_file_ref idref="fl-3"/>
      </object_component>
      <object_component id="oc-230">
         <name>.text:__TI_printfi</name>
         <load_address>0xc0</load_address>
         <readonly>true</readonly>
         <executable>true</executable>
         <run_address>0xc0</run_address>
         <size>0x9d0</size>
         <alignment>0x4</alignment>
         <input_file_ref idref="fl-45"/>
      </object_component>
      <object_component id="oc-b4">
         <name>.text.IMU_AHRS_Update_Attitude</name>
         <load_address>0xa90</load_address>
         <readonly>true</readonly>
         <executable>true</executable>
         <run_address>0xa90</run_address>
         <size>0x5a0</size>
         <alignment>0x4</alignment>
         <input_file_ref idref="fl-6"/>
      </object_component>
      <object_component id="oc-6e">
         <name>.text.main</name>
         <load_address>0x1030</load_address>
         <readonly>true</readonly>
         <executable>true</executable>
         <run_address>0x1030</run_address>
         <size>0x2c0</size>
         <alignment>0x4</alignment>
         <input_file_ref idref="fl-1"/>
      </object_component>
      <object_component id="oc-2a4">
         <name>.text._pconv_a</name>
         <load_address>0x12f0</load_address>
         <readonly>true</readonly>
         <executable>true</executable>
         <run_address>0x12f0</run_address>
         <size>0x220</size>
         <alignment>0x4</alignment>
         <input_file_ref idref="fl-45"/>
      </object_component>
      <object_component id="oc-b5">
         <name>.text.IMU_AHRS_Yaw_Calib_Poll</name>
         <load_address>0x1510</load_address>
         <readonly>true</readonly>
         <executable>true</executable>
         <run_address>0x1510</run_address>
         <size>0x1e0</size>
         <alignment>0x4</alignment>
         <input_file_ref idref="fl-6"/>
      </object_component>
      <object_component id="oc-2a5">
         <name>.text._pconv_g</name>
         <load_address>0x16f0</load_address>
         <readonly>true</readonly>
         <executable>true</executable>
         <run_address>0x16f0</run_address>
         <size>0x1dc</size>
         <alignment>0x4</alignment>
         <input_file_ref idref="fl-45"/>
      </object_component>
      <object_component id="oc-213">
         <name>.text.atanf</name>
         <load_address>0x18cc</load_address>
         <readonly>true</readonly>
         <executable>true</executable>
         <run_address>0x18cc</run_address>
         <size>0x1c8</size>
         <alignment>0x4</alignment>
         <input_file_ref idref="fl-37"/>
      </object_component>
      <object_component id="oc-16c">
         <name>.text.Test_TurnToAngle_Poll</name>
         <load_address>0x1a94</load_address>
         <readonly>true</readonly>
         <executable>true</executable>
         <run_address>0x1a94</run_address>
         <size>0x1b0</size>
         <alignment>0x4</alignment>
         <input_file_ref idref="fl-4"/>
      </object_component>
      <object_component id="oc-151">
         <name>.text.adddf3_subdf3</name>
         <load_address>0x1c44</load_address>
         <readonly>true</readonly>
         <executable>true</executable>
         <run_address>0x1c44</run_address>
         <size>0x192</size>
         <alignment>0x4</alignment>
         <input_file_ref idref="fl-10b"/>
      </object_component>
      <object_component id="oc-25e">
         <name>.text.__aeabi_idiv0</name>
         <load_address>0x1dd6</load_address>
         <readonly>true</readonly>
         <executable>true</executable>
         <run_address>0x1dd6</run_address>
         <size>0x2</size>
         <alignment>0x2</alignment>
         <input_file_ref idref="fl-126"/>
      </object_component>
      <object_component id="oc-b3">
         <name>.text.IMU_AHRS_Update_Data</name>
         <load_address>0x1dd8</load_address>
         <readonly>true</readonly>
         <executable>true</executable>
         <run_address>0x1dd8</run_address>
         <size>0x168</size>
         <alignment>0x4</alignment>
         <input_file_ref idref="fl-6"/>
      </object_component>
      <object_component id="oc-9c">
         <name>.text.IMU_AHRS_Init_Poll</name>
         <load_address>0x1f40</load_address>
         <readonly>true</readonly>
         <executable>true</executable>
         <run_address>0x1f40</run_address>
         <size>0x164</size>
         <alignment>0x4</alignment>
         <input_file_ref idref="fl-6"/>
      </object_component>
      <object_component id="oc-2eb">
         <name>.text.fcvt</name>
         <load_address>0x20a4</load_address>
         <readonly>true</readonly>
         <executable>true</executable>
         <run_address>0x20a4</run_address>
         <size>0x13c</size>
         <alignment>0x4</alignment>
         <input_file_ref idref="fl-45"/>
      </object_component>
      <object_component id="oc-205">
         <name>.text.mspm0_i2c_read</name>
         <load_address>0x21e0</load_address>
         <readonly>true</readonly>
         <executable>true</executable>
         <run_address>0x21e0</run_address>
         <size>0x134</size>
         <alignment>0x4</alignment>
         <input_file_ref idref="fl-7"/>
      </object_component>
      <object_component id="oc-2a7">
         <name>.text._pconv_e</name>
         <load_address>0x2314</load_address>
         <readonly>true</readonly>
         <executable>true</executable>
         <run_address>0x2314</run_address>
         <size>0x120</size>
         <alignment>0x4</alignment>
         <input_file_ref idref="fl-45"/>
      </object_component>
      <object_component id="oc-12d">
         <name>.text.OLED_ShowChar</name>
         <load_address>0x2434</load_address>
         <readonly>true</readonly>
         <executable>true</executable>
         <run_address>0x2434</run_address>
         <size>0x118</size>
         <alignment>0x4</alignment>
         <input_file_ref idref="fl-b"/>
      </object_component>
      <object_component id="oc-148">
         <name>.text.atan2f</name>
         <load_address>0x254c</load_address>
         <readonly>true</readonly>
         <executable>true</executable>
         <run_address>0x254c</run_address>
         <size>0x118</size>
         <alignment>0x4</alignment>
         <input_file_ref idref="fl-36"/>
      </object_component>
      <object_component id="oc-9f">
         <name>.text.OLED_Init</name>
         <load_address>0x2664</load_address>
         <readonly>true</readonly>
         <executable>true</executable>
         <run_address>0x2664</run_address>
         <size>0x110</size>
         <alignment>0x4</alignment>
         <input_file_ref idref="fl-b"/>
      </object_component>
      <object_component id="oc-15d">
         <name>.text.__divdf3</name>
         <load_address>0x2774</load_address>
         <readonly>true</readonly>
         <executable>true</executable>
         <run_address>0x2774</run_address>
         <size>0x10c</size>
         <alignment>0x4</alignment>
         <input_file_ref idref="fl-110"/>
      </object_component>
      <object_component id="oc-1ab">
         <name>.text.DL_Timer_initFourCCPWMMode</name>
         <load_address>0x2880</load_address>
         <readonly>true</readonly>
         <executable>true</executable>
         <run_address>0x2880</run_address>
         <size>0x104</size>
         <alignment>0x4</alignment>
         <input_file_ref idref="fl-1d"/>
      </object_component>
      <object_component id="oc-fa">
         <name>.text.SYSCFG_DL_GPIO_init</name>
         <load_address>0x2984</load_address>
         <readonly>true</readonly>
         <executable>true</executable>
         <run_address>0x2984</run_address>
         <size>0x104</size>
         <alignment>0x4</alignment>
         <input_file_ref idref="fl-2"/>
      </object_component>
      <object_component id="oc-1b4">
         <name>.text.DL_Timer_initTimerMode</name>
         <load_address>0x2a88</load_address>
         <readonly>true</readonly>
         <executable>true</executable>
         <run_address>0x2a88</run_address>
         <size>0xfc</size>
         <alignment>0x4</alignment>
         <input_file_ref idref="fl-1d"/>
      </object_component>
      <object_component id="oc-19f">
         <name>.text.SYSCFG_DL_SYSCTL_SYSPLL_init</name>
         <load_address>0x2b84</load_address>
         <readonly>true</readonly>
         <executable>true</executable>
         <run_address>0x2b84</run_address>
         <size>0xec</size>
         <alignment>0x4</alignment>
         <input_file_ref idref="fl-2"/>
      </object_component>
      <object_component id="oc-155">
         <name>.text.__muldf3</name>
         <load_address>0x2c70</load_address>
         <readonly>true</readonly>
         <executable>true</executable>
         <run_address>0x2c70</run_address>
         <size>0xe4</size>
         <alignment>0x4</alignment>
         <input_file_ref idref="fl-10c"/>
      </object_component>
      <object_component id="oc-19e">
         <name>.text.DL_SYSCTL_configSYSPLL</name>
         <load_address>0x2d54</load_address>
         <readonly>true</readonly>
         <executable>true</executable>
         <run_address>0x2d54</run_address>
         <size>0xdc</size>
         <alignment>0x4</alignment>
         <input_file_ref idref="fl-1f"/>
      </object_component>
      <object_component id="oc-2d6">
         <name>.text.scalbn</name>
         <load_address>0x2e30</load_address>
         <readonly>true</readonly>
         <executable>true</executable>
         <run_address>0x2e30</run_address>
         <size>0xd8</size>
         <alignment>0x4</alignment>
         <input_file_ref idref="fl-51"/>
      </object_component>
      <object_component id="oc-12f">
         <name>.text</name>
         <load_address>0x2f08</load_address>
         <readonly>true</readonly>
         <executable>true</executable>
         <run_address>0x2f08</run_address>
         <size>0xd8</size>
         <alignment>0x4</alignment>
         <input_file_ref idref="fl-10a"/>
      </object_component>
      <object_component id="oc-11a">
         <name>.text.imu_ahrs_calibrate_gyro_offset_step</name>
         <load_address>0x2fe0</load_address>
         <readonly>true</readonly>
         <executable>true</executable>
         <run_address>0x2fe0</run_address>
         <size>0xc4</size>
         <alignment>0x4</alignment>
         <input_file_ref idref="fl-6"/>
      </object_component>
      <object_component id="oc-1d6">
         <name>.text.mspm0_i2c_write</name>
         <load_address>0x30a4</load_address>
         <readonly>true</readonly>
         <executable>true</executable>
         <run_address>0x30a4</run_address>
         <size>0xc4</size>
         <alignment>0x4</alignment>
         <input_file_ref idref="fl-7"/>
      </object_component>
      <object_component id="oc-134">
         <name>.text.Test_TurnToAngle_Start</name>
         <load_address>0x3168</load_address>
         <readonly>true</readonly>
         <executable>true</executable>
         <run_address>0x3168</run_address>
         <size>0xc0</size>
         <alignment>0x4</alignment>
         <input_file_ref idref="fl-4"/>
      </object_component>
      <object_component id="oc-231">
         <name>.text.AnglePD_Update</name>
         <load_address>0x3228</load_address>
         <readonly>true</readonly>
         <executable>true</executable>
         <run_address>0x3228</run_address>
         <size>0xac</size>
         <alignment>0x4</alignment>
         <input_file_ref idref="fl-5"/>
      </object_component>
      <object_component id="oc-2cd">
         <name>.text</name>
         <load_address>0x32d4</load_address>
         <readonly>true</readonly>
         <executable>true</executable>
         <run_address>0x32d4</run_address>
         <size>0xa2</size>
         <alignment>0x4</alignment>
         <input_file_ref idref="fl-122"/>
      </object_component>
      <object_component id="oc-2f7">
         <name>.text.__aeabi_ldiv0</name>
         <load_address>0x3376</load_address>
         <readonly>true</readonly>
         <executable>true</executable>
         <run_address>0x3376</run_address>
         <size>0x2</size>
         <alignment>0x2</alignment>
         <input_file_ref idref="fl-126"/>
      </object_component>
      <object_component id="oc-97">
         <name>.text.IMU_AHRS_Init_Start</name>
         <load_address>0x3378</load_address>
         <readonly>true</readonly>
         <executable>true</executable>
         <run_address>0x3378</run_address>
         <size>0xa0</size>
         <alignment>0x4</alignment>
         <input_file_ref idref="fl-6"/>
      </object_component>
      <object_component id="oc-127">
         <name>.text.OLED_WR_Byte</name>
         <load_address>0x3418</load_address>
         <readonly>true</readonly>
         <executable>true</executable>
         <run_address>0x3418</run_address>
         <size>0x98</size>
         <alignment>0x4</alignment>
         <input_file_ref idref="fl-b"/>
      </object_component>
      <object_component id="oc-fc">
         <name>.text.SYSCFG_DL_PWM_0_init</name>
         <load_address>0x34b0</load_address>
         <readonly>true</readonly>
         <executable>true</executable>
         <run_address>0x34b0</run_address>
         <size>0x90</size>
         <alignment>0x4</alignment>
         <input_file_ref idref="fl-2"/>
      </object_component>
      <object_component id="oc-f9">
         <name>.text.SYSCFG_DL_initPower</name>
         <load_address>0x3540</load_address>
         <readonly>true</readonly>
         <executable>true</executable>
         <run_address>0x3540</run_address>
         <size>0x8c</size>
         <alignment>0x4</alignment>
         <input_file_ref idref="fl-2"/>
      </object_component>
      <object_component id="oc-13f">
         <name>.text.__mulsf3</name>
         <load_address>0x35cc</load_address>
         <readonly>true</readonly>
         <executable>true</executable>
         <run_address>0x35cc</run_address>
         <size>0x8c</size>
         <alignment>0x4</alignment>
         <input_file_ref idref="fl-10e"/>
      </object_component>
      <object_component id="oc-106">
         <name>.text.__NVIC_SetPriority</name>
         <load_address>0x3658</load_address>
         <readonly>true</readonly>
         <executable>true</executable>
         <run_address>0x3658</run_address>
         <size>0x84</size>
         <alignment>0x4</alignment>
         <input_file_ref idref="fl-9"/>
      </object_component>
      <object_component id="oc-1b6">
         <name>.text.__NVIC_SetPriority</name>
         <load_address>0x36dc</load_address>
         <readonly>true</readonly>
         <executable>true</executable>
         <run_address>0x36dc</run_address>
         <size>0x84</size>
         <alignment>0x4</alignment>
         <input_file_ref idref="fl-2"/>
      </object_component>
      <object_component id="oc-af">
         <name>.text.__divsf3</name>
         <load_address>0x3760</load_address>
         <readonly>true</readonly>
         <executable>true</executable>
         <run_address>0x3760</run_address>
         <size>0x82</size>
         <alignment>0x4</alignment>
         <input_file_ref idref="fl-10f"/>
      </object_component>
      <object_component id="oc-236">
         <name>.text.AO_Control</name>
         <load_address>0x37e4</load_address>
         <readonly>true</readonly>
         <executable>true</executable>
         <run_address>0x37e4</run_address>
         <size>0x80</size>
         <alignment>0x4</alignment>
         <input_file_ref idref="fl-c"/>
      </object_component>
      <object_component id="oc-237">
         <name>.text.BO_Control</name>
         <load_address>0x3864</load_address>
         <readonly>true</readonly>
         <executable>true</executable>
         <run_address>0x3864</run_address>
         <size>0x80</size>
         <alignment>0x4</alignment>
         <input_file_ref idref="fl-c"/>
      </object_component>
      <object_component id="oc-1c">
         <name>.text:decompress:lzss</name>
         <load_address>0x38e4</load_address>
         <readonly>true</readonly>
         <executable>true</executable>
         <run_address>0x38e4</run_address>
         <size>0x7c</size>
         <alignment>0x4</alignment>
         <input_file_ref idref="fl-44"/>
      </object_component>
      <object_component id="oc-fb">
         <name>.text.SYSCFG_DL_SYSCTL_init</name>
         <load_address>0x3960</load_address>
         <readonly>true</readonly>
         <executable>true</executable>
         <run_address>0x3960</run_address>
         <size>0x74</size>
         <alignment>0x4</alignment>
         <input_file_ref idref="fl-2"/>
      </object_component>
      <object_component id="oc-225">
         <name>.text.__gedf2</name>
         <load_address>0x39d4</load_address>
         <readonly>true</readonly>
         <executable>true</executable>
         <run_address>0x39d4</run_address>
         <size>0x74</size>
         <alignment>0x4</alignment>
         <input_file_ref idref="fl-125"/>
      </object_component>
      <object_component id="oc-b7">
         <name>.text.IMU_AHRS_GetData</name>
         <load_address>0x3a48</load_address>
         <readonly>true</readonly>
         <executable>true</executable>
         <run_address>0x3a48</run_address>
         <size>0x8</size>
         <alignment>0x4</alignment>
         <input_file_ref idref="fl-6"/>
      </object_component>
      <object_component id="oc-161">
         <name>.text.__truncdfsf2</name>
         <load_address>0x3a50</load_address>
         <readonly>true</readonly>
         <executable>true</executable>
         <run_address>0x3a50</run_address>
         <size>0x74</size>
         <alignment>0x10</alignment>
         <input_file_ref idref="fl-119"/>
      </object_component>
      <object_component id="oc-a5">
         <name>.text.OLED_ShowString</name>
         <load_address>0x3ac4</load_address>
         <readonly>true</readonly>
         <executable>true</executable>
         <run_address>0x3ac4</run_address>
         <size>0x70</size>
         <alignment>0x2</alignment>
         <input_file_ref idref="fl-b"/>
      </object_component>
      <object_component id="oc-128">
         <name>.text.OLED_Clear</name>
         <load_address>0x3b34</load_address>
         <readonly>true</readonly>
         <executable>true</executable>
         <run_address>0x3b34</run_address>
         <size>0x6a</size>
         <alignment>0x2</alignment>
         <input_file_ref idref="fl-b"/>
      </object_component>
      <object_component id="oc-21f">
         <name>.text.__ledf2</name>
         <load_address>0x3ba0</load_address>
         <readonly>true</readonly>
         <executable>true</executable>
         <run_address>0x3ba0</run_address>
         <size>0x68</size>
         <alignment>0x4</alignment>
         <input_file_ref idref="fl-125"/>
      </object_component>
      <object_component id="oc-2ea">
         <name>.text._mcpy</name>
         <load_address>0x3c08</load_address>
         <readonly>true</readonly>
         <executable>true</executable>
         <run_address>0x3c08</run_address>
         <size>0x66</size>
         <alignment>0x2</alignment>
         <input_file_ref idref="fl-45"/>
      </object_component>
      <object_component id="oc-1f3">
         <name>.text.AnglePD_Init</name>
         <load_address>0x3c70</load_address>
         <readonly>true</readonly>
         <executable>true</executable>
         <run_address>0x3c70</run_address>
         <size>0x64</size>
         <alignment>0x4</alignment>
         <input_file_ref idref="fl-5"/>
      </object_component>
      <object_component id="oc-198">
         <name>.text.DL_SYSCTL_setHFCLKSourceHFXTParams</name>
         <load_address>0x3cd4</load_address>
         <readonly>true</readonly>
         <executable>true</executable>
         <run_address>0x3cd4</run_address>
         <size>0x64</size>
         <alignment>0x4</alignment>
         <input_file_ref idref="fl-1f"/>
      </object_component>
      <object_component id="oc-c2">
         <name>.text.IMU_AHRS_Get_Yaw_Compensated</name>
         <load_address>0x3d38</load_address>
         <readonly>true</readonly>
         <executable>true</executable>
         <run_address>0x3d38</run_address>
         <size>0x64</size>
         <alignment>0x4</alignment>
         <input_file_ref idref="fl-6"/>
      </object_component>
      <object_component id="oc-159">
         <name>.text.__aeabi_dcmp</name>
         <load_address>0x3d9c</load_address>
         <readonly>true</readonly>
         <executable>true</executable>
         <run_address>0x3d9c</run_address>
         <size>0x62</size>
         <alignment>0x4</alignment>
         <input_file_ref idref="fl-11a"/>
      </object_component>
      <object_component id="oc-143">
         <name>.text.__aeabi_fcmp</name>
         <load_address>0x3e00</load_address>
         <readonly>true</readonly>
         <executable>true</executable>
         <run_address>0x3e00</run_address>
         <size>0x62</size>
         <alignment>0x4</alignment>
         <input_file_ref idref="fl-11b"/>
      </object_component>
      <object_component id="oc-25a">
         <name>.text.mpu6050_i2c_sda_unlock</name>
         <load_address>0x3e64</load_address>
         <readonly>true</readonly>
         <executable>true</executable>
         <run_address>0x3e64</run_address>
         <size>0x60</size>
         <alignment>0x4</alignment>
         <input_file_ref idref="fl-7"/>
      </object_component>
      <object_component id="oc-125">
         <name>.text.oled_i2c_sda_unlock</name>
         <load_address>0x3ec4</load_address>
         <readonly>true</readonly>
         <executable>true</executable>
         <run_address>0x3ec4</run_address>
         <size>0x60</size>
         <alignment>0x4</alignment>
         <input_file_ref idref="fl-b"/>
      </object_component>
      <object_component id="oc-1e6">
         <name>.text.DL_I2C_fillControllerTXFIFO</name>
         <load_address>0x3f24</load_address>
         <readonly>true</readonly>
         <executable>true</executable>
         <run_address>0x3f24</run_address>
         <size>0x5e</size>
         <alignment>0x2</alignment>
         <input_file_ref idref="fl-1c"/>
      </object_component>
      <object_component id="oc-2d2">
         <name>.text.frexp</name>
         <load_address>0x3f84</load_address>
         <readonly>true</readonly>
         <executable>true</executable>
         <run_address>0x3f84</run_address>
         <size>0x5c</size>
         <alignment>0x4</alignment>
         <input_file_ref idref="fl-50"/>
      </object_component>
      <object_component id="oc-2b5">
         <name>.text.mspm0_i2c_enable</name>
         <load_address>0x3fe0</load_address>
         <readonly>true</readonly>
         <executable>true</executable>
         <run_address>0x3fe0</run_address>
         <size>0x5c</size>
         <alignment>0x4</alignment>
         <input_file_ref idref="fl-7"/>
      </object_component>
      <object_component id="oc-1e4">
         <name>.text.mspm0_i2c_enable</name>
         <load_address>0x403c</load_address>
         <readonly>true</readonly>
         <executable>true</executable>
         <run_address>0x403c</run_address>
         <size>0x5c</size>
         <alignment>0x4</alignment>
         <input_file_ref idref="fl-b"/>
      </object_component>
      <object_component id="oc-fe">
         <name>.text.SYSCFG_DL_I2C_MPU6050_init</name>
         <load_address>0x4098</load_address>
         <readonly>true</readonly>
         <executable>true</executable>
         <run_address>0x4098</run_address>
         <size>0x58</size>
         <alignment>0x4</alignment>
         <input_file_ref idref="fl-2"/>
      </object_component>
      <object_component id="oc-ff">
         <name>.text.SYSCFG_DL_I2C_OLED_init</name>
         <load_address>0x40f0</load_address>
         <readonly>true</readonly>
         <executable>true</executable>
         <run_address>0x40f0</run_address>
         <size>0x58</size>
         <alignment>0x4</alignment>
         <input_file_ref idref="fl-2"/>
      </object_component>
      <object_component id="oc-2de">
         <name>.text.__TI_ltoa</name>
         <load_address>0x4148</load_address>
         <readonly>true</readonly>
         <executable>true</executable>
         <run_address>0x4148</run_address>
         <size>0x58</size>
         <alignment>0x2</alignment>
         <input_file_ref idref="fl-49"/>
      </object_component>
      <object_component id="oc-2a6">
         <name>.text._pconv_f</name>
         <load_address>0x41a0</load_address>
         <readonly>true</readonly>
         <executable>true</executable>
         <run_address>0x41a0</run_address>
         <size>0x58</size>
         <alignment>0x2</alignment>
         <input_file_ref idref="fl-45"/>
      </object_component>
      <object_component id="oc-1db">
         <name>.text.__aeabi_idivmod</name>
         <load_address>0x41f8</load_address>
         <readonly>true</readonly>
         <executable>true</executable>
         <run_address>0x41f8</run_address>
         <size>0x56</size>
         <alignment>0x4</alignment>
         <input_file_ref idref="fl-11c"/>
      </object_component>
      <object_component id="oc-a6">
         <name>.text.Test_Turn90_Start</name>
         <load_address>0x4250</load_address>
         <readonly>true</readonly>
         <executable>true</executable>
         <run_address>0x4250</run_address>
         <size>0x54</size>
         <alignment>0x4</alignment>
         <input_file_ref idref="fl-4"/>
      </object_component>
      <object_component id="oc-133">
         <name>.text.wrap_180</name>
         <load_address>0x42a4</load_address>
         <readonly>true</readonly>
         <executable>true</executable>
         <run_address>0x42a4</run_address>
         <size>0x54</size>
         <alignment>0x4</alignment>
         <input_file_ref idref="fl-4"/>
      </object_component>
      <object_component id="oc-2e8">
         <name>.text._ecpy</name>
         <load_address>0x42f8</load_address>
         <readonly>true</readonly>
         <executable>true</executable>
         <run_address>0x42f8</run_address>
         <size>0x52</size>
         <alignment>0x2</alignment>
         <input_file_ref idref="fl-45"/>
      </object_component>
      <object_component id="oc-2f2">
         <name>.text.DL_GPIO_initPeripheralInputFunctionFeatures</name>
         <load_address>0x434c</load_address>
         <readonly>true</readonly>
         <executable>true</executable>
         <run_address>0x434c</run_address>
         <size>0x50</size>
         <alignment>0x4</alignment>
         <input_file_ref idref="fl-7"/>
      </object_component>
      <object_component id="oc-268">
         <name>.text.DL_GPIO_initPeripheralInputFunctionFeatures</name>
         <load_address>0x439c</load_address>
         <readonly>true</readonly>
         <executable>true</executable>
         <run_address>0x439c</run_address>
         <size>0x50</size>
         <alignment>0x4</alignment>
         <input_file_ref idref="fl-b"/>
      </object_component>
      <object_component id="oc-18e">
         <name>.text.DL_GPIO_initPeripheralInputFunctionFeatures</name>
         <load_address>0x43ec</load_address>
         <readonly>true</readonly>
         <executable>true</executable>
         <run_address>0x43ec</run_address>
         <size>0x50</size>
         <alignment>0x4</alignment>
         <input_file_ref idref="fl-2"/>
      </object_component>
      <object_component id="oc-259">
         <name>.text.DL_I2C_startControllerTransfer</name>
         <load_address>0x443c</load_address>
         <readonly>true</readonly>
         <executable>true</executable>
         <run_address>0x443c</run_address>
         <size>0x50</size>
         <alignment>0x4</alignment>
         <input_file_ref idref="fl-7"/>
      </object_component>
      <object_component id="oc-1e9">
         <name>.text.DL_I2C_startControllerTransfer</name>
         <load_address>0x448c</load_address>
         <readonly>true</readonly>
         <executable>true</executable>
         <run_address>0x448c</run_address>
         <size>0x50</size>
         <alignment>0x4</alignment>
         <input_file_ref idref="fl-b"/>
      </object_component>
      <object_component id="oc-9e">
         <name>.text.IMU_AHRS_Yaw_Calib_Start</name>
         <load_address>0x44dc</load_address>
         <readonly>true</readonly>
         <executable>true</executable>
         <run_address>0x44dc</run_address>
         <size>0x50</size>
         <alignment>0x4</alignment>
         <input_file_ref idref="fl-6"/>
      </object_component>
      <object_component id="oc-105">
         <name>.text.SysTick_Config</name>
         <load_address>0x452c</load_address>
         <readonly>true</readonly>
         <executable>true</executable>
         <run_address>0x452c</run_address>
         <size>0x50</size>
         <alignment>0x4</alignment>
         <input_file_ref idref="fl-9"/>
      </object_component>
      <object_component id="oc-1d5">
         <name>.text.SysTick_Config</name>
         <load_address>0x457c</load_address>
         <readonly>true</readonly>
         <executable>true</executable>
         <run_address>0x457c</run_address>
         <size>0x50</size>
         <alignment>0x4</alignment>
         <input_file_ref idref="fl-2"/>
      </object_component>
      <object_component id="oc-147">
         <name>.text.imu_ahrs_inv_sqrt</name>
         <load_address>0x45cc</load_address>
         <readonly>true</readonly>
         <executable>true</executable>
         <run_address>0x45cc</run_address>
         <size>0x50</size>
         <alignment>0x4</alignment>
         <input_file_ref idref="fl-6"/>
      </object_component>
      <object_component id="oc-2f0">
         <name>.text.DL_GPIO_initDigitalInputFeatures</name>
         <load_address>0x461c</load_address>
         <readonly>true</readonly>
         <executable>true</executable>
         <run_address>0x461c</run_address>
         <size>0x4c</size>
         <alignment>0x4</alignment>
         <input_file_ref idref="fl-7"/>
      </object_component>
      <object_component id="oc-266">
         <name>.text.DL_GPIO_initDigitalInputFeatures</name>
         <load_address>0x4668</load_address>
         <readonly>true</readonly>
         <executable>true</executable>
         <run_address>0x4668</run_address>
         <size>0x4c</size>
         <alignment>0x4</alignment>
         <input_file_ref idref="fl-b"/>
      </object_component>
      <object_component id="oc-1d1">
         <name>.text.DL_UART_setBaudRateDivisor</name>
         <load_address>0x46b4</load_address>
         <readonly>true</readonly>
         <executable>true</executable>
         <run_address>0x46b4</run_address>
         <size>0x4c</size>
         <alignment>0x4</alignment>
         <input_file_ref idref="fl-2"/>
      </object_component>
      <object_component id="oc-2da">
         <name>.text.__fixdfsi</name>
         <load_address>0x4700</load_address>
         <readonly>true</readonly>
         <executable>true</executable>
         <run_address>0x4700</run_address>
         <size>0x4a</size>
         <alignment>0x4</alignment>
         <input_file_ref idref="fl-112"/>
      </object_component>
      <object_component id="oc-1cf">
         <name>.text.DL_UART_init</name>
         <load_address>0x474c</load_address>
         <readonly>true</readonly>
         <executable>true</executable>
         <run_address>0x474c</run_address>
         <size>0x48</size>
         <alignment>0x4</alignment>
         <input_file_ref idref="fl-1e"/>
      </object_component>
      <object_component id="oc-2a8">
         <name>.text.clamp</name>
         <load_address>0x4794</load_address>
         <readonly>true</readonly>
         <executable>true</executable>
         <run_address>0x4794</run_address>
         <size>0x48</size>
         <alignment>0x2</alignment>
         <input_file_ref idref="fl-5"/>
      </object_component>
      <object_component id="oc-1f9">
         <name>.text.lc_printf</name>
         <load_address>0x47dc</load_address>
         <readonly>true</readonly>
         <executable>true</executable>
         <run_address>0x47dc</run_address>
         <size>0x48</size>
         <alignment>0x2</alignment>
         <input_file_ref idref="fl-8"/>
      </object_component>
      <object_component id="oc-2b1">
         <name>.text.mspm0_i2c_disable</name>
         <load_address>0x4824</load_address>
         <readonly>true</readonly>
         <executable>true</executable>
         <run_address>0x4824</run_address>
         <size>0x48</size>
         <alignment>0x4</alignment>
         <input_file_ref idref="fl-7"/>
      </object_component>
      <object_component id="oc-1a3">
         <name>.text.DL_SYSCTL_switchMCLKfromSYSOSCtoHSCLK</name>
         <load_address>0x486c</load_address>
         <readonly>true</readonly>
         <executable>true</executable>
         <run_address>0x486c</run_address>
         <size>0x44</size>
         <alignment>0x4</alignment>
         <input_file_ref idref="fl-1f"/>
      </object_component>
      <object_component id="oc-1e0">
         <name>.text.mspm0_i2c_disable</name>
         <load_address>0x48b0</load_address>
         <readonly>true</readonly>
         <executable>true</executable>
         <run_address>0x48b0</run_address>
         <size>0x44</size>
         <alignment>0x4</alignment>
         <input_file_ref idref="fl-b"/>
      </object_component>
      <object_component id="oc-100">
         <name>.text.SYSCFG_DL_UART_0_init</name>
         <load_address>0x48f4</load_address>
         <readonly>true</readonly>
         <executable>true</executable>
         <run_address>0x48f4</run_address>
         <size>0x40</size>
         <alignment>0x4</alignment>
         <input_file_ref idref="fl-2"/>
      </object_component>
      <object_component id="oc-1ec">
         <name>.text.__aeabi_uidivmod</name>
         <load_address>0x4934</load_address>
         <readonly>true</readonly>
         <executable>true</executable>
         <run_address>0x4934</run_address>
         <size>0x40</size>
         <alignment>0x4</alignment>
         <input_file_ref idref="fl-11f"/>
      </object_component>
      <object_component id="oc-b8">
         <name>.text.__extendsfdf2</name>
         <load_address>0x4974</load_address>
         <readonly>true</readonly>
         <executable>true</executable>
         <run_address>0x4974</run_address>
         <size>0x40</size>
         <alignment>0x4</alignment>
         <input_file_ref idref="fl-111"/>
      </object_component>
      <object_component id="oc-28e">
         <name>.text.atoi</name>
         <load_address>0x49b4</load_address>
         <readonly>true</readonly>
         <executable>true</executable>
         <run_address>0x49b4</run_address>
         <size>0x40</size>
         <alignment>0x4</alignment>
         <input_file_ref idref="fl-4c"/>
      </object_component>
      <object_component id="oc-270">
         <name>.text.vsnprintf</name>
         <load_address>0x49f4</load_address>
         <readonly>true</readonly>
         <executable>true</executable>
         <run_address>0x49f4</run_address>
         <size>0x40</size>
         <alignment>0x4</alignment>
         <input_file_ref idref="fl-39"/>
      </object_component>
      <object_component id="oc-27b">
         <name>.text.DL_I2C_flushControllerTXFIFO</name>
         <load_address>0x4a34</load_address>
         <readonly>true</readonly>
         <executable>true</executable>
         <run_address>0x4a34</run_address>
         <size>0x3c</size>
         <alignment>0x4</alignment>
         <input_file_ref idref="fl-1c"/>
      </object_component>
      <object_component id="oc-1ac">
         <name>.text.DL_Timer_setCounterControl</name>
         <load_address>0x4a70</load_address>
         <readonly>true</readonly>
         <executable>true</executable>
         <run_address>0x4a70</run_address>
         <size>0x3c</size>
         <alignment>0x4</alignment>
         <input_file_ref idref="fl-2"/>
      </object_component>
      <object_component id="oc-1eb">
         <name>.text.OLED_Set_Pos</name>
         <load_address>0x4aac</load_address>
         <readonly>true</readonly>
         <executable>true</executable>
         <run_address>0x4aac</run_address>
         <size>0x3c</size>
         <alignment>0x2</alignment>
         <input_file_ref idref="fl-b"/>
      </object_component>
      <object_component id="oc-fd">
         <name>.text.SYSCFG_DL_TIMER_0_init</name>
         <load_address>0x4ae8</load_address>
         <readonly>true</readonly>
         <executable>true</executable>
         <run_address>0x4ae8</run_address>
         <size>0x3c</size>
         <alignment>0x4</alignment>
         <input_file_ref idref="fl-2"/>
      </object_component>
      <object_component id="oc-13b">
         <name>.text.__floatsisf</name>
         <load_address>0x4b24</load_address>
         <readonly>true</readonly>
         <executable>true</executable>
         <run_address>0x4b24</run_address>
         <size>0x3c</size>
         <alignment>0x4</alignment>
         <input_file_ref idref="fl-115"/>
      </object_component>
      <object_component id="oc-211">
         <name>.text.__gtsf2</name>
         <load_address>0x4b60</load_address>
         <readonly>true</readonly>
         <executable>true</executable>
         <run_address>0x4b60</run_address>
         <size>0x3c</size>
         <alignment>0x4</alignment>
         <input_file_ref idref="fl-121"/>
      </object_component>
      <object_component id="oc-276">
         <name>.text.uart0_sendString</name>
         <load_address>0x4b9c</load_address>
         <readonly>true</readonly>
         <executable>true</executable>
         <run_address>0x4b9c</run_address>
         <size>0x3c</size>
         <alignment>0x2</alignment>
         <input_file_ref idref="fl-8"/>
      </object_component>
      <object_component id="oc-e0">
         <name>.text:__TI_auto_init_nobinit_nopinit</name>
         <load_address>0x4bd8</load_address>
         <readonly>true</readonly>
         <executable>true</executable>
         <run_address>0x4bd8</run_address>
         <size>0x3c</size>
         <alignment>0x4</alignment>
         <input_file_ref idref="fl-3f"/>
      </object_component>
      <object_component id="oc-20c">
         <name>.text.__eqsf2</name>
         <load_address>0x4c14</load_address>
         <readonly>true</readonly>
         <executable>true</executable>
         <run_address>0x4c14</run_address>
         <size>0x3a</size>
         <alignment>0x4</alignment>
         <input_file_ref idref="fl-121"/>
      </object_component>
      <object_component id="oc-207">
         <name>.text.__muldsi3</name>
         <load_address>0x4c50</load_address>
         <readonly>true</readonly>
         <executable>true</executable>
         <run_address>0x4c50</run_address>
         <size>0x3a</size>
         <alignment>0x4</alignment>
         <input_file_ref idref="fl-10d"/>
      </object_component>
      <object_component id="oc-190">
         <name>.text.DL_GPIO_initPeripheralOutputFunctionFeatures</name>
         <load_address>0x4c8c</load_address>
         <readonly>true</readonly>
         <executable>true</executable>
         <run_address>0x4c8c</run_address>
         <size>0x38</size>
         <alignment>0x4</alignment>
         <input_file_ref idref="fl-2"/>
      </object_component>
      <object_component id="oc-91">
         <name>.text.TB6612_Motor_Stop</name>
         <load_address>0x4cc4</load_address>
         <readonly>true</readonly>
         <executable>true</executable>
         <run_address>0x4cc4</run_address>
         <size>0x38</size>
         <alignment>0x4</alignment>
         <input_file_ref idref="fl-c"/>
      </object_component>
      <object_component id="oc-2a9">
         <name>.text.__fixsfsi</name>
         <load_address>0x4cfc</load_address>
         <readonly>true</readonly>
         <executable>true</executable>
         <run_address>0x4cfc</run_address>
         <size>0x38</size>
         <alignment>0x4</alignment>
         <input_file_ref idref="fl-124"/>
      </object_component>
      <object_component id="oc-bc">
         <name>.text.sprintf</name>
         <load_address>0x4d34</load_address>
         <readonly>true</readonly>
         <executable>true</executable>
         <run_address>0x4d34</run_address>
         <size>0x38</size>
         <alignment>0x4</alignment>
         <input_file_ref idref="fl-38"/>
      </object_component>
      <object_component id="oc-8a">
         <name>.text.SYSCFG_DL_init</name>
         <load_address>0x4d6c</load_address>
         <readonly>true</readonly>
         <executable>true</executable>
         <run_address>0x4d6c</run_address>
         <size>0x34</size>
         <alignment>0x4</alignment>
         <input_file_ref idref="fl-2"/>
      </object_component>
      <object_component id="oc-232">
         <name>.text.__fixunssfsi</name>
         <load_address>0x4da0</load_address>
         <readonly>true</readonly>
         <executable>true</executable>
         <run_address>0x4da0</run_address>
         <size>0x32</size>
         <alignment>0x4</alignment>
         <input_file_ref idref="fl-113"/>
      </object_component>
      <object_component id="oc-2e9">
         <name>.text._fcpy</name>
         <load_address>0x4dd2</load_address>
         <readonly>true</readonly>
         <executable>true</executable>
         <run_address>0x4dd2</run_address>
         <size>0x30</size>
         <alignment>0x2</alignment>
         <input_file_ref idref="fl-45"/>
      </object_component>
      <object_component id="oc-2b9">
         <name>.text._outs</name>
         <load_address>0x4e02</load_address>
         <readonly>true</readonly>
         <executable>true</executable>
         <run_address>0x4e02</run_address>
         <size>0x30</size>
         <alignment>0x2</alignment>
         <input_file_ref idref="fl-39"/>
      </object_component>
      <object_component id="oc-96">
         <name>.text.mspm0_delay_ms</name>
         <load_address>0x4e34</load_address>
         <readonly>true</readonly>
         <executable>true</executable>
         <run_address>0x4e34</run_address>
         <size>0x30</size>
         <alignment>0x4</alignment>
         <input_file_ref idref="fl-9"/>
      </object_component>
      <object_component id="oc-12b">
         <name>.text.__NVIC_EnableIRQ</name>
         <load_address>0x4e64</load_address>
         <readonly>true</readonly>
         <executable>true</executable>
         <run_address>0x4e64</run_address>
         <size>0x2c</size>
         <alignment>0x4</alignment>
         <input_file_ref idref="fl-a"/>
      </object_component>
      <object_component id="oc-2e2">
         <name>.text.__floatsidf</name>
         <load_address>0x4e90</load_address>
         <readonly>true</readonly>
         <executable>true</executable>
         <run_address>0x4e90</run_address>
         <size>0x2c</size>
         <alignment>0x4</alignment>
         <input_file_ref idref="fl-114"/>
      </object_component>
      <object_component id="oc-1e5">
         <name>.text.mspm0_get_clock_ms</name>
         <load_address>0x4ebc</load_address>
         <readonly>true</readonly>
         <executable>true</executable>
         <run_address>0x4ebc</run_address>
         <size>0x2c</size>
         <alignment>0x4</alignment>
         <input_file_ref idref="fl-9"/>
      </object_component>
      <object_component id="oc-2bd">
         <name>.text.uart0_sendChar</name>
         <load_address>0x4ee8</load_address>
         <readonly>true</readonly>
         <executable>true</executable>
         <run_address>0x4ee8</run_address>
         <size>0x2c</size>
         <alignment>0x4</alignment>
         <input_file_ref idref="fl-8"/>
      </object_component>
      <object_component id="oc-2b0">
         <name>.text.DL_Common_updateReg</name>
         <load_address>0x4f14</load_address>
         <readonly>true</readonly>
         <executable>true</executable>
         <run_address>0x4f14</run_address>
         <size>0x28</size>
         <alignment>0x2</alignment>
         <input_file_ref idref="fl-7"/>
      </object_component>
      <object_component id="oc-26b">
         <name>.text.DL_Common_updateReg</name>
         <load_address>0x4f3c</load_address>
         <readonly>true</readonly>
         <executable>true</executable>
         <run_address>0x4f3c</run_address>
         <size>0x28</size>
         <alignment>0x2</alignment>
         <input_file_ref idref="fl-b"/>
      </object_component>
      <object_component id="oc-248">
         <name>.text.DL_Common_updateReg</name>
         <load_address>0x4f64</load_address>
         <readonly>true</readonly>
         <executable>true</executable>
         <run_address>0x4f64</run_address>
         <size>0x28</size>
         <alignment>0x2</alignment>
         <input_file_ref idref="fl-2"/>
      </object_component>
      <object_component id="oc-1c4">
         <name>.text.DL_I2C_setControllerRXFIFOThreshold</name>
         <load_address>0x4f8c</load_address>
         <readonly>true</readonly>
         <executable>true</executable>
         <run_address>0x4f8c</run_address>
         <size>0x28</size>
         <alignment>0x4</alignment>
         <input_file_ref idref="fl-2"/>
      </object_component>
      <object_component id="oc-1c3">
         <name>.text.DL_I2C_setControllerTXFIFOThreshold</name>
         <load_address>0x4fb4</load_address>
         <readonly>true</readonly>
         <executable>true</executable>
         <run_address>0x4fb4</run_address>
         <size>0x28</size>
         <alignment>0x4</alignment>
         <input_file_ref idref="fl-2"/>
      </object_component>
      <object_component id="oc-ab">
         <name>.text.__floatunsisf</name>
         <load_address>0x4fdc</load_address>
         <readonly>true</readonly>
         <executable>true</executable>
         <run_address>0x4fdc</run_address>
         <size>0x28</size>
         <alignment>0x4</alignment>
         <input_file_ref idref="fl-117"/>
      </object_component>
      <object_component id="oc-55">
         <name>.text:_c_int00_noargs</name>
         <load_address>0x5004</load_address>
         <readonly>true</readonly>
         <executable>true</executable>
         <run_address>0x5004</run_address>
         <size>0x28</size>
         <alignment>0x4</alignment>
         <input_file_ref idref="fl-3d"/>
      </object_component>
      <object_component id="oc-1bf">
         <name>.text.DL_I2C_setAnalogGlitchFilterPulseWidth</name>
         <load_address>0x502c</load_address>
         <readonly>true</readonly>
         <executable>true</executable>
         <run_address>0x502c</run_address>
         <size>0x26</size>
         <alignment>0x2</alignment>
         <input_file_ref idref="fl-2"/>
      </object_component>
      <object_component id="oc-1b9">
         <name>.text.DL_I2C_setClockConfig</name>
         <load_address>0x5052</load_address>
         <readonly>true</readonly>
         <executable>true</executable>
         <run_address>0x5052</run_address>
         <size>0x26</size>
         <alignment>0x2</alignment>
         <input_file_ref idref="fl-1c"/>
      </object_component>
      <object_component id="oc-14d">
         <name>.text.__floatunsidf</name>
         <load_address>0x5078</load_address>
         <readonly>true</readonly>
         <executable>true</executable>
         <run_address>0x5078</run_address>
         <size>0x24</size>
         <alignment>0x4</alignment>
         <input_file_ref idref="fl-116"/>
      </object_component>
      <object_component id="oc-29b">
         <name>.text.__muldi3</name>
         <load_address>0x509c</load_address>
         <readonly>true</readonly>
         <executable>true</executable>
         <run_address>0x509c</run_address>
         <size>0x24</size>
         <alignment>0x4</alignment>
         <input_file_ref idref="fl-118"/>
      </object_component>
      <object_component id="oc-139">
         <name>.text.imu_ahrs_read_multi</name>
         <load_address>0x50c0</load_address>
         <readonly>true</readonly>
         <executable>true</executable>
         <run_address>0x50c0</run_address>
         <size>0x24</size>
         <alignment>0x2</alignment>
         <input_file_ref idref="fl-6"/>
      </object_component>
      <object_component id="oc-287">
         <name>.text.memccpy</name>
         <load_address>0x50e4</load_address>
         <readonly>true</readonly>
         <executable>true</executable>
         <run_address>0x50e4</run_address>
         <size>0x22</size>
         <alignment>0x2</alignment>
         <input_file_ref idref="fl-4e"/>
      </object_component>
      <object_component id="oc-194">
         <name>.text.DL_SYSCTL_setFlashWaitState</name>
         <load_address>0x5108</load_address>
         <readonly>true</readonly>
         <executable>true</executable>
         <run_address>0x5108</run_address>
         <size>0x20</size>
         <alignment>0x4</alignment>
         <input_file_ref idref="fl-2"/>
      </object_component>
      <object_component id="oc-1d0">
         <name>.text.DL_UART_setOversampling</name>
         <load_address>0x5128</load_address>
         <readonly>true</readonly>
         <executable>true</executable>
         <run_address>0x5128</run_address>
         <size>0x1e</size>
         <alignment>0x2</alignment>
         <input_file_ref idref="fl-2"/>
      </object_component>
      <object_component id="oc-2f8">
         <name>.text.__ashldi3</name>
         <load_address>0x5148</load_address>
         <readonly>true</readonly>
         <executable>true</executable>
         <run_address>0x5148</run_address>
         <size>0x1e</size>
         <alignment>0x4</alignment>
         <input_file_ref idref="fl-123"/>
      </object_component>
      <object_component id="oc-13a">
         <name>.text.imu_ahrs_make_s16</name>
         <load_address>0x5166</load_address>
         <readonly>true</readonly>
         <executable>true</executable>
         <run_address>0x5166</run_address>
         <size>0x1e</size>
         <alignment>0x2</alignment>
         <input_file_ref idref="fl-6"/>
      </object_component>
      <object_component id="oc-2f3">
         <name>.text.DL_GPIO_enableHiZ</name>
         <load_address>0x5184</load_address>
         <readonly>true</readonly>
         <executable>true</executable>
         <run_address>0x5184</run_address>
         <size>0x1c</size>
         <alignment>0x4</alignment>
         <input_file_ref idref="fl-7"/>
      </object_component>
      <object_component id="oc-269">
         <name>.text.DL_GPIO_enableHiZ</name>
         <load_address>0x51a0</load_address>
         <readonly>true</readonly>
         <executable>true</executable>
         <run_address>0x51a0</run_address>
         <size>0x1c</size>
         <alignment>0x4</alignment>
         <input_file_ref idref="fl-b"/>
      </object_component>
      <object_component id="oc-18f">
         <name>.text.DL_GPIO_enableHiZ</name>
         <load_address>0x51bc</load_address>
         <readonly>true</readonly>
         <executable>true</executable>
         <run_address>0x51bc</run_address>
         <size>0x1c</size>
         <alignment>0x4</alignment>
         <input_file_ref idref="fl-2"/>
      </object_component>
      <object_component id="oc-18c">
         <name>.text.DL_GPIO_initPeripheralOutputFunction</name>
         <load_address>0x51d8</load_address>
         <readonly>true</readonly>
         <executable>true</executable>
         <run_address>0x51d8</run_address>
         <size>0x1c</size>
         <alignment>0x4</alignment>
         <input_file_ref idref="fl-2"/>
      </object_component>
      <object_component id="oc-124">
         <name>.text.DL_I2C_getSDAStatus</name>
         <load_address>0x51f4</load_address>
         <readonly>true</readonly>
         <executable>true</executable>
         <run_address>0x51f4</run_address>
         <size>0x1c</size>
         <alignment>0x4</alignment>
         <input_file_ref idref="fl-b"/>
      </object_component>
      <object_component id="oc-279">
         <name>.text.DL_I2C_isControllerRXFIFOEmpty</name>
         <load_address>0x5210</load_address>
         <readonly>true</readonly>
[...]
      </symbol>
      <symbol id="sm-37b">
         <name>DL_I2C_flushControllerTXFIFO</name>
         <value>0x4a35</value>
         <object_component_ref idref="oc-27b"/>
      </symbol>
      <symbol id="sm-397">
         <name>DL_Timer_setClockConfig</name>
         <value>0x52f1</value>
         <object_component_ref idref="oc-1a5"/>
      </symbol>
      <symbol id="sm-398">
         <name>DL_Timer_initTimerMode</name>
         <value>0x2a89</value>
         <object_component_ref idref="oc-1b4"/>
      </symbol>
      <symbol id="sm-399">
         <name>DL_Timer_setCaptureCompareValue</name>
         <value>0x58d9</value>
         <object_component_ref idref="oc-1af"/>
      </symbol>
      <symbol id="sm-39a">
         <name>DL_Timer_setCaptCompUpdateMethod</name>
         <value>0x52d5</value>
         <object_component_ref idref="oc-1ae"/>
      </symbol>
      <symbol id="sm-39b">
         <name>DL_Timer_setCaptureCompareOutCtl</name>
         <value>0x5631</value>
         <object_component_ref idref="oc-1ad"/>
      </symbol>
      <symbol id="sm-39c">
         <name>DL_Timer_initFourCCPWMMode</name>
         <value>0x2881</value>
         <object_component_ref idref="oc-1ab"/>
      </symbol>
      <symbol id="sm-3a9">
         <name>DL_UART_init</name>
         <value>0x474d</value>
         <object_component_ref idref="oc-1cf"/>
      </symbol>
      <symbol id="sm-3aa">
         <name>DL_UART_setClockConfig</name>
         <value>0x5873</value>
         <object_component_ref idref="oc-1c9"/>
      </symbol>
      <symbol id="sm-3be">
         <name>DL_SYSCTL_configSYSPLL</name>
         <value>0x2d55</value>
         <object_component_ref idref="oc-19e"/>
      </symbol>
      <symbol id="sm-3bf">
         <name>DL_SYSCTL_switchMCLKfromSYSOSCtoHSCLK</name>
         <value>0x486d</value>
         <object_component_ref idref="oc-1a3"/>
      </symbol>
      <symbol id="sm-3c0">
         <name>DL_SYSCTL_setHFCLKSourceHFXTParams</name>
         <value>0x3cd5</value>
         <object_component_ref idref="oc-198"/>
      </symbol>
      <symbol id="sm-3c1">
         <name>DL_SYSCTL_configFCC</name>
         <value>0x5249</value>
         <object_component_ref idref="oc-24c"/>
      </symbol>
      <symbol id="sm-3cf">
         <name>atan2f</name>
         <value>0x254d</value>
         <object_component_ref idref="oc-148"/>
      </symbol>
      <symbol id="sm-3e3">
         <name>atanf</name>
         <value>0x18cd</value>
         <object_component_ref idref="oc-213"/>
      </symbol>
      <symbol id="sm-3f4">
         <name>sprintf</name>
         <value>0x4d35</value>
         <object_component_ref idref="oc-bc"/>
      </symbol>
      <symbol id="sm-405">
         <name>vsnprintf</name>
         <value>0x49f5</value>
         <object_component_ref idref="oc-270"/>
      </symbol>
      <symbol id="sm-413">
         <name>_c_int00_noargs</name>
         <value>0x5005</value>
         <object_component_ref idref="oc-55"/>
      </symbol>
      <symbol id="sm-414">
         <name>__stack</name>
         <value>0x20207e00</value>
         <object_component_ref idref="oc-1a"/>
      </symbol>
      <symbol id="sm-423">
         <name>__TI_auto_init_nobinit_nopinit</name>
         <value>0x4bd9</value>
         <object_component_ref idref="oc-e0"/>
      </symbol>
      <symbol id="sm-42b">
         <name>_system_pre_init</name>
         <value>0x5a51</value>
         <object_component_ref idref="oc-6a"/>
      </symbol>
      <symbol id="sm-436">
         <name>__TI_zero_init_nomemset</name>
         <value>0x5747</value>
         <object_component_ref idref="oc-4c"/>
      </symbol>
      <symbol id="sm-43f">
         <name>__TI_decompress_none</name>
         <value>0x5897</value>
         <object_component_ref idref="oc-20"/>
      </symbol>
      <symbol id="sm-44a">
         <name>__TI_decompress_lzss</name>
         <value>0x38e5</value>
         <object_component_ref idref="oc-1c"/>
      </symbol>
      <symbol id="sm-493">
         <name>__TI_printfi</name>
         <value>0xc1</value>
         <object_component_ref idref="oc-230"/>
      </symbol>
      <symbol id="sm-49e">
         <name>__aeabi_errno_addr</name>
         <value>0x59f1</value>
         <object_component_ref idref="oc-296"/>
      </symbol>
      <symbol id="sm-49f">
         <name>__aeabi_errno</name>
         <value>0x20200198</value>
         <object_component_ref idref="oc-2c8"/>
      </symbol>
      <symbol id="sm-4a9">
         <name>abort</name>
         <value>0x5a19</value>
         <object_component_ref idref="oc-d9"/>
      </symbol>
      <symbol id="sm-4b3">
         <name>__TI_ltoa</name>
         <value>0x4149</value>
         <object_component_ref idref="oc-2de"/>
      </symbol>
      <symbol id="sm-4bf">
         <name>atoi</name>
         <value>0x49b5</value>
         <object_component_ref idref="oc-28e"/>
      </symbol>
      <symbol id="sm-4c9">
         <name>memccpy</name>
         <value>0x50e5</value>
         <object_component_ref idref="oc-287"/>
      </symbol>
      <symbol id="sm-4d4">
         <name>frexp</name>
         <value>0x3f85</value>
         <object_component_ref idref="oc-2d2"/>
      </symbol>
      <symbol id="sm-4d5">
         <name>frexpl</name>
         <value>0x3f85</value>
         <object_component_ref idref="oc-2d2"/>
      </symbol>
      <symbol id="sm-4df">
         <name>scalbn</name>
         <value>0x2e31</value>
         <object_component_ref idref="oc-2d6"/>
      </symbol>
      <symbol id="sm-4e0">
         <name>ldexp</name>
         <value>0x2e31</value>
         <object_component_ref idref="oc-2d6"/>
      </symbol>
      <symbol id="sm-4e1">
         <name>scalbnl</name>
         <value>0x2e31</value>
         <object_component_ref idref="oc-2d6"/>
      </symbol>
      <symbol id="sm-4e2">
         <name>ldexpl</name>
         <value>0x2e31</value>
         <object_component_ref idref="oc-2d6"/>
      </symbol>
      <symbol id="sm-4eb">
         <name>wcslen</name>
         <value>0x5909</value>
         <object_component_ref idref="oc-292"/>
      </symbol>
      <symbol id="sm-4f0">
         <name>__aeabi_ctype_table_</name>
         <value>0x6280</value>
         <object_component_ref idref="oc-2c1"/>
      </symbol>
      <symbol id="sm-4f1">
         <name>__aeabi_ctype_table_C</name>
         <value>0x6280</value>
         <object_component_ref idref="oc-2c1"/>
      </symbol>
      <symbol id="sm-4fc">
         <name>HOSTexit</name>
         <value>0x5a23</value>
         <object_component_ref idref="oc-16e"/>
      </symbol>
      <symbol id="sm-4fd">
         <name>C$$EXIT</name>
         <value>0x5a22</value>
         <object_component_ref idref="oc-16e"/>
      </symbol>
      <symbol id="sm-512">
         <name>__aeabi_fadd</name>
         <value>0x2f13</value>
         <object_component_ref idref="oc-12f"/>
      </symbol>
      <symbol id="sm-513">
         <name>__addsf3</name>
         <value>0x2f13</value>
         <object_component_ref idref="oc-12f"/>
      </symbol>
      <symbol id="sm-514">
         <name>__aeabi_fsub</name>
         <value>0x2f09</value>
         <object_component_ref idref="oc-12f"/>
      </symbol>
      <symbol id="sm-515">
         <name>__subsf3</name>
         <value>0x2f09</value>
         <object_component_ref idref="oc-12f"/>
      </symbol>
      <symbol id="sm-51e">
         <name>__aeabi_dadd</name>
         <value>0x1c4f</value>
         <object_component_ref idref="oc-151"/>
      </symbol>
      <symbol id="sm-51f">
         <name>__adddf3</name>
         <value>0x1c4f</value>
         <object_component_ref idref="oc-151"/>
      </symbol>
      <symbol id="sm-520">
         <name>__aeabi_dsub</name>
         <value>0x1c45</value>
         <object_component_ref idref="oc-151"/>
      </symbol>
      <symbol id="sm-521">
         <name>__subdf3</name>
         <value>0x1c45</value>
         <object_component_ref idref="oc-151"/>
      </symbol>
      <symbol id="sm-52a">
         <name>__aeabi_dmul</name>
         <value>0x2c71</value>
         <object_component_ref idref="oc-155"/>
      </symbol>
      <symbol id="sm-52b">
         <name>__muldf3</name>
         <value>0x2c71</value>
         <object_component_ref idref="oc-155"/>
      </symbol>
      <symbol id="sm-531">
         <name>__muldsi3</name>
         <value>0x4c51</value>
         <object_component_ref idref="oc-207"/>
      </symbol>
      <symbol id="sm-537">
         <name>__aeabi_fmul</name>
         <value>0x35cd</value>
         <object_component_ref idref="oc-13f"/>
      </symbol>
      <symbol id="sm-538">
         <name>__mulsf3</name>
         <value>0x35cd</value>
         <object_component_ref idref="oc-13f"/>
      </symbol>
      <symbol id="sm-53e">
         <name>__aeabi_fdiv</name>
         <value>0x3761</value>
         <object_component_ref idref="oc-af"/>
      </symbol>
      <symbol id="sm-53f">
         <name>__divsf3</name>
         <value>0x3761</value>
         <object_component_ref idref="oc-af"/>
      </symbol>
      <symbol id="sm-548">
         <name>__aeabi_ddiv</name>
         <value>0x2775</value>
         <object_component_ref idref="oc-15d"/>
      </symbol>
      <symbol id="sm-549">
         <name>__divdf3</name>
         <value>0x2775</value>
         <object_component_ref idref="oc-15d"/>
      </symbol>
      <symbol id="sm-54f">
         <name>__aeabi_f2d</name>
         <value>0x4975</value>
         <object_component_ref idref="oc-b8"/>
      </symbol>
      <symbol id="sm-550">
         <name>__extendsfdf2</name>
         <value>0x4975</value>
         <object_component_ref idref="oc-b8"/>
      </symbol>
      <symbol id="sm-556">
         <name>__aeabi_d2iz</name>
         <value>0x4701</value>
         <object_component_ref idref="oc-2da"/>
      </symbol>
      <symbol id="sm-557">
         <name>__fixdfsi</name>
         <value>0x4701</value>
         <object_component_ref idref="oc-2da"/>
      </symbol>
      <symbol id="sm-55d">
         <name>__aeabi_f2uiz</name>
         <value>0x4da1</value>
         <object_component_ref idref="oc-232"/>
      </symbol>
      <symbol id="sm-55e">
         <name>__fixunssfsi</name>
         <value>0x4da1</value>
         <object_component_ref idref="oc-232"/>
      </symbol>
      <symbol id="sm-564">
         <name>__aeabi_i2d</name>
         <value>0x4e91</value>
         <object_component_ref idref="oc-2e2"/>
      </symbol>
      <symbol id="sm-565">
         <name>__floatsidf</name>
         <value>0x4e91</value>
         <object_component_ref idref="oc-2e2"/>
      </symbol>
      <symbol id="sm-56b">
         <name>__aeabi_i2f</name>
         <value>0x4b25</value>
         <object_component_ref idref="oc-13b"/>
      </symbol>
      <symbol id="sm-56c">
         <name>__floatsisf</name>
         <value>0x4b25</value>
         <object_component_ref idref="oc-13b"/>
      </symbol>
      <symbol id="sm-572">
         <name>__aeabi_ui2d</name>
         <value>0x5079</value>
         <object_component_ref idref="oc-14d"/>
      </symbol>
      <symbol id="sm-573">
         <name>__floatunsidf</name>
         <value>0x5079</value>
         <object_component_ref idref="oc-14d"/>
      </symbol>
      <symbol id="sm-579">
         <name>__aeabi_ui2f</name>
         <value>0x4fdd</value>
         <object_component_ref idref="oc-ab"/>
      </symbol>
      <symbol id="sm-57a">
         <name>__floatunsisf</name>
         <value>0x4fdd</value>
         <object_component_ref idref="oc-ab"/>
      </symbol>
      <symbol id="sm-580">
         <name>__aeabi_lmul</name>
         <value>0x509d</value>
         <object_component_ref idref="oc-29b"/>
      </symbol>
      <symbol id="sm-581">
         <name>__muldi3</name>
         <value>0x509d</value>
         <object_component_ref idref="oc-29b"/>
      </symbol>
      <symbol id="sm-588">
         <name>__aeabi_d2f</name>
         <value>0x3a51</value>
         <object_component_ref idref="oc-161"/>
      </symbol>
      <symbol id="sm-589">
         <name>__truncdfsf2</name>
         <value>0x3a51</value>
         <object_component_ref idref="oc-161"/>
      </symbol>
      <symbol id="sm-58f">
         <name>__aeabi_dcmpeq</name>
         <value>0x3d9d</value>
         <object_component_ref idref="oc-159"/>
      </symbol>
      <symbol id="sm-590">
         <name>__aeabi_dcmplt</name>
         <value>0x3db1</value>
         <object_component_ref idref="oc-159"/>
      </symbol>
      <symbol id="sm-591">
         <name>__aeabi_dcmple</name>
         <value>0x3dc5</value>
         <object_component_ref idref="oc-159"/>
      </symbol>
      <symbol id="sm-592">
         <name>__aeabi_dcmpge</name>
         <value>0x3dd9</value>
         <object_component_ref idref="oc-159"/>
      </symbol>
      <symbol id="sm-593">
         <name>__aeabi_dcmpgt</name>
         <value>0x3ded</value>
         <object_component_ref idref="oc-159"/>
      </symbol>
      <symbol id="sm-599">
         <name>__aeabi_fcmpeq</name>
         <value>0x3e01</value>
         <object_component_ref idref="oc-143"/>
      </symbol>
      <symbol id="sm-59a">
         <name>__aeabi_fcmplt</name>
         <value>0x3e15</value>
         <object_component_ref idref="oc-143"/>
      </symbol>
      <symbol id="sm-59b">
         <name>__aeabi_fcmple</name>
         <value>0x3e29</value>
         <object_component_ref idref="oc-143"/>
      </symbol>
      <symbol id="sm-59c">
         <name>__aeabi_fcmpge</name>
         <value>0x3e3d</value>
         <object_component_ref idref="oc-143"/>
      </symbol>
      <symbol id="sm-59d">
         <name>__aeabi_fcmpgt</name>
         <value>0x3e51</value>
         <object_component_ref idref="oc-143"/>
      </symbol>
      <symbol id="sm-5a3">
         <name>__aeabi_idiv</name>
         <value>0x41f9</value>
         <object_component_ref idref="oc-1db"/>
      </symbol>
      <symbol id="sm-5a4">
         <name>__aeabi_idivmod</name>
         <value>0x41f9</value>
         <object_component_ref idref="oc-1db"/>
      </symbol>
      <symbol id="sm-5aa">
         <name>__aeabi_memcpy</name>
         <value>0x59f9</value>
         <object_component_ref idref="oc-45"/>
      </symbol>
      <symbol id="sm-5ab">
         <name>__aeabi_memcpy4</name>
         <value>0x59f9</value>
         <object_component_ref idref="oc-45"/>
      </symbol>
      <symbol id="sm-5ac">
         <name>__aeabi_memcpy8</name>
         <value>0x59f9</value>
         <object_component_ref idref="oc-45"/>
      </symbol>
      <symbol id="sm-5b5">
         <name>__aeabi_memset</name>
         <value>0x5919</value>
         <object_component_ref idref="oc-286"/>
      </symbol>
      <symbol id="sm-5b6">
         <name>__aeabi_memset4</name>
         <value>0x5919</value>
         <object_component_ref idref="oc-286"/>
      </symbol>
      <symbol id="sm-5b7">
         <name>__aeabi_memset8</name>
         <value>0x5919</value>
         <object_component_ref idref="oc-286"/>
      </symbol>
      <symbol id="sm-5b8">
         <name>__aeabi_memclr</name>
         <value>0x5999</value>
         <object_component_ref idref="oc-65"/>
      </symbol>
      <symbol id="sm-5b9">
         <name>__aeabi_memclr4</name>
         <value>0x5999</value>
         <object_component_ref idref="oc-65"/>
      </symbol>
      <symbol id="sm-5ba">
         <name>__aeabi_memclr8</name>
         <value>0x5999</value>
         <object_component_ref idref="oc-65"/>
      </symbol>
      <symbol id="sm-5c0">
         <name>__aeabi_uidiv</name>
         <value>0x4935</value>
         <object_component_ref idref="oc-1ec"/>
      </symbol>
      <symbol id="sm-5c1">
         <name>__aeabi_uidivmod</name>
         <value>0x4935</value>
         <object_component_ref idref="oc-1ec"/>
      </symbol>
      <symbol id="sm-5c7">
         <name>__aeabi_uldivmod</name>
         <value>0x5839</value>
         <object_component_ref idref="oc-2a0"/>
      </symbol>
      <symbol id="sm-5d0">
         <name>__eqsf2</name>
         <value>0x4c15</value>
         <object_component_ref idref="oc-20c"/>
      </symbol>
      <symbol id="sm-5d1">
         <name>__lesf2</name>
         <value>0x4c15</value>
         <object_component_ref idref="oc-20c"/>
      </symbol>
      <symbol id="sm-5d2">
         <name>__ltsf2</name>
         <value>0x4c15</value>
         <object_component_ref idref="oc-20c"/>
      </symbol>
      <symbol id="sm-5d3">
         <name>__nesf2</name>
         <value>0x4c15</value>
         <object_component_ref idref="oc-20c"/>
      </symbol>
      <symbol id="sm-5d4">
         <name>__cmpsf2</name>
         <value>0x4c15</value>
         <object_component_ref idref="oc-20c"/>
      </symbol>
      <symbol id="sm-5d5">
         <name>__gtsf2</name>
         <value>0x4b61</value>
         <object_component_ref idref="oc-211"/>
      </symbol>
      <symbol id="sm-5d6">
         <name>__gesf2</name>
         <value>0x4b61</value>
         <object_component_ref idref="oc-211"/>
      </symbol>
      <symbol id="sm-5dc">
         <name>__udivmoddi4</name>
         <value>0x32d5</value>
         <object_component_ref idref="oc-2cd"/>
      </symbol>
      <symbol id="sm-5e2">
         <name>__aeabi_llsl</name>
         <value>0x5149</value>
         <object_component_ref idref="oc-2f8"/>
      </symbol>
      <symbol id="sm-5e3">
         <name>__ashldi3</name>
         <value>0x5149</value>
         <object_component_ref idref="oc-2f8"/>
      </symbol>
      <symbol id="sm-5e9">
         <name>__aeabi_f2iz</name>
         <value>0x4cfd</value>
         <object_component_ref idref="oc-2a9"/>
      </symbol>
      <symbol id="sm-5ea">
         <name>__fixsfsi</name>
         <value>0x4cfd</value>
         <object_component_ref idref="oc-2a9"/>
      </symbol>
      <symbol id="sm-5f8">
         <name>__ledf2</name>
         <value>0x3ba1</value>
         <object_component_ref idref="oc-21f"/>
      </symbol>
      <symbol id="sm-5f9">
         <name>__gedf2</name>
         <value>0x39d5</value>
         <object_component_ref idref="oc-225"/>
      </symbol>
      <symbol id="sm-5fa">
         <name>__cmpdf2</name>
         <value>0x3ba1</value>
         <object_component_ref idref="oc-21f"/>
      </symbol>
      <symbol id="sm-5fb">
         <name>__eqdf2</name>
         <value>0x3ba1</value>
         <object_component_ref idref="oc-21f"/>
      </symbol>
      <symbol id="sm-5fc">
         <name>__ltdf2</name>
         <value>0x3ba1</value>
         <object_component_ref idref="oc-21f"/>
      </symbol>
      <symbol id="sm-5fd">
         <name>__nedf2</name>
         <value>0x3ba1</value>
         <object_component_ref idref="oc-21f"/>
      </symbol>
      <symbol id="sm-5fe">
         <name>__gtdf2</name>
         <value>0x39d5</value>
         <object_component_ref idref="oc-225"/>
      </symbol>
      <symbol id="sm-60a">
         <name>__aeabi_idiv0</name>
         <value>0x1dd7</value>
         <object_component_ref idref="oc-25e"/>
      </symbol>
      <symbol id="sm-60b">
         <name>__aeabi_ldiv0</name>
         <value>0x3377</value>
         <object_component_ref idref="oc-2f7"/>
      </symbol>
      <symbol id="sm-615">
         <name>TI_memcpy_small</name>
         <value>0x5885</value>
         <object_component_ref idref="oc-80"/>
      </symbol>
      <symbol id="sm-61e">
         <name>TI_memset_small</name>
         <value>0x5935</value>
         <object_component_ref idref="oc-f3"/>
      </symbol>
      <symbol id="sm-61f">
         <name>__TI_static_base__</name>
         <value>0x0</value>
      </symbol>
      <symbol id="sm-623">
         <name>__mpu_init</name>
         <value>0x0</value>
      </symbol>
      <symbol id="sm-624">
         <name>_system_post_cinit</name>
         <value>0x0</value>
      </symbol>
   </symbol_table>
   <title>Link successful</title>
</link_info>
