******************************************************************************
            TI ARM Clang Linker PC v4.0.4                      
******************************************************************************
>> Linked Sat Aug  1 14:33:46 2026

OUTPUT FILE NAME:   <mpu6050-oled-hardware-i2c.out>
ENTRY POINT SYMBOL: "_c_int00_noargs"  address: 00007879


MEMORY CONFIGURATION

         name            origin    length      used     unused   attr    fill
----------------------  --------  ---------  --------  --------  ----  --------
  FLASH                 00000000   00020000  00009270  00016d90  R  X
  SRAM                  20200000   00008000  00000568  00007a98  RW X
  BCR_CONFIG            41c00000   000000ff  00000000  000000ff  R   
  BSL_CONFIG            41c00100   00000080  00000000  00000080  R   


SEGMENT ALLOCATION MAP

run origin  load origin   length   init length attrs members
----------  ----------- ---------- ----------- ----- -------
00000000    00000000    00009270   00009270    r-x
  00000000    00000000    000000c0   000000c0    r-- .intvecs
  000000c0    000000c0    000084a0   000084a0    r-x .text
  00008560    00008560    00000cc0   00000cc0    r-- .rodata
  00009220    00009220    00000050   00000050    r-- .cinit
20200000    20200000    00000368   00000000    rw-
  20200000    20200000    00000240   00000000    rw- .bss
  20200240    20200240    00000128   00000000    rw- .data
20207e00    20207e00    00000200   00000000    rw-
  20207e00    20207e00    00000200   00000000    rw- .stack


SECTION ALLOCATION MAP

 output                                  attributes/
section   page    origin      length       input sections
--------  ----  ----------  ----------   ----------------
.intvecs   0    00000000    000000c0     
                  00000000    000000c0     startup_mspm0g350x_ticlang.o (.intvecs)

.text      0    000000c0    000084a0     
                  000000c0    00000bdc     libc.a : _scanfi.c.obj (.text.__TI_scanfi)
                  00000c9c    000009d0            : _printfi.c.obj (.text:__TI_printfi)
                  0000166c    000005a0     imu_ahrs.o (.text.IMU_AHRS_Update_Attitude)
                  00001c0c    000004d0     semicircle_follow.o (.text.SemicircleFollow_Run)
                  000020dc    000003b8     libc.a : strtod.c.obj (.text.strtod)
                  00002494    00000244     follow.o (.text.IRDM_UpdatePositionPID)
                  000026d8    0000022c     ti_msp_dl_config.o (.text.SYSCFG_DL_GPIO_init)
                  00002904    00000220     libc.a : _printfi.c.obj (.text._pconv_a)
                  00002b24    000001e0     imu_ahrs.o (.text.IMU_AHRS_Yaw_Calib_Poll)
                  00002d04    000001e0     libc.a : strtoll.c.obj (.text.strtoll)
                  00002ee4    000001dc            : _printfi.c.obj (.text._pconv_g)
                  000030c0    000001c8            : s_atanf.c.obj (.text.atanf)
                  00003288    000001a8     button_mode.o (.text.ButtonMode_Select)
                  00003430    00000192     libclang_rt.builtins.a : adddf3.S.obj (.text.adddf3_subdf3)
                  000035c2    00000002                            : aeabi_div0.c.obj (.text.__aeabi_idiv0)
                  000035c4    0000016c     libc.a : strtoull.c.obj (.text.strtoull)
                  00003730    00000168     imu_ahrs.o (.text.IMU_AHRS_Update_Data)
                  00003898    00000164     imu_ahrs.o (.text.IMU_AHRS_Init_Poll)
                  000039fc    00000164     follow.o (.text.IRDM_read_sensors)
                  00003b60    00000144     libc.a : strtol.c.obj (.text.strtol)
                  00003ca4    0000013c            : _printfi.c.obj (.text.fcvt)
                  00003de0    00000134     mspm0_i2c.o (.text.mspm0_i2c_read)
                  00003f14    0000012c     vofa_debug.o (.text.VOFA_ParseCommand)
                  00004040    0000012c     libc.a : strtoul.c.obj (.text.strtoul)
                  0000416c    00000124     control_mixer.o (.text.Mixer_Apply)
                  00004290    00000120     libc.a : _printfi.c.obj (.text._pconv_e)
                  000043b0    0000011c     main.o (.text.main)
                  000044cc    00000118     oled_hardware_i2c.o (.text.OLED_ShowChar)
                  000045e4    00000118     libc.a : e_atan2f.c.obj (.text.atan2f)
                  000046fc    00000110     oled_hardware_i2c.o (.text.OLED_Init)
                  0000480c    0000010c     libclang_rt.builtins.a : divdf3.S.obj (.text.__divdf3)
                  00004918    00000104     driverlib.a : dl_timer.o (.text.DL_Timer_initFourCCPWMMode)
                  00004a1c    000000fc                 : dl_timer.o (.text.DL_Timer_initTimerMode)
                  00004b18    000000fc     bsp_motor_hallencoder.o (.text.GROUP1_IRQHandler)
                  00004c14    000000ec     ti_msp_dl_config.o (.text.SYSCFG_DL_SYSCTL_SYSPLL_init)
                  00004d00    000000e4     libclang_rt.builtins.a : muldf3.S.obj (.text.__muldf3)
                  00004de4    000000dc     driverlib.a : dl_sysctl_mspm0g1x0x_g3x0x.o (.text.DL_SYSCTL_configSYSPLL)
                  00004ec0    000000d8     libc.a : s_scalbn.c.obj (.text.scalbn)
                  00004f98    000000d8     libclang_rt.builtins.a : addsf3.S.obj (.text)
                  00005070    000000c4     imu_ahrs.o (.text.imu_ahrs_calibrate_gyro_offset_step)
                  00005134    000000c4     mspm0_i2c.o (.text.mspm0_i2c_write)
                  000051f8    000000bc     angle_pid.o (.text.AnglePD_Update)
                  000052b4    000000ac     semicircle_follow.o (.text.SemicircleFollow_GetTargetBaseSpeed)
                  00005360    000000a2     libclang_rt.builtins.a : udivmoddi4.S.obj (.text)
                  00005402    00000002                            : aeabi_div0.c.obj (.text.__aeabi_ldiv0)
                  00005404    000000a0     turn.o (.text.GoStraight_Start)
                  000054a4    000000a0     imu_ahrs.o (.text.IMU_AHRS_Init_Start)
                  00005544    000000a0     ti_msp_dl_config.o (.text.SYSCFG_DL_initPower)
                  000055e4    00000098     button_mode.o (.text.ButtonMode_UpdateTimeDisplay)
                  0000567c    00000098     oled_hardware_i2c.o (.text.OLED_WR_Byte)
                  00005714    00000094     follow.o (.text.IRDM_calculate_bias)
                  000057a8    00000090     ti_msp_dl_config.o (.text.SYSCFG_DL_PWM_0_init)
                  00005838    0000008c     libclang_rt.builtins.a : mulsf3.S.obj (.text.__mulsf3)
                  000058c4    00000088     turn.o (.text.GoStraight_StartAt)
                  0000594c    00000004     startup_mspm0g350x_ticlang.o (.text.Default_Handler)
                  00005950    00000088     libc.a : strcmp-armv6m.S.obj (.text:strcmp)
                  000059d8    00000084     vofa_debug.o (.text.UART0_IRQHandler)
                  00005a5c    00000084     clock.o (.text.__NVIC_SetPriority)
                  00005ae0    00000084     ti_msp_dl_config.o (.text.__NVIC_SetPriority)
                  00005b64    00000082     libclang_rt.builtins.a : divsf3.S.obj (.text.__divsf3)
                  00005be6    00000002     --HOLE-- [fill = 0]
                  00005be8    00000080     bsp_tb6612.o (.text.AO_Control)
                  00005c68    00000080     bsp_tb6612.o (.text.BO_Control)
                  00005ce8    00000080     ti_msp_dl_config.o (.text.SYSCFG_DL_SYSCTL_init)
                  00005d68    0000007c     libc.a : copy_decompress_lzss.c.obj (.text:decompress:lzss)
                  00005de4    00000074     libclang_rt.builtins.a : comparedf2.c.obj (.text.__gedf2)
                  00005e58    00000008     imu_ahrs.o (.text.IMU_AHRS_GetData)
                  00005e60    00000074     libclang_rt.builtins.a : truncdfsf2.S.obj (.text.__truncdfsf2)
                  00005ed4    00000074     libc.a : sscanf.c.obj (.text._chkmbc)
                  00005f48    00000070     angle_pid.o (.text.AnglePD_Init)
                  00005fb8    00000070     oled_hardware_i2c.o (.text.OLED_ShowString)
                  00006028    0000006a     oled_hardware_i2c.o (.text.OLED_Clear)
                  00006092    00000002     --HOLE-- [fill = 0]
                  00006094    00000068     libclang_rt.builtins.a : comparedf2.c.obj (.text.__ledf2)
                  000060fc    00000066     libc.a : _printfi.c.obj (.text._mcpy)
                  00006162    00000002     --HOLE-- [fill = 0]
                  00006164    00000064     driverlib.a : dl_sysctl_mspm0g1x0x_g3x0x.o (.text.DL_SYSCTL_setHFCLKSourceHFXTParams)
                  000061c8    00000064     imu_ahrs.o (.text.IMU_AHRS_Get_Yaw_Compensated)
                  0000622c    00000062     libclang_rt.builtins.a : aeabi_dcmp.S.obj (.text.__aeabi_dcmp)
                  0000628e    00000002     --HOLE-- [fill = 0]
                  00006290    00000062                            : aeabi_fcmp.S.obj (.text.__aeabi_fcmp)
                  000062f2    00000002     --HOLE-- [fill = 0]
                  000062f4    00000060     mspm0_i2c.o (.text.mpu6050_i2c_sda_unlock)
                  00006354    00000060     oled_hardware_i2c.o (.text.oled_i2c_sda_unlock)
                  000063b4    0000005e     driverlib.a : dl_i2c.o (.text.DL_I2C_fillControllerTXFIFO)
                  00006412    00000002     --HOLE-- [fill = 0]
                  00006414    0000005c     libc.a : s_frexp.c.obj (.text.frexp)
                  00006470    0000005c     mspm0_i2c.o (.text.mspm0_i2c_enable)
                  000064cc    0000005c     oled_hardware_i2c.o (.text.mspm0_i2c_enable)
                  00006528    00000058     ti_msp_dl_config.o (.text.SYSCFG_DL_I2C_MPU6050_init)
                  00006580    00000058     ti_msp_dl_config.o (.text.SYSCFG_DL_I2C_OLED_init)
                  000065d8    00000058     libc.a : _ltoa.c.obj (.text.__TI_ltoa)
                  00006630    00000058            : _printfi.c.obj (.text._pconv_f)
                  00006688    00000056     libclang_rt.builtins.a : aeabi_idivmod.S.obj (.text.__aeabi_idivmod)
                  000066de    00000002     --HOLE-- [fill = 0]
                  000066e0    00000054     follow.o (.text.FollowLoop_SwitchToCurve)
                  00006734    00000054     follow.o (.text.FollowLoop_SwitchToStraight)
                  00006788    00000054     ti_msp_dl_config.o (.text.SYSCFG_DL_UART_0_init)
                  000067dc    00000052     libc.a : _printfi.c.obj (.text._ecpy)
                  0000682e    00000002     --HOLE-- [fill = 0]
                  00006830    00000050     mspm0_i2c.o (.text.DL_GPIO_initPeripheralInputFunctionFeatures)
                  00006880    00000050     oled_hardware_i2c.o (.text.DL_GPIO_initPeripheralInputFunctionFeatures)
                  000068d0    00000050     ti_msp_dl_config.o (.text.DL_GPIO_initPeripheralInputFunctionFeatures)
                  00006920    00000050     mspm0_i2c.o (.text.DL_I2C_startControllerTransfer)
                  00006970    00000050     oled_hardware_i2c.o (.text.DL_I2C_startControllerTransfer)
                  000069c0    00000050     turn.o (.text.GoStraight_GetCorrection)
                  00006a10    00000050     imu_ahrs.o (.text.IMU_AHRS_Yaw_Calib_Start)
                  00006a60    00000050     clock.o (.text.SysTick_Config)
                  00006ab0    00000050     ti_msp_dl_config.o (.text.SysTick_Config)
                  00006b00    00000050     imu_ahrs.o (.text.imu_ahrs_inv_sqrt)
                  00006b50    0000004c     mspm0_i2c.o (.text.DL_GPIO_initDigitalInputFeatures)
                  00006b9c    0000004c     oled_hardware_i2c.o (.text.DL_GPIO_initDigitalInputFeatures)
                  00006be8    0000004c     ti_msp_dl_config.o (.text.DL_GPIO_initDigitalInputFeatures)
                  00006c34    0000004c     ti_msp_dl_config.o (.text.DL_UART_setBaudRateDivisor)
                  00006c80    0000004a     libclang_rt.builtins.a : fixdfsi.S.obj (.text.__fixdfsi)
                  00006cca    00000002     --HOLE-- [fill = 0]
                  00006ccc    00000048     driverlib.a : dl_uart.o (.text.DL_UART_init)
                  00006d14    00000048     angle_pid.o (.text.clamp)
                  00006d5c    00000048     board.o (.text.lc_printf)
                  00006da4    00000048     mspm0_i2c.o (.text.mspm0_i2c_disable)
                  00006dec    00000044     driverlib.a : dl_sysctl_mspm0g1x0x_g3x0x.o (.text.DL_SYSCTL_switchMCLKfromSYSOSCtoHSCLK)
                  00006e30    00000044     follow.o (.text.IRDM_IsBlackLine)
                  00006e74    00000044     ti_msp_dl_config.o (.text.SYSCFG_DL_init)
                  00006eb8    00000044     oled_hardware_i2c.o (.text.mspm0_i2c_disable)
                  00006efc    00000040     follow.o (.text.IRDM_CountBlackSensors)
                  00006f3c    00000040     libclang_rt.builtins.a : aeabi_uidivmod.S.obj (.text.__aeabi_uidivmod)
                  00006f7c    00000040                            : extendsfdf2.S.obj (.text.__extendsfdf2)
                  00006fbc    00000040     libc.a : atoi.c.obj (.text.atoi)
                  00006ffc    00000040            : vsnprintf.c.obj (.text.vsnprintf)
                  0000703c    0000003c     driverlib.a : dl_i2c.o (.text.DL_I2C_flushControllerTXFIFO)
                  00007078    0000003c     ti_msp_dl_config.o (.text.DL_Timer_setCounterControl)
                  000070b4    0000003c     oled_hardware_i2c.o (.text.OLED_Set_Pos)
                  000070f0    0000003c     ti_msp_dl_config.o (.text.SYSCFG_DL_TIMER_0_init)
                  0000712c    0000003c     bsp_motor_hallencoder.o (.text.TIMG0_IRQHandler)
                  00007168    0000003c     libclang_rt.builtins.a : floatsisf.S.obj (.text.__floatsisf)
                  000071a4    0000003c                            : comparesf2.S.obj (.text.__gtsf2)
                  000071e0    0000003c     board.o (.text.uart0_sendString)
                  0000721c    0000003c     libc.a : autoinit.c.obj (.text:__TI_auto_init_nobinit_nopinit)
                  00007258    0000003a     libclang_rt.builtins.a : comparesf2.S.obj (.text.__eqsf2)
                  00007292    00000002     --HOLE-- [fill = 0]
                  00007294    0000003a                            : muldsi3.S.obj (.text.__muldsi3)
                  000072ce    00000002     --HOLE-- [fill = 0]
                  000072d0    00000038     ti_msp_dl_config.o (.text.DL_GPIO_initPeripheralOutputFunctionFeatures)
                  00007308    00000038     bsp_tb6612.o (.text.TB6612_Motor_Stop)
                  00007340    00000038     libclang_rt.builtins.a : fixsfsi.S.obj (.text.__fixsfsi)
                  00007378    00000038     libc.a : sprintf.c.obj (.text.sprintf)
                  000073b0    00000034     follow.o (.text.IRDM_get_sensor_state)
                  000073e4    00000034     semicircle_follow.o (.text.SemicircleFollow_GetReentryCooldownMs)
                  00007418    00000032     libclang_rt.builtins.a : fixunssfsi.S.obj (.text.__fixunssfsi)
                  0000744a    00000030     libc.a : _printfi.c.obj (.text._fcpy)
                  0000747a    00000030            : vsnprintf.c.obj (.text._outs)
                  000074aa    00000002     --HOLE-- [fill = 0]
                  000074ac    00000030     clock.o (.text.mspm0_delay_ms)
                  000074dc    00000030     libc.a : sscanf.c.obj (.text.sscanf)
                  0000750c    0000002c     follow.o (.text.FollowLoop_SetCurvePID)
                  00007538    0000002c     follow.o (.text.FollowLoop_SetStraightPID)
                  00007564    0000002c     turn.o (.text.GoStraight_SetKD)
                  00007590    0000002c     turn.o (.text.GoStraight_SetKP)
                  000075bc    0000002c     ti_msp_dl_config.o (.text.SYSCFG_DL_TIMER_ULTRASONIC_init)
                  000075e8    0000002c     interrupt.o (.text.__NVIC_EnableIRQ)
                  00007614    0000002c     libclang_rt.builtins.a : floatsidf.S.obj (.text.__floatsidf)
                  00007640    0000002c     clock.o (.text.mspm0_get_clock_ms)
                  0000766c    0000002c     board.o (.text.uart0_sendChar)
                  00007698    00000028     mspm0_i2c.o (.text.DL_Common_updateReg)
                  000076c0    00000028     oled_hardware_i2c.o (.text.DL_Common_updateReg)
                  000076e8    00000028     ti_msp_dl_config.o (.text.DL_Common_updateReg)
                  00007710    00000028     ti_msp_dl_config.o (.text.DL_I2C_setControllerRXFIFOThreshold)
                  00007738    00000028     ti_msp_dl_config.o (.text.DL_I2C_setControllerTXFIFOThreshold)
                  00007760    00000028     ti_msp_dl_config.o (.text.DL_UART_setRXFIFOThreshold)
                  00007788    00000028     ti_msp_dl_config.o (.text.DL_UART_setTXFIFOThreshold)
                  000077b0    00000028     follow.o (.text.FollowLoop_SetKD)
                  000077d8    00000028     follow.o (.text.FollowLoop_SetKI)
                  00007800    00000028     follow.o (.text.FollowLoop_SetKP)
                  00007828    00000028     control_mixer.o (.text.Mixer_Init)
                  00007850    00000028     libclang_rt.builtins.a : floatunsisf.S.obj (.text.__floatunsisf)
                  00007878    00000028     libc.a : boot_cortex_m.c.obj (.text:_c_int00_noargs)
                  000078a0    00000026     ti_msp_dl_config.o (.text.DL_I2C_setAnalogGlitchFilterPulseWidth)
                  000078c6    00000026     driverlib.a : dl_i2c.o (.text.DL_I2C_setClockConfig)
                  000078ec    00000024     libclang_rt.builtins.a : floatunsidf.S.obj (.text.__floatunsidf)
                  00007910    00000024                            : muldi3.S.obj (.text.__muldi3)
                  00007934    00000024     imu_ahrs.o (.text.imu_ahrs_read_multi)
                  00007958    00000022     libc.a : memccpy.c.obj (.text.memccpy)
                  0000797a    00000002     --HOLE-- [fill = 0]
                  0000797c    00000020     ti_msp_dl_config.o (.text.DL_SYSCTL_setFlashWaitState)
                  0000799c    0000001e     angle_pid.o (.text.AnglePD_Reset)
                  000079ba    0000001e     ti_msp_dl_config.o (.text.DL_UART_setOversampling)
                  000079d8    0000001e     libclang_rt.builtins.a : ashldi3.S.obj (.text.__ashldi3)
                  000079f6    0000001e     imu_ahrs.o (.text.imu_ahrs_make_s16)
                  00007a14    0000001c     bsp_motor_hallencoder.o (.text.DL_GPIO_clearInterruptStatus)
                  00007a30    0000001c     ti_msp_dl_config.o (.text.DL_GPIO_clearInterruptStatus)
                  00007a4c    0000001c     mspm0_i2c.o (.text.DL_GPIO_enableHiZ)
                  00007a68    0000001c     oled_hardware_i2c.o (.text.DL_GPIO_enableHiZ)
                  00007a84    0000001c     ti_msp_dl_config.o (.text.DL_GPIO_enableHiZ)
                  00007aa0    0000001c     ti_msp_dl_config.o (.text.DL_GPIO_enableInterrupt)
                  00007abc    0000001c     ti_msp_dl_config.o (.text.DL_GPIO_initPeripheralOutputFunction)
                  00007ad8    0000001c     ti_msp_dl_config.o (.text.DL_GPIO_setLowerPinsPolarity)
                  00007af4    0000001c     oled_hardware_i2c.o (.text.DL_I2C_getSDAStatus)
                  00007b10    0000001c     mspm0_i2c.o (.text.DL_I2C_isControllerRXFIFOEmpty)
                  00007b2c    0000001c     driverlib.a : dl_sysctl_mspm0g1x0x_g3x0x.o (.text.DL_SYSCTL_configFCC)
                  00007b48    0000001c     ti_msp_dl_config.o (.text.DL_SYSCTL_setFCCPeriods)
                  00007b64    0000001c     ti_msp_dl_config.o (.text.DL_SYSCTL_setSYSOSCFreq)
                  00007b80    0000001c     ti_msp_dl_config.o (.text.DL_SYSCTL_setULPCLKDivider)
                  00007b9c    0000001c     ti_msp_dl_config.o (.text.DL_Timer_enableInterrupt)
                  00007bb8    0000001c     driverlib.a : dl_timer.o (.text.DL_Timer_setCaptCompUpdateMethod)
                  00007bd4    0000001c                 : dl_timer.o (.text.DL_Timer_setClockConfig)
                  00007bf0    0000001c     turn.o (.text.GoStraight_Stop)
                  00007c0c    0000001c     imu_ahrs.o (.text.IMU_AHRS_Attitude_Enable)
                  00007c28    0000001c     interrupt.o (.text.Interrupt_Init)
                  00007c44    0000001c     ti_msp_dl_config.o (.text.SYSCFG_DL_SYSCTL_CLK_init)
                  00007c60    0000001c     turn.o (.text.Turn_Stop)
                  00007c7c    0000001c     imu_ahrs.o (.text.imu_ahrs_write_reg)
                  00007c98    00000018     mspm0_i2c.o (.text.DL_GPIO_enableOutput)
                  00007cb0    00000018     oled_hardware_i2c.o (.text.DL_GPIO_enableOutput)
                  00007cc8    00000018     ti_msp_dl_config.o (.text.DL_GPIO_enableOutput)
                  00007ce0    00000018     ti_msp_dl_config.o (.text.DL_GPIO_enablePower)
                  00007cf8    00000018     bsp_motor_hallencoder.o (.text.DL_GPIO_getEnabledInterruptStatus)
                  00007d10    00000018     mspm0_i2c.o (.text.DL_GPIO_initDigitalOutput)
                  00007d28    00000018     oled_hardware_i2c.o (.text.DL_GPIO_initDigitalOutput)
                  00007d40    00000018     ti_msp_dl_config.o (.text.DL_GPIO_initDigitalOutput)
                  00007d58    00000018     ti_msp_dl_config.o (.text.DL_GPIO_initPeripheralAnalogFunction)
                  00007d70    00000018     ti_msp_dl_config.o (.text.DL_GPIO_reset)
                  00007d88    00000018     bsp_tb6612.o (.text.DL_GPIO_setPins)
                  00007da0    00000018     mspm0_i2c.o (.text.DL_GPIO_setPins)
                  00007db8    00000018     oled_hardware_i2c.o (.text.DL_GPIO_setPins)
                  00007dd0    00000018     ti_msp_dl_config.o (.text.DL_GPIO_setPins)
                  00007de8    00000018     ti_msp_dl_config.o (.text.DL_GPIO_setUpperPinsPolarity)
                  00007e00    00000018     mspm0_i2c.o (.text.DL_I2C_clearInterruptStatus)
                  00007e18    00000018     oled_hardware_i2c.o (.text.DL_I2C_clearInterruptStatus)
                  00007e30    00000018     ti_msp_dl_config.o (.text.DL_I2C_enableAnalogGlitchFilter)
                  00007e48    00000018     ti_msp_dl_config.o (.text.DL_I2C_enableController)
                  00007e60    00000018     ti_msp_dl_config.o (.text.DL_I2C_enableControllerClockStretching)
                  00007e78    00000018     mspm0_i2c.o (.text.DL_I2C_enablePower)
                  00007e90    00000018     oled_hardware_i2c.o (.text.DL_I2C_enablePower)
                  00007ea8    00000018     ti_msp_dl_config.o (.text.DL_I2C_enablePower)
                  00007ec0    00000018     mspm0_i2c.o (.text.DL_I2C_getRawInterruptStatus)
                  00007ed8    00000018     oled_hardware_i2c.o (.text.DL_I2C_getRawInterruptStatus)
                  00007ef0    00000018     mspm0_i2c.o (.text.DL_I2C_reset)
                  00007f08    00000018     oled_hardware_i2c.o (.text.DL_I2C_reset)
                  00007f20    00000018     ti_msp_dl_config.o (.text.DL_I2C_reset)
                  00007f38    00000018     ti_msp_dl_config.o (.text.DL_I2C_setTimerPeriod)
                  00007f50    00000018     ti_msp_dl_config.o (.text.DL_SYSCTL_setBORThreshold)
                  00007f68    00000018     ti_msp_dl_config.o (.text.DL_Timer_enablePower)
                  00007f80    00000018     ti_msp_dl_config.o (.text.DL_Timer_reset)
                  00007f98    00000018     driverlib.a : dl_timer.o (.text.DL_Timer_setCaptureCompareOutCtl)
                  00007fb0    00000018     ti_msp_dl_config.o (.text.DL_UART_enableFIFOs)
                  00007fc8    00000018     ti_msp_dl_config.o (.text.DL_UART_enablePower)
                  00007fe0    00000018     board.o (.text.DL_UART_isBusy)
                  00007ff8    00000018     vofa_debug.o (.text.DL_UART_isRXFIFOEmpty)
                  00008010    00000018     ti_msp_dl_config.o (.text.DL_UART_reset)
                  00008028    00000018     clock.o (.text.SysTick_Init)
                  00008040    00000018     libc.a : vsnprintf.c.obj (.text._outc)
                  00008058    00000018            : sprintf.c.obj (.text._outs)
                  00008070    00000016     bsp_motor_hallencoder.o (.text.DL_GPIO_readPins)
                  00008086    00000016     button_mode.o (.text.DL_GPIO_readPins)
                  0000809c    00000016     follow.o (.text.DL_GPIO_readPins)
                  000080b2    00000016     mspm0_i2c.o (.text.DL_GPIO_readPins)
                  000080c8    00000016     oled_hardware_i2c.o (.text.DL_GPIO_readPins)
                  000080de    00000016     mspm0_i2c.o (.text.DL_I2C_transmitControllerData)
                  000080f4    00000016     ti_msp_dl_config.o (.text.DL_UART_enable)
                  0000810a    00000016     board.o (.text.DL_UART_transmitData)
                  00008120    00000016     libc.a : copy_zero_init.c.obj (.text:decompress:ZI:__TI_zero_init_nomemset)
                  00008136    00000014     bsp_tb6612.o (.text.DL_GPIO_clearPins)
                  0000814a    00000014     mspm0_i2c.o (.text.DL_GPIO_clearPins)
                  0000815e    00000014     oled_hardware_i2c.o (.text.DL_GPIO_clearPins)
                  00008172    00000014     ti_msp_dl_config.o (.text.DL_GPIO_clearPins)
                  00008186    00000002     --HOLE-- [fill = 0]
                  00008188    00000014     mspm0_i2c.o (.text.DL_I2C_getControllerStatus)
                  0000819c    00000014     oled_hardware_i2c.o (.text.DL_I2C_getControllerStatus)
                  000081b0    00000014     mspm0_i2c.o (.text.DL_I2C_receiveControllerData)
                  000081c4    00000014     ti_msp_dl_config.o (.text.DL_I2C_resetControllerTransfer)
                  000081d8    00000014     ti_msp_dl_config.o (.text.DL_SYSCTL_disableSYSPLL)
                  000081ec    00000014     ti_msp_dl_config.o (.text.DL_SYSCTL_enableSYSPLL)
                  00008200    00000014     ti_msp_dl_config.o (.text.DL_Timer_enableClock)
                  00008214    00000014     ti_msp_dl_config.o (.text.DL_Timer_setCCPDirection)
                  00008228    00000014     vofa_debug.o (.text.DL_UART_receiveData)
                  0000823c    00000014     control_mixer.o (.text.Mixer_SetAngleDiff)
                  00008250    00000014     control_mixer.o (.text.Mixer_SetBaseSpeed)
                  00008264    00000014     control_mixer.o (.text.Mixer_SetDiffScale)
                  00008278    00000014     control_mixer.o (.text.Mixer_SetFollowDiff)
                  0000828c    00000014     control_mixer.o (.text.Mixer_SetOuterBoost)
                  000082a0    00000014     libclang_rt.builtins.a : aeabi_uldivmod.S.obj (.text.__aeabi_uldivmod)
                  000082b4    00000014     libc.a : sscanf.c.obj (.text._inpchar)
                  000082c8    00000014            : _printfi.c.obj (.text.strchr)
                  000082dc    00000012     bsp_motor_hallencoder.o (.text.DL_Timer_getPendingInterrupt)
                  000082ee    00000012     driverlib.a : dl_uart.o (.text.DL_UART_setClockConfig)
                  00008300    00000012     libc.a : memcpy16.S.obj (.text:TI_memcpy_small)
                  00008312    00000012            : copy_decompress_none.c.obj (.text:decompress:none)
                  00008324    00000010     angle_pid.o (.text.AnglePD_SetKD)
                  00008334    00000010     angle_pid.o (.text.AnglePD_SetKP)
                  00008344    00000010     ti_msp_dl_config.o (.text.DL_SYSCTL_disableHFXT)
                  00008354    00000010     ti_msp_dl_config.o (.text.DL_SYSCTL_isFCCDone)
                  00008364    00000010     ti_msp_dl_config.o (.text.DL_SYSCTL_startFCC)
                  00008374    00000010     driverlib.a : dl_timer.o (.text.DL_Timer_setCaptureCompareValue)
                  00008384    00000010     turn.o (.text.GoStraight_ResetPD)
                  00008394    00000010     follow.o (.text.IRDM_GetCorrection)
                  000083a4    00000010     interrupt.o (.text.SysTick_Handler)
                  000083b4    00000010     oled_hardware_i2c.o (.text.delay_ms)
                  000083c4    00000010     libc.a : wcslen.c.obj (.text.wcslen)
                  000083d4    0000000e            : _scanfi.c.obj (.text.OUTLINED_FUNCTION_1)
                  000083e2    0000000e            : _scanfi.c.obj (.text.OUTLINED_FUNCTION_2)
                  000083f0    0000000e            : _scanfi.c.obj (.text.OUTLINED_FUNCTION_4)
                  000083fe    00000002     --HOLE-- [fill = 0]
                  00008400    0000000e     libclang_rt.builtins.a : aeabi_memset.S.obj (.text.__aeabi_memset)
                  0000840e    0000000e     libc.a : _printfi.c.obj (.text.strlen)
                  0000841c    0000000e            : memset16.S.obj (.text:TI_memset_small)
                  0000842a    00000002     --HOLE-- [fill = 0]
                  0000842c    0000000c     ti_msp_dl_config.o (.text.DL_SYSCTL_getClockStatus)
                  00008438    0000000c     ti_msp_dl_config.o (.text.DL_SYSCTL_readFCC)
                  00008444    0000000c     follow.o (.text.FollowLoop_GetBias)
                  00008450    0000000c     follow.o (.text.FollowLoop_GetBiasDeriv)
                  0000845c    0000000c     imu_ahrs.o (.text.IMU_AHRS_GetStatus)
                  00008468    0000000c     imu_ahrs.o (.text.IMU_AHRS_TurnAngle_Reset)
                  00008474    0000000c     ti_msp_dl_config.o (.text.SYSCFG_DL_SYSTICK_init)
                  00008480    0000000c     libclang_rt.builtins.a : aeabi_memset.S.obj (.text.__aeabi_memclr)
                  0000848c    0000000a     driverlib.a : dl_common.o (.text.DL_Common_delayCycles)
                  00008496    0000000a     libc.a : _printfi.c.obj (.text.OUTLINED_FUNCTION_0)
                  000084a0    00000010     libclang_rt.builtins.a : adddf3.S.obj (.tramp.__aeabi_dsub.1)
                  000084b0    0000000a     libc.a : _printfi.c.obj (.text.OUTLINED_FUNCTION_1)
                  000084ba    0000000a            : sprintf.c.obj (.text._outc)
                  000084c4    00000008            : _scanfi.c.obj (.text.OUTLINED_FUNCTION_0)
                  000084cc    00000008            : strtod.c.obj (.text.OUTLINED_FUNCTION_0)
                  000084d4    00000008            : strtod.c.obj (.text.OUTLINED_FUNCTION_1)
                  000084dc    00000010     libclang_rt.builtins.a : aeabi_dcmp.S.obj (.tramp.__aeabi_dcmpeq.1)
                  000084ec    00000008     libc.a : aeabi_portable.c.obj (.text.__aeabi_errno_addr)
                  000084f4    00000008     libclang_rt.builtins.a : aeabi_memcpy.S.obj (.text.__aeabi_memcpy)
                  000084fc    00000008     libc.a : sscanf.c.obj (.text._uninpchar)
                  00008504    00000006            : s_atanf.c.obj (.text.OUTLINED_FUNCTION_0)
                  0000850a    00000002     --HOLE-- [fill = 0]
                  0000850c    00000010     libclang_rt.builtins.a : divsf3.S.obj (.tramp.__aeabi_fdiv.1)
                  0000851c    00000006     libc.a : _scanfi.c.obj (.text.OUTLINED_FUNCTION_3)
                  00008522    00000006            : exit.c.obj (.text:abort)
                  00008528    00000004     libsysbm.a : hostexit.c.obj (.text.HOSTexit)
                  0000852c    00000004     libc.a : s_atanf.c.obj (.text.OUTLINED_FUNCTION_1)
                  00008530    00000010     libclang_rt.builtins.a : addsf3.S.obj (.tramp.__aeabi_fadd.1)
                  00008540    00000004     startup_mspm0g350x_ticlang.o (.text.Reset_Handler)
                  00008544    00000010     libc.a : boot_cortex_m.c.obj (.tramp._c_int00_noargs.1)
                  00008554    00000004            : pre_init.c.obj (.text._system_pre_init)
                  00008558    00000008     --HOLE-- [fill = 0]

.cinit     0    00009220    00000050     
                  00009220    00000028     (.cinit..data.load) [load image, compression = lzss]
                  00009248    0000000c     (__TI_handler_table)
                  00009254    00000008     (.cinit..bss.load) [load image, compression = zero_init]
                  0000925c    00000010     (__TI_cinit_table)
                  0000926c    00000004     --HOLE-- [fill = 0]

.rodata    0    00008560    00000cc0     
                  00008560    000005f0     oled_hardware_i2c.o (.rodata.asc2_1608)
                  00008b50    00000228     oled_hardware_i2c.o (.rodata.asc2_0806)
                  00008d78    00000008     libc.a : _scanfi.c.obj (.rodata..L__const._sproc_float.special)
                  00008d80    00000101            : aeabi_ctype.S.obj (.rodata:__aeabi_ctype_table_)
                  00008e81    00000007            : _scanfi.c.obj (.rodata._sproc_int.flit)
                  00008e88    00000080            : strtod.c.obj (.rodata.digits)
                  00008f08    00000048            : strtod.c.obj (.rodata.powerof10)
                  00008f50    00000031     angle_pid.o (.rodata.str1.17946244033951315791.1)
                  00008f81    00000030     turn.o (.rodata.str1.7630309525740087319.1)
                  00008fb1    0000002e     turn.o (.rodata.str1.15825708390215290014.1)
                  00008fdf    00000001     --HOLE-- [fill = 0]
                  00008fe0    00000028     ti_msp_dl_config.o (.rodata.gSYSPLLConfig)
                  00009008    00000021     bsp_tb6612.o (.rodata.str1.15091695396400935675.1)
                  00009029    00000003     ti_msp_dl_config.o (.rodata.gPWM_0ClockConfig)
                  0000902c    00000020     libc.a : s_atanf.c.obj (.rodata.cst16)
                  0000904c    00000020     follow.o (.rodata.cst32)
                  0000906c    0000001d     vofa_debug.o (.rodata.str1.832622803524188375.1)
                  00009089    0000001c     turn.o (.rodata.str1.6605854860095091095.1)
                  000090a5    0000001a     turn.o (.rodata.str1.1448976492060665233.1)
                  000090bf    00000018     follow.o (.rodata.str1.18178574391210448268.1)
                  000090d7    00000018     follow.o (.rodata.str1.2652027411992500410.1)
                  000090ef    00000018     follow.o (.rodata.str1.5931985603168994878.1)
                  00009107    00000017     turn.o (.rodata.str1.12668684674347943869.1)
                  0000911e    00000017     turn.o (.rodata.str1.2547687475840583291.1)
                  00009135    00000003     ti_msp_dl_config.o (.rodata.gTIMER_0ClockConfig)
                  00009138    00000014     ti_msp_dl_config.o (.rodata.gTIMER_0TimerConfig)
                  0000914c    00000014     ti_msp_dl_config.o (.rodata.gTIMER_ULTRASONICTimerConfig)
                  00009160    00000014     vofa_debug.o (.rodata.str1.10891076048903020628.1)
                  00009174    00000013     button_mode.o (.rodata.str1.5507698543048122959.1)
                  00009187    00000011     libc.a : _printfi.c.obj (.rodata.str1.10348868589481759720.1)
                  00009198    00000011            : _printfi.c.obj (.rodata.str1.15363888844622738466.1)
                  000091a9    0000000d     button_mode.o (.rodata.str1.14334485095697009583.1)
                  000091b6    0000000c     button_mode.o (.rodata.str1.11969164217380479986.1)
                  000091c2    0000000a     ti_msp_dl_config.o (.rodata.gUART_0Config)
                  000091cc    0000000a     vofa_debug.o (.rodata.str1.11806517368064402221.1)
                  000091d6    00000009     libc.a : _scanfi.c.obj (.rodata.str1.12964984209033246150.1)
                  000091df    00000001     --HOLE-- [fill = 0]
                  000091e0    00000008     ti_msp_dl_config.o (.rodata.gPWM_0Config)
                  000091e8    00000006     libc.a : _scanfi.c.obj (.rodata._sproc_int.barr)
                  000091ee    00000005     vofa_debug.o (.rodata.str1.3353928566755970298.1)
                  000091f3    00000005     vofa_debug.o (.rodata.str1.9050699289953225713.1)
                  000091f8    00000004     libc.a : _scanfi.c.obj (.rodata.str1.3403580589742030990.1)
                  000091fc    00000003     ti_msp_dl_config.o (.rodata.gTIMER_ULTRASONICClockConfig)
                  000091ff    00000003     vofa_debug.o (.rodata.str1.10484139096401623572.1)
                  00009202    00000003     vofa_debug.o (.rodata.str1.11161334823677404466.1)
                  00009205    00000003     vofa_debug.o (.rodata.str1.12602603801916275315.1)
                  00009208    00000003     vofa_debug.o (.rodata.str1.15624235433517460284.1)
                  0000920b    00000003     vofa_debug.o (.rodata.str1.16783799432960545502.1)
                  0000920e    00000003     vofa_debug.o (.rodata.str1.17981966462519096544.1)
                  00009211    00000003     vofa_debug.o (.rodata.str1.5771549245972982501.1)
                  00009214    00000003     vofa_debug.o (.rodata.str1.5790594398339545982.1)
                  00009217    00000002     ti_msp_dl_config.o (.rodata.gI2C_MPU6050ClockConfig)
                  00009219    00000002     ti_msp_dl_config.o (.rodata.gI2C_OLEDClockConfig)
                  0000921b    00000002     ti_msp_dl_config.o (.rodata.gUART_0ClockConfig)
                  0000921d    00000003     --HOLE-- [fill = 0]

.init_array 
*          0    00000000    00000000     UNINITIALIZED

.binit     0    00000000    00000000     

.bss       0    20200000    00000240     UNINITIALIZED
                  20200000    000000bc     (.common:gPWM_0Backup)
                  202000bc    000000bc     (.common:gTIMER_ULTRASONICBackup)
                  20200178    00000058     imu_ahrs.o (.bss.g_imu)
                  202001d0    00000020     turn.o (.bss.g_straight_pd)
                  202001f0    00000020     vofa_debug.o (.bss.rx_buf)
                  20200210    0000000e     imu_ahrs.o (.bss.g_calib_burst)
                  2020021e    00000002     --HOLE--
                  20200220    00000008     bsp_motor_hallencoder.o (.bss.Encoder_A)
                  20200228    00000008     bsp_motor_hallencoder.o (.bss.Encoder_B)
                  20200230    00000004     turn.o (.bss.g_straight_speed)
                  20200234    00000004     turn.o (.bss.g_straight_target_yaw)
                  20200238    00000004     (.common:start_time)
                  2020023c    00000004     (.common:tick_ms)

.data      0    20200240    00000128     UNINITIALIZED
                  20200240    00000020     follow.o (.data.sensor_history)
                  20200260    00000008     imu_ahrs.o (.data.g_yaw_sum_t2)
                  20200268    00000008     imu_ahrs.o (.data.g_yaw_sum_t)
                  20200270    00000008     imu_ahrs.o (.data.g_yaw_sum_ty)
                  20200278    00000008     imu_ahrs.o (.data.g_yaw_sum_y)
                  20200280    00000008     follow.o (.data.sensor_filtered)
                  20200288    00000008     follow.o (.data.sensor_states)
                  20200290    00000004     button_mode.o (.data.ButtonMode_UpdateTimeDisplay.elapsed_frozen)
                  20200294    00000004     button_mode.o (.data.ButtonMode_UpdateTimeDisplay.time_oled_last)
                  20200298    00000004     semicircle_follow.o (.data.SemicircleFollow_Run.curve_exit_time_ms)
                  2020029c    00000004     semicircle_follow.o (.data.SemicircleFollow_Run.lost_since)
                  202002a0    00000004     semicircle_follow.o (.data.SemicircleFollow_Run.sc_base_speed_f)
                  202002a4    00000004     semicircle_follow.o (.data.SemicircleFollow_Run.stop_cooldown_start)
                  202002a8    00000004     libc.a : aeabi_portable.c.obj (.data.__aeabi_errno)
                  202002ac    00000004     follow.o (.data.follow_bias)
                  202002b0    00000004     follow.o (.data.follow_bias_deriv)
                  202002b4    00000004     follow.o (.data.follow_bias_filt)
                  202002b8    00000004     follow.o (.data.follow_d_filt)
                  202002bc    00000004     follow.o (.data.follow_d_term)
                  202002c0    00000004     follow.o (.data.follow_i_term)
                  202002c4    00000004     follow.o (.data.follow_p_term)
                  202002c8    00000004     imu_ahrs.o (.data.g_calib_sum_x)
                  202002cc    00000004     imu_ahrs.o (.data.g_calib_sum_y)
                  202002d0    00000004     imu_ahrs.o (.data.g_calib_sum_z)
                  202002d4    00000004     control_mixer.o (.data.g_diff_scale)
                  202002d8    00000004     follow.o (.data.g_follow_kd)
                  202002dc    00000004     follow.o (.data.g_follow_ki)
                  202002e0    00000004     follow.o (.data.g_follow_kp)
                  202002e4    00000004     imu_ahrs.o (.data.g_init_deadline)
                  202002e8    00000004     imu_ahrs.o (.data.g_init_start_time)
                  202002ec    00000004     imu_ahrs.o (.data.g_integral_fb_x)
                  202002f0    00000004     imu_ahrs.o (.data.g_integral_fb_y)
                  202002f4    00000004     imu_ahrs.o (.data.g_integral_fb_z)
                  202002f8    00000004     follow.o (.data.g_kd_curve)
                  202002fc    00000004     follow.o (.data.g_kd_straight)
                  20200300    00000004     follow.o (.data.g_ki_curve)
                  20200304    00000004     follow.o (.data.g_ki_straight)
                  20200308    00000004     follow.o (.data.g_kp_curve)
                  2020030c    00000004     follow.o (.data.g_kp_straight)
                  20200310    00000004     control_mixer.o (.data.g_mix_base)
                  20200314    00000004     button_mode.o (.data.g_mode_start_time)
                  20200318    00000004     control_mixer.o (.data.g_outer_boost)
                  2020031c    00000004     button_mode.o (.data.g_semicircle_base_speed)
                  20200320    00000004     button_mode.o (.data.g_semicircle_speed_max)
                  20200324    00000004     button_mode.o (.data.g_semicircle_speed_min)
                  20200328    00000004     imu_ahrs.o (.data.g_turn_angle)
                  2020032c    00000004     imu_ahrs.o (.data.g_yaw_calib_count)
                  20200330    00000004     imu_ahrs.o (.data.g_yaw_calib_start_time)
                  20200334    00000004     imu_ahrs.o (.data.g_yaw_drift_k)
                  20200338    00000004     imu_ahrs.o (.data.g_yaw_start_time)
                  2020033c    00000004     follow.o (.data.integral)
                  20200340    00000004     follow.o (.data.last_bias)
                  20200344    00000004     main.o (.data.main.last_update)
                  20200348    00000004     main.o (.data.main.oled_last_update)
                  2020034c    00000002     control_mixer.o (.data.g_angle_diff)
                  2020034e    00000002     imu_ahrs.o (.data.g_calib_sample_idx)
                  20200350    00000002     control_mixer.o (.data.g_follow_diff)
                  20200352    00000002     control_mixer.o (.data.g_gyro_rate_diff)
                  20200354    00000002     control_mixer.o (.data.g_speed_diff)
                  20200356    00000002     follow.o (.data.last_correction)
                  20200358    00000001     semicircle_follow.o (.data.SemicircleFollow_Run.sc_speed_inited)
                  20200359    00000001     semicircle_follow.o (.data.SemicircleFollow_Run.stop_cooldown_set)
                  2020035a    00000001     semicircle_follow.o (.data.SemicircleFollow_Run.was_lost)
                  2020035b    00000001     semicircle_follow.o (.data.SemicircleFollow_Run.was_on_curve)
                  2020035c    00000001     interrupt.o (.data.enable_group1_irq)
                  2020035d    00000001     bsp_motor_hallencoder.o (.data.g_encoder_new_data)
                  2020035e    00000001     imu_ahrs.o (.data.g_init_state)
                  2020035f    00000001     button_mode.o (.data.g_run_mode)
                  20200360    00000001     imu_ahrs.o (.data.g_status)
                  20200361    00000001     turn.o (.data.g_straight_state)
                  20200362    00000001     turn.o (.data.g_turn_state)
                  20200363    00000001     vofa_debug.o (.data.g_vofa_stop)
                  20200364    00000001     imu_ahrs.o (.data.g_yaw_calib_state)
                  20200365    00000001     imu_ahrs.o (.data.g_yaw_enable)
                  20200366    00000001     main.o (.data.main.yaw_calib_done)
                  20200367    00000001     vofa_debug.o (.data.rx_idx)

.stack     0    20207e00    00000200     UNINITIALIZED
                  20207e00    00000004     libc.a : boot_cortex_m.c.obj (.stack)
                  20207e04    000001fc     --HOLE--

__llvm_prf_cnts 
*          0    20200000    00000000     UNINITIALIZED

__llvm_prf_bits 
*          0    20200000    00000000     UNINITIALIZED

MODULE SUMMARY

       Module                         code    ro data   rw data
       ------                         ----    -------   -------
    .\
       ti_msp_dl_config.o             3478    113       376    
       main.o                         284     0         9      
       startup_mspm0g350x_ticlang.o   8       192       0      
    +--+------------------------------+-------+---------+---------+
       Total:                         3770    305       385    
                                                               
    .\Drivers\AnglePID\
       angle_pid.o                    434     49        0      
    +--+------------------------------+-------+---------+---------+
       Total:                         434     49        0      
                                                               
    .\Drivers\Encoder\
       bsp_motor_hallencoder.o        404     0         17     
    +--+------------------------------+-------+---------+---------+
       Total:                         404     0         17     
                                                               
    .\Drivers\IMU_AHRS\
       imu_ahrs.o                     3406    0         192    
       mspm0_i2c.o                    1368    0         0      
    +--+------------------------------+-------+---------+---------+
       Total:                         4774    0         192    
                                                               
    .\Drivers\MSPM0\
       clock.o                        328     0         8      
       board.o                        222     0         0      
       interrupt.o                    88      0         1      
    +--+------------------------------+-------+---------+---------+
       Total:                         638     0         9      
                                                               
    .\Drivers\Mix_Control\
       control_mixer.o                432     0         20     
    +--+------------------------------+-------+---------+---------+
       Total:                         432     0         20     
                                                               
    .\Drivers\Mode\
       button_mode.o                  598     44        25     
    +--+------------------------------+-------+---------+---------+
       Total:                         598     44        25     
                                                               
    .\Drivers\OLED_Hardware_I2C\
       oled_hardware_i2c.o            1816    2072      0      
    +--+------------------------------+-------+---------+---------+
       Total:                         1816    2072      0      
                                                               
    .\Drivers\SemicircleFollow\
       semicircle_follow.o            1456    0         20     
    +--+------------------------------+-------+---------+---------+
       Total:                         1456    0         20     
                                                               
    .\Drivers\TB6612_Motor\
       follow.o                       1706    104       122    
       turn.o                         536     194       42     
       bsp_tb6612.o                   356     33        0      
    +--+------------------------------+-------+---------+---------+
       Total:                         2598    331       164    
                                                               
    .\Drivers\VOFA\
       vofa_debug.o                   476     93        34     
    +--+------------------------------+-------+---------+---------+
       Total:                         476     93        34     
                                                               
    D:/develop/TI/CCS/mspm0_sdk_2_10_00_04/source/ti/driverlib/lib/ticlang/m0p/mspm0g1x0x_g3x0x/driverlib.a
       dl_timer.o                     608     0         0      
       dl_sysctl_mspm0g1x0x_g3x0x.o   416     0         0      
       dl_i2c.o                       192     0         0      
       dl_uart.o                      90      0         0      
       dl_common.o                    10      0         0      
    +--+------------------------------+-------+---------+---------+
       Total:                         1316    0         0      
                                                               
    D:\develop\TI\CCS\ti_cgt_arm_llvm_4.0.4.LTS\lib\armv6m-ti-none-eabi/c/libc.a
       _printfi.c.obj                 4510    34        0      
       _scanfi.c.obj                  3092    34        0      
       strtod.c.obj                   968     200       0      
       s_atanf.c.obj                  466     32        0      
       strtoll.c.obj                  480     0         0      
       strtoull.c.obj                 364     0         0      
       strtol.c.obj                   324     0         0      
       strtoul.c.obj                  300     0         0      
       e_atan2f.c.obj                 280     0         0      
       aeabi_ctype.S.obj              0       257       0      
       s_scalbn.c.obj                 216     0         0      
       sscanf.c.obj                   192     0         0      
       strcmp-armv6m.S.obj            136     0         0      
       vsnprintf.c.obj                136     0         0      
       copy_decompress_lzss.c.obj     124     0         0      
       s_frexp.c.obj                  92      0         0      
       sprintf.c.obj                  90      0         0      
       _ltoa.c.obj                    88      0         0      
       atoi.c.obj                     64      0         0      
       autoinit.c.obj                 60      0         0      
       boot_cortex_m.c.obj            56      0         0      
       memccpy.c.obj                  34      0         0      
       copy_zero_init.c.obj           22      0         0      
       copy_decompress_none.c.obj     18      0         0      
       memcpy16.S.obj                 18      0         0      
       wcslen.c.obj                   16      0         0      
       memset16.S.obj                 14      0         0      
       aeabi_portable.c.obj           8       0         4      
       exit.c.obj                     6       0         0      
       pre_init.c.obj                 4       0         0      
    +--+------------------------------+-------+---------+---------+
       Total:                         12178   557       4      
                                                               
    D:\develop\TI\CCS\ti_cgt_arm_llvm_4.0.4.LTS\lib\armv6m-ti-none-eabi/c/libsysbm.a
       hostexit.c.obj                 4       0         0      
    +--+------------------------------+-------+---------+---------+
       Total:                         4       0         0      
                                                               
    D:\develop\TI\CCS\ti_cgt_arm_llvm_4.0.4.LTS\lib\armv6m-ti-none-eabi/libclang_rt.builtins.a
       adddf3.S.obj                   418     0         0      
       divdf3.S.obj                   268     0         0      
       addsf3.S.obj                   232     0         0      
       muldf3.S.obj                   228     0         0      
       comparedf2.c.obj               220     0         0      
       udivmoddi4.S.obj               162     0         0      
       divsf3.S.obj                   146     0         0      
       mulsf3.S.obj                   140     0         0      
       comparesf2.S.obj               118     0         0      
       truncdfsf2.S.obj               116     0         0      
       aeabi_dcmp.S.obj               114     0         0      
       aeabi_fcmp.S.obj               98      0         0      
       aeabi_idivmod.S.obj            86      0         0      
       fixdfsi.S.obj                  74      0         0      
       aeabi_uidivmod.S.obj           64      0         0      
       extendsfdf2.S.obj              64      0         0      
       floatsisf.S.obj                60      0         0      
       muldsi3.S.obj                  58      0         0      
       fixsfsi.S.obj                  56      0         0      
       fixunssfsi.S.obj               50      0         0      
       floatsidf.S.obj                44      0         0      
       floatunsisf.S.obj              40      0         0      
       floatunsidf.S.obj              36      0         0      
       muldi3.S.obj                   36      0         0      
       ashldi3.S.obj                  30      0         0      
       aeabi_memset.S.obj             26      0         0      
       aeabi_uldivmod.S.obj           20      0         0      
       aeabi_memcpy.S.obj             8       0         0      
       aeabi_div0.c.obj               4       0         0      
    +--+------------------------------+-------+---------+---------+
       Total:                         3016    0         0      
                                                               
       Stack:                         0       0         512    
       Linker Generated:              0       76        0      
    +--+------------------------------+-------+---------+---------+
       Grand Total:                   33910   3527      1382   


LINKER GENERATED COPY TABLES

__TI_cinit_table @ 0000925c records: 2, size/record: 8, table size: 16
	.data: load addr=00009220, load size=00000028 bytes, run addr=20200240, run size=00000128 bytes, compression=lzss
	.bss: load addr=00009254, load size=00000008 bytes, run addr=20200000, run size=00000240 bytes, compression=zero_init


LINKER GENERATED HANDLER TABLE

__TI_handler_table @ 00009248 records: 3, size/record: 4, table size: 12
	index: 0, handler: __TI_decompress_lzss
	index: 1, handler: __TI_decompress_none
	index: 2, handler: __TI_zero_init


FAR CALL TRAMPOLINES

callee name               trampoline name
   callee addr  tramp addr   call addr  call info
--------------  -----------  ---------  ----------------
__aeabi_dsub              $Tramp$TT$L$PI$$__aeabi_dsub
   00003431     000084a0     0000849e   libc.a : _printfi.c.obj (.text.OUTLINED_FUNCTION_0)
__aeabi_dcmpeq            $Tramp$TT$L$PI$$__aeabi_dcmpeq
   0000622d     000084dc     000084da   libc.a : strtod.c.obj (.text.OUTLINED_FUNCTION_1)
__aeabi_fdiv              $Tramp$TT$L$PI$$__aeabi_fdiv
   00005b65     0000850c     00008508   libc.a : s_atanf.c.obj (.text.OUTLINED_FUNCTION_0)
__aeabi_fadd              $Tramp$TT$L$PI$$__aeabi_fadd
   00004fa3     00008530     0000852e   libc.a : s_atanf.c.obj (.text.OUTLINED_FUNCTION_1)
_c_int00_noargs           $Tramp$TT$L$PI$$_c_int00_noargs
   00007879     00008544     00008540   startup_mspm0g350x_ticlang.o (.text.Reset_Handler)

[5 trampolines]
[5 trampoline calls]


GLOBAL SYMBOLS: SORTED ALPHABETICALLY BY Name 

address   name                                 
-------   ----                                 
0000594d  ADC0_IRQHandler                      
0000594d  ADC1_IRQHandler                      
0000594d  AES_IRQHandler                       
00005be9  AO_Control                           
00005f49  AnglePD_Init                         
0000799d  AnglePD_Reset                        
00008325  AnglePD_SetKD                        
00008335  AnglePD_SetKP                        
000051f9  AnglePD_Update                       
00005c69  BO_Control                           
00003289  ButtonMode_Select                    
000055e5  ButtonMode_UpdateTimeDisplay         
00008528  C$$EXIT                              
0000594d  CANFD0_IRQHandler                    
0000594d  DAC0_IRQHandler                      
0000848d  DL_Common_delayCycles                
000063b5  DL_I2C_fillControllerTXFIFO          
0000703d  DL_I2C_flushControllerTXFIFO         
000078c7  DL_I2C_setClockConfig                
00007b2d  DL_SYSCTL_configFCC                  
00004de5  DL_SYSCTL_configSYSPLL               
00006165  DL_SYSCTL_setHFCLKSourceHFXTParams   
00006ded  DL_SYSCTL_switchMCLKfromSYSOSCtoHSCLK
00004919  DL_Timer_initFourCCPWMMode           
00004a1d  DL_Timer_initTimerMode               
00007bb9  DL_Timer_setCaptCompUpdateMethod     
00007f99  DL_Timer_setCaptureCompareOutCtl     
00008375  DL_Timer_setCaptureCompareValue      
00007bd5  DL_Timer_setClockConfig              
00006ccd  DL_UART_init                         
000082ef  DL_UART_setClockConfig               
0000594d  DMA_IRQHandler                       
0000594d  Default_Handler                      
00008445  FollowLoop_GetBias                   
00008451  FollowLoop_GetBiasDeriv              
0000750d  FollowLoop_SetCurvePID               
000077b1  FollowLoop_SetKD                     
000077d9  FollowLoop_SetKI                     
00007801  FollowLoop_SetKP                     
00007539  FollowLoop_SetStraightPID            
000066e1  FollowLoop_SwitchToCurve             
00006735  FollowLoop_SwitchToStraight          
0000594d  GROUP0_IRQHandler                    
00004b19  GROUP1_IRQHandler                    
000069c1  GoStraight_GetCorrection             
00008385  GoStraight_ResetPD                   
00007565  GoStraight_SetKD                     
00007591  GoStraight_SetKP                     
00005405  GoStraight_Start                     
000058c5  GoStraight_StartAt                   
00007bf1  GoStraight_Stop                      
00008529  HOSTexit                             
0000594d  HardFault_Handler                    
0000594d  I2C0_IRQHandler                      
0000594d  I2C1_IRQHandler                      
00007c0d  IMU_AHRS_Attitude_Enable             
00005e59  IMU_AHRS_GetData                     
0000845d  IMU_AHRS_GetStatus                   
000061c9  IMU_AHRS_Get_Yaw_Compensated         
00003899  IMU_AHRS_Init_Poll                   
000054a5  IMU_AHRS_Init_Start                  
00008469  IMU_AHRS_TurnAngle_Reset             
0000166d  IMU_AHRS_Update_Attitude             
00003731  IMU_AHRS_Update_Data                 
00002b25  IMU_AHRS_Yaw_Calib_Poll              
00006a11  IMU_AHRS_Yaw_Calib_Start             
00006efd  IRDM_CountBlackSensors               
00008395  IRDM_GetCorrection                   
00006e31  IRDM_IsBlackLine                     
00002495  IRDM_UpdatePositionPID               
00005715  IRDM_calculate_bias                  
000073b1  IRDM_get_sensor_state                
000039fd  IRDM_read_sensors                    
00007c29  Interrupt_Init                       
0000416d  Mixer_Apply                          
00007829  Mixer_Init                           
0000823d  Mixer_SetAngleDiff                   
00008251  Mixer_SetBaseSpeed                   
00008265  Mixer_SetDiffScale                   
00008279  Mixer_SetFollowDiff                  
0000828d  Mixer_SetOuterBoost                  
0000594d  NMI_Handler                          
00006029  OLED_Clear                           
000046fd  OLED_Init                            
000070b5  OLED_Set_Pos                         
000044cd  OLED_ShowChar                        
00005fb9  OLED_ShowString                      
0000567d  OLED_WR_Byte                         
0000594d  PendSV_Handler                       
0000594d  RTC_IRQHandler                       
00008541  Reset_Handler                        
0000594d  SPI0_IRQHandler                      
0000594d  SPI1_IRQHandler                      
0000594d  SVC_Handler                          
000026d9  SYSCFG_DL_GPIO_init                  
00006529  SYSCFG_DL_I2C_MPU6050_init           
00006581  SYSCFG_DL_I2C_OLED_init              
000057a9  SYSCFG_DL_PWM_0_init                 
00007c45  SYSCFG_DL_SYSCTL_CLK_init            
00004c15  SYSCFG_DL_SYSCTL_SYSPLL_init         
00005ce9  SYSCFG_DL_SYSCTL_init                
00008475  SYSCFG_DL_SYSTICK_init               
000070f1  SYSCFG_DL_TIMER_0_init               
000075bd  SYSCFG_DL_TIMER_ULTRASONIC_init      
00006789  SYSCFG_DL_UART_0_init                
00006e75  SYSCFG_DL_init                       
00005545  SYSCFG_DL_initPower                  
00001c0d  SemicircleFollow_Run                 
000083a5  SysTick_Handler                      
00008029  SysTick_Init                         
00007309  TB6612_Motor_Stop                    
0000594d  TIMA0_IRQHandler                     
0000594d  TIMA1_IRQHandler                     
0000712d  TIMG0_IRQHandler                     
0000594d  TIMG12_IRQHandler                    
0000594d  TIMG6_IRQHandler                     
0000594d  TIMG7_IRQHandler                     
0000594d  TIMG8_IRQHandler                     
00008301  TI_memcpy_small                      
0000841d  TI_memset_small                      
00007c61  Turn_Stop                            
000059d9  UART0_IRQHandler                     
0000594d  UART1_IRQHandler                     
0000594d  UART2_IRQHandler                     
0000594d  UART3_IRQHandler                     
20208000  __STACK_END                          
00000200  __STACK_SIZE                         
00000000  __TI_ATRegion0_region_sz             
00000000  __TI_ATRegion0_src_addr              
00000000  __TI_ATRegion0_trg_addr              
00000000  __TI_ATRegion1_region_sz             
00000000  __TI_ATRegion1_src_addr              
00000000  __TI_ATRegion1_trg_addr              
00000000  __TI_ATRegion2_region_sz             
00000000  __TI_ATRegion2_src_addr              
00000000  __TI_ATRegion2_trg_addr              
0000925c  __TI_CINIT_Base                      
0000926c  __TI_CINIT_Limit                     
0000926c  __TI_CINIT_Warm                      
00009248  __TI_Handler_Table_Base              
00009254  __TI_Handler_Table_Limit             
0000721d  __TI_auto_init_nobinit_nopinit       
00005d69  __TI_decompress_lzss                 
00008313  __TI_decompress_none                 
000065d9  __TI_ltoa                            
ffffffff  __TI_pprof_out_hndl                  
00000c9d  __TI_printfi                         
ffffffff  __TI_prof_data_size                  
ffffffff  __TI_prof_data_start                 
000000c1  __TI_scanfi                          
00000000  __TI_static_base__                   
00008121  __TI_zero_init_nomemset              
0000343b  __adddf3                             
00004fa3  __addsf3                             
00008d80  __aeabi_ctype_table_                 
00008d80  __aeabi_ctype_table_C                
00005e61  __aeabi_d2f                          
00006c81  __aeabi_d2iz                         
0000343b  __aeabi_dadd                         
0000622d  __aeabi_dcmpeq                       
00006269  __aeabi_dcmpge                       
0000627d  __aeabi_dcmpgt                       
00006255  __aeabi_dcmple                       
00006241  __aeabi_dcmplt                       
0000480d  __aeabi_ddiv                         
00004d01  __aeabi_dmul                         
00003431  __aeabi_dsub                         
202002a8  __aeabi_errno                        
000084ed  __aeabi_errno_addr                   
00006f7d  __aeabi_f2d                          
00007341  __aeabi_f2iz                         
00007419  __aeabi_f2uiz                        
00004fa3  __aeabi_fadd                         
00006291  __aeabi_fcmpeq                       
000062cd  __aeabi_fcmpge                       
000062e1  __aeabi_fcmpgt                       
000062b9  __aeabi_fcmple                       
000062a5  __aeabi_fcmplt                       
00005b65  __aeabi_fdiv                         
00005839  __aeabi_fmul                         
00004f99  __aeabi_fsub                         
00007615  __aeabi_i2d                          
00007169  __aeabi_i2f                          
00006689  __aeabi_idiv                         
000035c3  __aeabi_idiv0                        
00006689  __aeabi_idivmod                      
00005403  __aeabi_ldiv0                        
000079d9  __aeabi_llsl                         
00007911  __aeabi_lmul                         
00008481  __aeabi_memclr                       
00008481  __aeabi_memclr4                      
00008481  __aeabi_memclr8                      
000084f5  __aeabi_memcpy                       
000084f5  __aeabi_memcpy4                      
000084f5  __aeabi_memcpy8                      
00008401  __aeabi_memset                       
00008401  __aeabi_memset4                      
00008401  __aeabi_memset8                      
000078ed  __aeabi_ui2d                         
00007851  __aeabi_ui2f                         
00006f3d  __aeabi_uidiv                        
00006f3d  __aeabi_uidivmod                     
000082a1  __aeabi_uldivmod                     
000079d9  __ashldi3                            
ffffffff  __binit__                            
00006095  __cmpdf2                             
00007259  __cmpsf2                             
0000480d  __divdf3                             
00005b65  __divsf3                             
00006095  __eqdf2                              
00007259  __eqsf2                              
00006f7d  __extendsfdf2                        
00006c81  __fixdfsi                            
00007341  __fixsfsi                            
00007419  __fixunssfsi                         
00007615  __floatsidf                          
00007169  __floatsisf                          
000078ed  __floatunsidf                        
00007851  __floatunsisf                        
00005de5  __gedf2                              
000071a5  __gesf2                              
00005de5  __gtdf2                              
000071a5  __gtsf2                              
00006095  __ledf2                              
00007259  __lesf2                              
00006095  __ltdf2                              
00007259  __ltsf2                              
UNDEFED   __mpu_init                           
00004d01  __muldf3                             
00007911  __muldi3                             
00007295  __muldsi3                            
00005839  __mulsf3                             
00006095  __nedf2                              
00007259  __nesf2                              
20207e00  __stack                              
20200000  __start___llvm_prf_bits              
20200000  __start___llvm_prf_cnts              
20200000  __stop___llvm_prf_bits               
20200000  __stop___llvm_prf_cnts               
00003431  __subdf3                             
00004f99  __subsf3                             
00005e61  __truncdfsf2                         
00005361  __udivmoddi4                         
00007879  _c_int00_noargs                      
UNDEFED   _system_post_cinit                   
00008555  _system_pre_init                     
00008523  abort                                
00008b50  asc2_0806                            
00008560  asc2_1608                            
000045e5  atan2f                               
000030c1  atanf                                
00006fbd  atoi                                 
ffffffff  binit                                
000083b5  delay_ms                             
2020035c  enable_group1_irq                    
00006415  frexp                                
00006415  frexpl                               
20200000  gPWM_0Backup                         
202000bc  gTIMER_ULTRASONICBackup              
2020035d  g_encoder_new_data                   
20200314  g_mode_start_time                    
2020035f  g_run_mode                           
2020031c  g_semicircle_base_speed              
20200320  g_semicircle_speed_max               
20200324  g_semicircle_speed_min               
20200363  g_vofa_stop                          
00000000  interruptVectors                     
00006d5d  lc_printf                            
00004ec1  ldexp                                
00004ec1  ldexpl                               
000043b1  main                                 
00007959  memccpy                              
000062f5  mpu6050_i2c_sda_unlock               
000074ad  mspm0_delay_ms                       
00007641  mspm0_get_clock_ms                   
00003de1  mspm0_i2c_read                       
00005135  mspm0_i2c_write                      
00006355  oled_i2c_sda_unlock                  
00004ec1  scalbn                               
00004ec1  scalbnl                              
00007379  sprintf                              
000074dd  sscanf                               
20200238  start_time                           
00005951  strcmp                               
000020dd  strtod                               
00003b61  strtol                               
000020dd  strtold                              
00002d05  strtoll                              
00004041  strtoul                              
000035c5  strtoull                             
2020023c  tick_ms                              
00006ffd  vsnprintf                            
000083c5  wcslen                               


GLOBAL SYMBOLS: SORTED BY Symbol Address 

address   name                                 
-------   ----                                 
00000000  __TI_ATRegion0_region_sz             
00000000  __TI_ATRegion0_src_addr              
00000000  __TI_ATRegion0_trg_addr              
00000000  __TI_ATRegion1_region_sz             
00000000  __TI_ATRegion1_src_addr              
00000000  __TI_ATRegion1_trg_addr              
00000000  __TI_ATRegion2_region_sz             
00000000  __TI_ATRegion2_src_addr              
00000000  __TI_ATRegion2_trg_addr              
00000000  __TI_static_base__                   
00000000  interruptVectors                     
000000c1  __TI_scanfi                          
00000200  __STACK_SIZE                         
00000c9d  __TI_printfi                         
0000166d  IMU_AHRS_Update_Attitude             
00001c0d  SemicircleFollow_Run                 
000020dd  strtod                               
000020dd  strtold                              
00002495  IRDM_UpdatePositionPID               
000026d9  SYSCFG_DL_GPIO_init                  
00002b25  IMU_AHRS_Yaw_Calib_Poll              
00002d05  strtoll                              
000030c1  atanf                                
00003289  ButtonMode_Select                    
00003431  __aeabi_dsub                         
00003431  __subdf3                             
0000343b  __adddf3                             
0000343b  __aeabi_dadd                         
000035c3  __aeabi_idiv0                        
000035c5  strtoull                             
00003731  IMU_AHRS_Update_Data                 
00003899  IMU_AHRS_Init_Poll                   
000039fd  IRDM_read_sensors                    
00003b61  strtol                               
00003de1  mspm0_i2c_read                       
00004041  strtoul                              
0000416d  Mixer_Apply                          
000043b1  main                                 
000044cd  OLED_ShowChar                        
000045e5  atan2f                               
000046fd  OLED_Init                            
0000480d  __aeabi_ddiv                         
0000480d  __divdf3                             
00004919  DL_Timer_initFourCCPWMMode           
00004a1d  DL_Timer_initTimerMode               
00004b19  GROUP1_IRQHandler                    
00004c15  SYSCFG_DL_SYSCTL_SYSPLL_init         
00004d01  __aeabi_dmul                         
00004d01  __muldf3                             
00004de5  DL_SYSCTL_configSYSPLL               
00004ec1  ldexp                                
00004ec1  ldexpl                               
00004ec1  scalbn                               
00004ec1  scalbnl                              
00004f99  __aeabi_fsub                         
00004f99  __subsf3                             
00004fa3  __addsf3                             
00004fa3  __aeabi_fadd                         
00005135  mspm0_i2c_write                      
000051f9  AnglePD_Update                       
00005361  __udivmoddi4                         
00005403  __aeabi_ldiv0                        
00005405  GoStraight_Start                     
000054a5  IMU_AHRS_Init_Start                  
00005545  SYSCFG_DL_initPower                  
000055e5  ButtonMode_UpdateTimeDisplay         
0000567d  OLED_WR_Byte                         
00005715  IRDM_calculate_bias                  
000057a9  SYSCFG_DL_PWM_0_init                 
00005839  __aeabi_fmul                         
00005839  __mulsf3                             
000058c5  GoStraight_StartAt                   
0000594d  ADC0_IRQHandler                      
0000594d  ADC1_IRQHandler                      
0000594d  AES_IRQHandler                       
0000594d  CANFD0_IRQHandler                    
0000594d  DAC0_IRQHandler                      
0000594d  DMA_IRQHandler                       
0000594d  Default_Handler                      
0000594d  GROUP0_IRQHandler                    
0000594d  HardFault_Handler                    
0000594d  I2C0_IRQHandler                      
0000594d  I2C1_IRQHandler                      
0000594d  NMI_Handler                          
0000594d  PendSV_Handler                       
0000594d  RTC_IRQHandler                       
0000594d  SPI0_IRQHandler                      
0000594d  SPI1_IRQHandler                      
0000594d  SVC_Handler                          
0000594d  TIMA0_IRQHandler                     
0000594d  TIMA1_IRQHandler                     
0000594d  TIMG12_IRQHandler                    
0000594d  TIMG6_IRQHandler                     
0000594d  TIMG7_IRQHandler                     
0000594d  TIMG8_IRQHandler                     
0000594d  UART1_IRQHandler                     
0000594d  UART2_IRQHandler                     
0000594d  UART3_IRQHandler                     
00005951  strcmp                               
000059d9  UART0_IRQHandler                     
00005b65  __aeabi_fdiv                         
00005b65  __divsf3                             
00005be9  AO_Control                           
00005c69  BO_Control                           
00005ce9  SYSCFG_DL_SYSCTL_init                
00005d69  __TI_decompress_lzss                 
00005de5  __gedf2                              
00005de5  __gtdf2                              
00005e59  IMU_AHRS_GetData                     
00005e61  __aeabi_d2f                          
00005e61  __truncdfsf2                         
00005f49  AnglePD_Init                         
00005fb9  OLED_ShowString                      
00006029  OLED_Clear                           
00006095  __cmpdf2                             
00006095  __eqdf2                              
00006095  __ledf2                              
00006095  __ltdf2                              
00006095  __nedf2                              
00006165  DL_SYSCTL_setHFCLKSourceHFXTParams   
000061c9  IMU_AHRS_Get_Yaw_Compensated         
0000622d  __aeabi_dcmpeq                       
00006241  __aeabi_dcmplt                       
00006255  __aeabi_dcmple                       
00006269  __aeabi_dcmpge                       
0000627d  __aeabi_dcmpgt                       
00006291  __aeabi_fcmpeq                       
000062a5  __aeabi_fcmplt                       
000062b9  __aeabi_fcmple                       
000062cd  __aeabi_fcmpge                       
000062e1  __aeabi_fcmpgt                       
000062f5  mpu6050_i2c_sda_unlock               
00006355  oled_i2c_sda_unlock                  
000063b5  DL_I2C_fillControllerTXFIFO          
00006415  frexp                                
00006415  frexpl                               
00006529  SYSCFG_DL_I2C_MPU6050_init           
00006581  SYSCFG_DL_I2C_OLED_init              
000065d9  __TI_ltoa                            
00006689  __aeabi_idiv                         
00006689  __aeabi_idivmod                      
000066e1  FollowLoop_SwitchToCurve             
00006735  FollowLoop_SwitchToStraight          
00006789  SYSCFG_DL_UART_0_init                
000069c1  GoStraight_GetCorrection             
00006a11  IMU_AHRS_Yaw_Calib_Start             
00006c81  __aeabi_d2iz                         
00006c81  __fixdfsi                            
00006ccd  DL_UART_init                         
00006d5d  lc_printf                            
00006ded  DL_SYSCTL_switchMCLKfromSYSOSCtoHSCLK
00006e31  IRDM_IsBlackLine                     
00006e75  SYSCFG_DL_init                       
00006efd  IRDM_CountBlackSensors               
00006f3d  __aeabi_uidiv                        
00006f3d  __aeabi_uidivmod                     
00006f7d  __aeabi_f2d                          
00006f7d  __extendsfdf2                        
00006fbd  atoi                                 
00006ffd  vsnprintf                            
0000703d  DL_I2C_flushControllerTXFIFO         
000070b5  OLED_Set_Pos                         
000070f1  SYSCFG_DL_TIMER_0_init               
0000712d  TIMG0_IRQHandler                     
00007169  __aeabi_i2f                          
00007169  __floatsisf                          
000071a5  __gesf2                              
000071a5  __gtsf2                              
0000721d  __TI_auto_init_nobinit_nopinit       
00007259  __cmpsf2                             
00007259  __eqsf2                              
00007259  __lesf2                              
00007259  __ltsf2                              
00007259  __nesf2                              
00007295  __muldsi3                            
00007309  TB6612_Motor_Stop                    
00007341  __aeabi_f2iz                         
00007341  __fixsfsi                            
00007379  sprintf                              
000073b1  IRDM_get_sensor_state                
00007419  __aeabi_f2uiz                        
00007419  __fixunssfsi                         
000074ad  mspm0_delay_ms                       
000074dd  sscanf                               
0000750d  FollowLoop_SetCurvePID               
00007539  FollowLoop_SetStraightPID            
00007565  GoStraight_SetKD                     
00007591  GoStraight_SetKP                     
000075bd  SYSCFG_DL_TIMER_ULTRASONIC_init      
00007615  __aeabi_i2d                          
00007615  __floatsidf                          
00007641  mspm0_get_clock_ms                   
000077b1  FollowLoop_SetKD                     
000077d9  FollowLoop_SetKI                     
00007801  FollowLoop_SetKP                     
00007829  Mixer_Init                           
00007851  __aeabi_ui2f                         
00007851  __floatunsisf                        
00007879  _c_int00_noargs                      
000078c7  DL_I2C_setClockConfig                
000078ed  __aeabi_ui2d                         
000078ed  __floatunsidf                        
00007911  __aeabi_lmul                         
00007911  __muldi3                             
00007959  memccpy                              
0000799d  AnglePD_Reset                        
000079d9  __aeabi_llsl                         
000079d9  __ashldi3                            
00007b2d  DL_SYSCTL_configFCC                  
00007bb9  DL_Timer_setCaptCompUpdateMethod     
00007bd5  DL_Timer_setClockConfig              
00007bf1  GoStraight_Stop                      
00007c0d  IMU_AHRS_Attitude_Enable             
00007c29  Interrupt_Init                       
00007c45  SYSCFG_DL_SYSCTL_CLK_init            
00007c61  Turn_Stop                            
00007f99  DL_Timer_setCaptureCompareOutCtl     
00008029  SysTick_Init                         
00008121  __TI_zero_init_nomemset              
0000823d  Mixer_SetAngleDiff                   
00008251  Mixer_SetBaseSpeed                   
00008265  Mixer_SetDiffScale                   
00008279  Mixer_SetFollowDiff                  
0000828d  Mixer_SetOuterBoost                  
000082a1  __aeabi_uldivmod                     
000082ef  DL_UART_setClockConfig               
00008301  TI_memcpy_small                      
00008313  __TI_decompress_none                 
00008325  AnglePD_SetKD                        
00008335  AnglePD_SetKP                        
00008375  DL_Timer_setCaptureCompareValue      
00008385  GoStraight_ResetPD                   
00008395  IRDM_GetCorrection                   
000083a5  SysTick_Handler                      
000083b5  delay_ms                             
000083c5  wcslen                               
00008401  __aeabi_memset                       
00008401  __aeabi_memset4                      
00008401  __aeabi_memset8                      
0000841d  TI_memset_small                      
00008445  FollowLoop_GetBias                   
00008451  FollowLoop_GetBiasDeriv              
0000845d  IMU_AHRS_GetStatus                   
00008469  IMU_AHRS_TurnAngle_Reset             
00008475  SYSCFG_DL_SYSTICK_init               
00008481  __aeabi_memclr                       
00008481  __aeabi_memclr4                      
00008481  __aeabi_memclr8                      
0000848d  DL_Common_delayCycles                
000084ed  __aeabi_errno_addr                   
000084f5  __aeabi_memcpy                       
000084f5  __aeabi_memcpy4                      
000084f5  __aeabi_memcpy8                      
00008523  abort                                
00008528  C$$EXIT                              
00008529  HOSTexit                             
00008541  Reset_Handler                        
00008555  _system_pre_init                     
00008560  asc2_1608                            
00008b50  asc2_0806                            
00008d80  __aeabi_ctype_table_                 
00008d80  __aeabi_ctype_table_C                
00009248  __TI_Handler_Table_Base              
00009254  __TI_Handler_Table_Limit             
0000925c  __TI_CINIT_Base                      
0000926c  __TI_CINIT_Limit                     
0000926c  __TI_CINIT_Warm                      
20200000  __start___llvm_prf_bits              
20200000  __start___llvm_prf_cnts              
20200000  __stop___llvm_prf_bits               
20200000  __stop___llvm_prf_cnts               
20200000  gPWM_0Backup                         
202000bc  gTIMER_ULTRASONICBackup              
20200238  start_time                           
2020023c  tick_ms                              
202002a8  __aeabi_errno                        
20200314  g_mode_start_time                    
2020031c  g_semicircle_base_speed              
20200320  g_semicircle_speed_max               
20200324  g_semicircle_speed_min               
2020035c  enable_group1_irq                    
2020035d  g_encoder_new_data                   
2020035f  g_run_mode                           
20200363  g_vofa_stop                          
20207e00  __stack                              
20208000  __STACK_END                          
ffffffff  __TI_pprof_out_hndl                  
ffffffff  __TI_prof_data_size                  
ffffffff  __TI_prof_data_start                 
ffffffff  __binit__                            
ffffffff  binit                                
UNDEFED   __mpu_init                           
UNDEFED   _system_post_cinit                   

[293 symbols]
